Initialized native services in: C:\Users\sirad\.gradle\native
Initialized jansi services in: C:\Users\sirad\.gradle\native
Found daemon DaemonInfo{pid=34884, address=[18782444-ae5a-44f6-90bb-05048e5fa224 port:56937, addresses:[/127.0.0.1]], state=Idle, lastBusy=1767660343255, context=DefaultDaemonContext[uid=048defb7-f427-44ac-8d5d-c8e93cf9eea5,javaHome=C:\Program Files\Android\Android Studio\jbr,javaVersion=21,javaVendor=JetBrains s.r.o.,daemonRegistryDir=C:\Users\sirad\.gradle\daemon,pid=34884,idleTimeout=10800000,priority=NORMAL,applyInstrumentationAgent=true,nativeServicesMode=ENABLED,daemonOpts=-Xmx2048m,-Dfile.encoding=UTF-8,-Duser.country=US,-Duser.language=en,-Duser.variant]} however its context does not match the desired criteria.
JVM is incompatible.
Wanted: DaemonRequestContext{jvmCriteria=C:\Program Files\Java\jdk-17 (no JDK specified, using current Java home), daemonOpts=[-Xmx2048m, -Dfile.encoding=UTF-8, -Duser.country=US, -Duser.language=en, -Duser.variant], applyInstrumentationAgent=true, nativeServicesMode=ENABLED, priority=NORMAL}
Actual: DefaultDaemonContext[uid=048defb7-f427-44ac-8d5d-c8e93cf9eea5,javaHome=C:\Program Files\Android\Android Studio\jbr,javaVersion=21,javaVendor=JetBrains s.r.o.,daemonRegistryDir=C:\Users\sirad\.gradle\daemon,pid=34884,idleTimeout=10800000,priority=NORMAL,applyInstrumentationAgent=true,nativeServicesMode=ENABLED,daemonOpts=-Xmx2048m,-Dfile.encoding=UTF-8,-Duser.country=US,-Duser.language=en,-Duser.variant]

  Looking for a different daemon...
The client will now receive all logging from the daemon (pid: 35232). The daemon log file: C:\Users\sirad\.gradle\daemon\8.13\daemon-35232.out.log
Starting 2nd build in daemon [uptime: 51 mins 4.859 secs, performance: 99%, GC rate: 0.00/s, heap usage: 0% of 2 GiB]
Using 12 worker leases.
Invalidating in-memory cache of D:\Code\android_app\ieeeconnect\.gradle\8.13\fileHashes\fileHashes.bin
Invalidating in-memory cache of D:\Code\android_app\ieeeconnect\.gradle\buildOutputCleanup\outputFiles.bin
Invalidating in-memory cache of D:\Code\android_app\ieeeconnect\.gradle\8.13\fileHashes\resourceHashesCache.bin
Now considering [D:\Code\android_app\ieeeconnect] as hierarchies to watch
Watching the file system is configured to be enabled if available
File system watching is active
Starting Build
Invalidating in-memory cache of D:\Code\android_app\ieeeconnect\.gradle\8.13\checksums\md5-checksums.bin
Invalidating in-memory cache of D:\Code\android_app\ieeeconnect\.gradle\8.13\checksums\sha1-checksums.bin
Invalidating in-memory cache of D:\Code\android_app\ieeeconnect\.gradle\8.13\checksums\sha256-checksums.bin
Invalidating in-memory cache of D:\Code\android_app\ieeeconnect\.gradle\8.13\checksums\sha512-checksums.bin
Invalidating in-memory cache of C:\Users\sirad\.gradle\caches\8.13\fileHashes\fileHashes.bin
Invalidating in-memory cache of C:\Users\sirad\.gradle\caches\8.13\fileHashes\resourceHashesCache.bin
Invalidating in-memory cache of C:\Users\sirad\.gradle\caches\journal-1\file-access.bin
Settings evaluated using settings file 'D:\Code\android_app\ieeeconnect\settings.gradle.kts'.
Projects loaded. Root project using build file 'D:\Code\android_app\ieeeconnect\build.gradle.kts'.
Included projects: [root project 'Ieee Connect', project ':app']

> Configure project :
Evaluating root project 'Ieee Connect' using build file 'D:\Code\android_app\ieeeconnect\build.gradle.kts'.
Resolved plugin [id: 'com.android.application', version: '8.9.1', apply: false]
Resolved plugin [id: 'com.google.gms.google-services', version: '4.4.2', apply: false]
Resolved plugin [id: 'org.jetbrains.kotlin.android', version: '2.1.21', apply: false]
Resolved plugin [id: 'org.jetbrains.kotlin.kapt', version: '2.1.21', apply: false]

> Configure project :app
Evaluating project ':app' using build file 'D:\Code\android_app\ieeeconnect\app\build.gradle.kts'.
Caching disabled for Kotlin DSL script compilation (Project/TopLevel/stage1) because:
  Build cache is disabled
Resolved plugin [id: 'com.android.application', version: '8.9.1']
Resolved plugin [id: 'com.google.gms.google-services', version: '4.4.2']
Resolved plugin [id: 'org.jetbrains.kotlin.android', version: '2.1.21']
Resolved plugin [id: 'org.jetbrains.kotlin.kapt', version: '2.1.21']
Using default execution profile
Build 93b5e0ce-389f-4cd0-bf4f-c723760a2678 is started
Using Kotlin Gradle Plugin gradle85 variant
Caching disabled for Kotlin DSL script compilation (Project/TopLevel/stage2) because:
  Build cache is disabled
All projects evaluated.
Task name matched 'assembleDebug'
Selected primary task 'assembleDebug' from project :
Adding -Xuse-inline-scopes-numbers Kotlin compiler flag for task :app:compileDebugKotlin
Tasks to be executed: [task ':app:preBuild', task ':app:preDebugBuild', task ':app:mergeDebugNativeDebugMetadata', task ':app:checkKotlinGradlePluginConfigurationErrors', task ':app:dataBindingMergeDependencyArtifactsDebug', task ':app:generateDebugResValues', task ':app:generateDebugResources', task ':app:processDebugGoogleServices', task ':app:mergeDebugResources', task ':app:packageDebugResources', task ':app:parseDebugLocalResources', task ':app:dataBindingGenBaseClassesDebug', task ':app:dataBindingTriggerDebug', task ':app:checkDebugAarMetadata', task ':app:mapDebugSourceSetPaths', task ':app:createDebugCompatibleScreenManifests', task ':app:extractDeepLinksDebug', task ':app:processDebugMainManifest', task ':app:processDebugManifest', task ':app:processDebugManifestForPackage', task ':app:processDebugResources', task ':app:kaptGenerateStubsDebugKotlin', task ':app:kaptDebugKotlin', task ':app:compileDebugKotlin', task ':app:javaPreCompileDebug', task ':app:compileDebugJavaWithJavac', task ':app:mergeDebugShaders', task ':app:compileDebugShaders', task ':app:generateDebugAssets', task ':app:mergeDebugAssets', task ':app:compressDebugAssets', task ':app:desugarDebugFileDependencies', task ':app:dexBuilderDebug', task ':app:mergeDebugGlobalSynthetics', task ':app:processDebugJavaRes', task ':app:mergeDebugJavaResource', task ':app:checkDebugDuplicateClasses', task ':app:mergeExtDexDebug', task ':app:mergeLibDexDebug', task ':app:mergeProjectDexDebug', task ':app:mergeDebugJniLibFolders', task ':app:mergeDebugNativeLibs', task ':app:stripDebugDebugSymbols', task ':app:validateSigningDebug', task ':app:writeDebugAppMetadata', task ':app:writeDebugSigningConfigVersions', task ':app:packageDebug', task ':app:createDebugApkListingFileRedirect', task ':app:assembleDebug']
Tasks that were excluded: []
Resolve mutations for :app:preBuild (Thread[Execution worker,5,main]) started.
:app:preBuild (Thread[Execution worker Thread 10,5,main]) started.
Invalidating in-memory cache of D:\Code\android_app\ieeeconnect\.gradle\8.13\executionHistory\executionHistory.bin

> Task :app:preBuild UP-TO-DATE
Skipping task ':app:preBuild' as it has no actions.
Resolve mutations for :app:preDebugBuild (Thread[Execution worker Thread 10,5,main]) started.
:app:preDebugBuild (Thread[Execution worker Thread 10,5,main]) started.

> Task :app:preDebugBuild UP-TO-DATE
Skipping task ':app:preDebugBuild' as it has no actions.
Resolve mutations for :app:mergeDebugNativeDebugMetadata (Thread[Execution worker Thread 11,5,main]) started.
:app:mergeDebugNativeDebugMetadata (Thread[Execution worker Thread 10,5,main]) started.

> Task :app:mergeDebugNativeDebugMetadata NO-SOURCE
Skipping task ':app:mergeDebugNativeDebugMetadata' as it has no source files and no previous output files.
Resolve mutations for :app:checkKotlinGradlePluginConfigurationErrors (Thread[Execution worker Thread 10,5,main]) started.
:app:checkKotlinGradlePluginConfigurationErrors (Thread[Execution worker Thread 10,5,main]) started.

> Task :app:checkKotlinGradlePluginConfigurationErrors SKIPPED
Skipping task ':app:checkKotlinGradlePluginConfigurationErrors' as task onlyIf 'errorDiagnostics are present' is false.
Resolve mutations for :app:dataBindingMergeDependencyArtifactsDebug (Thread[Execution worker Thread 10,5,main]) started.
:app:dataBindingMergeDependencyArtifactsDebug (Thread[Execution worker Thread 10,5,main]) started.

> Task :app:dataBindingMergeDependencyArtifactsDebug UP-TO-DATE
Resource missing. [HTTP GET: https://dl.google.com/dl/android/maven2/com/google/firebase/firebase-analytics/21.6.0/firebase-analytics-21.6.0.pom]
Resource missing. [HTTP GET: https://repo.maven.apache.org/maven2/com/google/firebase/firebase-analytics/21.6.0/firebase-analytics-21.6.0.pom]
Registered task dependencies: app:debugCompileClasspath
Skipping misunderstood TO dep string: org.jetbrains.kotlin:kotlin-stdlib
Skipping misunderstood TO dep string: org.jetbrains.kotlin:kotlin-stdlib
Skipping misunderstood TO dep string: org.jetbrains.kotlin:kotlin-stdlib
Skipping misunderstood TO dep string: org.jetbrains.kotlin:kotlin-stdlib
Skipping misunderstood TO dep string: org.jetbrains.kotlin:kotlin-stdlib
Skipping misunderstood TO dep string: org.jetbrains.kotlin:kotlin-stdlib
Skipping misunderstood TO dep string: org.jetbrains.kotlin:kotlin-stdlib
Skipping misunderstood TO dep string: org.jetbrains.kotlin:kotlin-stdlib
Skipping misunderstood TO dep string: org.jetbrains.kotlin:kotlin-stdlib
Skipping misunderstood TO dep string: org.jetbrains.kotlin:kotlin-stdlib
Skipping misunderstood TO dep string: org.jetbrains.kotlin:kotlin-stdlib
Skipping misunderstood TO dep string: org.jetbrains.kotlin:kotlin-stdlib
Skipping misunderstood TO dep string: org.jetbrains.kotlin:kotlin-stdlib
Skipping misunderstood TO dep string: org.jetbrains.kotlin:kotlin-stdlib
Skipping misunderstood TO dep string: org.jetbrains.kotlin:kotlin-stdlib
Skipping misunderstood TO dep string: org.jetbrains.kotlin:kotlin-stdlib
Skipping misunderstood TO dep string: org.jetbrains.kotlin:kotlin-stdlib
Skipping misunderstood TO dep string: org.jetbrains.kotlin:kotlin-stdlib
Skipping misunderstood TO dep string: org.jetbrains.kotlin:kotlin-stdlib
Skipping misunderstood TO dep string: org.jetbrains.kotlin:kotlin-stdlib
Skipping misunderstood TO dep string: org.jetbrains.kotlin:kotlin-stdlib
Skipping misunderstood TO dep string: org.jetbrains.kotlin:kotlin-stdlib
Skipping misunderstood TO dep string: org.jetbrains.kotlin:kotlin-stdlib
Skipping misunderstood TO dep string: org.jetbrains.kotlin:kotlin-stdlib
Skipping misunderstood TO dep string: org.jetbrains.kotlin:kotlin-stdlib
Starting dependency analysis
Caching disabled for task ':app:dataBindingMergeDependencyArtifactsDebug' because:
  Build cache is disabled
  Caching has been disabled for the task
Skipping task ':app:dataBindingMergeDependencyArtifactsDebug' as it is up-to-date.
Resolve mutations for :app:generateDebugResValues (Thread[Execution worker Thread 10,5,main]) started.
:app:generateDebugResValues (Thread[Execution worker Thread 10,5,main]) started.

> Task :app:generateDebugResValues UP-TO-DATE
Caching disabled for task ':app:generateDebugResValues' because:
  Build cache is disabled
Skipping task ':app:generateDebugResValues' as it is up-to-date.
Resolve mutations for :app:generateDebugResources (Thread[Execution worker Thread 10,5,main]) started.
:app:generateDebugResources (Thread[Execution worker Thread 10,5,main]) started.

> Task :app:generateDebugResources UP-TO-DATE
Caching disabled for task ':app:generateDebugResources' because:
  Build cache is disabled
Skipping task ':app:generateDebugResources' as it is up-to-date.
Resolve mutations for :app:processDebugGoogleServices (Thread[Execution worker Thread 10,5,main]) started.
:app:processDebugGoogleServices (Thread[Execution worker Thread 10,5,main]) started.

> Task :app:processDebugGoogleServices UP-TO-DATE
Caching disabled for task ':app:processDebugGoogleServices' because:
  Build cache is disabled
Skipping task ':app:processDebugGoogleServices' as it is up-to-date.
Resolve mutations for :app:mergeDebugResources (Thread[Execution worker Thread 10,5,main]) started.
:app:mergeDebugResources (Thread[Execution worker Thread 10,5,main]) started.

> Task :app:mergeDebugResources UP-TO-DATE
Caching disabled for task ':app:mergeDebugResources' because:
  Build cache is disabled
Skipping task ':app:mergeDebugResources' as it is up-to-date.
Resolve mutations for :app:packageDebugResources (Thread[Execution worker Thread 10,5,main]) started.
:app:packageDebugResources (Thread[Execution worker Thread 10,5,main]) started.

> Task :app:packageDebugResources UP-TO-DATE
Caching disabled for task ':app:packageDebugResources' because:
  Build cache is disabled
Skipping task ':app:packageDebugResources' as it is up-to-date.
Resolve mutations for :app:parseDebugLocalResources (Thread[Execution worker Thread 10,5,main]) started.
:app:parseDebugLocalResources (Thread[Execution worker Thread 10,5,main]) started.

> Task :app:parseDebugLocalResources UP-TO-DATE
Caching disabled for task ':app:parseDebugLocalResources' because:
  Build cache is disabled
Skipping task ':app:parseDebugLocalResources' as it is up-to-date.
Resolve mutations for :app:dataBindingGenBaseClassesDebug (Thread[Execution worker Thread 6,5,main]) started.
:app:dataBindingGenBaseClassesDebug (Thread[Execution worker Thread 6,5,main]) started.

> Task :app:dataBindingGenBaseClassesDebug UP-TO-DATE
Caching disabled for task ':app:dataBindingGenBaseClassesDebug' because:
  Build cache is disabled
Skipping task ':app:dataBindingGenBaseClassesDebug' as it is up-to-date.
Resolve mutations for :app:dataBindingTriggerDebug (Thread[Execution worker Thread 6,5,main]) started.
:app:dataBindingTriggerDebug (Thread[Execution worker Thread 6,5,main]) started.

> Task :app:dataBindingTriggerDebug UP-TO-DATE
Caching disabled for task ':app:dataBindingTriggerDebug' because:
  Build cache is disabled
  Caching has been disabled for the task
Skipping task ':app:dataBindingTriggerDebug' as it is up-to-date.
Resolve mutations for :app:checkDebugAarMetadata (Thread[Execution worker Thread 6,5,main]) started.
:app:checkDebugAarMetadata (Thread[Execution worker Thread 6,5,main]) started.

> Task :app:checkDebugAarMetadata UP-TO-DATE
Caching disabled for task ':app:checkDebugAarMetadata' because:
  Build cache is disabled
  Caching has been disabled for the task
Skipping task ':app:checkDebugAarMetadata' as it is up-to-date.
Resolve mutations for :app:mapDebugSourceSetPaths (Thread[Execution worker Thread 6,5,main]) started.
:app:mapDebugSourceSetPaths (Thread[Execution worker Thread 6,5,main]) started.

> Task :app:mapDebugSourceSetPaths UP-TO-DATE
Caching disabled for task ':app:mapDebugSourceSetPaths' because:
  Build cache is disabled
  Caching has been disabled for the task
Skipping task ':app:mapDebugSourceSetPaths' as it is up-to-date.
Resolve mutations for :app:createDebugCompatibleScreenManifests (Thread[Execution worker Thread 6,5,main]) started.
:app:createDebugCompatibleScreenManifests (Thread[Execution worker Thread 6,5,main]) started.

> Task :app:createDebugCompatibleScreenManifests UP-TO-DATE
Caching disabled for task ':app:createDebugCompatibleScreenManifests' because:
  Build cache is disabled
  Caching has been disabled for the task
Skipping task ':app:createDebugCompatibleScreenManifests' as it is up-to-date.
Resolve mutations for :app:extractDeepLinksDebug (Thread[Execution worker Thread 6,5,main]) started.
:app:extractDeepLinksDebug (Thread[Execution worker Thread 6,5,main]) started.

> Task :app:extractDeepLinksDebug UP-TO-DATE
Caching disabled for task ':app:extractDeepLinksDebug' because:
  Build cache is disabled
Skipping task ':app:extractDeepLinksDebug' as it is up-to-date.
Resolve mutations for :app:processDebugMainManifest (Thread[Execution worker Thread 6,5,main]) started.
:app:processDebugMainManifest (Thread[Execution worker Thread 6,5,main]) started.

> Task :app:processDebugMainManifest
Caching disabled for task ':app:processDebugMainManifest' because:
  Build cache is disabled
Task ':app:processDebugMainManifest' is not up-to-date because:
  Value of input property 'optionalFeatures' has changed for task ':app:processDebugMainManifest'
Loading library manifest C:\Users\sirad\.gradle\caches\8.13\transforms\0bcbd38dbcd03298b29b86a00c57b83b\transformed\databinding-adapters-8.9.1\AndroidManifest.xml
Loading library manifest C:\Users\sirad\.gradle\caches\8.13\transforms\65bf2cc2a27ba0bc4037ca08aeb96062\transformed\databinding-ktx-8.9.1\AndroidManifest.xml
Loading library manifest C:\Users\sirad\.gradle\caches\8.13\transforms\a50261044b661e3e31e96b8f734b3054\transformed\databinding-runtime-8.9.1\AndroidManifest.xml
Loading library manifest C:\Users\sirad\.gradle\caches\8.13\transforms\f9cf8cfbc9fbad0191fcc9eb083f99b4\transformed\viewbinding-8.9.1\AndroidManifest.xml
Loading library manifest C:\Users\sirad\.gradle\caches\8.13\transforms\b013bba9f60c9b7634f2a2f47076d57e\transformed\navigation-runtime-release\AndroidManifest.xml
Loading library manifest C:\Users\sirad\.gradle\caches\8.13\transforms\40c16e318f6df64fd705e0a5495c72a5\transformed\navigation-common-release\AndroidManifest.xml
Loading library manifest C:\Users\sirad\.gradle\caches\8.13\transforms\a331cca7dd63a3883a0178e7bf2656ca\transformed\navigation-fragment-2.9.6\AndroidManifest.xml
Loading library manifest C:\Users\sirad\.gradle\caches\8.13\transforms\73ed27e2cbc58daff639595366346579\transformed\navigation-ui-2.9.6\AndroidManifest.xml
Loading library manifest C:\Users\sirad\.gradle\caches\8.13\transforms\133eda9a89c6d1d842ad63bb4c8e6e33\transformed\cloudinary-android-3.1.2\AndroidManifest.xml
Loading library manifest C:\Users\sirad\.gradle\caches\8.13\transforms\a9e8f0d49a320369f2733ed9b430c6d9\transformed\cloudinary-android-ui-3.1.2\AndroidManifest.xml
Loading library manifest C:\Users\sirad\.gradle\caches\8.13\transforms\59adcd5005062167cc6043bbc56bad8b\transformed\cloudinary-android-preprocess-3.1.2\AndroidManifest.xml
Loading library manifest C:\Users\sirad\.gradle\caches\8.13\transforms\84b8e21eb8b9ff68ec8b906ed5ea045c\transformed\cloudinary-android-download-3.1.2\AndroidManifest.xml
Loading library manifest C:\Users\sirad\.gradle\caches\8.13\transforms\43d6e97e54af51a506f5c69238239f03\transformed\cloudinary-android-core-3.1.2\AndroidManifest.xml
Loading library manifest C:\Users\sirad\.gradle\caches\8.13\transforms\b77ad521a1ec7769ba27320b7b2c59df\transformed\material-1.13.0\AndroidManifest.xml
Loading library manifest C:\Users\sirad\.gradle\caches\8.13\transforms\126a826459591ec0270ba69fa3a433a7\transformed\constraintlayout-2.2.1\AndroidManifest.xml
Loading library manifest C:\Users\sirad\.gradle\caches\8.13\transforms\5cb1271e4d2ad72e87d4436f8d586cf6\transformed\lottie-6.7.1\AndroidManifest.xml
Loading library manifest C:\Users\sirad\.gradle\caches\8.13\transforms\f95de3219e3b6f4283dd2ad1fd38c872\transformed\appcompat-resources-1.7.1\AndroidManifest.xml
Loading library manifest C:\Users\sirad\.gradle\caches\8.13\transforms\3b242bb34da7a9f821c14e619b404f52\transformed\appcompat-1.7.1\AndroidManifest.xml
Loading library manifest C:\Users\sirad\.gradle\caches\8.13\transforms\fd2b824d80917b38caf3c7de792927b5\transformed\firebase-auth-24.0.1\AndroidManifest.xml
Loading library manifest C:\Users\sirad\.gradle\caches\8.13\transforms\5f95436b147cf1fc5e037294d8dcfb0f\transformed\credentials-1.2.0-rc01\AndroidManifest.xml
Loading library manifest C:\Users\sirad\.gradle\caches\8.13\transforms\a266a22aa4c470b415423b85ea717545\transformed\credentials-play-services-auth-1.2.0-rc01\AndroidManifest.xml
Loading library manifest C:\Users\sirad\.gradle\caches\8.13\transforms\02673eaab1eb096e1cdd50a6aa5d9ee8\transformed\play-services-auth-21.4.0\AndroidManifest.xml
Loading library manifest C:\Users\sirad\.gradle\caches\8.13\transforms\e6b424fa6019056ab7bdf2e6af04d350\transformed\glide-5.0.5\AndroidManifest.xml
Loading library manifest C:\Users\sirad\.gradle\caches\8.13\transforms\6fafa6666c41908e56bd120a5f38ef60\transformed\viewpager2-1.0.0\AndroidManifest.xml
Loading library manifest C:\Users\sirad\.gradle\caches\8.13\transforms\5f078c0792b1b516d0dce95f1424dd28\transformed\fragment-ktx-1.6.2\AndroidManifest.xml
Loading library manifest C:\Users\sirad\.gradle\caches\8.13\transforms\5860dc2fd3ef499c42f3afabb0a9dde0\transformed\firebase-database-22.0.1\AndroidManifest.xml
Loading library manifest C:\Users\sirad\.gradle\caches\8.13\transforms\8bfde8f9c574face26d39dfc4f7c212b\transformed\firebase-firestore-26.0.2\AndroidManifest.xml
Loading library manifest C:\Users\sirad\.gradle\caches\8.13\transforms\6b482272fa1c937745c01cfdff52b330\transformed\firebase-messaging-25.0.1\AndroidManifest.xml
Loading library manifest C:\Users\sirad\.gradle\caches\8.13\transforms\4b78a6395c726355cb8a4380fa1083e6\transformed\firebase-storage-22.0.1\AndroidManifest.xml
Loading library manifest C:\Users\sirad\.gradle\caches\8.13\transforms\579fc573c633851d26218b68aaf7d645\transformed\play-services-auth-api-phone-18.0.2\AndroidManifest.xml
Loading library manifest C:\Users\sirad\.gradle\caches\8.13\transforms\0f670ba57d38e799c8bf7b757dc6ad45\transformed\play-services-auth-base-18.0.10\AndroidManifest.xml
Loading library manifest C:\Users\sirad\.gradle\caches\8.13\transforms\6e86ad91f89a0dfe7ef7372fc77fec05\transformed\firebase-appcheck-19.0.1\AndroidManifest.xml
Loading library manifest C:\Users\sirad\.gradle\caches\8.13\transforms\572e48b382bbb51962a0b3f571333f2c\transformed\firebase-appcheck-interop-17.1.0\AndroidManifest.xml
Loading library manifest C:\Users\sirad\.gradle\caches\8.13\transforms\585f2205b6d464f0fca7a5cc78e83916\transformed\firebase-database-collection-18.0.1\AndroidManifest.xml
Loading library manifest C:\Users\sirad\.gradle\caches\8.13\transforms\b9d36706e016bc228303a1a4dbb96dff\transformed\firebase-analytics-23.0.0\AndroidManifest.xml
Loading library manifest C:\Users\sirad\.gradle\caches\8.13\transforms\85dc646d2c804a6fcf1c9afccbdb204a\transformed\play-services-measurement-23.0.0\AndroidManifest.xml
Loading library manifest C:\Users\sirad\.gradle\caches\8.13\transforms\29376f18954a0772ffda910ce92b3e50\transformed\play-services-measurement-sdk-23.0.0\AndroidManifest.xml
Loading library manifest C:\Users\sirad\.gradle\caches\8.13\transforms\ab6af623a172845fd857e1efa2501c60\transformed\play-services-measurement-impl-23.0.0\AndroidManifest.xml
Loading library manifest C:\Users\sirad\.gradle\caches\8.13\transforms\481a8097eb51de085bd87e4ad8e0ad87\transformed\play-services-fido-20.1.0\AndroidManifest.xml
Loading library manifest C:\Users\sirad\.gradle\caches\8.13\transforms\15ea55ddbbacd3b23368601fb6391d48\transformed\play-services-base-18.5.0\AndroidManifest.xml
Loading library manifest C:\Users\sirad\.gradle\caches\8.13\transforms\cf3e21e0ba39ef3bc5367f5ac018c3f5\transformed\play-services-measurement-api-23.0.0\AndroidManifest.xml
Loading library manifest C:\Users\sirad\.gradle\caches\8.13\transforms\4bc252ec605d6ef8146ee686d9048323\transformed\recaptcha-18.6.1\AndroidManifest.xml
Loading library manifest C:\Users\sirad\.gradle\caches\8.13\transforms\f56515210d665281c7dbae5c2bb92774\transformed\integrity-1.3.0\AndroidManifest.xml
Loading library manifest C:\Users\sirad\.gradle\caches\8.13\transforms\a8d76e06eec334aebb1dccda72aa115e\transformed\firebase-auth-interop-20.0.0\AndroidManifest.xml
Loading library manifest C:\Users\sirad\.gradle\caches\8.13\transforms\063ad2bb781bf157d8445d1c68533c81\transformed\firebase-installations-19.0.1\AndroidManifest.xml
Loading library manifest C:\Users\sirad\.gradle\caches\8.13\transforms\10b615c46dc28abe4d9d5b9b7b5dd7f7\transformed\firebase-common-22.0.1\AndroidManifest.xml
Loading library manifest C:\Users\sirad\.gradle\caches\8.13\transforms\84307de11fcbc3527dff035185021859\transformed\firebase-iid-interop-17.1.0\AndroidManifest.xml
Loading library manifest C:\Users\sirad\.gradle\caches\8.13\transforms\7d007b5220813db7e95b415d16192c40\transformed\play-services-cloud-messaging-17.2.0\AndroidManifest.xml
Loading library manifest C:\Users\sirad\.gradle\caches\8.13\transforms\30761cb09e30bad5342cdd6bfa3a1db8\transformed\work-runtime-ktx-2.11.0\AndroidManifest.xml
Loading library manifest C:\Users\sirad\.gradle\caches\8.13\transforms\d4dccc2840b421e0833840356456b596\transformed\work-runtime-2.11.0\AndroidManifest.xml
Loading library manifest C:\Users\sirad\.gradle\caches\8.13\transforms\c6fd910604768fd0130d32e47a6adca5\transformed\room-runtime\AndroidManifest.xml
Loading library manifest C:\Users\sirad\.gradle\caches\8.13\transforms\8d14c1bfc11122adefc63afe589a7f87\transformed\navigationevent\AndroidManifest.xml
Loading library manifest C:\Users\sirad\.gradle\caches\8.13\transforms\5747bc87db6970d530803c23cdb8dcd0\transformed\legacy-support-v4-1.0.0\AndroidManifest.xml
Loading library manifest C:\Users\sirad\.gradle\caches\8.13\transforms\dc8a9293dbc5f329c3ef84da885a941c\transformed\legacy-support-core-ui-1.0.0\AndroidManifest.xml
Loading library manifest C:\Users\sirad\.gradle\caches\8.13\transforms\63cfbae09aeb85c317c3f2759e2dd069\transformed\slidingpanelayout-1.2.0\AndroidManifest.xml
Loading library manifest C:\Users\sirad\.gradle\caches\8.13\transforms\ba511f98ccacdda59eea5d8a671cc228\transformed\window-1.0.0\AndroidManifest.xml
Loading library manifest C:\Users\sirad\.gradle\caches\8.13\transforms\655c8aab4a32f1c5d57d05f93d7493d7\transformed\swiperefreshlayout-1.2.0\AndroidManifest.xml
Loading library manifest C:\Users\sirad\.gradle\caches\8.13\transforms\0a653461ccc943c7affa8451c8013281\transformed\emoji2-views-helper-1.3.0\AndroidManifest.xml
Loading library manifest C:\Users\sirad\.gradle\caches\8.13\transforms\12835d4dd05759d64eaf6f002036742c\transformed\emoji2-1.3.0\AndroidManifest.xml
Loading library manifest C:\Users\sirad\.gradle\caches\8.13\transforms\75e49587e06ce3dd5af39f86fc8df901\transformed\drawerlayout-1.1.1\AndroidManifest.xml
Loading library manifest C:\Users\sirad\.gradle\caches\8.13\transforms\d3e8081afa80d90bbf91a6e701cb85ea\transformed\coordinatorlayout-1.1.0\AndroidManifest.xml
Loading library manifest C:\Users\sirad\.gradle\caches\8.13\transforms\246120c26187728486867938bcb7cd27\transformed\transition-1.5.0\AndroidManifest.xml
Loading library manifest C:\Users\sirad\.gradle\caches\8.13\transforms\f01789e94ad8913998d2fd343631498c\transformed\dynamicanimation-1.1.0\AndroidManifest.xml
Loading library manifest C:\Users\sirad\.gradle\caches\8.13\transforms\25021630c758dcf17d65735f2a7ce6a4\transformed\vectordrawable-animated-1.1.0\AndroidManifest.xml
Loading library manifest C:\Users\sirad\.gradle\caches\8.13\transforms\99a00fbdd1c69bc1033c6d8320fa2f0d\transformed\vectordrawable-1.1.0\AndroidManifest.xml
Loading library manifest C:\Users\sirad\.gradle\caches\8.13\transforms\3216f6076f160f162f822edb677c5090\transformed\graphics-shapes-release\AndroidManifest.xml
Loading library manifest C:\Users\sirad\.gradle\caches\8.13\transforms\80e0c5351e1e366b3d2a952156e2dff7\transformed\litr-1.4.16\AndroidManifest.xml
Loading library manifest C:\Users\sirad\.gradle\caches\8.13\transforms\1db0db662073d181a6642cc29a53111e\transformed\play-services-stats-17.0.2\AndroidManifest.xml
Loading library manifest C:\Users\sirad\.gradle\caches\8.13\transforms\8cccc3cd7e97b0d740d219396998b85c\transformed\legacy-support-core-utils-1.0.0\AndroidManifest.xml
Loading library manifest C:\Users\sirad\.gradle\caches\8.13\transforms\8e6cb8b72742d8134857501d559b2809\transformed\loader-1.1.0\AndroidManifest.xml
Loading library manifest C:\Users\sirad\.gradle\caches\8.13\transforms\81b2266ad2dcf68414c7c075ec7599b2\transformed\activity-ktx-1.12.2\AndroidManifest.xml
Loading library manifest C:\Users\sirad\.gradle\caches\8.13\transforms\ac45c9bd21abd3320e87c6201551b07e\transformed\lifecycle-runtime-ktx\AndroidManifest.xml
Loading library manifest C:\Users\sirad\.gradle\caches\8.13\transforms\cccb8eb0b02cd7b7613441e9dc6193e4\transformed\lifecycle-viewmodel-ktx-2.9.0\AndroidManifest.xml
Loading library manifest C:\Users\sirad\.gradle\caches\8.13\transforms\d65a2acb1fdaddd676e2decfb2068fc6\transformed\lifecycle-service-2.9.0\AndroidManifest.xml
Loading library manifest C:\Users\sirad\.gradle\caches\8.13\transforms\c352668c52870cafbcf8f21fa80b7657\transformed\lifecycle-process-2.9.0\AndroidManifest.xml
Loading library manifest C:\Users\sirad\.gradle\caches\8.13\transforms\feab904c384f03c4823d27231d30e1cb\transformed\lifecycle-livedata-core-ktx-2.9.0\AndroidManifest.xml
Loading library manifest C:\Users\sirad\.gradle\caches\8.13\transforms\595b883fda099d7b0b09de2135cc3ae2\transformed\lifecycle-livedata-core-2.9.0\AndroidManifest.xml
Loading library manifest C:\Users\sirad\.gradle\caches\8.13\transforms\7e8b1339a70dbbf0059f4b2a3d445d13\transformed\lifecycle-livedata-2.9.0\AndroidManifest.xml
Loading library manifest C:\Users\sirad\.gradle\caches\8.13\transforms\9360062dd8ec0831d7348c983c2867ee\transformed\lifecycle-viewmodel-2.9.0\AndroidManifest.xml
Loading library manifest C:\Users\sirad\.gradle\caches\8.13\transforms\3afe0fe86f1f3a4b5a8b8b6a93356afd\transformed\lifecycle-viewmodel-release\AndroidManifest.xml
Loading library manifest C:\Users\sirad\.gradle\caches\8.13\transforms\f0dd79ac17f19717e847dc056464a131\transformed\savedstate-ktx-1.3.0\AndroidManifest.xml
Loading library manifest C:\Users\sirad\.gradle\caches\8.13\transforms\eb534c00dffb5bbe56d43a6b08a3d236\transformed\savedstate-release\AndroidManifest.xml
Loading library manifest C:\Users\sirad\.gradle\caches\8.13\transforms\20bbc1c3fc61af473e215e174369f5cb\transformed\lifecycle-viewmodel-savedstate-release\AndroidManifest.xml
Loading library manifest C:\Users\sirad\.gradle\caches\8.13\transforms\bae1cdef6467c05b343caff53e722206\transformed\ads-adservices-java-1.1.0-beta11\AndroidManifest.xml
Loading library manifest C:\Users\sirad\.gradle\caches\8.13\transforms\e677c0b2eee276bc6cca104b25583b18\transformed\ads-adservices-1.1.0-beta11\AndroidManifest.xml
Loading library manifest C:\Users\sirad\.gradle\caches\8.13\transforms\47528a5399c20a1f0ef5714524481bce\transformed\media3-exoplayer-dash-1.1.1\AndroidManifest.xml
Loading library manifest C:\Users\sirad\.gradle\caches\8.13\transforms\7623bb9c2dc68c23c8096b57572286cd\transformed\media3-exoplayer-hls-1.1.1\AndroidManifest.xml
Loading library manifest C:\Users\sirad\.gradle\caches\8.13\transforms\9cae78acd897a403fbb7b08c9c8114dd\transformed\media3-exoplayer-1.1.1\AndroidManifest.xml
Loading library manifest C:\Users\sirad\.gradle\caches\8.13\transforms\df3f6fc40346c613497d93e3d3df0cfa\transformed\media3-extractor-1.1.1\AndroidManifest.xml
Loading library manifest C:\Users\sirad\.gradle\caches\8.13\transforms\286a8e77f86122af8478330f24e03b0d\transformed\media3-container-1.1.1\AndroidManifest.xml
Loading library manifest C:\Users\sirad\.gradle\caches\8.13\transforms\8247a09a60d0597b779abedbebfde84c\transformed\media3-datasource-1.1.1\AndroidManifest.xml
Loading library manifest C:\Users\sirad\.gradle\caches\8.13\transforms\7059964f6ccfbe316a2e60e75a05c4c6\transformed\media3-decoder-1.1.1\AndroidManifest.xml
Loading library manifest C:\Users\sirad\.gradle\caches\8.13\transforms\88fa5e6549efe9db1e427dedaa47ac1f\transformed\media3-database-1.1.1\AndroidManifest.xml
Loading library manifest C:\Users\sirad\.gradle\caches\8.13\transforms\910f540ba1bd9af5336bac0bbf392b91\transformed\media3-common-1.1.1\AndroidManifest.xml
Loading library manifest C:\Users\sirad\.gradle\caches\8.13\transforms\b1e1ec1cc35a42ac9e5db158c3ef4c2b\transformed\media3-ui-1.1.1\AndroidManifest.xml
Loading library manifest C:\Users\sirad\.gradle\caches\8.13\transforms\a8f915babe1d397d6e4f9f7c530a42c5\transformed\recyclerview-1.3.0\AndroidManifest.xml
Loading library manifest C:\Users\sirad\.gradle\caches\8.13\transforms\619dae966f699329fdb500862db9755a\transformed\customview-poolingcontainer-1.0.0\AndroidManifest.xml
Loading library manifest C:\Users\sirad\.gradle\caches\8.13\transforms\88061e0a701924de25bf2a7e30dc0b75\transformed\core-ktx-1.16.0\AndroidManifest.xml
Loading library manifest C:\Users\sirad\.gradle\caches\8.13\transforms\509780ac19c94516a5cdd3887b81a4e6\transformed\viewpager-1.0.0\AndroidManifest.xml
Loading library manifest C:\Users\sirad\.gradle\caches\8.13\transforms\db2fc126f9dfffdca71ef5e7097aaa12\transformed\customview-1.1.0\AndroidManifest.xml
Loading library manifest C:\Users\sirad\.gradle\caches\8.13\transforms\c427f4bee67c164f923b48502848b632\transformed\browser-1.4.0\AndroidManifest.xml
Loading library manifest C:\Users\sirad\.gradle\caches\8.13\transforms\51c26a2c4ea957c245a04a20bf4f076b\transformed\media-1.6.0\AndroidManifest.xml
Loading library manifest C:\Users\sirad\.gradle\caches\8.13\transforms\99fd438fc1f23b568efdfd10a2229daa\transformed\fresco-3.6.0\AndroidManifest.xml
Loading library manifest C:\Users\sirad\.gradle\caches\8.13\transforms\465e1aa036fe199755865a6f8815e007\transformed\soloader-3.6.0\AndroidManifest.xml
Loading library manifest C:\Users\sirad\.gradle\caches\8.13\transforms\9766522f0453a6b0cd97bac3321c78ed\transformed\drawee-3.6.0\AndroidManifest.xml
Loading library manifest C:\Users\sirad\.gradle\caches\8.13\transforms\4d5a6fafb2112a923aca41330c984ad0\transformed\nativeimagefilters-3.6.0\AndroidManifest.xml
Loading library manifest C:\Users\sirad\.gradle\caches\8.13\transforms\65f79dddf4551bc7b8ca43e6fe80183f\transformed\memory-type-native-3.6.0\AndroidManifest.xml
Loading library manifest C:\Users\sirad\.gradle\caches\8.13\transforms\2e97d96c607039a81ce55b3c8eacf1c8\transformed\memory-type-java-3.6.0\AndroidManifest.xml
Loading library manifest C:\Users\sirad\.gradle\caches\8.13\transforms\9bd43e4c863f169e870e8802f83ac386\transformed\imagepipeline-native-3.6.0\AndroidManifest.xml
Loading library manifest C:\Users\sirad\.gradle\caches\8.13\transforms\be8f78ea230975fe79eee5bb5fdc1250\transformed\memory-type-ashmem-3.6.0\AndroidManifest.xml
Loading library manifest C:\Users\sirad\.gradle\caches\8.13\transforms\bd676597b29eaf883bc78fc1fe8f6442\transformed\imagepipeline-3.6.0\AndroidManifest.xml
Loading library manifest C:\Users\sirad\.gradle\caches\8.13\transforms\b1ef9ab100bb8406e7cd31588c020f27\transformed\nativeimagetranscoder-3.6.0\AndroidManifest.xml
Loading library manifest C:\Users\sirad\.gradle\caches\8.13\transforms\cae67cb3846cd99b8064da5695b334b3\transformed\imagepipeline-base-3.6.0\AndroidManifest.xml
Loading library manifest C:\Users\sirad\.gradle\caches\8.13\transforms\af2a48a3e79012f98694ec8ecba1a516\transformed\urimod-3.6.0\AndroidManifest.xml
Loading library manifest C:\Users\sirad\.gradle\caches\8.13\transforms\28974506fb0664bdf90aa436c874c5b4\transformed\vito-source-3.6.0\AndroidManifest.xml
Loading library manifest C:\Users\sirad\.gradle\caches\8.13\transforms\9e22ab9889bf9169920a1d2cd5572846\transformed\middleware-3.6.0\AndroidManifest.xml
Loading library manifest C:\Users\sirad\.gradle\caches\8.13\transforms\f647674349b3c2eda3ab077cd43b9b3c\transformed\ui-common-3.6.0\AndroidManifest.xml
Loading library manifest C:\Users\sirad\.gradle\caches\8.13\transforms\b8bb847e857b8708229bbba2a0362108\transformed\fbcore-3.6.0\AndroidManifest.xml
Loading library manifest C:\Users\sirad\.gradle\caches\8.13\transforms\bbb040afb1c999895be086e9ae6ac62e\transformed\asynclayoutinflater-1.0.0\AndroidManifest.xml
Loading library manifest C:\Users\sirad\.gradle\caches\8.13\transforms\a1a955e9210e9087e48f075b9976d805\transformed\core-1.16.0\AndroidManifest.xml
Loading library manifest C:\Users\sirad\.gradle\caches\8.13\transforms\3cfe0e8d96bd445cc2d9cbbc1df6caa3\transformed\lifecycle-runtime-release\AndroidManifest.xml
Loading library manifest C:\Users\sirad\.gradle\caches\8.13\transforms\ff1e685d3b94b09d7d6dc1704b0cada4\transformed\datastore-core-release\AndroidManifest.xml
Loading library manifest C:\Users\sirad\.gradle\caches\8.13\transforms\b5ebe889973c05a165967ca5a1850ec5\transformed\datastore-preferences-core-release\AndroidManifest.xml
Loading library manifest C:\Users\sirad\.gradle\caches\8.13\transforms\31657e55f374576464a2e9becad141b3\transformed\datastore-release\AndroidManifest.xml
Loading library manifest C:\Users\sirad\.gradle\caches\8.13\transforms\3e35b84b6aca4ea1734ce83d04b950e3\transformed\datastore-preferences-release\AndroidManifest.xml
Loading library manifest C:\Users\sirad\.gradle\caches\8.13\transforms\7f118b5b212d2908ec4e2586580705e9\transformed\firebase-installations-interop-17.1.1\AndroidManifest.xml
Loading library manifest C:\Users\sirad\.gradle\caches\8.13\transforms\d478a4ae033847e6a0039420c66bee27\transformed\play-services-tasks-18.2.0\AndroidManifest.xml
Loading library manifest C:\Users\sirad\.gradle\caches\8.13\transforms\a82fb912f4f5a04a27824f1b4a81e4e7\transformed\firebase-measurement-connector-19.0.0\AndroidManifest.xml
Loading library manifest C:\Users\sirad\.gradle\caches\8.13\transforms\49b0c405afb3e15649ff5db10bbee155\transformed\play-services-ads-identifier-18.0.0\AndroidManifest.xml
Loading library manifest C:\Users\sirad\.gradle\caches\8.13\transforms\2598ae4f2e9616205b9bb7349b9523b4\transformed\play-services-measurement-sdk-api-23.0.0\AndroidManifest.xml
Loading library manifest C:\Users\sirad\.gradle\caches\8.13\transforms\5f3ca09b0f5669b64d2393cac421f835\transformed\play-services-measurement-base-23.0.0\AndroidManifest.xml
Loading library manifest C:\Users\sirad\.gradle\caches\8.13\transforms\442dff2e9dabb75b981dd4d51ae259e2\transformed\play-services-basement-18.8.0\AndroidManifest.xml
Loading library manifest C:\Users\sirad\.gradle\caches\8.13\transforms\7742133b941929501d01fff2b7a14063\transformed\fragment-1.6.2\AndroidManifest.xml
Loading library manifest C:\Users\sirad\.gradle\caches\8.13\transforms\53e76032c6e2fb9e6f5fb6e577026994\transformed\activity-1.12.2\AndroidManifest.xml
Loading library manifest C:\Users\sirad\.gradle\caches\8.13\transforms\a04fdaea6cee37a7d2dcf4a56da836ca\transformed\googleid-1.1.0\AndroidManifest.xml
Loading library manifest C:\Users\sirad\.gradle\caches\8.13\transforms\e0889e32c201c225000b6f0e3bf68e80\transformed\core-viewtree-1.0.0\AndroidManifest.xml
Loading library manifest C:\Users\sirad\.gradle\caches\8.13\transforms\a97e479ca9afb6775b542b976a2685ec\transformed\profileinstaller-1.4.0\AndroidManifest.xml
Loading library manifest C:\Users\sirad\.gradle\caches\8.13\transforms\308c57d0ef0991d575387055561b1da8\transformed\startup-runtime-1.1.1\AndroidManifest.xml
Loading library manifest C:\Users\sirad\.gradle\caches\8.13\transforms\ea71f90e3a9e47345b9e8f39a935ab56\transformed\tracing-1.2.0\AndroidManifest.xml
Loading library manifest C:\Users\sirad\.gradle\caches\8.13\transforms\99ea23940b3f081f0b7c7b39e31ff061\transformed\tracing-ktx-1.2.0\AndroidManifest.xml
Loading library manifest C:\Users\sirad\.gradle\caches\8.13\transforms\dddf593361f1f3a1c10d57dbaa82baa5\transformed\annotation-experimental-1.5.0\AndroidManifest.xml
Loading library manifest C:\Users\sirad\.gradle\caches\8.13\transforms\4b688f020557e4c262dec3205840d667\transformed\ui-core-3.6.0\AndroidManifest.xml
Loading library manifest C:\Users\sirad\.gradle\caches\8.13\transforms\1e5f70736b31e013ec79bd5731ebdab5\transformed\shimmer-0.5.0\AndroidManifest.xml
Loading library manifest C:\Users\sirad\.gradle\caches\8.13\transforms\1fca101e986a30248fe5310a9fe29990\transformed\cursoradapter-1.0.0\AndroidManifest.xml
Loading library manifest C:\Users\sirad\.gradle\caches\8.13\transforms\8642af993883f89987ae9961ceebff30\transformed\cardview-1.0.0\AndroidManifest.xml
Loading library manifest C:\Users\sirad\.gradle\caches\8.13\transforms\0aeeccd037d7082a8f61d5c32f87dc01\transformed\interpolator-1.0.0\AndroidManifest.xml
Loading library manifest C:\Users\sirad\.gradle\caches\8.13\transforms\dcc7a2e40f119f751859702e9bb7a540\transformed\gifdecoder-5.0.5\AndroidManifest.xml
Loading library manifest C:\Users\sirad\.gradle\caches\8.13\transforms\69034bf797e24960f4d2b0444127ef1d\transformed\exifinterface-1.3.6\AndroidManifest.xml
Loading library manifest C:\Users\sirad\.gradle\caches\8.13\transforms\3475667bd3b1b63054ed2721eda6ceda\transformed\core-runtime-2.2.0\AndroidManifest.xml
Loading library manifest C:\Users\sirad\.gradle\caches\8.13\transforms\910791d52a0e605299a61d4ee52e6493\transformed\localbroadcastmanager-1.0.0\AndroidManifest.xml
Loading library manifest C:\Users\sirad\.gradle\caches\8.13\transforms\6faabd836120cfcf3bd0302a34729d40\transformed\firebase-components-19.0.0\AndroidManifest.xml
Loading library manifest C:\Users\sirad\.gradle\caches\8.13\transforms\34b1acf779f4ecf62dc456bd93059026\transformed\firebase-datatransport-18.2.0\AndroidManifest.xml
Loading library manifest C:\Users\sirad\.gradle\caches\8.13\transforms\1c3c744f839cc55ea8a70d0f110481b2\transformed\transport-backend-cct-3.1.9\AndroidManifest.xml
Loading library manifest C:\Users\sirad\.gradle\caches\8.13\transforms\c61fd9b82ed99e2278db1e4e0bb62710\transformed\firebase-encoders-json-18.0.0\AndroidManifest.xml
Loading library manifest C:\Users\sirad\.gradle\caches\8.13\transforms\501db91d7d775d19020df526ca49a983\transformed\transport-runtime-3.1.9\AndroidManifest.xml
Loading library manifest C:\Users\sirad\.gradle\caches\8.13\transforms\39b959c19ce233519883870ce4ca329a\transformed\transport-api-3.1.0\AndroidManifest.xml
Loading library manifest C:\Users\sirad\.gradle\caches\8.13\transforms\368c4f5087ef561f12ae3d7a993d8606\transformed\versionedparcelable-1.1.1\AndroidManifest.xml
Loading library manifest C:\Users\sirad\.gradle\caches\8.13\transforms\e3b7ede07a29535f6e727efbc0692a0d\transformed\sqlite-framework\AndroidManifest.xml
Loading library manifest C:\Users\sirad\.gradle\caches\8.13\transforms\aa10b902e8a156aa6d4e0a16d425c18a\transformed\sqlite\AndroidManifest.xml
Loading library manifest C:\Users\sirad\.gradle\caches\8.13\transforms\1a25a5450a6ac1b05f79f385eb052fd3\transformed\documentfile-1.0.0\AndroidManifest.xml
Loading library manifest C:\Users\sirad\.gradle\caches\8.13\transforms\efd91b99a7c7ffb3ceb0cf67c51c8350\transformed\print-1.0.0\AndroidManifest.xml
Loading library manifest C:\Users\sirad\.gradle\caches\8.13\transforms\8c38e93d13c19ccd43099ad2ef277dea\transformed\runtime-annotation\AndroidManifest.xml
Loading library manifest C:\Users\sirad\.gradle\caches\8.13\transforms\a4cd6e50e27ba0ef1329af260b86f8f7\transformed\circleimageview-3.1.0\AndroidManifest.xml
Loading library manifest C:\Users\sirad\.gradle\caches\8.13\transforms\e1e0e1c21b3d0248cbdb419b023b0407\transformed\full-sdk-4.6.1\AndroidManifest.xml
Loading library manifest C:\Users\sirad\.gradle\caches\8.13\transforms\61c88c95860bd23fef9d3f810b04b48a\transformed\grpc-android-1.62.2\AndroidManifest.xml
Loading library manifest C:\Users\sirad\.gradle\caches\8.13\transforms\c1a1fd215620b471ec39f8804ff1a1a8\transformed\disklrucache-5.0.5\AndroidManifest.xml
Loading library manifest C:\Users\sirad\.gradle\caches\8.13\transforms\22aa71b005d060265e6a4473d60f2efd\transformed\full-rtc-basic-4.6.1\AndroidManifest.xml
Loading library manifest C:\Users\sirad\.gradle\caches\8.13\transforms\d3549c4921706d85a31c2cd8fecd4a73\transformed\ains-4.6.1\AndroidManifest.xml
Loading library manifest C:\Users\sirad\.gradle\caches\8.13\transforms\2b652c3044d81f9720bf8b6643e6dfa2\transformed\audio-beauty-4.6.1\AndroidManifest.xml
Loading library manifest C:\Users\sirad\.gradle\caches\8.13\transforms\4a421a33fdbd5d6912c0f37fb77cec6d\transformed\clear-vision-4.6.1\AndroidManifest.xml
Loading library manifest C:\Users\sirad\.gradle\caches\8.13\transforms\39c3e601b107dd61d1cd4bf6c0137cbb\transformed\full-content-inspect-4.6.1\AndroidManifest.xml
Loading library manifest C:\Users\sirad\.gradle\caches\8.13\transforms\1217a9e2c37102e457c2b7d7924696a8\transformed\screen-capture-4.6.1\AndroidManifest.xml
Loading library manifest C:\Users\sirad\.gradle\caches\8.13\transforms\5a0587a97d64821769ff7be76e696797\transformed\full-virtual-background-4.6.1\AndroidManifest.xml
Loading library manifest C:\Users\sirad\.gradle\caches\8.13\transforms\9a5838604b5cd274280d6e8a75222d06\transformed\spatial-audio-4.6.1\AndroidManifest.xml
Loading library manifest C:\Users\sirad\.gradle\caches\8.13\transforms\c5687eea63698b348eb1306757e0299b\transformed\full-screen-sharing-4.6.1\AndroidManifest.xml
Loading library manifest C:\Users\sirad\.gradle\caches\8.13\transforms\559d1193db0b4b11d10d806a948fb046\transformed\aiaec-4.6.1\AndroidManifest.xml
Loading library manifest C:\Users\sirad\.gradle\caches\8.13\transforms\b81463a84bda0f060a7073be4b7da6bf\transformed\full-vqa-4.6.1\AndroidManifest.xml
Loading library manifest C:\Users\sirad\.gradle\caches\8.13\transforms\524c57915fb81d38667c9d44b8b367e2\transformed\full-face-detect-4.6.1\AndroidManifest.xml
Loading library manifest C:\Users\sirad\.gradle\caches\8.13\transforms\ced385e352ff7c27dc9a331c968fbac9\transformed\full-face-capture-4.6.1\AndroidManifest.xml
Loading library manifest C:\Users\sirad\.gradle\caches\8.13\transforms\a65f64c2bca75a6e983f423edbb90902\transformed\full-voice-drive-4.6.1\AndroidManifest.xml
Loading library manifest C:\Users\sirad\.gradle\caches\8.13\transforms\b162932204dfc2cab93d7addd42cc58a\transformed\full-video-codec-enc-4.6.1\AndroidManifest.xml
Loading library manifest C:\Users\sirad\.gradle\caches\8.13\transforms\7af8a492cd0872dae8bba79eb4f3656e\transformed\full-video-codec-dec-4.6.1\AndroidManifest.xml
Loading library manifest C:\Users\sirad\.gradle\caches\8.13\transforms\4e73a42caa7a8a54254b36d5dcbcf2cd\transformed\full-video-av1-codec-enc-4.6.1\AndroidManifest.xml
Loading library manifest C:\Users\sirad\.gradle\caches\8.13\transforms\6d412a930d51dfff1be43c985ae0aef3\transformed\full-video-av1-codec-dec-4.6.1\AndroidManifest.xml
Loading library manifest C:\Users\sirad\.gradle\caches\8.13\transforms\49fb49d9fa33ef1289bab607a42bf182\transformed\protolite-well-known-types-18.0.1\AndroidManifest.xml
Loading library manifest C:\Users\sirad\.gradle\caches\8.13\transforms\5f0216bef9517d0e1dc9ce1293f69ebc\transformed\aosl-1.3.0\AndroidManifest.xml
Loading library manifest C:\Users\sirad\.gradle\caches\8.13\transforms\1e9509305a3ad9876b9983e265a04b7b\transformed\core-common-2.0.3\AndroidManifest.xml
Loading library manifest C:\Users\sirad\.gradle\caches\8.13\transforms\3de0caa79d8545eabe8d4d23af6f9420\transformed\soloader-0.11.0\AndroidManifest.xml
Merging main manifest D:\Code\android_app\ieeeconnect\app\src\main\AndroidManifest.xml

Merging library manifest C:\Users\sirad\.gradle\caches\8.13\transforms\0bcbd38dbcd03298b29b86a00c57b83b\transformed\databinding-adapters-8.9.1\AndroidManifest.xml
Merging manifest with lower [androidx.databinding:databinding-adapters:8.9.1] AndroidManifest.xml:2:1-7:12
uses-sdk defined in both files...
Merging uses-sdk with lower [androidx.databinding:databinding-adapters:8.9.1] AndroidManifest.xml:5:5-44
Merging library manifest C:\Users\sirad\.gradle\caches\8.13\transforms\65bf2cc2a27ba0bc4037ca08aeb96062\transformed\databinding-ktx-8.9.1\AndroidManifest.xml
Merging manifest with lower [androidx.databinding:databinding-ktx:8.9.1] AndroidManifest.xml:2:1-7:12
uses-sdk defined in both files...
Merging uses-sdk with lower [androidx.databinding:databinding-ktx:8.9.1] AndroidManifest.xml:5:5-44
Merging library manifest C:\Users\sirad\.gradle\caches\8.13\transforms\a50261044b661e3e31e96b8f734b3054\transformed\databinding-runtime-8.9.1\AndroidManifest.xml
Merging manifest with lower [androidx.databinding:databinding-runtime:8.9.1] AndroidManifest.xml:2:1-7:12
uses-sdk defined in both files...
Merging uses-sdk with lower [androidx.databinding:databinding-runtime:8.9.1] AndroidManifest.xml:5:5-44
Merging library manifest C:\Users\sirad\.gradle\caches\8.13\transforms\f9cf8cfbc9fbad0191fcc9eb083f99b4\transformed\viewbinding-8.9.1\AndroidManifest.xml
Merging manifest with lower [androidx.databinding:viewbinding:8.9.1] AndroidManifest.xml:2:1-7:12
uses-sdk defined in both files...
Merging uses-sdk with lower [androidx.databinding:viewbinding:8.9.1] AndroidManifest.xml:5:5-44
Merging library manifest C:\Users\sirad\.gradle\caches\8.13\transforms\b013bba9f60c9b7634f2a2f47076d57e\transformed\navigation-runtime-release\AndroidManifest.xml
Merging manifest with lower [androidx.navigation:navigation-runtime-android:2.9.6] AndroidManifest.xml:17:1-22:12
uses-sdk defined in both files...
Merging uses-sdk with lower [androidx.navigation:navigation-runtime-android:2.9.6] AndroidManifest.xml:20:5-44
Merging library manifest C:\Users\sirad\.gradle\caches\8.13\transforms\40c16e318f6df64fd705e0a5495c72a5\transformed\navigation-common-release\AndroidManifest.xml
Merging manifest with lower [androidx.navigation:navigation-common-android:2.9.6] AndroidManifest.xml:17:1-22:12
uses-sdk defined in both files...
Merging uses-sdk with lower [androidx.navigation:navigation-common-android:2.9.6] AndroidManifest.xml:20:5-44
Merging library manifest C:\Users\sirad\.gradle\caches\8.13\transforms\a331cca7dd63a3883a0178e7bf2656ca\transformed\navigation-fragment-2.9.6\AndroidManifest.xml
Merging manifest with lower [androidx.navigation:navigation-fragment:2.9.6] AndroidManifest.xml:17:1-22:12
uses-sdk defined in both files...
Merging uses-sdk with lower [androidx.navigation:navigation-fragment:2.9.6] AndroidManifest.xml:20:5-44
Merging library manifest C:\Users\sirad\.gradle\caches\8.13\transforms\73ed27e2cbc58daff639595366346579\transformed\navigation-ui-2.9.6\AndroidManifest.xml
Merging manifest with lower [androidx.navigation:navigation-ui:2.9.6] AndroidManifest.xml:17:1-22:12
uses-sdk defined in both files...
Merging uses-sdk with lower [androidx.navigation:navigation-ui:2.9.6] AndroidManifest.xml:20:5-44
Merging library manifest C:\Users\sirad\.gradle\caches\8.13\transforms\133eda9a89c6d1d842ad63bb4c8e6e33\transformed\cloudinary-android-3.1.2\AndroidManifest.xml
Merging manifest with lower [com.cloudinary:cloudinary-android:3.1.2] AndroidManifest.xml:2:1-6:12
uses-sdk defined in both files...
Merging uses-sdk with lower [com.cloudinary:cloudinary-android:3.1.2] AndroidManifest.xml:4:5-44
Merging library manifest C:\Users\sirad\.gradle\caches\8.13\transforms\a9e8f0d49a320369f2733ed9b430c6d9\transformed\cloudinary-android-ui-3.1.2\AndroidManifest.xml
Merging manifest with lower [com.cloudinary:cloudinary-android-ui:3.1.2] AndroidManifest.xml:2:1-14:12
uses-sdk defined in both files...
Merging uses-sdk with lower [com.cloudinary:cloudinary-android-ui:3.1.2] AndroidManifest.xml:5:5-44
application defined in both files...
Merging application with lower [com.cloudinary:cloudinary-android-ui:3.1.2] AndroidManifest.xml:7:5-12:19
Adopted [activity: null]
Merging library manifest C:\Users\sirad\.gradle\caches\8.13\transforms\59adcd5005062167cc6043bbc56bad8b\transformed\cloudinary-android-preprocess-3.1.2\AndroidManifest.xml
Merging manifest with lower [com.cloudinary:cloudinary-android-preprocess:3.1.2] AndroidManifest.xml:2:1-10:12
uses-sdk defined in both files...
Merging uses-sdk with lower [com.cloudinary:cloudinary-android-preprocess:3.1.2] AndroidManifest.xml:6:5-8:61
Merging library manifest C:\Users\sirad\.gradle\caches\8.13\transforms\84b8e21eb8b9ff68ec8b906ed5ea045c\transformed\cloudinary-android-download-3.1.2\AndroidManifest.xml
Merging manifest with lower [com.cloudinary:cloudinary-android-download:3.1.2] AndroidManifest.xml:2:1-6:12
uses-sdk defined in both files...
Merging uses-sdk with lower [com.cloudinary:cloudinary-android-download:3.1.2] AndroidManifest.xml:4:5-44
Merging library manifest C:\Users\sirad\.gradle\caches\8.13\transforms\43d6e97e54af51a506f5c69238239f03\transformed\cloudinary-android-core-3.1.2\AndroidManifest.xml
Merging manifest with lower [com.cloudinary:cloudinary-android-core:3.1.2] AndroidManifest.xml:2:1-11:12
uses-sdk defined in both files...
Merging uses-sdk with lower [com.cloudinary:cloudinary-android-core:3.1.2] AndroidManifest.xml:5:5-44
uses-permission#android.permission.INTERNET defined in both files...
Merging uses-permission#android.permission.INTERNET with lower [com.cloudinary:cloudinary-android-core:3.1.2] AndroidManifest.xml:7:5-67
application defined in both files...
Merging application with lower [com.cloudinary:cloudinary-android-core:3.1.2] AndroidManifest.xml:9:5-20
Merging library manifest C:\Users\sirad\.gradle\caches\8.13\transforms\b77ad521a1ec7769ba27320b7b2c59df\transformed\material-1.13.0\AndroidManifest.xml
Merging manifest with lower [com.google.android.material:material:1.13.0] AndroidManifest.xml:17:1-24:12
uses-sdk defined in both files...
Merging uses-sdk with lower [com.google.android.material:material:1.13.0] AndroidManifest.xml:20:5-44
application defined in both files...
Merging application with lower [com.google.android.material:material:1.13.0] AndroidManifest.xml:22:5-20
Merging library manifest C:\Users\sirad\.gradle\caches\8.13\transforms\126a826459591ec0270ba69fa3a433a7\transformed\constraintlayout-2.2.1\AndroidManifest.xml
Merging manifest with lower [androidx.constraintlayout:constraintlayout:2.2.1] AndroidManifest.xml:2:1-9:12
uses-sdk defined in both files...
Merging uses-sdk with lower [androidx.constraintlayout:constraintlayout:2.2.1] AndroidManifest.xml:5:5-44
application defined in both files...
Merging application with lower [androidx.constraintlayout:constraintlayout:2.2.1] AndroidManifest.xml:7:5-20
Merging library manifest C:\Users\sirad\.gradle\caches\8.13\transforms\5cb1271e4d2ad72e87d4436f8d586cf6\transformed\lottie-6.7.1\AndroidManifest.xml
Merging manifest with lower [com.airbnb.android:lottie:6.7.1] AndroidManifest.xml:2:1-9:12
uses-sdk defined in both files...
Merging uses-sdk with lower [com.airbnb.android:lottie:6.7.1] AndroidManifest.xml:5:5-44
application defined in both files...
Merging application with lower [com.airbnb.android:lottie:6.7.1] AndroidManifest.xml:7:5-20
Merging library manifest C:\Users\sirad\.gradle\caches\8.13\transforms\f95de3219e3b6f4283dd2ad1fd38c872\transformed\appcompat-resources-1.7.1\AndroidManifest.xml
Merging manifest with lower [androidx.appcompat:appcompat-resources:1.7.1] AndroidManifest.xml:2:1-7:12
uses-sdk defined in both files...
Merging uses-sdk with lower [androidx.appcompat:appcompat-resources:1.7.1] AndroidManifest.xml:5:5-44
Merging library manifest C:\Users\sirad\.gradle\caches\8.13\transforms\3b242bb34da7a9f821c14e619b404f52\transformed\appcompat-1.7.1\AndroidManifest.xml
Merging manifest with lower [androidx.appcompat:appcompat:1.7.1] AndroidManifest.xml:2:1-7:12
uses-sdk defined in both files...
Merging uses-sdk with lower [androidx.appcompat:appcompat:1.7.1] AndroidManifest.xml:5:5-44
Merging library manifest C:\Users\sirad\.gradle\caches\8.13\transforms\fd2b824d80917b38caf3c7de792927b5\transformed\firebase-auth-24.0.1\AndroidManifest.xml
Merging manifest with lower [com.google.firebase:firebase-auth:24.0.1] AndroidManifest.xml:17:1-75:12
uses-sdk defined in both files...
Merging uses-sdk with lower [com.google.firebase:firebase-auth:24.0.1] AndroidManifest.xml:21:5-23:151
uses-permission#android.permission.INTERNET defined in both files...
Merging uses-permission#android.permission.INTERNET with lower [com.google.firebase:firebase-auth:24.0.1] AndroidManifest.xml:25:5-67
uses-permission#android.permission.ACCESS_NETWORK_STATE defined in both files...
Merging uses-permission#android.permission.ACCESS_NETWORK_STATE with lower [com.google.firebase:firebase-auth:24.0.1] AndroidManifest.xml:26:5-79
application defined in both files...
Merging application with lower [com.google.firebase:firebase-auth:24.0.1] AndroidManifest.xml:28:5-73:19
Adopted [activity: null]
Adopted [activity: null]
Adopted [service: null]
Merging library manifest C:\Users\sirad\.gradle\caches\8.13\transforms\5f95436b147cf1fc5e037294d8dcfb0f\transformed\credentials-1.2.0-rc01\AndroidManifest.xml
Merging manifest with lower [androidx.credentials:credentials:1.2.0-rc01] AndroidManifest.xml:2:1-7:12
uses-sdk defined in both files...
Merging uses-sdk with lower [androidx.credentials:credentials:1.2.0-rc01] AndroidManifest.xml:5:5-44
Merging library manifest C:\Users\sirad\.gradle\caches\8.13\transforms\a266a22aa4c470b415423b85ea717545\transformed\credentials-play-services-auth-1.2.0-rc01\AndroidManifest.xml
Merging manifest with lower [androidx.credentials:credentials-play-services-auth:1.2.0-rc01] AndroidManifest.xml:17:1-44:12
uses-sdk defined in both files...
Merging uses-sdk with lower [androidx.credentials:credentials-play-services-auth:1.2.0-rc01] AndroidManifest.xml:21:5-44
application defined in both files...
Merging application with lower [androidx.credentials:credentials-play-services-auth:1.2.0-rc01] AndroidManifest.xml:23:5-42:19
Adopted [service: null]
Adopted [activity: null]
Merging library manifest C:\Users\sirad\.gradle\caches\8.13\transforms\02673eaab1eb096e1cdd50a6aa5d9ee8\transformed\play-services-auth-21.4.0\AndroidManifest.xml
Merging manifest with lower [com.google.android.gms:play-services-auth:21.4.0] AndroidManifest.xml:17:1-40:12
uses-sdk defined in both files...
Merging uses-sdk with lower [com.google.android.gms:play-services-auth:21.4.0] AndroidManifest.xml:20:5-44
application defined in both files...
Merging application with lower [com.google.android.gms:play-services-auth:21.4.0] AndroidManifest.xml:22:5-38:19
Adopted [activity: null]
Adopted [service: null]
Merging library manifest C:\Users\sirad\.gradle\caches\8.13\transforms\e6b424fa6019056ab7bdf2e6af04d350\transformed\glide-5.0.5\AndroidManifest.xml
Merging manifest with lower [com.github.bumptech.glide:glide:5.0.5] AndroidManifest.xml:2:1-7:12
uses-sdk defined in both files...
Merging uses-sdk with lower [com.github.bumptech.glide:glide:5.0.5] AndroidManifest.xml:5:5-44
Merging library manifest C:\Users\sirad\.gradle\caches\8.13\transforms\6fafa6666c41908e56bd120a5f38ef60\transformed\viewpager2-1.0.0\AndroidManifest.xml
Merging manifest with lower [androidx.viewpager2:viewpager2:1.0.0] AndroidManifest.xml:17:1-24:12
uses-sdk defined in both files...
Merging uses-sdk with lower [androidx.viewpager2:viewpager2:1.0.0] AndroidManifest.xml:20:5-22:41
Merging library manifest C:\Users\sirad\.gradle\caches\8.13\transforms\5f078c0792b1b516d0dce95f1424dd28\transformed\fragment-ktx-1.6.2\AndroidManifest.xml
Merging manifest with lower [androidx.fragment:fragment-ktx:1.6.2] AndroidManifest.xml:17:1-22:12
uses-sdk defined in both files...
Merging uses-sdk with lower [androidx.fragment:fragment-ktx:1.6.2] AndroidManifest.xml:20:5-44
Merging library manifest C:\Users\sirad\.gradle\caches\8.13\transforms\5860dc2fd3ef499c42f3afabb0a9dde0\transformed\firebase-database-22.0.1\AndroidManifest.xml
Merging manifest with lower [com.google.firebase:firebase-database:22.0.1] AndroidManifest.xml:15:1-38:12
uses-sdk defined in both files...
Merging uses-sdk with lower [com.google.firebase:firebase-database:22.0.1] AndroidManifest.xml:18:5-44
uses-permission#android.permission.ACCESS_NETWORK_STATE defined in both files...
Merging uses-permission#android.permission.ACCESS_NETWORK_STATE with lower [com.google.firebase:firebase-database:22.0.1] AndroidManifest.xml:22:5-79
uses-permission#android.permission.INTERNET defined in both files...
Merging uses-permission#android.permission.INTERNET with lower [com.google.firebase:firebase-database:22.0.1] AndroidManifest.xml:23:5-67
application defined in both files...
Merging application with lower [com.google.firebase:firebase-database:22.0.1] AndroidManifest.xml:25:5-36:19
service#com.google.firebase.components.ComponentDiscoveryService defined in both files...
Merging service#com.google.firebase.components.ComponentDiscoveryService with lower [com.google.firebase:firebase-database:22.0.1] AndroidManifest.xml:26:9-35:19
Adopted [meta-data: null]
Adopted [meta-data: null]
Merging library manifest C:\Users\sirad\.gradle\caches\8.13\transforms\8bfde8f9c574face26d39dfc4f7c212b\transformed\firebase-firestore-26.0.2\AndroidManifest.xml
Merging manifest with lower [com.google.firebase:firebase-firestore:26.0.2] AndroidManifest.xml:2:1-26:12
uses-sdk defined in both files...
Merging uses-sdk with lower [com.google.firebase:firebase-firestore:26.0.2] AndroidManifest.xml:6:5-44
uses-permission#android.permission.ACCESS_NETWORK_STATE defined in both files...
Merging uses-permission#android.permission.ACCESS_NETWORK_STATE with lower [com.google.firebase:firebase-firestore:26.0.2] AndroidManifest.xml:10:5-79
uses-permission#android.permission.INTERNET defined in both files...
Merging uses-permission#android.permission.INTERNET with lower [com.google.firebase:firebase-firestore:26.0.2] AndroidManifest.xml:11:5-67
application defined in both files...
Merging application with lower [com.google.firebase:firebase-firestore:26.0.2] AndroidManifest.xml:13:5-24:19
service#com.google.firebase.components.ComponentDiscoveryService defined in both files...
Merging service#com.google.firebase.components.ComponentDiscoveryService with lower [com.google.firebase:firebase-firestore:26.0.2] AndroidManifest.xml:14:9-23:19
Adopted [meta-data: null]
Adopted [meta-data: null]
Merging library manifest C:\Users\sirad\.gradle\caches\8.13\transforms\6b482272fa1c937745c01cfdff52b330\transformed\firebase-messaging-25.0.1\AndroidManifest.xml
Merging manifest with lower [com.google.firebase:firebase-messaging:25.0.1] AndroidManifest.xml:17:1-66:12
uses-sdk defined in both files...
Merging uses-sdk with lower [com.google.firebase:firebase-messaging:25.0.1] AndroidManifest.xml:20:5-44
uses-permission#android.permission.ACCESS_NETWORK_STATE defined in both files...
Merging uses-permission#android.permission.ACCESS_NETWORK_STATE with lower [com.google.firebase:firebase-messaging:25.0.1] AndroidManifest.xml:22:5-79
Adopted [uses-permission: null]
Adopted [uses-permission: null]
Adopted [uses-permission: null]
application defined in both files...
Merging application with lower [com.google.firebase:firebase-messaging:25.0.1] AndroidManifest.xml:28:5-64:19
Adopted [receiver: null]
Adopted [service: null]
service#com.google.firebase.components.ComponentDiscoveryService defined in both files...
Merging service#com.google.firebase.components.ComponentDiscoveryService with lower [com.google.firebase:firebase-messaging:25.0.1] AndroidManifest.xml:54:9-63:19
Adopted [meta-data: null]
Adopted [meta-data: null]
Merging library manifest C:\Users\sirad\.gradle\caches\8.13\transforms\4b78a6395c726355cb8a4380fa1083e6\transformed\firebase-storage-22.0.1\AndroidManifest.xml
Merging manifest with lower [com.google.firebase:firebase-storage:22.0.1] AndroidManifest.xml:15:1-39:12
uses-sdk defined in both files...
Merging uses-sdk with lower [com.google.firebase:firebase-storage:22.0.1] AndroidManifest.xml:19:5-44
uses-permission#android.permission.ACCESS_NETWORK_STATE defined in both files...
Merging uses-permission#android.permission.ACCESS_NETWORK_STATE with lower [com.google.firebase:firebase-storage:22.0.1] AndroidManifest.xml:23:5-79
uses-permission#android.permission.INTERNET defined in both files...
Merging uses-permission#android.permission.INTERNET with lower [com.google.firebase:firebase-storage:22.0.1] AndroidManifest.xml:24:5-67
application defined in both files...
Merging application with lower [com.google.firebase:firebase-storage:22.0.1] AndroidManifest.xml:26:5-37:19
service#com.google.firebase.components.ComponentDiscoveryService defined in both files...
Merging service#com.google.firebase.components.ComponentDiscoveryService with lower [com.google.firebase:firebase-storage:22.0.1] AndroidManifest.xml:27:9-36:19
Adopted [meta-data: null]
Adopted [meta-data: null]
Merging library manifest C:\Users\sirad\.gradle\caches\8.13\transforms\579fc573c633851d26218b68aaf7d645\transformed\play-services-auth-api-phone-18.0.2\AndroidManifest.xml
Merging manifest with lower [com.google.android.gms:play-services-auth-api-phone:18.0.2] AndroidManifest.xml:2:1-7:12
uses-sdk defined in both files...
Merging uses-sdk with lower [com.google.android.gms:play-services-auth-api-phone:18.0.2] AndroidManifest.xml:5:5-44
Merging library manifest C:\Users\sirad\.gradle\caches\8.13\transforms\0f670ba57d38e799c8bf7b757dc6ad45\transformed\play-services-auth-base-18.0.10\AndroidManifest.xml
Merging manifest with lower [com.google.android.gms:play-services-auth-base:18.0.10] AndroidManifest.xml:2:1-7:12
uses-sdk defined in both files...
Merging uses-sdk with lower [com.google.android.gms:play-services-auth-base:18.0.10] AndroidManifest.xml:5:5-44
Merging library manifest C:\Users\sirad\.gradle\caches\8.13\transforms\6e86ad91f89a0dfe7ef7372fc77fec05\transformed\firebase-appcheck-19.0.1\AndroidManifest.xml
Merging manifest with lower [com.google.firebase:firebase-appcheck:19.0.1] AndroidManifest.xml:15:1-34:12
uses-sdk defined in both files...
Merging uses-sdk with lower [com.google.firebase:firebase-appcheck:19.0.1] AndroidManifest.xml:18:5-44
application defined in both files...
Merging application with lower [com.google.firebase:firebase-appcheck:19.0.1] AndroidManifest.xml:21:5-32:19
service#com.google.firebase.components.ComponentDiscoveryService defined in both files...
Merging service#com.google.firebase.components.ComponentDiscoveryService with lower [com.google.firebase:firebase-appcheck:19.0.1] AndroidManifest.xml:22:9-31:19
Adopted [meta-data: null]
Adopted [meta-data: null]
Merging library manifest C:\Users\sirad\.gradle\caches\8.13\transforms\572e48b382bbb51962a0b3f571333f2c\transformed\firebase-appcheck-interop-17.1.0\AndroidManifest.xml
Merging manifest with lower [com.google.firebase:firebase-appcheck-interop:17.1.0] AndroidManifest.xml:15:1-23:12
uses-sdk defined in both files...
Merging uses-sdk with lower [com.google.firebase:firebase-appcheck-interop:17.1.0] AndroidManifest.xml:18:5-44
application defined in both files...
Merging application with lower [com.google.firebase:firebase-appcheck-interop:17.1.0] AndroidManifest.xml:21:5-20
Merging library manifest C:\Users\sirad\.gradle\caches\8.13\transforms\585f2205b6d464f0fca7a5cc78e83916\transformed\firebase-database-collection-18.0.1\AndroidManifest.xml
Merging manifest with lower [com.google.firebase:firebase-database-collection:18.0.1] AndroidManifest.xml:2:1-9:12
uses-sdk defined in both files...
Merging uses-sdk with lower [com.google.firebase:firebase-database-collection:18.0.1] AndroidManifest.xml:5:5-7:41
Merging library manifest C:\Users\sirad\.gradle\caches\8.13\transforms\b9d36706e016bc228303a1a4dbb96dff\transformed\firebase-analytics-23.0.0\AndroidManifest.xml
Merging manifest with lower [com.google.firebase:firebase-analytics:23.0.0] AndroidManifest.xml:2:1-9:12
uses-sdk defined in both files...
Merging uses-sdk with lower [com.google.firebase:firebase-analytics:23.0.0] AndroidManifest.xml:5:5-44
application defined in both files...
Merging application with lower [com.google.firebase:firebase-analytics:23.0.0] AndroidManifest.xml:7:5-20
Merging library manifest C:\Users\sirad\.gradle\caches\8.13\transforms\85dc646d2c804a6fcf1c9afccbdb204a\transformed\play-services-measurement-23.0.0\AndroidManifest.xml
Merging manifest with lower [com.google.android.gms:play-services-measurement:23.0.0] AndroidManifest.xml:17:1-46:12
uses-sdk defined in both files...
Merging uses-sdk with lower [com.google.android.gms:play-services-measurement:23.0.0] AndroidManifest.xml:20:5-44
uses-permission#android.permission.INTERNET defined in both files...
Merging uses-permission#android.permission.INTERNET with lower [com.google.android.gms:play-services-measurement:23.0.0] AndroidManifest.xml:23:5-67
uses-permission#android.permission.ACCESS_NETWORK_STATE defined in both files...
Merging uses-permission#android.permission.ACCESS_NETWORK_STATE with lower [com.google.android.gms:play-services-measurement:23.0.0] AndroidManifest.xml:24:5-79
uses-permission#android.permission.WAKE_LOCK defined in both files...
Merging uses-permission#android.permission.WAKE_LOCK with lower [com.google.android.gms:play-services-measurement:23.0.0] AndroidManifest.xml:25:5-68
Adopted [uses-permission: null]
application defined in both files...
Merging application with lower [com.google.android.gms:play-services-measurement:23.0.0] AndroidManifest.xml:28:5-44:19
Adopted [receiver: null]
Adopted [service: null]
Adopted [service: null]
Merging library manifest C:\Users\sirad\.gradle\caches\8.13\transforms\29376f18954a0772ffda910ce92b3e50\transformed\play-services-measurement-sdk-23.0.0\AndroidManifest.xml
Merging manifest with lower [com.google.android.gms:play-services-measurement-sdk:23.0.0] AndroidManifest.xml:17:1-25:12
uses-sdk defined in both files...
Merging uses-sdk with lower [com.google.android.gms:play-services-measurement-sdk:23.0.0] AndroidManifest.xml:20:5-44
application defined in both files...
Merging application with lower [com.google.android.gms:play-services-measurement-sdk:23.0.0] AndroidManifest.xml:22:5-23:19
Merging library manifest C:\Users\sirad\.gradle\caches\8.13\transforms\ab6af623a172845fd857e1efa2501c60\transformed\play-services-measurement-impl-23.0.0\AndroidManifest.xml
Merging manifest with lower [com.google.android.gms:play-services-measurement-impl:23.0.0] AndroidManifest.xml:17:1-32:12
uses-sdk defined in both files...
Merging uses-sdk with lower [com.google.android.gms:play-services-measurement-impl:23.0.0] AndroidManifest.xml:20:5-44
uses-permission#android.permission.INTERNET defined in both files...
Merging uses-permission#android.permission.INTERNET with lower [com.google.android.gms:play-services-measurement-impl:23.0.0] AndroidManifest.xml:23:5-67
uses-permission#android.permission.ACCESS_NETWORK_STATE defined in both files...
Merging uses-permission#android.permission.ACCESS_NETWORK_STATE with lower [com.google.android.gms:play-services-measurement-impl:23.0.0] AndroidManifest.xml:24:5-79
uses-permission#android.permission.WAKE_LOCK defined in both files...
Merging uses-permission#android.permission.WAKE_LOCK with lower [com.google.android.gms:play-services-measurement-impl:23.0.0] AndroidManifest.xml:25:5-68
uses-permission#com.google.android.finsky.permission.BIND_GET_INSTALL_REFERRER_SERVICE defined in both files...
Merging uses-permission#com.google.android.finsky.permission.BIND_GET_INSTALL_REFERRER_SERVICE with lower [com.google.android.gms:play-services-measurement-impl:23.0.0] AndroidManifest.xml:26:5-110
Adopted [uses-permission: null]
application defined in both files...
Merging application with lower [com.google.android.gms:play-services-measurement-impl:23.0.0] AndroidManifest.xml:29:5-30:19
Merging library manifest C:\Users\sirad\.gradle\caches\8.13\transforms\481a8097eb51de085bd87e4ad8e0ad87\transformed\play-services-fido-20.1.0\AndroidManifest.xml
Merging manifest with lower [com.google.android.gms:play-services-fido:20.1.0] AndroidManifest.xml:2:1-10:12
uses-sdk defined in both files...
Merging uses-sdk with lower [com.google.android.gms:play-services-fido:20.1.0] AndroidManifest.xml:5:5-44
application defined in both files...
Merging application with lower [com.google.android.gms:play-services-fido:20.1.0] AndroidManifest.xml:7:5-8:19
Merging library manifest C:\Users\sirad\.gradle\caches\8.13\transforms\15ea55ddbbacd3b23368601fb6391d48\transformed\play-services-base-18.5.0\AndroidManifest.xml
Merging manifest with lower [com.google.android.gms:play-services-base:18.5.0] AndroidManifest.xml:2:1-7:12
uses-sdk defined in both files...
Merging uses-sdk with lower [com.google.android.gms:play-services-base:18.5.0] AndroidManifest.xml:3:5-44
application defined in both files...
Merging application with lower [com.google.android.gms:play-services-base:18.5.0] AndroidManifest.xml:4:5-6:19
Adopted [activity: null]
Merging library manifest C:\Users\sirad\.gradle\caches\8.13\transforms\cf3e21e0ba39ef3bc5367f5ac018c3f5\transformed\play-services-measurement-api-23.0.0\AndroidManifest.xml
Merging manifest with lower [com.google.android.gms:play-services-measurement-api:23.0.0] AndroidManifest.xml:17:1-39:12
uses-sdk defined in both files...
Merging uses-sdk with lower [com.google.android.gms:play-services-measurement-api:23.0.0] AndroidManifest.xml:20:5-44
uses-permission#android.permission.INTERNET defined in both files...
Merging uses-permission#android.permission.INTERNET with lower [com.google.android.gms:play-services-measurement-api:23.0.0] AndroidManifest.xml:22:5-67
uses-permission#android.permission.ACCESS_NETWORK_STATE defined in both files...
Merging uses-permission#android.permission.ACCESS_NETWORK_STATE with lower [com.google.android.gms:play-services-measurement-api:23.0.0] AndroidManifest.xml:23:5-79
uses-permission#android.permission.WAKE_LOCK defined in both files...
Merging uses-permission#android.permission.WAKE_LOCK with lower [com.google.android.gms:play-services-measurement-api:23.0.0] AndroidManifest.xml:24:5-68
uses-permission#com.google.android.gms.permission.AD_ID defined in both files...
Merging uses-permission#com.google.android.gms.permission.AD_ID with lower [com.google.android.gms:play-services-measurement-api:23.0.0] AndroidManifest.xml:25:5-79
Adopted [uses-permission: null]
Adopted [uses-permission: null]
application defined in both files...
Merging application with lower [com.google.android.gms:play-services-measurement-api:23.0.0] AndroidManifest.xml:29:5-37:19
service#com.google.firebase.components.ComponentDiscoveryService defined in both files...
Merging service#com.google.firebase.components.ComponentDiscoveryService with lower [com.google.android.gms:play-services-measurement-api:23.0.0] AndroidManifest.xml:30:9-36:19
Adopted [meta-data: null]
Merging library manifest C:\Users\sirad\.gradle\caches\8.13\transforms\4bc252ec605d6ef8146ee686d9048323\transformed\recaptcha-18.6.1\AndroidManifest.xml
Merging manifest with lower [com.google.android.recaptcha:recaptcha:18.6.1] AndroidManifest.xml:2:1-11:12
uses-sdk defined in both files...
Merging uses-sdk with lower [com.google.android.recaptcha:recaptcha:18.6.1] AndroidManifest.xml:5:5-44
uses-permission#android.permission.INTERNET defined in both files...
Merging uses-permission#android.permission.INTERNET with lower [com.google.android.recaptcha:recaptcha:18.6.1] AndroidManifest.xml:7:5-67
uses-permission#android.permission.ACCESS_NETWORK_STATE defined in both files...
Merging uses-permission#android.permission.ACCESS_NETWORK_STATE with lower [com.google.android.recaptcha:recaptcha:18.6.1] AndroidManifest.xml:8:5-79
Adopted [uses-permission: null]
Merging library manifest C:\Users\sirad\.gradle\caches\8.13\transforms\f56515210d665281c7dbae5c2bb92774\transformed\integrity-1.3.0\AndroidManifest.xml
Merging manifest with lower [com.google.android.play:integrity:1.3.0] AndroidManifest.xml:2:1-7:12
uses-sdk defined in both files...
Merging uses-sdk with lower [com.google.android.play:integrity:1.3.0] AndroidManifest.xml:4:5-44
application defined in both files...
Merging application with lower [com.google.android.play:integrity:1.3.0] AndroidManifest.xml:5:5-6:19
Merging library manifest C:\Users\sirad\.gradle\caches\8.13\transforms\a8d76e06eec334aebb1dccda72aa115e\transformed\firebase-auth-interop-20.0.0\AndroidManifest.xml
Merging manifest with lower [com.google.firebase:firebase-auth-interop:20.0.0] AndroidManifest.xml:2:1-10:12
uses-sdk defined in both files...
Merging uses-sdk with lower [com.google.firebase:firebase-auth-interop:20.0.0] AndroidManifest.xml:5:5-44
application defined in both files...
Merging application with lower [com.google.firebase:firebase-auth-interop:20.0.0] AndroidManifest.xml:7:5-8:19
Merging library manifest C:\Users\sirad\.gradle\caches\8.13\transforms\063ad2bb781bf157d8445d1c68533c81\transformed\firebase-installations-19.0.1\AndroidManifest.xml
Merging manifest with lower [com.google.firebase:firebase-installations:19.0.1] AndroidManifest.xml:2:1-24:12
uses-sdk defined in both files...
Merging uses-sdk with lower [com.google.firebase:firebase-installations:19.0.1] AndroidManifest.xml:5:5-44
uses-permission#android.permission.ACCESS_NETWORK_STATE defined in both files...
Merging uses-permission#android.permission.ACCESS_NETWORK_STATE with lower [com.google.firebase:firebase-installations:19.0.1] AndroidManifest.xml:7:5-79
uses-permission#android.permission.INTERNET defined in both files...
Merging uses-permission#android.permission.INTERNET with lower [com.google.firebase:firebase-installations:19.0.1] AndroidManifest.xml:8:5-67
application defined in both files...
Merging application with lower [com.google.firebase:firebase-installations:19.0.1] AndroidManifest.xml:11:5-22:19
service#com.google.firebase.components.ComponentDiscoveryService defined in both files...
Merging service#com.google.firebase.components.ComponentDiscoveryService with lower [com.google.firebase:firebase-installations:19.0.1] AndroidManifest.xml:12:9-21:19
Adopted [meta-data: null]
Adopted [meta-data: null]
Merging library manifest C:\Users\sirad\.gradle\caches\8.13\transforms\10b615c46dc28abe4d9d5b9b7b5dd7f7\transformed\firebase-common-22.0.1\AndroidManifest.xml
Merging manifest with lower [com.google.firebase:firebase-common:22.0.1] AndroidManifest.xml:15:1-41:12
uses-sdk defined in both files...
Merging uses-sdk with lower [com.google.firebase:firebase-common:22.0.1] AndroidManifest.xml:19:5-44
application defined in both files...
Merging application with lower [com.google.firebase:firebase-common:22.0.1] AndroidManifest.xml:22:5-39:19
Adopted [provider: null]
service#com.google.firebase.components.ComponentDiscoveryService defined in both files...
Merging service#com.google.firebase.components.ComponentDiscoveryService with lower [com.google.firebase:firebase-common:22.0.1] AndroidManifest.xml:30:9-38:19
Adopted [meta-data: null]
Merging library manifest C:\Users\sirad\.gradle\caches\8.13\transforms\84307de11fcbc3527dff035185021859\transformed\firebase-iid-interop-17.1.0\AndroidManifest.xml
Merging manifest with lower [com.google.firebase:firebase-iid-interop:17.1.0] AndroidManifest.xml:2:1-10:12
uses-sdk defined in both files...
Merging uses-sdk with lower [com.google.firebase:firebase-iid-interop:17.1.0] AndroidManifest.xml:5:5-44
application defined in both files...
Merging application with lower [com.google.firebase:firebase-iid-interop:17.1.0] AndroidManifest.xml:7:5-8:19
Merging library manifest C:\Users\sirad\.gradle\caches\8.13\transforms\7d007b5220813db7e95b415d16192c40\transformed\play-services-cloud-messaging-17.2.0\AndroidManifest.xml
Merging manifest with lower [com.google.android.gms:play-services-cloud-messaging:17.2.0] AndroidManifest.xml:2:1-13:12
uses-sdk defined in both files...
Merging uses-sdk with lower [com.google.android.gms:play-services-cloud-messaging:17.2.0] AndroidManifest.xml:5:5-44
uses-permission#android.permission.ACCESS_NETWORK_STATE defined in both files...
Merging uses-permission#android.permission.ACCESS_NETWORK_STATE with lower [com.google.android.gms:play-services-cloud-messaging:17.2.0] AndroidManifest.xml:7:5-79
uses-permission#android.permission.INTERNET defined in both files...
Merging uses-permission#android.permission.INTERNET with lower [com.google.android.gms:play-services-cloud-messaging:17.2.0] AndroidManifest.xml:8:5-67
uses-permission#android.permission.WAKE_LOCK defined in both files...
Merging uses-permission#android.permission.WAKE_LOCK with lower [com.google.android.gms:play-services-cloud-messaging:17.2.0] AndroidManifest.xml:9:5-68
uses-permission#com.google.android.c2dm.permission.RECEIVE defined in both files...
Merging uses-permission#com.google.android.c2dm.permission.RECEIVE with lower [com.google.android.gms:play-services-cloud-messaging:17.2.0] AndroidManifest.xml:11:5-82
Merging library manifest C:\Users\sirad\.gradle\caches\8.13\transforms\30761cb09e30bad5342cdd6bfa3a1db8\transformed\work-runtime-ktx-2.11.0\AndroidManifest.xml
Merging manifest with lower [androidx.work:work-runtime-ktx:2.11.0] AndroidManifest.xml:17:1-22:12
uses-sdk defined in both files...
Merging uses-sdk with lower [androidx.work:work-runtime-ktx:2.11.0] AndroidManifest.xml:20:5-44
Merging library manifest C:\Users\sirad\.gradle\caches\8.13\transforms\d4dccc2840b421e0833840356456b596\transformed\work-runtime-2.11.0\AndroidManifest.xml
Merging manifest with lower [androidx.work:work-runtime:2.11.0] AndroidManifest.xml:17:1-83:12
uses-sdk defined in both files...
Merging uses-sdk with lower [androidx.work:work-runtime:2.11.0] AndroidManifest.xml:21:5-44
uses-permission#android.permission.WAKE_LOCK defined in both files...
Merging uses-permission#android.permission.WAKE_LOCK with lower [androidx.work:work-runtime:2.11.0] AndroidManifest.xml:23:5-68
uses-permission#android.permission.ACCESS_NETWORK_STATE defined in both files...
Merging uses-permission#android.permission.ACCESS_NETWORK_STATE with lower [androidx.work:work-runtime:2.11.0] AndroidManifest.xml:24:5-79
Adopted [uses-permission: null]
Adopted [uses-permission: null]
application defined in both files...
Merging application with lower [androidx.work:work-runtime:2.11.0] AndroidManifest.xml:28:5-81:19
Adopted [provider: null]
Adopted [service: null]
Adopted [service: null]
Adopted [receiver: null]
Adopted [receiver: null]
Adopted [receiver: null]
Merging library manifest C:\Users\sirad\.gradle\caches\8.13\transforms\c6fd910604768fd0130d32e47a6adca5\transformed\room-runtime\AndroidManifest.xml
Merging manifest with lower [androidx.room:room-runtime-android:2.8.4] AndroidManifest.xml:17:1-31:12
uses-sdk defined in both files...
Merging uses-sdk with lower [androidx.room:room-runtime-android:2.8.4] AndroidManifest.xml:21:5-44
application defined in both files...
Merging application with lower [androidx.room:room-runtime-android:2.8.4] AndroidManifest.xml:23:5-29:19
Adopted [service: null]
Merging library manifest C:\Users\sirad\.gradle\caches\8.13\transforms\8d14c1bfc11122adefc63afe589a7f87\transformed\navigationevent\AndroidManifest.xml
Merging manifest with lower [androidx.navigationevent:navigationevent-android:1.0.1] AndroidManifest.xml:2:1-7:12
uses-sdk defined in both files...
Merging uses-sdk with lower [androidx.navigationevent:navigationevent-android:1.0.1] AndroidManifest.xml:5:5-44
Merging library manifest C:\Users\sirad\.gradle\caches\8.13\transforms\5747bc87db6970d530803c23cdb8dcd0\transformed\legacy-support-v4-1.0.0\AndroidManifest.xml
Merging manifest with lower [androidx.legacy:legacy-support-v4:1.0.0] AndroidManifest.xml:17:1-22:12
uses-sdk defined in both files...
Merging uses-sdk with lower [androidx.legacy:legacy-support-v4:1.0.0] AndroidManifest.xml:20:5-44
Merging library manifest C:\Users\sirad\.gradle\caches\8.13\transforms\dc8a9293dbc5f329c3ef84da885a941c\transformed\legacy-support-core-ui-1.0.0\AndroidManifest.xml
Merging manifest with lower [androidx.legacy:legacy-support-core-ui:1.0.0] AndroidManifest.xml:17:1-22:12
uses-sdk defined in both files...
Merging uses-sdk with lower [androidx.legacy:legacy-support-core-ui:1.0.0] AndroidManifest.xml:20:5-44
Merging library manifest C:\Users\sirad\.gradle\caches\8.13\transforms\63cfbae09aeb85c317c3f2759e2dd069\transformed\slidingpanelayout-1.2.0\AndroidManifest.xml
Merging manifest with lower [androidx.slidingpanelayout:slidingpanelayout:1.2.0] AndroidManifest.xml:17:1-24:12
uses-sdk defined in both files...
Merging uses-sdk with lower [androidx.slidingpanelayout:slidingpanelayout:1.2.0] AndroidManifest.xml:20:5-22:41
Merging library manifest C:\Users\sirad\.gradle\caches\8.13\transforms\ba511f98ccacdda59eea5d8a671cc228\transformed\window-1.0.0\AndroidManifest.xml
Merging manifest with lower [androidx.window:window:1.0.0] AndroidManifest.xml:17:1-33:12
uses-sdk defined in both files...
Merging uses-sdk with lower [androidx.window:window:1.0.0] AndroidManifest.xml:20:5-22:41
application defined in both files...
Merging application with lower [androidx.window:window:1.0.0] AndroidManifest.xml:24:5-31:19
Adopted [uses-library: null]
Adopted [uses-library: null]
Merging library manifest C:\Users\sirad\.gradle\caches\8.13\transforms\655c8aab4a32f1c5d57d05f93d7493d7\transformed\swiperefreshlayout-1.2.0\AndroidManifest.xml
Merging manifest with lower [androidx.swiperefreshlayout:swiperefreshlayout:1.2.0] AndroidManifest.xml:2:1-7:12
uses-sdk defined in both files...
Merging uses-sdk with lower [androidx.swiperefreshlayout:swiperefreshlayout:1.2.0] AndroidManifest.xml:5:5-44
Merging library manifest C:\Users\sirad\.gradle\caches\8.13\transforms\0a653461ccc943c7affa8451c8013281\transformed\emoji2-views-helper-1.3.0\AndroidManifest.xml
Merging manifest with lower [androidx.emoji2:emoji2-views-helper:1.3.0] AndroidManifest.xml:2:1-7:12
uses-sdk defined in both files...
Merging uses-sdk with lower [androidx.emoji2:emoji2-views-helper:1.3.0] AndroidManifest.xml:5:5-44
Merging library manifest C:\Users\sirad\.gradle\caches\8.13\transforms\12835d4dd05759d64eaf6f002036742c\transformed\emoji2-1.3.0\AndroidManifest.xml
Merging manifest with lower [androidx.emoji2:emoji2:1.3.0] AndroidManifest.xml:17:1-35:12
uses-sdk defined in both files...
Merging uses-sdk with lower [androidx.emoji2:emoji2:1.3.0] AndroidManifest.xml:21:5-44
application defined in both files...
Merging application with lower [androidx.emoji2:emoji2:1.3.0] AndroidManifest.xml:23:5-33:19
provider#androidx.startup.InitializationProvider defined in both files...
Merging provider#androidx.startup.InitializationProvider with lower [androidx.emoji2:emoji2:1.3.0] AndroidManifest.xml:24:9-32:20
Adopted [meta-data: null]
Merging library manifest C:\Users\sirad\.gradle\caches\8.13\transforms\75e49587e06ce3dd5af39f86fc8df901\transformed\drawerlayout-1.1.1\AndroidManifest.xml
Merging manifest with lower [androidx.drawerlayout:drawerlayout:1.1.1] AndroidManifest.xml:17:1-24:12
uses-sdk defined in both files...
Merging uses-sdk with lower [androidx.drawerlayout:drawerlayout:1.1.1] AndroidManifest.xml:20:5-22:41
Merging library manifest C:\Users\sirad\.gradle\caches\8.13\transforms\d3e8081afa80d90bbf91a6e701cb85ea\transformed\coordinatorlayout-1.1.0\AndroidManifest.xml
Merging manifest with lower [androidx.coordinatorlayout:coordinatorlayout:1.1.0] AndroidManifest.xml:17:1-24:12
uses-sdk defined in both files...
Merging uses-sdk with lower [androidx.coordinatorlayout:coordinatorlayout:1.1.0] AndroidManifest.xml:20:5-22:41
Merging library manifest C:\Users\sirad\.gradle\caches\8.13\transforms\246120c26187728486867938bcb7cd27\transformed\transition-1.5.0\AndroidManifest.xml
Merging manifest with lower [androidx.transition:transition:1.5.0] AndroidManifest.xml:2:1-7:12
uses-sdk defined in both files...
Merging uses-sdk with lower [androidx.transition:transition:1.5.0] AndroidManifest.xml:5:5-44
Merging library manifest C:\Users\sirad\.gradle\caches\8.13\transforms\f01789e94ad8913998d2fd343631498c\transformed\dynamicanimation-1.1.0\AndroidManifest.xml
Merging manifest with lower [androidx.dynamicanimation:dynamicanimation:1.1.0] AndroidManifest.xml:2:1-7:12
uses-sdk defined in both files...
Merging uses-sdk with lower [androidx.dynamicanimation:dynamicanimation:1.1.0] AndroidManifest.xml:5:5-44
Merging library manifest C:\Users\sirad\.gradle\caches\8.13\transforms\25021630c758dcf17d65735f2a7ce6a4\transformed\vectordrawable-animated-1.1.0\AndroidManifest.xml
Merging manifest with lower [androidx.vectordrawable:vectordrawable-animated:1.1.0] AndroidManifest.xml:17:1-24:12
uses-sdk defined in both files...
Merging uses-sdk with lower [androidx.vectordrawable:vectordrawable-animated:1.1.0] AndroidManifest.xml:20:5-22:41
Merging library manifest C:\Users\sirad\.gradle\caches\8.13\transforms\99a00fbdd1c69bc1033c6d8320fa2f0d\transformed\vectordrawable-1.1.0\AndroidManifest.xml
Merging manifest with lower [androidx.vectordrawable:vectordrawable:1.1.0] AndroidManifest.xml:17:1-24:12
uses-sdk defined in both files...
Merging uses-sdk with lower [androidx.vectordrawable:vectordrawable:1.1.0] AndroidManifest.xml:20:5-22:41
Merging library manifest C:\Users\sirad\.gradle\caches\8.13\transforms\3216f6076f160f162f822edb677c5090\transformed\graphics-shapes-release\AndroidManifest.xml
Merging manifest with lower [androidx.graphics:graphics-shapes-android:1.0.1] AndroidManifest.xml:2:1-7:12
uses-sdk defined in both files...
Merging uses-sdk with lower [androidx.graphics:graphics-shapes-android:1.0.1] AndroidManifest.xml:5:5-44
Merging library manifest C:\Users\sirad\.gradle\caches\8.13\transforms\80e0c5351e1e366b3d2a952156e2dff7\transformed\litr-1.4.16\AndroidManifest.xml
Merging manifest with lower [com.linkedin.android.litr:litr:1.4.16] AndroidManifest.xml:7:1-16:12
uses-sdk defined in both files...
Merging uses-sdk with lower [com.linkedin.android.litr:litr:1.4.16] AndroidManifest.xml:10:5-12:41
application defined in both files...
Merging application with lower [com.linkedin.android.litr:litr:1.4.16] AndroidManifest.xml:14:5-20
Merging library manifest C:\Users\sirad\.gradle\caches\8.13\transforms\1db0db662073d181a6642cc29a53111e\transformed\play-services-stats-17.0.2\AndroidManifest.xml
Merging manifest with lower [com.google.android.gms:play-services-stats:17.0.2] AndroidManifest.xml:2:1-9:12
uses-sdk defined in both files...
Merging uses-sdk with lower [com.google.android.gms:play-services-stats:17.0.2] AndroidManifest.xml:5:5-44
application defined in both files...
Merging application with lower [com.google.android.gms:play-services-stats:17.0.2] AndroidManifest.xml:7:5-20
Merging library manifest C:\Users\sirad\.gradle\caches\8.13\transforms\8cccc3cd7e97b0d740d219396998b85c\transformed\legacy-support-core-utils-1.0.0\AndroidManifest.xml
Merging manifest with lower [androidx.legacy:legacy-support-core-utils:1.0.0] AndroidManifest.xml:17:1-22:12
uses-sdk defined in both files...
Merging uses-sdk with lower [androidx.legacy:legacy-support-core-utils:1.0.0] AndroidManifest.xml:20:5-44
Merging library manifest C:\Users\sirad\.gradle\caches\8.13\transforms\8e6cb8b72742d8134857501d559b2809\transformed\loader-1.1.0\AndroidManifest.xml
Merging manifest with lower [androidx.loader:loader:1.1.0] AndroidManifest.xml:17:1-24:12
uses-sdk defined in both files...
Merging uses-sdk with lower [androidx.loader:loader:1.1.0] AndroidManifest.xml:20:5-22:41
Merging library manifest C:\Users\sirad\.gradle\caches\8.13\transforms\81b2266ad2dcf68414c7c075ec7599b2\transformed\activity-ktx-1.12.2\AndroidManifest.xml
Merging manifest with lower [androidx.activity:activity-ktx:1.12.2] AndroidManifest.xml:2:1-7:12
uses-sdk defined in both files...
Merging uses-sdk with lower [androidx.activity:activity-ktx:1.12.2] AndroidManifest.xml:5:5-44
Merging library manifest C:\Users\sirad\.gradle\caches\8.13\transforms\ac45c9bd21abd3320e87c6201551b07e\transformed\lifecycle-runtime-ktx\AndroidManifest.xml
Merging manifest with lower [androidx.lifecycle:lifecycle-runtime-ktx-android:2.9.0] AndroidManifest.xml:2:1-7:12
uses-sdk defined in both files...
Merging uses-sdk with lower [androidx.lifecycle:lifecycle-runtime-ktx-android:2.9.0] AndroidManifest.xml:5:5-44
Merging library manifest C:\Users\sirad\.gradle\caches\8.13\transforms\cccb8eb0b02cd7b7613441e9dc6193e4\transformed\lifecycle-viewmodel-ktx-2.9.0\AndroidManifest.xml
Merging manifest with lower [androidx.lifecycle:lifecycle-viewmodel-ktx:2.9.0] AndroidManifest.xml:2:1-7:12
uses-sdk defined in both files...
Merging uses-sdk with lower [androidx.lifecycle:lifecycle-viewmodel-ktx:2.9.0] AndroidManifest.xml:5:5-44
Merging library manifest C:\Users\sirad\.gradle\caches\8.13\transforms\d65a2acb1fdaddd676e2decfb2068fc6\transformed\lifecycle-service-2.9.0\AndroidManifest.xml
Merging manifest with lower [androidx.lifecycle:lifecycle-service:2.9.0] AndroidManifest.xml:2:1-7:12
uses-sdk defined in both files...
Merging uses-sdk with lower [androidx.lifecycle:lifecycle-service:2.9.0] AndroidManifest.xml:5:5-44
Merging library manifest C:\Users\sirad\.gradle\caches\8.13\transforms\c352668c52870cafbcf8f21fa80b7657\transformed\lifecycle-process-2.9.0\AndroidManifest.xml
Merging manifest with lower [androidx.lifecycle:lifecycle-process:2.9.0] AndroidManifest.xml:17:1-35:12
uses-sdk defined in both files...
Merging uses-sdk with lower [androidx.lifecycle:lifecycle-process:2.9.0] AndroidManifest.xml:21:5-44
application defined in both files...
Merging application with lower [androidx.lifecycle:lifecycle-process:2.9.0] AndroidManifest.xml:23:5-33:19
provider#androidx.startup.InitializationProvider defined in both files...
Merging provider#androidx.startup.InitializationProvider with lower [androidx.lifecycle:lifecycle-process:2.9.0] AndroidManifest.xml:24:9-32:20
Adopted [meta-data: null]
Merging library manifest C:\Users\sirad\.gradle\caches\8.13\transforms\feab904c384f03c4823d27231d30e1cb\transformed\lifecycle-livedata-core-ktx-2.9.0\AndroidManifest.xml
Merging manifest with lower [androidx.lifecycle:lifecycle-livedata-core-ktx:2.9.0] AndroidManifest.xml:2:1-7:12
uses-sdk defined in both files...
Merging uses-sdk with lower [androidx.lifecycle:lifecycle-livedata-core-ktx:2.9.0] AndroidManifest.xml:5:5-44
Merging library manifest C:\Users\sirad\.gradle\caches\8.13\transforms\595b883fda099d7b0b09de2135cc3ae2\transformed\lifecycle-livedata-core-2.9.0\AndroidManifest.xml
Merging manifest with lower [androidx.lifecycle:lifecycle-livedata-core:2.9.0] AndroidManifest.xml:17:1-22:12
uses-sdk defined in both files...
Merging uses-sdk with lower [androidx.lifecycle:lifecycle-livedata-core:2.9.0] AndroidManifest.xml:20:5-44
Merging library manifest C:\Users\sirad\.gradle\caches\8.13\transforms\7e8b1339a70dbbf0059f4b2a3d445d13\transformed\lifecycle-livedata-2.9.0\AndroidManifest.xml
Merging manifest with lower [androidx.lifecycle:lifecycle-livedata:2.9.0] AndroidManifest.xml:17:1-22:12
uses-sdk defined in both files...
Merging uses-sdk with lower [androidx.lifecycle:lifecycle-livedata:2.9.0] AndroidManifest.xml:20:5-44
Merging library manifest C:\Users\sirad\.gradle\caches\8.13\transforms\9360062dd8ec0831d7348c983c2867ee\transformed\lifecycle-viewmodel-2.9.0\AndroidManifest.xml
Merging manifest with lower [androidx.lifecycle:lifecycle-viewmodel:2.9.0] AndroidManifest.xml:2:1-5:12
uses-sdk defined in both files...
Merging uses-sdk with lower [androidx.lifecycle:lifecycle-viewmodel:2.9.0] AndroidManifest.xml:4:5-43
Merging library manifest C:\Users\sirad\.gradle\caches\8.13\transforms\3afe0fe86f1f3a4b5a8b8b6a93356afd\transformed\lifecycle-viewmodel-release\AndroidManifest.xml
Merging manifest with lower [androidx.lifecycle:lifecycle-viewmodel-android:2.9.0] AndroidManifest.xml:17:1-22:12
uses-sdk defined in both files...
Merging uses-sdk with lower [androidx.lifecycle:lifecycle-viewmodel-android:2.9.0] AndroidManifest.xml:20:5-44
Merging library manifest C:\Users\sirad\.gradle\caches\8.13\transforms\f0dd79ac17f19717e847dc056464a131\transformed\savedstate-ktx-1.3.0\AndroidManifest.xml
Merging manifest with lower [androidx.savedstate:savedstate-ktx:1.3.0] AndroidManifest.xml:2:1-7:12
uses-sdk defined in both files...
Merging uses-sdk with lower [androidx.savedstate:savedstate-ktx:1.3.0] AndroidManifest.xml:5:5-44
Merging library manifest C:\Users\sirad\.gradle\caches\8.13\transforms\eb534c00dffb5bbe56d43a6b08a3d236\transformed\savedstate-release\AndroidManifest.xml
Merging manifest with lower [androidx.savedstate:savedstate-android:1.3.0] AndroidManifest.xml:17:1-22:12
uses-sdk defined in both files...
Merging uses-sdk with lower [androidx.savedstate:savedstate-android:1.3.0] AndroidManifest.xml:20:5-44
Merging library manifest C:\Users\sirad\.gradle\caches\8.13\transforms\20bbc1c3fc61af473e215e174369f5cb\transformed\lifecycle-viewmodel-savedstate-release\AndroidManifest.xml
Merging manifest with lower [androidx.lifecycle:lifecycle-viewmodel-savedstate-android:2.9.0] AndroidManifest.xml:17:1-22:12
uses-sdk defined in both files...
Merging uses-sdk with lower [androidx.lifecycle:lifecycle-viewmodel-savedstate-android:2.9.0] AndroidManifest.xml:20:5-44
Merging library manifest C:\Users\sirad\.gradle\caches\8.13\transforms\bae1cdef6467c05b343caff53e722206\transformed\ads-adservices-java-1.1.0-beta11\AndroidManifest.xml
Merging manifest with lower [androidx.privacysandbox.ads:ads-adservices-java:1.1.0-beta11] AndroidManifest.xml:2:1-7:12
uses-sdk defined in both files...
Merging uses-sdk with lower [androidx.privacysandbox.ads:ads-adservices-java:1.1.0-beta11] AndroidManifest.xml:5:5-44
Merging library manifest C:\Users\sirad\.gradle\caches\8.13\transforms\e677c0b2eee276bc6cca104b25583b18\transformed\ads-adservices-1.1.0-beta11\AndroidManifest.xml
Merging manifest with lower [androidx.privacysandbox.ads:ads-adservices:1.1.0-beta11] AndroidManifest.xml:17:1-28:12
uses-sdk defined in both files...
Merging uses-sdk with lower [androidx.privacysandbox.ads:ads-adservices:1.1.0-beta11] AndroidManifest.xml:20:5-44
application defined in both files...
Merging application with lower [androidx.privacysandbox.ads:ads-adservices:1.1.0-beta11] AndroidManifest.xml:22:5-26:19
Adopted [uses-library: null]
Merging library manifest C:\Users\sirad\.gradle\caches\8.13\transforms\47528a5399c20a1f0ef5714524481bce\transformed\media3-exoplayer-dash-1.1.1\AndroidManifest.xml
Merging manifest with lower [androidx.media3:media3-exoplayer-dash:1.1.1] AndroidManifest.xml:17:1-24:12
uses-sdk defined in both files...
Merging uses-sdk with lower [androidx.media3:media3-exoplayer-dash:1.1.1] AndroidManifest.xml:20:5-22:41
Merging library manifest C:\Users\sirad\.gradle\caches\8.13\transforms\7623bb9c2dc68c23c8096b57572286cd\transformed\media3-exoplayer-hls-1.1.1\AndroidManifest.xml
Merging manifest with lower [androidx.media3:media3-exoplayer-hls:1.1.1] AndroidManifest.xml:17:1-24:12
uses-sdk defined in both files...
Merging uses-sdk with lower [androidx.media3:media3-exoplayer-hls:1.1.1] AndroidManifest.xml:20:5-22:41
Merging library manifest C:\Users\sirad\.gradle\caches\8.13\transforms\9cae78acd897a403fbb7b08c9c8114dd\transformed\media3-exoplayer-1.1.1\AndroidManifest.xml
Merging manifest with lower [androidx.media3:media3-exoplayer:1.1.1] AndroidManifest.xml:17:1-26:12
uses-sdk defined in both files...
Merging uses-sdk with lower [androidx.media3:media3-exoplayer:1.1.1] AndroidManifest.xml:20:5-22:41
uses-permission#android.permission.ACCESS_NETWORK_STATE defined in both files...
Merging uses-permission#android.permission.ACCESS_NETWORK_STATE with lower [androidx.media3:media3-exoplayer:1.1.1] AndroidManifest.xml:24:5-79
Merging library manifest C:\Users\sirad\.gradle\caches\8.13\transforms\df3f6fc40346c613497d93e3d3df0cfa\transformed\media3-extractor-1.1.1\AndroidManifest.xml
Merging manifest with lower [androidx.media3:media3-extractor:1.1.1] AndroidManifest.xml:17:1-24:12
uses-sdk defined in both files...
Merging uses-sdk with lower [androidx.media3:media3-extractor:1.1.1] AndroidManifest.xml:20:5-22:41
Merging library manifest C:\Users\sirad\.gradle\caches\8.13\transforms\286a8e77f86122af8478330f24e03b0d\transformed\media3-container-1.1.1\AndroidManifest.xml
Merging manifest with lower [androidx.media3:media3-container:1.1.1] AndroidManifest.xml:17:1-24:12
uses-sdk defined in both files...
Merging uses-sdk with lower [androidx.media3:media3-container:1.1.1] AndroidManifest.xml:20:5-22:41
Merging library manifest C:\Users\sirad\.gradle\caches\8.13\transforms\8247a09a60d0597b779abedbebfde84c\transformed\media3-datasource-1.1.1\AndroidManifest.xml
Merging manifest with lower [androidx.media3:media3-datasource:1.1.1] AndroidManifest.xml:17:1-24:12
uses-sdk defined in both files...
Merging uses-sdk with lower [androidx.media3:media3-datasource:1.1.1] AndroidManifest.xml:20:5-22:41
Merging library manifest C:\Users\sirad\.gradle\caches\8.13\transforms\7059964f6ccfbe316a2e60e75a05c4c6\transformed\media3-decoder-1.1.1\AndroidManifest.xml
Merging manifest with lower [androidx.media3:media3-decoder:1.1.1] AndroidManifest.xml:17:1-24:12
uses-sdk defined in both files...
Merging uses-sdk with lower [androidx.media3:media3-decoder:1.1.1] AndroidManifest.xml:20:5-22:41
Merging library manifest C:\Users\sirad\.gradle\caches\8.13\transforms\88fa5e6549efe9db1e427dedaa47ac1f\transformed\media3-database-1.1.1\AndroidManifest.xml
Merging manifest with lower [androidx.media3:media3-database:1.1.1] AndroidManifest.xml:17:1-24:12
uses-sdk defined in both files...
Merging uses-sdk with lower [androidx.media3:media3-database:1.1.1] AndroidManifest.xml:20:5-22:41
Merging library manifest C:\Users\sirad\.gradle\caches\8.13\transforms\910f540ba1bd9af5336bac0bbf392b91\transformed\media3-common-1.1.1\AndroidManifest.xml
Merging manifest with lower [androidx.media3:media3-common:1.1.1] AndroidManifest.xml:17:1-26:12
uses-sdk defined in both files...
Merging uses-sdk with lower [androidx.media3:media3-common:1.1.1] AndroidManifest.xml:20:5-22:41
uses-permission#android.permission.ACCESS_NETWORK_STATE defined in both files...
Merging uses-permission#android.permission.ACCESS_NETWORK_STATE with lower [androidx.media3:media3-common:1.1.1] AndroidManifest.xml:24:5-79
Merging library manifest C:\Users\sirad\.gradle\caches\8.13\transforms\b1e1ec1cc35a42ac9e5db158c3ef4c2b\transformed\media3-ui-1.1.1\AndroidManifest.xml
Merging manifest with lower [androidx.media3:media3-ui:1.1.1] AndroidManifest.xml:17:1-24:12
uses-sdk defined in both files...
Merging uses-sdk with lower [androidx.media3:media3-ui:1.1.1] AndroidManifest.xml:20:5-22:41
Merging library manifest C:\Users\sirad\.gradle\caches\8.13\transforms\a8f915babe1d397d6e4f9f7c530a42c5\transformed\recyclerview-1.3.0\AndroidManifest.xml
Merging manifest with lower [androidx.recyclerview:recyclerview:1.3.0] AndroidManifest.xml:17:1-22:12
uses-sdk defined in both files...
Merging uses-sdk with lower [androidx.recyclerview:recyclerview:1.3.0] AndroidManifest.xml:20:5-44
Merging library manifest C:\Users\sirad\.gradle\caches\8.13\transforms\619dae966f699329fdb500862db9755a\transformed\customview-poolingcontainer-1.0.0\AndroidManifest.xml
Merging manifest with lower [androidx.customview:customview-poolingcontainer:1.0.0] AndroidManifest.xml:17:1-23:12
uses-sdk defined in both files...
Merging uses-sdk with lower [androidx.customview:customview-poolingcontainer:1.0.0] AndroidManifest.xml:20:5-21:38
Merging library manifest C:\Users\sirad\.gradle\caches\8.13\transforms\88061e0a701924de25bf2a7e30dc0b75\transformed\core-ktx-1.16.0\AndroidManifest.xml
Merging manifest with lower [androidx.core:core-ktx:1.16.0] AndroidManifest.xml:2:1-7:12
uses-sdk defined in both files...
Merging uses-sdk with lower [androidx.core:core-ktx:1.16.0] AndroidManifest.xml:5:5-44
Merging library manifest C:\Users\sirad\.gradle\caches\8.13\transforms\509780ac19c94516a5cdd3887b81a4e6\transformed\viewpager-1.0.0\AndroidManifest.xml
Merging manifest with lower [androidx.viewpager:viewpager:1.0.0] AndroidManifest.xml:17:1-22:12
uses-sdk defined in both files...
Merging uses-sdk with lower [androidx.viewpager:viewpager:1.0.0] AndroidManifest.xml:20:5-44
Merging library manifest C:\Users\sirad\.gradle\caches\8.13\transforms\db2fc126f9dfffdca71ef5e7097aaa12\transformed\customview-1.1.0\AndroidManifest.xml
Merging manifest with lower [androidx.customview:customview:1.1.0] AndroidManifest.xml:17:1-24:12
uses-sdk defined in both files...
Merging uses-sdk with lower [androidx.customview:customview:1.1.0] AndroidManifest.xml:20:5-22:41
Merging library manifest C:\Users\sirad\.gradle\caches\8.13\transforms\c427f4bee67c164f923b48502848b632\transformed\browser-1.4.0\AndroidManifest.xml
Merging manifest with lower [androidx.browser:browser:1.4.0] AndroidManifest.xml:17:1-24:12
uses-sdk defined in both files...
Merging uses-sdk with lower [androidx.browser:browser:1.4.0] AndroidManifest.xml:20:5-22:41
Merging library manifest C:\Users\sirad\.gradle\caches\8.13\transforms\51c26a2c4ea957c245a04a20bf4f076b\transformed\media-1.6.0\AndroidManifest.xml
Merging manifest with lower [androidx.media:media:1.6.0] AndroidManifest.xml:17:1-24:12
uses-sdk defined in both files...
Merging uses-sdk with lower [androidx.media:media:1.6.0] AndroidManifest.xml:20:5-22:41
Merging library manifest C:\Users\sirad\.gradle\caches\8.13\transforms\99fd438fc1f23b568efdfd10a2229daa\transformed\fresco-3.6.0\AndroidManifest.xml
Merging manifest with lower [com.facebook.fresco:fresco:3.6.0] AndroidManifest.xml:2:1-7:12
uses-sdk defined in both files...
Merging uses-sdk with lower [com.facebook.fresco:fresco:3.6.0] AndroidManifest.xml:5:5-44
Merging library manifest C:\Users\sirad\.gradle\caches\8.13\transforms\465e1aa036fe199755865a6f8815e007\transformed\soloader-3.6.0\AndroidManifest.xml
Merging manifest with lower [com.facebook.fresco:soloader:3.6.0] AndroidManifest.xml:2:1-7:12
uses-sdk defined in both files...
Merging uses-sdk with lower [com.facebook.fresco:soloader:3.6.0] AndroidManifest.xml:5:5-44
Merging library manifest C:\Users\sirad\.gradle\caches\8.13\transforms\9766522f0453a6b0cd97bac3321c78ed\transformed\drawee-3.6.0\AndroidManifest.xml
Merging manifest with lower [com.facebook.fresco:drawee:3.6.0] AndroidManifest.xml:2:1-7:12
uses-sdk defined in both files...
Merging uses-sdk with lower [com.facebook.fresco:drawee:3.6.0] AndroidManifest.xml:5:5-44
Merging library manifest C:\Users\sirad\.gradle\caches\8.13\transforms\4d5a6fafb2112a923aca41330c984ad0\transformed\nativeimagefilters-3.6.0\AndroidManifest.xml
Merging manifest with lower [com.facebook.fresco:nativeimagefilters:3.6.0] AndroidManifest.xml:2:1-7:12
uses-sdk defined in both files...
Merging uses-sdk with lower [com.facebook.fresco:nativeimagefilters:3.6.0] AndroidManifest.xml:5:5-44
Merging library manifest C:\Users\sirad\.gradle\caches\8.13\transforms\65f79dddf4551bc7b8ca43e6fe80183f\transformed\memory-type-native-3.6.0\AndroidManifest.xml
Merging manifest with lower [com.facebook.fresco:memory-type-native:3.6.0] AndroidManifest.xml:2:1-7:12
uses-sdk defined in both files...
Merging uses-sdk with lower [com.facebook.fresco:memory-type-native:3.6.0] AndroidManifest.xml:5:5-44
Merging library manifest C:\Users\sirad\.gradle\caches\8.13\transforms\2e97d96c607039a81ce55b3c8eacf1c8\transformed\memory-type-java-3.6.0\AndroidManifest.xml
Merging manifest with lower [com.facebook.fresco:memory-type-java:3.6.0] AndroidManifest.xml:2:1-7:12
uses-sdk defined in both files...
Merging uses-sdk with lower [com.facebook.fresco:memory-type-java:3.6.0] AndroidManifest.xml:5:5-44
Merging library manifest C:\Users\sirad\.gradle\caches\8.13\transforms\9bd43e4c863f169e870e8802f83ac386\transformed\imagepipeline-native-3.6.0\AndroidManifest.xml
Merging manifest with lower [com.facebook.fresco:imagepipeline-native:3.6.0] AndroidManifest.xml:2:1-7:12
uses-sdk defined in both files...
Merging uses-sdk with lower [com.facebook.fresco:imagepipeline-native:3.6.0] AndroidManifest.xml:5:5-44
Merging library manifest C:\Users\sirad\.gradle\caches\8.13\transforms\be8f78ea230975fe79eee5bb5fdc1250\transformed\memory-type-ashmem-3.6.0\AndroidManifest.xml
Merging manifest with lower [com.facebook.fresco:memory-type-ashmem:3.6.0] AndroidManifest.xml:2:1-7:12
uses-sdk defined in both files...
Merging uses-sdk with lower [com.facebook.fresco:memory-type-ashmem:3.6.0] AndroidManifest.xml:5:5-44
Merging library manifest C:\Users\sirad\.gradle\caches\8.13\transforms\bd676597b29eaf883bc78fc1fe8f6442\transformed\imagepipeline-3.6.0\AndroidManifest.xml
Merging manifest with lower [com.facebook.fresco:imagepipeline:3.6.0] AndroidManifest.xml:2:1-7:12
uses-sdk defined in both files...
Merging uses-sdk with lower [com.facebook.fresco:imagepipeline:3.6.0] AndroidManifest.xml:5:5-44
Merging library manifest C:\Users\sirad\.gradle\caches\8.13\transforms\b1ef9ab100bb8406e7cd31588c020f27\transformed\nativeimagetranscoder-3.6.0\AndroidManifest.xml
Merging manifest with lower [com.facebook.fresco:nativeimagetranscoder:3.6.0] AndroidManifest.xml:2:1-7:12
uses-sdk defined in both files...
Merging uses-sdk with lower [com.facebook.fresco:nativeimagetranscoder:3.6.0] AndroidManifest.xml:5:5-44
Merging library manifest C:\Users\sirad\.gradle\caches\8.13\transforms\cae67cb3846cd99b8064da5695b334b3\transformed\imagepipeline-base-3.6.0\AndroidManifest.xml
Merging manifest with lower [com.facebook.fresco:imagepipeline-base:3.6.0] AndroidManifest.xml:2:1-7:12
uses-sdk defined in both files...
Merging uses-sdk with lower [com.facebook.fresco:imagepipeline-base:3.6.0] AndroidManifest.xml:5:5-44
Merging library manifest C:\Users\sirad\.gradle\caches\8.13\transforms\af2a48a3e79012f98694ec8ecba1a516\transformed\urimod-3.6.0\AndroidManifest.xml
Merging manifest with lower [com.facebook.fresco:urimod:3.6.0] AndroidManifest.xml:2:1-7:12
uses-sdk defined in both files...
Merging uses-sdk with lower [com.facebook.fresco:urimod:3.6.0] AndroidManifest.xml:5:5-44
Merging library manifest C:\Users\sirad\.gradle\caches\8.13\transforms\28974506fb0664bdf90aa436c874c5b4\transformed\vito-source-3.6.0\AndroidManifest.xml
Merging manifest with lower [com.facebook.fresco:vito-source:3.6.0] AndroidManifest.xml:2:1-7:12
uses-sdk defined in both files...
Merging uses-sdk with lower [com.facebook.fresco:vito-source:3.6.0] AndroidManifest.xml:5:5-44
Merging library manifest C:\Users\sirad\.gradle\caches\8.13\transforms\9e22ab9889bf9169920a1d2cd5572846\transformed\middleware-3.6.0\AndroidManifest.xml
Merging manifest with lower [com.facebook.fresco:middleware:3.6.0] AndroidManifest.xml:2:1-7:12
uses-sdk defined in both files...
Merging uses-sdk with lower [com.facebook.fresco:middleware:3.6.0] AndroidManifest.xml:5:5-44
Merging library manifest C:\Users\sirad\.gradle\caches\8.13\transforms\f647674349b3c2eda3ab077cd43b9b3c\transformed\ui-common-3.6.0\AndroidManifest.xml
Merging manifest with lower [com.facebook.fresco:ui-common:3.6.0] AndroidManifest.xml:2:1-7:12
uses-sdk defined in both files...
Merging uses-sdk with lower [com.facebook.fresco:ui-common:3.6.0] AndroidManifest.xml:5:5-44
Merging library manifest C:\Users\sirad\.gradle\caches\8.13\transforms\b8bb847e857b8708229bbba2a0362108\transformed\fbcore-3.6.0\AndroidManifest.xml
Merging manifest with lower [com.facebook.fresco:fbcore:3.6.0] AndroidManifest.xml:2:1-7:12
uses-sdk defined in both files...
Merging uses-sdk with lower [com.facebook.fresco:fbcore:3.6.0] AndroidManifest.xml:5:5-44
Merging library manifest C:\Users\sirad\.gradle\caches\8.13\transforms\bbb040afb1c999895be086e9ae6ac62e\transformed\asynclayoutinflater-1.0.0\AndroidManifest.xml
Merging manifest with lower [androidx.asynclayoutinflater:asynclayoutinflater:1.0.0] AndroidManifest.xml:17:1-22:12
uses-sdk defined in both files...
Merging uses-sdk with lower [androidx.asynclayoutinflater:asynclayoutinflater:1.0.0] AndroidManifest.xml:20:5-44
Merging library manifest C:\Users\sirad\.gradle\caches\8.13\transforms\a1a955e9210e9087e48f075b9976d805\transformed\core-1.16.0\AndroidManifest.xml
Merging manifest with lower [androidx.core:core:1.16.0] AndroidManifest.xml:17:1-30:12
uses-sdk defined in both files...
Merging uses-sdk with lower [androidx.core:core:1.16.0] AndroidManifest.xml:20:5-44
Adopted [permission: null]
Adopted [uses-permission: null]
application defined in both files...
Merging application with lower [androidx.core:core:1.16.0] AndroidManifest.xml:28:5-89
Merging library manifest C:\Users\sirad\.gradle\caches\8.13\transforms\3cfe0e8d96bd445cc2d9cbbc1df6caa3\transformed\lifecycle-runtime-release\AndroidManifest.xml
Merging manifest with lower [androidx.lifecycle:lifecycle-runtime-android:2.9.0] AndroidManifest.xml:17:1-22:12
uses-sdk defined in both files...
Merging uses-sdk with lower [androidx.lifecycle:lifecycle-runtime-android:2.9.0] AndroidManifest.xml:20:5-44
Merging library manifest C:\Users\sirad\.gradle\caches\8.13\transforms\ff1e685d3b94b09d7d6dc1704b0cada4\transformed\datastore-core-release\AndroidManifest.xml
Merging manifest with lower [androidx.datastore:datastore-core-android:1.1.7] AndroidManifest.xml:2:1-7:12
uses-sdk defined in both files...
Merging uses-sdk with lower [androidx.datastore:datastore-core-android:1.1.7] AndroidManifest.xml:5:5-44
Merging library manifest C:\Users\sirad\.gradle\caches\8.13\transforms\b5ebe889973c05a165967ca5a1850ec5\transformed\datastore-preferences-core-release\AndroidManifest.xml
Merging manifest with lower [androidx.datastore:datastore-preferences-core-android:1.1.7] AndroidManifest.xml:2:1-7:12
uses-sdk defined in both files...
Merging uses-sdk with lower [androidx.datastore:datastore-preferences-core-android:1.1.7] AndroidManifest.xml:5:5-44
Merging library manifest C:\Users\sirad\.gradle\caches\8.13\transforms\31657e55f374576464a2e9becad141b3\transformed\datastore-release\AndroidManifest.xml
Merging manifest with lower [androidx.datastore:datastore-android:1.1.7] AndroidManifest.xml:17:1-22:12
uses-sdk defined in both files...
Merging uses-sdk with lower [androidx.datastore:datastore-android:1.1.7] AndroidManifest.xml:20:5-44
Merging library manifest C:\Users\sirad\.gradle\caches\8.13\transforms\3e35b84b6aca4ea1734ce83d04b950e3\transformed\datastore-preferences-release\AndroidManifest.xml
Merging manifest with lower [androidx.datastore:datastore-preferences-android:1.1.7] AndroidManifest.xml:17:1-22:12
uses-sdk defined in both files...
Merging uses-sdk with lower [androidx.datastore:datastore-preferences-android:1.1.7] AndroidManifest.xml:20:5-44
Merging library manifest C:\Users\sirad\.gradle\caches\8.13\transforms\7f118b5b212d2908ec4e2586580705e9\transformed\firebase-installations-interop-17.1.1\AndroidManifest.xml
Merging manifest with lower [com.google.firebase:firebase-installations-interop:17.1.1] AndroidManifest.xml:15:1-19:12
uses-sdk defined in both files...
Merging uses-sdk with lower [com.google.firebase:firebase-installations-interop:17.1.1] AndroidManifest.xml:17:5-44
Merging library manifest C:\Users\sirad\.gradle\caches\8.13\transforms\d478a4ae033847e6a0039420c66bee27\transformed\play-services-tasks-18.2.0\AndroidManifest.xml
Merging manifest with lower [com.google.android.gms:play-services-tasks:18.2.0] AndroidManifest.xml:2:1-5:12
uses-sdk defined in both files...
Merging uses-sdk with lower [com.google.android.gms:play-services-tasks:18.2.0] AndroidManifest.xml:3:5-44
application defined in both files...
Merging application with lower [com.google.android.gms:play-services-tasks:18.2.0] AndroidManifest.xml:4:5-20
Merging library manifest C:\Users\sirad\.gradle\caches\8.13\transforms\a82fb912f4f5a04a27824f1b4a81e4e7\transformed\firebase-measurement-connector-19.0.0\AndroidManifest.xml
Merging manifest with lower [com.google.firebase:firebase-measurement-connector:19.0.0] AndroidManifest.xml:17:1-25:12
uses-sdk defined in both files...
Merging uses-sdk with lower [com.google.firebase:firebase-measurement-connector:19.0.0] AndroidManifest.xml:20:5-44
application defined in both files...
Merging application with lower [com.google.firebase:firebase-measurement-connector:19.0.0] AndroidManifest.xml:22:5-23:19
Merging library manifest C:\Users\sirad\.gradle\caches\8.13\transforms\49b0c405afb3e15649ff5db10bbee155\transformed\play-services-ads-identifier-18.0.0\AndroidManifest.xml
Merging manifest with lower [com.google.android.gms:play-services-ads-identifier:18.0.0] AndroidManifest.xml:17:1-27:12
uses-sdk defined in both files...
Merging uses-sdk with lower [com.google.android.gms:play-services-ads-identifier:18.0.0] AndroidManifest.xml:20:5-44
uses-permission#com.google.android.gms.permission.AD_ID defined in both files...
Merging uses-permission#com.google.android.gms.permission.AD_ID with lower [com.google.android.gms:play-services-ads-identifier:18.0.0] AndroidManifest.xml:23:5-79
application defined in both files...
Merging application with lower [com.google.android.gms:play-services-ads-identifier:18.0.0] AndroidManifest.xml:25:5-20
Merging library manifest C:\Users\sirad\.gradle\caches\8.13\transforms\2598ae4f2e9616205b9bb7349b9523b4\transformed\play-services-measurement-sdk-api-23.0.0\AndroidManifest.xml
Merging manifest with lower [com.google.android.gms:play-services-measurement-sdk-api:23.0.0] AndroidManifest.xml:17:1-30:12
uses-sdk defined in both files...
Merging uses-sdk with lower [com.google.android.gms:play-services-measurement-sdk-api:23.0.0] AndroidManifest.xml:20:5-44
uses-permission#android.permission.INTERNET defined in both files...
Merging uses-permission#android.permission.INTERNET with lower [com.google.android.gms:play-services-measurement-sdk-api:23.0.0] AndroidManifest.xml:23:5-67
uses-permission#android.permission.ACCESS_NETWORK_STATE defined in both files...
Merging uses-permission#android.permission.ACCESS_NETWORK_STATE with lower [com.google.android.gms:play-services-measurement-sdk-api:23.0.0] AndroidManifest.xml:24:5-79
uses-permission#android.permission.WAKE_LOCK defined in both files...
Merging uses-permission#android.permission.WAKE_LOCK with lower [com.google.android.gms:play-services-measurement-sdk-api:23.0.0] AndroidManifest.xml:25:5-68
uses-permission#com.google.android.gms.permission.AD_ID defined in both files...
Merging uses-permission#com.google.android.gms.permission.AD_ID with lower [com.google.android.gms:play-services-measurement-sdk-api:23.0.0] AndroidManifest.xml:26:5-79
uses-permission#android.permission.ACCESS_ADSERVICES_ATTRIBUTION defined in both files...
Merging uses-permission#android.permission.ACCESS_ADSERVICES_ATTRIBUTION with lower [com.google.android.gms:play-services-measurement-sdk-api:23.0.0] AndroidManifest.xml:27:5-88
uses-permission#android.permission.ACCESS_ADSERVICES_AD_ID defined in both files...
Merging uses-permission#android.permission.ACCESS_ADSERVICES_AD_ID with lower [com.google.android.gms:play-services-measurement-sdk-api:23.0.0] AndroidManifest.xml:28:5-82
Merging library manifest C:\Users\sirad\.gradle\caches\8.13\transforms\5f3ca09b0f5669b64d2393cac421f835\transformed\play-services-measurement-base-23.0.0\AndroidManifest.xml
Merging manifest with lower [com.google.android.gms:play-services-measurement-base:23.0.0] AndroidManifest.xml:2:1-9:12
uses-sdk defined in both files...
Merging uses-sdk with lower [com.google.android.gms:play-services-measurement-base:23.0.0] AndroidManifest.xml:5:5-44
application defined in both files...
Merging application with lower [com.google.android.gms:play-services-measurement-base:23.0.0] AndroidManifest.xml:7:5-20
Merging library manifest C:\Users\sirad\.gradle\caches\8.13\transforms\442dff2e9dabb75b981dd4d51ae259e2\transformed\play-services-basement-18.8.0\AndroidManifest.xml
Merging manifest with lower [com.google.android.gms:play-services-basement:18.8.0] AndroidManifest.xml:16:1-26:12
uses-sdk defined in both files...
Merging uses-sdk with lower [com.google.android.gms:play-services-basement:18.8.0] AndroidManifest.xml:18:5-43
application defined in both files...
Merging application with lower [com.google.android.gms:play-services-basement:18.8.0] AndroidManifest.xml:20:5-24:19
Adopted [meta-data: null]
Merging library manifest C:\Users\sirad\.gradle\caches\8.13\transforms\7742133b941929501d01fff2b7a14063\transformed\fragment-1.6.2\AndroidManifest.xml
Merging manifest with lower [androidx.fragment:fragment:1.6.2] AndroidManifest.xml:17:1-22:12
uses-sdk defined in both files...
Merging uses-sdk with lower [androidx.fragment:fragment:1.6.2] AndroidManifest.xml:20:5-44
Merging library manifest C:\Users\sirad\.gradle\caches\8.13\transforms\53e76032c6e2fb9e6f5fb6e577026994\transformed\activity-1.12.2\AndroidManifest.xml
Merging manifest with lower [androidx.activity:activity:1.12.2] AndroidManifest.xml:17:1-22:12
uses-sdk defined in both files...
Merging uses-sdk with lower [androidx.activity:activity:1.12.2] AndroidManifest.xml:20:5-44
Merging library manifest C:\Users\sirad\.gradle\caches\8.13\transforms\a04fdaea6cee37a7d2dcf4a56da836ca\transformed\googleid-1.1.0\AndroidManifest.xml
Merging manifest with lower [com.google.android.libraries.identity.googleid:googleid:1.1.0] AndroidManifest.xml:2:1-7:12
uses-sdk defined in both files...
Merging uses-sdk with lower [com.google.android.libraries.identity.googleid:googleid:1.1.0] AndroidManifest.xml:5:5-44
Merging library manifest C:\Users\sirad\.gradle\caches\8.13\transforms\e0889e32c201c225000b6f0e3bf68e80\transformed\core-viewtree-1.0.0\AndroidManifest.xml
Merging manifest with lower [androidx.core:core-viewtree:1.0.0] AndroidManifest.xml:2:1-7:12
uses-sdk defined in both files...
Merging uses-sdk with lower [androidx.core:core-viewtree:1.0.0] AndroidManifest.xml:5:5-44
Merging library manifest C:\Users\sirad\.gradle\caches\8.13\transforms\a97e479ca9afb6775b542b976a2685ec\transformed\profileinstaller-1.4.0\AndroidManifest.xml
Merging manifest with lower [androidx.profileinstaller:profileinstaller:1.4.0] AndroidManifest.xml:17:1-55:12
uses-sdk defined in both files...
Merging uses-sdk with lower [androidx.profileinstaller:profileinstaller:1.4.0] AndroidManifest.xml:21:5-44
application defined in both files...
Merging application with lower [androidx.profileinstaller:profileinstaller:1.4.0] AndroidManifest.xml:23:5-53:19
provider#androidx.startup.InitializationProvider defined in both files...
Merging provider#androidx.startup.InitializationProvider with lower [androidx.profileinstaller:profileinstaller:1.4.0] AndroidManifest.xml:24:9-32:20
Adopted [meta-data: null]
Adopted [receiver: null]
Merging library manifest C:\Users\sirad\.gradle\caches\8.13\transforms\308c57d0ef0991d575387055561b1da8\transformed\startup-runtime-1.1.1\AndroidManifest.xml
Merging manifest with lower [androidx.startup:startup-runtime:1.1.1] AndroidManifest.xml:17:1-33:12
uses-sdk defined in both files...
Merging uses-sdk with lower [androidx.startup:startup-runtime:1.1.1] AndroidManifest.xml:21:5-23:41
application defined in both files...
Merging application with lower [androidx.startup:startup-runtime:1.1.1] AndroidManifest.xml:25:5-31:19
provider#androidx.startup.InitializationProvider defined in both files...
Merging provider#androidx.startup.InitializationProvider with lower [androidx.startup:startup-runtime:1.1.1] AndroidManifest.xml:26:9-30:34
Merging library manifest C:\Users\sirad\.gradle\caches\8.13\transforms\ea71f90e3a9e47345b9e8f39a935ab56\transformed\tracing-1.2.0\AndroidManifest.xml
Merging manifest with lower [androidx.tracing:tracing:1.2.0] AndroidManifest.xml:17:1-22:12
uses-sdk defined in both files...
Merging uses-sdk with lower [androidx.tracing:tracing:1.2.0] AndroidManifest.xml:20:5-44
Merging library manifest C:\Users\sirad\.gradle\caches\8.13\transforms\99ea23940b3f081f0b7c7b39e31ff061\transformed\tracing-ktx-1.2.0\AndroidManifest.xml
Merging manifest with lower [androidx.tracing:tracing-ktx:1.2.0] AndroidManifest.xml:17:1-22:12
uses-sdk defined in both files...
Merging uses-sdk with lower [androidx.tracing:tracing-ktx:1.2.0] AndroidManifest.xml:20:5-44
Merging library manifest C:\Users\sirad\.gradle\caches\8.13\transforms\dddf593361f1f3a1c10d57dbaa82baa5\transformed\annotation-experimental-1.5.0\AndroidManifest.xml
Merging manifest with lower [androidx.annotation:annotation-experimental:1.5.0] AndroidManifest.xml:2:1-7:12
uses-sdk defined in both files...
Merging uses-sdk with lower [androidx.annotation:annotation-experimental:1.5.0] AndroidManifest.xml:5:5-44
Merging library manifest C:\Users\sirad\.gradle\caches\8.13\transforms\4b688f020557e4c262dec3205840d667\transformed\ui-core-3.6.0\AndroidManifest.xml
Merging manifest with lower [com.facebook.fresco:ui-core:3.6.0] AndroidManifest.xml:2:1-7:12
uses-sdk defined in both files...
Merging uses-sdk with lower [com.facebook.fresco:ui-core:3.6.0] AndroidManifest.xml:5:5-44
Merging library manifest C:\Users\sirad\.gradle\caches\8.13\transforms\1e5f70736b31e013ec79bd5731ebdab5\transformed\shimmer-0.5.0\AndroidManifest.xml
Merging manifest with lower [com.facebook.shimmer:shimmer:0.5.0] AndroidManifest.xml:2:1-7:12
uses-sdk defined in both files...
Merging uses-sdk with lower [com.facebook.shimmer:shimmer:0.5.0] AndroidManifest.xml:5:5-44
Merging library manifest C:\Users\sirad\.gradle\caches\8.13\transforms\1fca101e986a30248fe5310a9fe29990\transformed\cursoradapter-1.0.0\AndroidManifest.xml
Merging manifest with lower [androidx.cursoradapter:cursoradapter:1.0.0] AndroidManifest.xml:17:1-22:12
uses-sdk defined in both files...
Merging uses-sdk with lower [androidx.cursoradapter:cursoradapter:1.0.0] AndroidManifest.xml:20:5-44
Merging library manifest C:\Users\sirad\.gradle\caches\8.13\transforms\8642af993883f89987ae9961ceebff30\transformed\cardview-1.0.0\AndroidManifest.xml
Merging manifest with lower [androidx.cardview:cardview:1.0.0] AndroidManifest.xml:17:1-22:12
uses-sdk defined in both files...
Merging uses-sdk with lower [androidx.cardview:cardview:1.0.0] AndroidManifest.xml:20:5-44
Merging library manifest C:\Users\sirad\.gradle\caches\8.13\transforms\0aeeccd037d7082a8f61d5c32f87dc01\transformed\interpolator-1.0.0\AndroidManifest.xml
Merging manifest with lower [androidx.interpolator:interpolator:1.0.0] AndroidManifest.xml:17:1-22:12
uses-sdk defined in both files...
Merging uses-sdk with lower [androidx.interpolator:interpolator:1.0.0] AndroidManifest.xml:20:5-44
Merging library manifest C:\Users\sirad\.gradle\caches\8.13\transforms\dcc7a2e40f119f751859702e9bb7a540\transformed\gifdecoder-5.0.5\AndroidManifest.xml
Merging manifest with lower [com.github.bumptech.glide:gifdecoder:5.0.5] AndroidManifest.xml:2:1-7:12
uses-sdk defined in both files...
Merging uses-sdk with lower [com.github.bumptech.glide:gifdecoder:5.0.5] AndroidManifest.xml:5:5-44
Merging library manifest C:\Users\sirad\.gradle\caches\8.13\transforms\69034bf797e24960f4d2b0444127ef1d\transformed\exifinterface-1.3.6\AndroidManifest.xml
Merging manifest with lower [androidx.exifinterface:exifinterface:1.3.6] AndroidManifest.xml:17:1-24:12
uses-sdk defined in both files...
Merging uses-sdk with lower [androidx.exifinterface:exifinterface:1.3.6] AndroidManifest.xml:20:5-22:41
Merging library manifest C:\Users\sirad\.gradle\caches\8.13\transforms\3475667bd3b1b63054ed2721eda6ceda\transformed\core-runtime-2.2.0\AndroidManifest.xml
Merging manifest with lower [androidx.arch.core:core-runtime:2.2.0] AndroidManifest.xml:17:1-22:12
uses-sdk defined in both files...
Merging uses-sdk with lower [androidx.arch.core:core-runtime:2.2.0] AndroidManifest.xml:20:5-44
Merging library manifest C:\Users\sirad\.gradle\caches\8.13\transforms\910791d52a0e605299a61d4ee52e6493\transformed\localbroadcastmanager-1.0.0\AndroidManifest.xml
Merging manifest with lower [androidx.localbroadcastmanager:localbroadcastmanager:1.0.0] AndroidManifest.xml:17:1-22:12
uses-sdk defined in both files...
Merging uses-sdk with lower [androidx.localbroadcastmanager:localbroadcastmanager:1.0.0] AndroidManifest.xml:20:5-44
Merging library manifest C:\Users\sirad\.gradle\caches\8.13\transforms\6faabd836120cfcf3bd0302a34729d40\transformed\firebase-components-19.0.0\AndroidManifest.xml
Merging manifest with lower [com.google.firebase:firebase-components:19.0.0] AndroidManifest.xml:15:1-20:12
uses-sdk defined in both files...
Merging uses-sdk with lower [com.google.firebase:firebase-components:19.0.0] AndroidManifest.xml:18:5-44
Merging library manifest C:\Users\sirad\.gradle\caches\8.13\transforms\34b1acf779f4ecf62dc456bd93059026\transformed\firebase-datatransport-18.2.0\AndroidManifest.xml
Merging manifest with lower [com.google.firebase:firebase-datatransport:18.2.0] AndroidManifest.xml:15:1-31:12
uses-sdk defined in both files...
Merging uses-sdk with lower [com.google.firebase:firebase-datatransport:18.2.0] AndroidManifest.xml:18:5-44
application defined in both files...
Merging application with lower [com.google.firebase:firebase-datatransport:18.2.0] AndroidManifest.xml:21:5-29:19
service#com.google.firebase.components.ComponentDiscoveryService defined in both files...
Merging service#com.google.firebase.components.ComponentDiscoveryService with lower [com.google.firebase:firebase-datatransport:18.2.0] AndroidManifest.xml:22:9-28:19
Adopted [meta-data: null]
Merging library manifest C:\Users\sirad\.gradle\caches\8.13\transforms\1c3c744f839cc55ea8a70d0f110481b2\transformed\transport-backend-cct-3.1.9\AndroidManifest.xml
Merging manifest with lower [com.google.android.datatransport:transport-backend-cct:3.1.9] AndroidManifest.xml:15:1-37:12
uses-sdk defined in both files...
Merging uses-sdk with lower [com.google.android.datatransport:transport-backend-cct:3.1.9] AndroidManifest.xml:18:5-20:41
uses-permission#android.permission.ACCESS_NETWORK_STATE defined in both files...
Merging uses-permission#android.permission.ACCESS_NETWORK_STATE with lower [com.google.android.datatransport:transport-backend-cct:3.1.9] AndroidManifest.xml:24:5-79
uses-permission#android.permission.INTERNET defined in both files...
Merging uses-permission#android.permission.INTERNET with lower [com.google.android.datatransport:transport-backend-cct:3.1.9] AndroidManifest.xml:25:5-67
application defined in both files...
Merging application with lower [com.google.android.datatransport:transport-backend-cct:3.1.9] AndroidManifest.xml:27:5-35:19
Adopted [service: null]
Merging library manifest C:\Users\sirad\.gradle\caches\8.13\transforms\c61fd9b82ed99e2278db1e4e0bb62710\transformed\firebase-encoders-json-18.0.0\AndroidManifest.xml
Merging manifest with lower [com.google.firebase:firebase-encoders-json:18.0.0] AndroidManifest.xml:15:1-23:12
uses-sdk defined in both files...
Merging uses-sdk with lower [com.google.firebase:firebase-encoders-json:18.0.0] AndroidManifest.xml:19:5-21:41
Merging library manifest C:\Users\sirad\.gradle\caches\8.13\transforms\501db91d7d775d19020df526ca49a983\transformed\transport-runtime-3.1.9\AndroidManifest.xml
Merging manifest with lower [com.google.android.datatransport:transport-runtime:3.1.9] AndroidManifest.xml:15:1-41:12
uses-sdk defined in both files...
Merging uses-sdk with lower [com.google.android.datatransport:transport-runtime:3.1.9] AndroidManifest.xml:18:5-20:41
uses-permission#android.permission.ACCESS_NETWORK_STATE defined in both files...
Merging uses-permission#android.permission.ACCESS_NETWORK_STATE with lower [com.google.android.datatransport:transport-runtime:3.1.9] AndroidManifest.xml:22:5-79
application defined in both files...
Merging application with lower [com.google.android.datatransport:transport-runtime:3.1.9] AndroidManifest.xml:25:5-39:19
Adopted [service: null]
Adopted [receiver: null]
service#com.google.android.datatransport.runtime.backends.TransportBackendDiscovery defined in both files...
Merging service#com.google.android.datatransport.runtime.backends.TransportBackendDiscovery with lower [com.google.android.datatransport:transport-runtime:3.1.9] AndroidManifest.xml:36:9-38:40
Merging library manifest C:\Users\sirad\.gradle\caches\8.13\transforms\39b959c19ce233519883870ce4ca329a\transformed\transport-api-3.1.0\AndroidManifest.xml
Merging manifest with lower [com.google.android.datatransport:transport-api:3.1.0] AndroidManifest.xml:15:1-20:12
uses-sdk defined in both files...
Merging uses-sdk with lower [com.google.android.datatransport:transport-api:3.1.0] AndroidManifest.xml:18:5-44
Merging library manifest C:\Users\sirad\.gradle\caches\8.13\transforms\368c4f5087ef561f12ae3d7a993d8606\transformed\versionedparcelable-1.1.1\AndroidManifest.xml
Merging manifest with lower [androidx.versionedparcelable:versionedparcelable:1.1.1] AndroidManifest.xml:17:1-27:12
uses-sdk defined in both files...
Merging uses-sdk with lower [androidx.versionedparcelable:versionedparcelable:1.1.1] AndroidManifest.xml:20:5-22:41
application defined in both files...
Merging application with lower [androidx.versionedparcelable:versionedparcelable:1.1.1] AndroidManifest.xml:24:5-25:19
Merging library manifest C:\Users\sirad\.gradle\caches\8.13\transforms\e3b7ede07a29535f6e727efbc0692a0d\transformed\sqlite-framework\AndroidManifest.xml
Merging manifest with lower [androidx.sqlite:sqlite-framework-android:2.6.2] AndroidManifest.xml:17:1-22:12
uses-sdk defined in both files...
Merging uses-sdk with lower [androidx.sqlite:sqlite-framework-android:2.6.2] AndroidManifest.xml:20:5-44
Merging library manifest C:\Users\sirad\.gradle\caches\8.13\transforms\aa10b902e8a156aa6d4e0a16d425c18a\transformed\sqlite\AndroidManifest.xml
Merging manifest with lower [androidx.sqlite:sqlite-android:2.6.2] AndroidManifest.xml:17:1-22:12
uses-sdk defined in both files...
Merging uses-sdk with lower [androidx.sqlite:sqlite-android:2.6.2] AndroidManifest.xml:20:5-44
Merging library manifest C:\Users\sirad\.gradle\caches\8.13\transforms\1a25a5450a6ac1b05f79f385eb052fd3\transformed\documentfile-1.0.0\AndroidManifest.xml
Merging manifest with lower [androidx.documentfile:documentfile:1.0.0] AndroidManifest.xml:17:1-22:12
uses-sdk defined in both files...
Merging uses-sdk with lower [androidx.documentfile:documentfile:1.0.0] AndroidManifest.xml:20:5-44
Merging library manifest C:\Users\sirad\.gradle\caches\8.13\transforms\efd91b99a7c7ffb3ceb0cf67c51c8350\transformed\print-1.0.0\AndroidManifest.xml
Merging manifest with lower [androidx.print:print:1.0.0] AndroidManifest.xml:17:1-22:12
uses-sdk defined in both files...
Merging uses-sdk with lower [androidx.print:print:1.0.0] AndroidManifest.xml:20:5-44
Merging library manifest C:\Users\sirad\.gradle\caches\8.13\transforms\8c38e93d13c19ccd43099ad2ef277dea\transformed\runtime-annotation\AndroidManifest.xml
Merging manifest with lower [androidx.compose.runtime:runtime-annotation-android:1.9.0] AndroidManifest.xml:2:1-7:12
uses-sdk defined in both files...
Merging uses-sdk with lower [androidx.compose.runtime:runtime-annotation-android:1.9.0] AndroidManifest.xml:5:5-44
Merging library manifest C:\Users\sirad\.gradle\caches\8.13\transforms\a4cd6e50e27ba0ef1329af260b86f8f7\transformed\circleimageview-3.1.0\AndroidManifest.xml
Merging manifest with lower [de.hdodenhof:circleimageview:3.1.0] AndroidManifest.xml:2:1-11:12
uses-sdk defined in both files...
Merging uses-sdk with lower [de.hdodenhof:circleimageview:3.1.0] AndroidManifest.xml:5:5-7:41
application defined in both files...
Merging application with lower [de.hdodenhof:circleimageview:3.1.0] AndroidManifest.xml:9:5-20
Merging library manifest C:\Users\sirad\.gradle\caches\8.13\transforms\e1e0e1c21b3d0248cbdb419b023b0407\transformed\full-sdk-4.6.1\AndroidManifest.xml
Merging manifest with lower [io.agora.rtc:full-sdk:4.6.1] AndroidManifest.xml:2:1-9:12
uses-sdk defined in both files...
Merging uses-sdk with lower [io.agora.rtc:full-sdk:4.6.1] AndroidManifest.xml:5:5-7:41
Merging library manifest C:\Users\sirad\.gradle\caches\8.13\transforms\61c88c95860bd23fef9d3f810b04b48a\transformed\grpc-android-1.62.2\AndroidManifest.xml
Merging manifest with lower [io.grpc:grpc-android:1.62.2] AndroidManifest.xml:2:1-9:12
uses-sdk defined in both files...
Merging uses-sdk with lower [io.grpc:grpc-android:1.62.2] AndroidManifest.xml:5:5-44
uses-permission#android.permission.ACCESS_NETWORK_STATE defined in both files...
Merging uses-permission#android.permission.ACCESS_NETWORK_STATE with lower [io.grpc:grpc-android:1.62.2] AndroidManifest.xml:7:5-79
Merging library manifest C:\Users\sirad\.gradle\caches\8.13\transforms\c1a1fd215620b471ec39f8804ff1a1a8\transformed\disklrucache-5.0.5\AndroidManifest.xml
Merging manifest with lower [com.github.bumptech.glide:disklrucache:5.0.5] AndroidManifest.xml:2:1-7:12
uses-sdk defined in both files...
Merging uses-sdk with lower [com.github.bumptech.glide:disklrucache:5.0.5] AndroidManifest.xml:5:5-44
Merging library manifest C:\Users\sirad\.gradle\caches\8.13\transforms\22aa71b005d060265e6a4473d60f2efd\transformed\full-rtc-basic-4.6.1\AndroidManifest.xml
Merging manifest with lower [io.agora.rtc:full-rtc-basic:4.6.1] AndroidManifest.xml:2:1-9:12
uses-sdk defined in both files...
Merging uses-sdk with lower [io.agora.rtc:full-rtc-basic:4.6.1] AndroidManifest.xml:5:5-7:41
Merging library manifest C:\Users\sirad\.gradle\caches\8.13\transforms\d3549c4921706d85a31c2cd8fecd4a73\transformed\ains-4.6.1\AndroidManifest.xml
Merging manifest with lower [io.agora.rtc:ains:4.6.1] AndroidManifest.xml:2:1-9:12
uses-sdk defined in both files...
Merging uses-sdk with lower [io.agora.rtc:ains:4.6.1] AndroidManifest.xml:5:5-7:41
Merging library manifest C:\Users\sirad\.gradle\caches\8.13\transforms\2b652c3044d81f9720bf8b6643e6dfa2\transformed\audio-beauty-4.6.1\AndroidManifest.xml
Merging manifest with lower [io.agora.rtc:audio-beauty:4.6.1] AndroidManifest.xml:2:1-9:12
uses-sdk defined in both files...
Merging uses-sdk with lower [io.agora.rtc:audio-beauty:4.6.1] AndroidManifest.xml:5:5-7:41
Merging library manifest C:\Users\sirad\.gradle\caches\8.13\transforms\4a421a33fdbd5d6912c0f37fb77cec6d\transformed\clear-vision-4.6.1\AndroidManifest.xml
Merging manifest with lower [io.agora.rtc:clear-vision:4.6.1] AndroidManifest.xml:2:1-9:12
uses-sdk defined in both files...
Merging uses-sdk with lower [io.agora.rtc:clear-vision:4.6.1] AndroidManifest.xml:5:5-7:41
Merging library manifest C:\Users\sirad\.gradle\caches\8.13\transforms\39c3e601b107dd61d1cd4bf6c0137cbb\transformed\full-content-inspect-4.6.1\AndroidManifest.xml
Merging manifest with lower [io.agora.rtc:full-content-inspect:4.6.1] AndroidManifest.xml:2:1-9:12
uses-sdk defined in both files...
Merging uses-sdk with lower [io.agora.rtc:full-content-inspect:4.6.1] AndroidManifest.xml:5:5-7:41
Merging library manifest C:\Users\sirad\.gradle\caches\8.13\transforms\1217a9e2c37102e457c2b7d7924696a8\transformed\screen-capture-4.6.1\AndroidManifest.xml
Merging manifest with lower [io.agora.rtc:screen-capture:4.6.1] AndroidManifest.xml:2:1-9:12
uses-sdk defined in both files...
Merging uses-sdk with lower [io.agora.rtc:screen-capture:4.6.1] AndroidManifest.xml:5:5-7:41
Merging library manifest C:\Users\sirad\.gradle\caches\8.13\transforms\5a0587a97d64821769ff7be76e696797\transformed\full-virtual-background-4.6.1\AndroidManifest.xml
Merging manifest with lower [io.agora.rtc:full-virtual-background:4.6.1] AndroidManifest.xml:2:1-9:12
uses-sdk defined in both files...
Merging uses-sdk with lower [io.agora.rtc:full-virtual-background:4.6.1] AndroidManifest.xml:5:5-7:41
Merging library manifest C:\Users\sirad\.gradle\caches\8.13\transforms\9a5838604b5cd274280d6e8a75222d06\transformed\spatial-audio-4.6.1\AndroidManifest.xml
Merging manifest with lower [io.agora.rtc:spatial-audio:4.6.1] AndroidManifest.xml:2:1-9:12
uses-sdk defined in both files...
Merging uses-sdk with lower [io.agora.rtc:spatial-audio:4.6.1] AndroidManifest.xml:5:5-7:41
Merging library manifest C:\Users\sirad\.gradle\caches\8.13\transforms\c5687eea63698b348eb1306757e0299b\transformed\full-screen-sharing-4.6.1\AndroidManifest.xml
Merging manifest with lower [io.agora.rtc:full-screen-sharing:4.6.1] AndroidManifest.xml:2:1-21:12
uses-sdk defined in both files...
Merging uses-sdk with lower [io.agora.rtc:full-screen-sharing:4.6.1] AndroidManifest.xml:5:5-73
uses-permission#android.permission.FOREGROUND_SERVICE defined in both files...
Merging uses-permission#android.permission.FOREGROUND_SERVICE with lower [io.agora.rtc:full-screen-sharing:4.6.1] AndroidManifest.xml:7:5-77
Adopted [uses-permission: null]
application defined in both files...
Merging application with lower [io.agora.rtc:full-screen-sharing:4.6.1] AndroidManifest.xml:10:5-20:19
Adopted [activity: null]
Adopted [service: null]
Merging library manifest C:\Users\sirad\.gradle\caches\8.13\transforms\559d1193db0b4b11d10d806a948fb046\transformed\aiaec-4.6.1\AndroidManifest.xml
Merging manifest with lower [io.agora.rtc:aiaec:4.6.1] AndroidManifest.xml:2:1-9:12
uses-sdk defined in both files...
Merging uses-sdk with lower [io.agora.rtc:aiaec:4.6.1] AndroidManifest.xml:5:5-7:41
Merging library manifest C:\Users\sirad\.gradle\caches\8.13\transforms\b81463a84bda0f060a7073be4b7da6bf\transformed\full-vqa-4.6.1\AndroidManifest.xml
Merging manifest with lower [io.agora.rtc:full-vqa:4.6.1] AndroidManifest.xml:2:1-9:12
uses-sdk defined in both files...
Merging uses-sdk with lower [io.agora.rtc:full-vqa:4.6.1] AndroidManifest.xml:5:5-7:41
Merging library manifest C:\Users\sirad\.gradle\caches\8.13\transforms\524c57915fb81d38667c9d44b8b367e2\transformed\full-face-detect-4.6.1\AndroidManifest.xml
Merging manifest with lower [io.agora.rtc:full-face-detect:4.6.1] AndroidManifest.xml:2:1-9:12
uses-sdk defined in both files...
Merging uses-sdk with lower [io.agora.rtc:full-face-detect:4.6.1] AndroidManifest.xml:5:5-7:41
Merging library manifest C:\Users\sirad\.gradle\caches\8.13\transforms\ced385e352ff7c27dc9a331c968fbac9\transformed\full-face-capture-4.6.1\AndroidManifest.xml
Merging manifest with lower [io.agora.rtc:full-face-capture:4.6.1] AndroidManifest.xml:2:1-9:12
uses-sdk defined in both files...
Merging uses-sdk with lower [io.agora.rtc:full-face-capture:4.6.1] AndroidManifest.xml:5:5-7:41
Merging library manifest C:\Users\sirad\.gradle\caches\8.13\transforms\a65f64c2bca75a6e983f423edbb90902\transformed\full-voice-drive-4.6.1\AndroidManifest.xml
Merging manifest with lower [io.agora.rtc:full-voice-drive:4.6.1] AndroidManifest.xml:2:1-9:12
uses-sdk defined in both files...
Merging uses-sdk with lower [io.agora.rtc:full-voice-drive:4.6.1] AndroidManifest.xml:5:5-7:41
Merging library manifest C:\Users\sirad\.gradle\caches\8.13\transforms\b162932204dfc2cab93d7addd42cc58a\transformed\full-video-codec-enc-4.6.1\AndroidManifest.xml
Merging manifest with lower [io.agora.rtc:full-video-codec-enc:4.6.1] AndroidManifest.xml:2:1-9:12
uses-sdk defined in both files...
Merging uses-sdk with lower [io.agora.rtc:full-video-codec-enc:4.6.1] AndroidManifest.xml:5:5-7:41
Merging library manifest C:\Users\sirad\.gradle\caches\8.13\transforms\7af8a492cd0872dae8bba79eb4f3656e\transformed\full-video-codec-dec-4.6.1\AndroidManifest.xml
Merging manifest with lower [io.agora.rtc:full-video-codec-dec:4.6.1] AndroidManifest.xml:2:1-9:12
uses-sdk defined in both files...
Merging uses-sdk with lower [io.agora.rtc:full-video-codec-dec:4.6.1] AndroidManifest.xml:5:5-7:41
Merging library manifest C:\Users\sirad\.gradle\caches\8.13\transforms\4e73a42caa7a8a54254b36d5dcbcf2cd\transformed\full-video-av1-codec-enc-4.6.1\AndroidManifest.xml
Merging manifest with lower [io.agora.rtc:full-video-av1-codec-enc:4.6.1] AndroidManifest.xml:2:1-9:12
uses-sdk defined in both files...
Merging uses-sdk with lower [io.agora.rtc:full-video-av1-codec-enc:4.6.1] AndroidManifest.xml:5:5-7:41
Merging library manifest C:\Users\sirad\.gradle\caches\8.13\transforms\6d412a930d51dfff1be43c985ae0aef3\transformed\full-video-av1-codec-dec-4.6.1\AndroidManifest.xml
Merging manifest with lower [io.agora.rtc:full-video-av1-codec-dec:4.6.1] AndroidManifest.xml:2:1-9:12
uses-sdk defined in both files...
Merging uses-sdk with lower [io.agora.rtc:full-video-av1-codec-dec:4.6.1] AndroidManifest.xml:5:5-7:41
Merging library manifest C:\Users\sirad\.gradle\caches\8.13\transforms\49fb49d9fa33ef1289bab607a42bf182\transformed\protolite-well-known-types-18.0.1\AndroidManifest.xml
Merging manifest with lower [com.google.firebase:protolite-well-known-types:18.0.1] AndroidManifest.xml:2:1-7:12
uses-sdk defined in both files...
Merging uses-sdk with lower [com.google.firebase:protolite-well-known-types:18.0.1] AndroidManifest.xml:5:5-44
Merging library manifest C:\Users\sirad\.gradle\caches\8.13\transforms\5f0216bef9517d0e1dc9ce1293f69ebc\transformed\aosl-1.3.0\AndroidManifest.xml
Merging manifest with lower [io.agora.infra:aosl:1.3.0] AndroidManifest.xml:2:1-9:12
uses-sdk defined in both files...
Merging uses-sdk with lower [io.agora.infra:aosl:1.3.0] AndroidManifest.xml:5:5-7:41
Merging library manifest C:\Users\sirad\.gradle\caches\8.13\transforms\1e9509305a3ad9876b9983e265a04b7b\transformed\core-common-2.0.3\AndroidManifest.xml
Merging manifest with lower [com.google.android.play:core-common:2.0.3] AndroidManifest.xml:2:1-21:12
uses-sdk defined in both files...
Merging uses-sdk with lower [com.google.android.play:core-common:2.0.3] AndroidManifest.xml:7:5-9:41
application defined in both files...
Merging application with lower [com.google.android.play:core-common:2.0.3] AndroidManifest.xml:11:5-19:19
Adopted [activity: null]
Merging library manifest C:\Users\sirad\.gradle\caches\8.13\transforms\3de0caa79d8545eabe8d4d23af6f9420\transformed\soloader-0.11.0\AndroidManifest.xml
Merging manifest with lower [com.facebook.soloader:soloader:0.11.0] AndroidManifest.xml:2:1-17:12
uses-sdk defined in both files...
Merging uses-sdk with lower [com.facebook.soloader:soloader:0.11.0] AndroidManifest.xml:7:5-9:41
application defined in both files...
Merging application with lower [com.facebook.soloader:soloader:0.11.0] AndroidManifest.xml:11:5-15:19
Adopted [meta-data: null]
Merging result: WARNING
[io.agora.rtc:full-sdk:4.6.1] C:\Users\sirad\.gradle\caches\8.13\transforms\e1e0e1c21b3d0248cbdb419b023b0407\transformed\full-sdk-4.6.1\AndroidManifest.xml Warning:
	Namespace 'io.agora.rtc' is used in multiple modules and/or libraries: io.agora.rtc:full-sdk:4.6.1, io.agora.rtc:full-rtc-basic:4.6.1, io.agora.rtc:ains:4.6.1, io.agora.rtc:audio-beauty:4.6.1, io.agora.rtc:clear-vision:4.6.1, io.agora.rtc:full-content-inspect:4.6.1, io.agora.rtc:screen-capture:4.6.1, io.agora.rtc:full-virtual-background:4.6.1, io.agora.rtc:spatial-audio:4.6.1, io.agora.rtc:aiaec:4.6.1, io.agora.rtc:full-vqa:4.6.1, io.agora.rtc:full-face-detect:4.6.1, io.agora.rtc:full-face-capture:4.6.1, io.agora.rtc:full-voice-drive:4.6.1, io.agora.rtc:full-video-codec-enc:4.6.1, io.agora.rtc:full-video-codec-dec:4.6.1, io.agora.rtc:full-video-av1-codec-enc:4.6.1, io.agora.rtc:full-video-av1-codec-dec:4.6.1. Please ensure that all modules and libraries have a unique namespace. For more information, See https://developer.android.com/studio/build/configure-app-module#set-namespace
-- Merging decision tree log ---
manifest
ADDED from D:\Code\android_app\ieeeconnect\app\src\main\AndroidManifest.xml:2:1-72:12
INJECTED from D:\Code\android_app\ieeeconnect\app\src\main\AndroidManifest.xml:2:1-72:12
INJECTED from D:\Code\android_app\ieeeconnect\app\src\main\AndroidManifest.xml:2:1-72:12
INJECTED from D:\Code\android_app\ieeeconnect\app\src\main\AndroidManifest.xml:2:1-72:12
MERGED from [androidx.databinding:databinding-adapters:8.9.1] C:\Users\sirad\.gradle\caches\8.13\transforms\0bcbd38dbcd03298b29b86a00c57b83b\transformed\databinding-adapters-8.9.1\AndroidManifest.xml:2:1-7:12
MERGED from [androidx.databinding:databinding-ktx:8.9.1] C:\Users\sirad\.gradle\caches\8.13\transforms\65bf2cc2a27ba0bc4037ca08aeb96062\transformed\databinding-ktx-8.9.1\AndroidManifest.xml:2:1-7:12
MERGED from [androidx.databinding:databinding-runtime:8.9.1] C:\Users\sirad\.gradle\caches\8.13\transforms\a50261044b661e3e31e96b8f734b3054\transformed\databinding-runtime-8.9.1\AndroidManifest.xml:2:1-7:12
MERGED from [androidx.databinding:viewbinding:8.9.1] C:\Users\sirad\.gradle\caches\8.13\transforms\f9cf8cfbc9fbad0191fcc9eb083f99b4\transformed\viewbinding-8.9.1\AndroidManifest.xml:2:1-7:12
MERGED from [androidx.navigation:navigation-runtime-android:2.9.6] C:\Users\sirad\.gradle\caches\8.13\transforms\b013bba9f60c9b7634f2a2f47076d57e\transformed\navigation-runtime-release\AndroidManifest.xml:17:1-22:12
MERGED from [androidx.navigation:navigation-common-android:2.9.6] C:\Users\sirad\.gradle\caches\8.13\transforms\40c16e318f6df64fd705e0a5495c72a5\transformed\navigation-common-release\AndroidManifest.xml:17:1-22:12
MERGED from [androidx.navigation:navigation-fragment:2.9.6] C:\Users\sirad\.gradle\caches\8.13\transforms\a331cca7dd63a3883a0178e7bf2656ca\transformed\navigation-fragment-2.9.6\AndroidManifest.xml:17:1-22:12
MERGED from [androidx.navigation:navigation-ui:2.9.6] C:\Users\sirad\.gradle\caches\8.13\transforms\73ed27e2cbc58daff639595366346579\transformed\navigation-ui-2.9.6\AndroidManifest.xml:17:1-22:12
MERGED from [com.cloudinary:cloudinary-android:3.1.2] C:\Users\sirad\.gradle\caches\8.13\transforms\133eda9a89c6d1d842ad63bb4c8e6e33\transformed\cloudinary-android-3.1.2\AndroidManifest.xml:2:1-6:12
MERGED from [com.cloudinary:cloudinary-android-ui:3.1.2] C:\Users\sirad\.gradle\caches\8.13\transforms\a9e8f0d49a320369f2733ed9b430c6d9\transformed\cloudinary-android-ui-3.1.2\AndroidManifest.xml:2:1-14:12
MERGED from [com.cloudinary:cloudinary-android-preprocess:3.1.2] C:\Users\sirad\.gradle\caches\8.13\transforms\59adcd5005062167cc6043bbc56bad8b\transformed\cloudinary-android-preprocess-3.1.2\AndroidManifest.xml:2:1-10:12
MERGED from [com.cloudinary:cloudinary-android-download:3.1.2] C:\Users\sirad\.gradle\caches\8.13\transforms\84b8e21eb8b9ff68ec8b906ed5ea045c\transformed\cloudinary-android-download-3.1.2\AndroidManifest.xml:2:1-6:12
MERGED from [com.cloudinary:cloudinary-android-core:3.1.2] C:\Users\sirad\.gradle\caches\8.13\transforms\43d6e97e54af51a506f5c69238239f03\transformed\cloudinary-android-core-3.1.2\AndroidManifest.xml:2:1-11:12
MERGED from [com.google.android.material:material:1.13.0] C:\Users\sirad\.gradle\caches\8.13\transforms\b77ad521a1ec7769ba27320b7b2c59df\transformed\material-1.13.0\AndroidManifest.xml:17:1-24:12
MERGED from [androidx.constraintlayout:constraintlayout:2.2.1] C:\Users\sirad\.gradle\caches\8.13\transforms\126a826459591ec0270ba69fa3a433a7\transformed\constraintlayout-2.2.1\AndroidManifest.xml:2:1-9:12
MERGED from [com.airbnb.android:lottie:6.7.1] C:\Users\sirad\.gradle\caches\8.13\transforms\5cb1271e4d2ad72e87d4436f8d586cf6\transformed\lottie-6.7.1\AndroidManifest.xml:2:1-9:12
MERGED from [androidx.appcompat:appcompat-resources:1.7.1] C:\Users\sirad\.gradle\caches\8.13\transforms\f95de3219e3b6f4283dd2ad1fd38c872\transformed\appcompat-resources-1.7.1\AndroidManifest.xml:2:1-7:12
MERGED from [androidx.appcompat:appcompat:1.7.1] C:\Users\sirad\.gradle\caches\8.13\transforms\3b242bb34da7a9f821c14e619b404f52\transformed\appcompat-1.7.1\AndroidManifest.xml:2:1-7:12
MERGED from [com.google.firebase:firebase-auth:24.0.1] C:\Users\sirad\.gradle\caches\8.13\transforms\fd2b824d80917b38caf3c7de792927b5\transformed\firebase-auth-24.0.1\AndroidManifest.xml:17:1-75:12
MERGED from [androidx.credentials:credentials:1.2.0-rc01] C:\Users\sirad\.gradle\caches\8.13\transforms\5f95436b147cf1fc5e037294d8dcfb0f\transformed\credentials-1.2.0-rc01\AndroidManifest.xml:2:1-7:12
MERGED from [androidx.credentials:credentials-play-services-auth:1.2.0-rc01] C:\Users\sirad\.gradle\caches\8.13\transforms\a266a22aa4c470b415423b85ea717545\transformed\credentials-play-services-auth-1.2.0-rc01\AndroidManifest.xml:17:1-44:12
MERGED from [com.google.android.gms:play-services-auth:21.4.0] C:\Users\sirad\.gradle\caches\8.13\transforms\02673eaab1eb096e1cdd50a6aa5d9ee8\transformed\play-services-auth-21.4.0\AndroidManifest.xml:17:1-40:12
MERGED from [com.github.bumptech.glide:glide:5.0.5] C:\Users\sirad\.gradle\caches\8.13\transforms\e6b424fa6019056ab7bdf2e6af04d350\transformed\glide-5.0.5\AndroidManifest.xml:2:1-7:12
MERGED from [androidx.viewpager2:viewpager2:1.0.0] C:\Users\sirad\.gradle\caches\8.13\transforms\6fafa6666c41908e56bd120a5f38ef60\transformed\viewpager2-1.0.0\AndroidManifest.xml:17:1-24:12
MERGED from [androidx.fragment:fragment-ktx:1.6.2] C:\Users\sirad\.gradle\caches\8.13\transforms\5f078c0792b1b516d0dce95f1424dd28\transformed\fragment-ktx-1.6.2\AndroidManifest.xml:17:1-22:12
MERGED from [com.google.firebase:firebase-database:22.0.1] C:\Users\sirad\.gradle\caches\8.13\transforms\5860dc2fd3ef499c42f3afabb0a9dde0\transformed\firebase-database-22.0.1\AndroidManifest.xml:15:1-38:12
MERGED from [com.google.firebase:firebase-firestore:26.0.2] C:\Users\sirad\.gradle\caches\8.13\transforms\8bfde8f9c574face26d39dfc4f7c212b\transformed\firebase-firestore-26.0.2\AndroidManifest.xml:2:1-26:12
MERGED from [com.google.firebase:firebase-messaging:25.0.1] C:\Users\sirad\.gradle\caches\8.13\transforms\6b482272fa1c937745c01cfdff52b330\transformed\firebase-messaging-25.0.1\AndroidManifest.xml:17:1-66:12
MERGED from [com.google.firebase:firebase-storage:22.0.1] C:\Users\sirad\.gradle\caches\8.13\transforms\4b78a6395c726355cb8a4380fa1083e6\transformed\firebase-storage-22.0.1\AndroidManifest.xml:15:1-39:12
MERGED from [com.google.android.gms:play-services-auth-api-phone:18.0.2] C:\Users\sirad\.gradle\caches\8.13\transforms\579fc573c633851d26218b68aaf7d645\transformed\play-services-auth-api-phone-18.0.2\AndroidManifest.xml:2:1-7:12
MERGED from [com.google.android.gms:play-services-auth-base:18.0.10] C:\Users\sirad\.gradle\caches\8.13\transforms\0f670ba57d38e799c8bf7b757dc6ad45\transformed\play-services-auth-base-18.0.10\AndroidManifest.xml:2:1-7:12
MERGED from [com.google.firebase:firebase-appcheck:19.0.1] C:\Users\sirad\.gradle\caches\8.13\transforms\6e86ad91f89a0dfe7ef7372fc77fec05\transformed\firebase-appcheck-19.0.1\AndroidManifest.xml:15:1-34:12
MERGED from [com.google.firebase:firebase-appcheck-interop:17.1.0] C:\Users\sirad\.gradle\caches\8.13\transforms\572e48b382bbb51962a0b3f571333f2c\transformed\firebase-appcheck-interop-17.1.0\AndroidManifest.xml:15:1-23:12
MERGED from [com.google.firebase:firebase-database-collection:18.0.1] C:\Users\sirad\.gradle\caches\8.13\transforms\585f2205b6d464f0fca7a5cc78e83916\transformed\firebase-database-collection-18.0.1\AndroidManifest.xml:2:1-9:12
MERGED from [com.google.firebase:firebase-analytics:23.0.0] C:\Users\sirad\.gradle\caches\8.13\transforms\b9d36706e016bc228303a1a4dbb96dff\transformed\firebase-analytics-23.0.0\AndroidManifest.xml:2:1-9:12
MERGED from [com.google.android.gms:play-services-measurement:23.0.0] C:\Users\sirad\.gradle\caches\8.13\transforms\85dc646d2c804a6fcf1c9afccbdb204a\transformed\play-services-measurement-23.0.0\AndroidManifest.xml:17:1-46:12
MERGED from [com.google.android.gms:play-services-measurement-sdk:23.0.0] C:\Users\sirad\.gradle\caches\8.13\transforms\29376f18954a0772ffda910ce92b3e50\transformed\play-services-measurement-sdk-23.0.0\AndroidManifest.xml:17:1-25:12
MERGED from [com.google.android.gms:play-services-measurement-impl:23.0.0] C:\Users\sirad\.gradle\caches\8.13\transforms\ab6af623a172845fd857e1efa2501c60\transformed\play-services-measurement-impl-23.0.0\AndroidManifest.xml:17:1-32:12
MERGED from [com.google.android.gms:play-services-fido:20.1.0] C:\Users\sirad\.gradle\caches\8.13\transforms\481a8097eb51de085bd87e4ad8e0ad87\transformed\play-services-fido-20.1.0\AndroidManifest.xml:2:1-10:12
MERGED from [com.google.android.gms:play-services-base:18.5.0] C:\Users\sirad\.gradle\caches\8.13\transforms\15ea55ddbbacd3b23368601fb6391d48\transformed\play-services-base-18.5.0\AndroidManifest.xml:2:1-7:12
MERGED from [com.google.android.gms:play-services-measurement-api:23.0.0] C:\Users\sirad\.gradle\caches\8.13\transforms\cf3e21e0ba39ef3bc5367f5ac018c3f5\transformed\play-services-measurement-api-23.0.0\AndroidManifest.xml:17:1-39:12
MERGED from [com.google.android.recaptcha:recaptcha:18.6.1] C:\Users\sirad\.gradle\caches\8.13\transforms\4bc252ec605d6ef8146ee686d9048323\transformed\recaptcha-18.6.1\AndroidManifest.xml:2:1-11:12
MERGED from [com.google.android.play:integrity:1.3.0] C:\Users\sirad\.gradle\caches\8.13\transforms\f56515210d665281c7dbae5c2bb92774\transformed\integrity-1.3.0\AndroidManifest.xml:2:1-7:12
MERGED from [com.google.firebase:firebase-auth-interop:20.0.0] C:\Users\sirad\.gradle\caches\8.13\transforms\a8d76e06eec334aebb1dccda72aa115e\transformed\firebase-auth-interop-20.0.0\AndroidManifest.xml:2:1-10:12
MERGED from [com.google.firebase:firebase-installations:19.0.1] C:\Users\sirad\.gradle\caches\8.13\transforms\063ad2bb781bf157d8445d1c68533c81\transformed\firebase-installations-19.0.1\AndroidManifest.xml:2:1-24:12
MERGED from [com.google.firebase:firebase-common:22.0.1] C:\Users\sirad\.gradle\caches\8.13\transforms\10b615c46dc28abe4d9d5b9b7b5dd7f7\transformed\firebase-common-22.0.1\AndroidManifest.xml:15:1-41:12
MERGED from [com.google.firebase:firebase-iid-interop:17.1.0] C:\Users\sirad\.gradle\caches\8.13\transforms\84307de11fcbc3527dff035185021859\transformed\firebase-iid-interop-17.1.0\AndroidManifest.xml:2:1-10:12
MERGED from [com.google.android.gms:play-services-cloud-messaging:17.2.0] C:\Users\sirad\.gradle\caches\8.13\transforms\7d007b5220813db7e95b415d16192c40\transformed\play-services-cloud-messaging-17.2.0\AndroidManifest.xml:2:1-13:12
MERGED from [androidx.work:work-runtime-ktx:2.11.0] C:\Users\sirad\.gradle\caches\8.13\transforms\30761cb09e30bad5342cdd6bfa3a1db8\transformed\work-runtime-ktx-2.11.0\AndroidManifest.xml:17:1-22:12
MERGED from [androidx.work:work-runtime:2.11.0] C:\Users\sirad\.gradle\caches\8.13\transforms\d4dccc2840b421e0833840356456b596\transformed\work-runtime-2.11.0\AndroidManifest.xml:17:1-83:12
MERGED from [androidx.room:room-runtime-android:2.8.4] C:\Users\sirad\.gradle\caches\8.13\transforms\c6fd910604768fd0130d32e47a6adca5\transformed\room-runtime\AndroidManifest.xml:17:1-31:12
MERGED from [androidx.navigationevent:navigationevent-android:1.0.1] C:\Users\sirad\.gradle\caches\8.13\transforms\8d14c1bfc11122adefc63afe589a7f87\transformed\navigationevent\AndroidManifest.xml:2:1-7:12
MERGED from [androidx.legacy:legacy-support-v4:1.0.0] C:\Users\sirad\.gradle\caches\8.13\transforms\5747bc87db6970d530803c23cdb8dcd0\transformed\legacy-support-v4-1.0.0\AndroidManifest.xml:17:1-22:12
MERGED from [androidx.legacy:legacy-support-core-ui:1.0.0] C:\Users\sirad\.gradle\caches\8.13\transforms\dc8a9293dbc5f329c3ef84da885a941c\transformed\legacy-support-core-ui-1.0.0\AndroidManifest.xml:17:1-22:12
MERGED from [androidx.slidingpanelayout:slidingpanelayout:1.2.0] C:\Users\sirad\.gradle\caches\8.13\transforms\63cfbae09aeb85c317c3f2759e2dd069\transformed\slidingpanelayout-1.2.0\AndroidManifest.xml:17:1-24:12
MERGED from [androidx.window:window:1.0.0] C:\Users\sirad\.gradle\caches\8.13\transforms\ba511f98ccacdda59eea5d8a671cc228\transformed\window-1.0.0\AndroidManifest.xml:17:1-33:12
MERGED from [androidx.swiperefreshlayout:swiperefreshlayout:1.2.0] C:\Users\sirad\.gradle\caches\8.13\transforms\655c8aab4a32f1c5d57d05f93d7493d7\transformed\swiperefreshlayout-1.2.0\AndroidManifest.xml:2:1-7:12
MERGED from [androidx.emoji2:emoji2-views-helper:1.3.0] C:\Users\sirad\.gradle\caches\8.13\transforms\0a653461ccc943c7affa8451c8013281\transformed\emoji2-views-helper-1.3.0\AndroidManifest.xml:2:1-7:12
MERGED from [androidx.emoji2:emoji2:1.3.0] C:\Users\sirad\.gradle\caches\8.13\transforms\12835d4dd05759d64eaf6f002036742c\transformed\emoji2-1.3.0\AndroidManifest.xml:17:1-35:12
MERGED from [androidx.drawerlayout:drawerlayout:1.1.1] C:\Users\sirad\.gradle\caches\8.13\transforms\75e49587e06ce3dd5af39f86fc8df901\transformed\drawerlayout-1.1.1\AndroidManifest.xml:17:1-24:12
MERGED from [androidx.coordinatorlayout:coordinatorlayout:1.1.0] C:\Users\sirad\.gradle\caches\8.13\transforms\d3e8081afa80d90bbf91a6e701cb85ea\transformed\coordinatorlayout-1.1.0\AndroidManifest.xml:17:1-24:12
MERGED from [androidx.transition:transition:1.5.0] C:\Users\sirad\.gradle\caches\8.13\transforms\246120c26187728486867938bcb7cd27\transformed\transition-1.5.0\AndroidManifest.xml:2:1-7:12
MERGED from [androidx.dynamicanimation:dynamicanimation:1.1.0] C:\Users\sirad\.gradle\caches\8.13\transforms\f01789e94ad8913998d2fd343631498c\transformed\dynamicanimation-1.1.0\AndroidManifest.xml:2:1-7:12
MERGED from [androidx.vectordrawable:vectordrawable-animated:1.1.0] C:\Users\sirad\.gradle\caches\8.13\transforms\25021630c758dcf17d65735f2a7ce6a4\transformed\vectordrawable-animated-1.1.0\AndroidManifest.xml:17:1-24:12
MERGED from [androidx.vectordrawable:vectordrawable:1.1.0] C:\Users\sirad\.gradle\caches\8.13\transforms\99a00fbdd1c69bc1033c6d8320fa2f0d\transformed\vectordrawable-1.1.0\AndroidManifest.xml:17:1-24:12
MERGED from [androidx.graphics:graphics-shapes-android:1.0.1] C:\Users\sirad\.gradle\caches\8.13\transforms\3216f6076f160f162f822edb677c5090\transformed\graphics-shapes-release\AndroidManifest.xml:2:1-7:12
MERGED from [com.linkedin.android.litr:litr:1.4.16] C:\Users\sirad\.gradle\caches\8.13\transforms\80e0c5351e1e366b3d2a952156e2dff7\transformed\litr-1.4.16\AndroidManifest.xml:7:1-16:12
MERGED from [com.google.android.gms:play-services-stats:17.0.2] C:\Users\sirad\.gradle\caches\8.13\transforms\1db0db662073d181a6642cc29a53111e\transformed\play-services-stats-17.0.2\AndroidManifest.xml:2:1-9:12
MERGED from [androidx.legacy:legacy-support-core-utils:1.0.0] C:\Users\sirad\.gradle\caches\8.13\transforms\8cccc3cd7e97b0d740d219396998b85c\transformed\legacy-support-core-utils-1.0.0\AndroidManifest.xml:17:1-22:12
MERGED from [androidx.loader:loader:1.1.0] C:\Users\sirad\.gradle\caches\8.13\transforms\8e6cb8b72742d8134857501d559b2809\transformed\loader-1.1.0\AndroidManifest.xml:17:1-24:12
MERGED from [androidx.activity:activity-ktx:1.12.2] C:\Users\sirad\.gradle\caches\8.13\transforms\81b2266ad2dcf68414c7c075ec7599b2\transformed\activity-ktx-1.12.2\AndroidManifest.xml:2:1-7:12
MERGED from [androidx.lifecycle:lifecycle-runtime-ktx-android:2.9.0] C:\Users\sirad\.gradle\caches\8.13\transforms\ac45c9bd21abd3320e87c6201551b07e\transformed\lifecycle-runtime-ktx\AndroidManifest.xml:2:1-7:12
MERGED from [androidx.lifecycle:lifecycle-viewmodel-ktx:2.9.0] C:\Users\sirad\.gradle\caches\8.13\transforms\cccb8eb0b02cd7b7613441e9dc6193e4\transformed\lifecycle-viewmodel-ktx-2.9.0\AndroidManifest.xml:2:1-7:12
MERGED from [androidx.lifecycle:lifecycle-service:2.9.0] C:\Users\sirad\.gradle\caches\8.13\transforms\d65a2acb1fdaddd676e2decfb2068fc6\transformed\lifecycle-service-2.9.0\AndroidManifest.xml:2:1-7:12
MERGED from [androidx.lifecycle:lifecycle-process:2.9.0] C:\Users\sirad\.gradle\caches\8.13\transforms\c352668c52870cafbcf8f21fa80b7657\transformed\lifecycle-process-2.9.0\AndroidManifest.xml:17:1-35:12
MERGED from [androidx.lifecycle:lifecycle-livedata-core-ktx:2.9.0] C:\Users\sirad\.gradle\caches\8.13\transforms\feab904c384f03c4823d27231d30e1cb\transformed\lifecycle-livedata-core-ktx-2.9.0\AndroidManifest.xml:2:1-7:12
MERGED from [androidx.lifecycle:lifecycle-livedata-core:2.9.0] C:\Users\sirad\.gradle\caches\8.13\transforms\595b883fda099d7b0b09de2135cc3ae2\transformed\lifecycle-livedata-core-2.9.0\AndroidManifest.xml:17:1-22:12
MERGED from [androidx.lifecycle:lifecycle-livedata:2.9.0] C:\Users\sirad\.gradle\caches\8.13\transforms\7e8b1339a70dbbf0059f4b2a3d445d13\transformed\lifecycle-livedata-2.9.0\AndroidManifest.xml:17:1-22:12
MERGED from [androidx.lifecycle:lifecycle-viewmodel:2.9.0] C:\Users\sirad\.gradle\caches\8.13\transforms\9360062dd8ec0831d7348c983c2867ee\transformed\lifecycle-viewmodel-2.9.0\AndroidManifest.xml:2:1-5:12
MERGED from [androidx.lifecycle:lifecycle-viewmodel-android:2.9.0] C:\Users\sirad\.gradle\caches\8.13\transforms\3afe0fe86f1f3a4b5a8b8b6a93356afd\transformed\lifecycle-viewmodel-release\AndroidManifest.xml:17:1-22:12
MERGED from [androidx.savedstate:savedstate-ktx:1.3.0] C:\Users\sirad\.gradle\caches\8.13\transforms\f0dd79ac17f19717e847dc056464a131\transformed\savedstate-ktx-1.3.0\AndroidManifest.xml:2:1-7:12
MERGED from [androidx.savedstate:savedstate-android:1.3.0] C:\Users\sirad\.gradle\caches\8.13\transforms\eb534c00dffb5bbe56d43a6b08a3d236\transformed\savedstate-release\AndroidManifest.xml:17:1-22:12
MERGED from [androidx.lifecycle:lifecycle-viewmodel-savedstate-android:2.9.0] C:\Users\sirad\.gradle\caches\8.13\transforms\20bbc1c3fc61af473e215e174369f5cb\transformed\lifecycle-viewmodel-savedstate-release\AndroidManifest.xml:17:1-22:12
MERGED from [androidx.privacysandbox.ads:ads-adservices-java:1.1.0-beta11] C:\Users\sirad\.gradle\caches\8.13\transforms\bae1cdef6467c05b343caff53e722206\transformed\ads-adservices-java-1.1.0-beta11\AndroidManifest.xml:2:1-7:12
MERGED from [androidx.privacysandbox.ads:ads-adservices:1.1.0-beta11] C:\Users\sirad\.gradle\caches\8.13\transforms\e677c0b2eee276bc6cca104b25583b18\transformed\ads-adservices-1.1.0-beta11\AndroidManifest.xml:17:1-28:12
MERGED from [androidx.media3:media3-exoplayer-dash:1.1.1] C:\Users\sirad\.gradle\caches\8.13\transforms\47528a5399c20a1f0ef5714524481bce\transformed\media3-exoplayer-dash-1.1.1\AndroidManifest.xml:17:1-24:12
MERGED from [androidx.media3:media3-exoplayer-hls:1.1.1] C:\Users\sirad\.gradle\caches\8.13\transforms\7623bb9c2dc68c23c8096b57572286cd\transformed\media3-exoplayer-hls-1.1.1\AndroidManifest.xml:17:1-24:12
MERGED from [androidx.media3:media3-exoplayer:1.1.1] C:\Users\sirad\.gradle\caches\8.13\transforms\9cae78acd897a403fbb7b08c9c8114dd\transformed\media3-exoplayer-1.1.1\AndroidManifest.xml:17:1-26:12
MERGED from [androidx.media3:media3-extractor:1.1.1] C:\Users\sirad\.gradle\caches\8.13\transforms\df3f6fc40346c613497d93e3d3df0cfa\transformed\media3-extractor-1.1.1\AndroidManifest.xml:17:1-24:12
MERGED from [androidx.media3:media3-container:1.1.1] C:\Users\sirad\.gradle\caches\8.13\transforms\286a8e77f86122af8478330f24e03b0d\transformed\media3-container-1.1.1\AndroidManifest.xml:17:1-24:12
MERGED from [androidx.media3:media3-datasource:1.1.1] C:\Users\sirad\.gradle\caches\8.13\transforms\8247a09a60d0597b779abedbebfde84c\transformed\media3-datasource-1.1.1\AndroidManifest.xml:17:1-24:12
MERGED from [androidx.media3:media3-decoder:1.1.1] C:\Users\sirad\.gradle\caches\8.13\transforms\7059964f6ccfbe316a2e60e75a05c4c6\transformed\media3-decoder-1.1.1\AndroidManifest.xml:17:1-24:12
MERGED from [androidx.media3:media3-database:1.1.1] C:\Users\sirad\.gradle\caches\8.13\transforms\88fa5e6549efe9db1e427dedaa47ac1f\transformed\media3-database-1.1.1\AndroidManifest.xml:17:1-24:12
MERGED from [androidx.media3:media3-common:1.1.1] C:\Users\sirad\.gradle\caches\8.13\transforms\910f540ba1bd9af5336bac0bbf392b91\transformed\media3-common-1.1.1\AndroidManifest.xml:17:1-26:12
MERGED from [androidx.media3:media3-ui:1.1.1] C:\Users\sirad\.gradle\caches\8.13\transforms\b1e1ec1cc35a42ac9e5db158c3ef4c2b\transformed\media3-ui-1.1.1\AndroidManifest.xml:17:1-24:12
MERGED from [androidx.recyclerview:recyclerview:1.3.0] C:\Users\sirad\.gradle\caches\8.13\transforms\a8f915babe1d397d6e4f9f7c530a42c5\transformed\recyclerview-1.3.0\AndroidManifest.xml:17:1-22:12
MERGED from [androidx.customview:customview-poolingcontainer:1.0.0] C:\Users\sirad\.gradle\caches\8.13\transforms\619dae966f699329fdb500862db9755a\transformed\customview-poolingcontainer-1.0.0\AndroidManifest.xml:17:1-23:12
MERGED from [androidx.core:core-ktx:1.16.0] C:\Users\sirad\.gradle\caches\8.13\transforms\88061e0a701924de25bf2a7e30dc0b75\transformed\core-ktx-1.16.0\AndroidManifest.xml:2:1-7:12
MERGED from [androidx.viewpager:viewpager:1.0.0] C:\Users\sirad\.gradle\caches\8.13\transforms\509780ac19c94516a5cdd3887b81a4e6\transformed\viewpager-1.0.0\AndroidManifest.xml:17:1-22:12
MERGED from [androidx.customview:customview:1.1.0] C:\Users\sirad\.gradle\caches\8.13\transforms\db2fc126f9dfffdca71ef5e7097aaa12\transformed\customview-1.1.0\AndroidManifest.xml:17:1-24:12
MERGED from [androidx.browser:browser:1.4.0] C:\Users\sirad\.gradle\caches\8.13\transforms\c427f4bee67c164f923b48502848b632\transformed\browser-1.4.0\AndroidManifest.xml:17:1-24:12
MERGED from [androidx.media:media:1.6.0] C:\Users\sirad\.gradle\caches\8.13\transforms\51c26a2c4ea957c245a04a20bf4f076b\transformed\media-1.6.0\AndroidManifest.xml:17:1-24:12
MERGED from [com.facebook.fresco:fresco:3.6.0] C:\Users\sirad\.gradle\caches\8.13\transforms\99fd438fc1f23b568efdfd10a2229daa\transformed\fresco-3.6.0\AndroidManifest.xml:2:1-7:12
MERGED from [com.facebook.fresco:soloader:3.6.0] C:\Users\sirad\.gradle\caches\8.13\transforms\465e1aa036fe199755865a6f8815e007\transformed\soloader-3.6.0\AndroidManifest.xml:2:1-7:12
MERGED from [com.facebook.fresco:drawee:3.6.0] C:\Users\sirad\.gradle\caches\8.13\transforms\9766522f0453a6b0cd97bac3321c78ed\transformed\drawee-3.6.0\AndroidManifest.xml:2:1-7:12
MERGED from [com.facebook.fresco:nativeimagefilters:3.6.0] C:\Users\sirad\.gradle\caches\8.13\transforms\4d5a6fafb2112a923aca41330c984ad0\transformed\nativeimagefilters-3.6.0\AndroidManifest.xml:2:1-7:12
MERGED from [com.facebook.fresco:memory-type-native:3.6.0] C:\Users\sirad\.gradle\caches\8.13\transforms\65f79dddf4551bc7b8ca43e6fe80183f\transformed\memory-type-native-3.6.0\AndroidManifest.xml:2:1-7:12
MERGED from [com.facebook.fresco:memory-type-java:3.6.0] C:\Users\sirad\.gradle\caches\8.13\transforms\2e97d96c607039a81ce55b3c8eacf1c8\transformed\memory-type-java-3.6.0\AndroidManifest.xml:2:1-7:12
MERGED from [com.facebook.fresco:imagepipeline-native:3.6.0] C:\Users\sirad\.gradle\caches\8.13\transforms\9bd43e4c863f169e870e8802f83ac386\transformed\imagepipeline-native-3.6.0\AndroidManifest.xml:2:1-7:12
MERGED from [com.facebook.fresco:memory-type-ashmem:3.6.0] C:\Users\sirad\.gradle\caches\8.13\transforms\be8f78ea230975fe79eee5bb5fdc1250\transformed\memory-type-ashmem-3.6.0\AndroidManifest.xml:2:1-7:12
MERGED from [com.facebook.fresco:imagepipeline:3.6.0] C:\Users\sirad\.gradle\caches\8.13\transforms\bd676597b29eaf883bc78fc1fe8f6442\transformed\imagepipeline-3.6.0\AndroidManifest.xml:2:1-7:12
MERGED from [com.facebook.fresco:nativeimagetranscoder:3.6.0] C:\Users\sirad\.gradle\caches\8.13\transforms\b1ef9ab100bb8406e7cd31588c020f27\transformed\nativeimagetranscoder-3.6.0\AndroidManifest.xml:2:1-7:12
MERGED from [com.facebook.fresco:imagepipeline-base:3.6.0] C:\Users\sirad\.gradle\caches\8.13\transforms\cae67cb3846cd99b8064da5695b334b3\transformed\imagepipeline-base-3.6.0\AndroidManifest.xml:2:1-7:12
MERGED from [com.facebook.fresco:urimod:3.6.0] C:\Users\sirad\.gradle\caches\8.13\transforms\af2a48a3e79012f98694ec8ecba1a516\transformed\urimod-3.6.0\AndroidManifest.xml:2:1-7:12
MERGED from [com.facebook.fresco:vito-source:3.6.0] C:\Users\sirad\.gradle\caches\8.13\transforms\28974506fb0664bdf90aa436c874c5b4\transformed\vito-source-3.6.0\AndroidManifest.xml:2:1-7:12
MERGED from [com.facebook.fresco:middleware:3.6.0] C:\Users\sirad\.gradle\caches\8.13\transforms\9e22ab9889bf9169920a1d2cd5572846\transformed\middleware-3.6.0\AndroidManifest.xml:2:1-7:12
MERGED from [com.facebook.fresco:ui-common:3.6.0] C:\Users\sirad\.gradle\caches\8.13\transforms\f647674349b3c2eda3ab077cd43b9b3c\transformed\ui-common-3.6.0\AndroidManifest.xml:2:1-7:12
MERGED from [com.facebook.fresco:fbcore:3.6.0] C:\Users\sirad\.gradle\caches\8.13\transforms\b8bb847e857b8708229bbba2a0362108\transformed\fbcore-3.6.0\AndroidManifest.xml:2:1-7:12
MERGED from [androidx.asynclayoutinflater:asynclayoutinflater:1.0.0] C:\Users\sirad\.gradle\caches\8.13\transforms\bbb040afb1c999895be086e9ae6ac62e\transformed\asynclayoutinflater-1.0.0\AndroidManifest.xml:17:1-22:12
MERGED from [androidx.core:core:1.16.0] C:\Users\sirad\.gradle\caches\8.13\transforms\a1a955e9210e9087e48f075b9976d805\transformed\core-1.16.0\AndroidManifest.xml:17:1-30:12
MERGED from [androidx.lifecycle:lifecycle-runtime-android:2.9.0] C:\Users\sirad\.gradle\caches\8.13\transforms\3cfe0e8d96bd445cc2d9cbbc1df6caa3\transformed\lifecycle-runtime-release\AndroidManifest.xml:17:1-22:12
MERGED from [androidx.datastore:datastore-core-android:1.1.7] C:\Users\sirad\.gradle\caches\8.13\transforms\ff1e685d3b94b09d7d6dc1704b0cada4\transformed\datastore-core-release\AndroidManifest.xml:2:1-7:12
MERGED from [androidx.datastore:datastore-preferences-core-android:1.1.7] C:\Users\sirad\.gradle\caches\8.13\transforms\b5ebe889973c05a165967ca5a1850ec5\transformed\datastore-preferences-core-release\AndroidManifest.xml:2:1-7:12
MERGED from [androidx.datastore:datastore-android:1.1.7] C:\Users\sirad\.gradle\caches\8.13\transforms\31657e55f374576464a2e9becad141b3\transformed\datastore-release\AndroidManifest.xml:17:1-22:12
MERGED from [androidx.datastore:datastore-preferences-android:1.1.7] C:\Users\sirad\.gradle\caches\8.13\transforms\3e35b84b6aca4ea1734ce83d04b950e3\transformed\datastore-preferences-release\AndroidManifest.xml:17:1-22:12
MERGED from [com.google.firebase:firebase-installations-interop:17.1.1] C:\Users\sirad\.gradle\caches\8.13\transforms\7f118b5b212d2908ec4e2586580705e9\transformed\firebase-installations-interop-17.1.1\AndroidManifest.xml:15:1-19:12
MERGED from [com.google.android.gms:play-services-tasks:18.2.0] C:\Users\sirad\.gradle\caches\8.13\transforms\d478a4ae033847e6a0039420c66bee27\transformed\play-services-tasks-18.2.0\AndroidManifest.xml:2:1-5:12
MERGED from [com.google.firebase:firebase-measurement-connector:19.0.0] C:\Users\sirad\.gradle\caches\8.13\transforms\a82fb912f4f5a04a27824f1b4a81e4e7\transformed\firebase-measurement-connector-19.0.0\AndroidManifest.xml:17:1-25:12
MERGED from [com.google.android.gms:play-services-ads-identifier:18.0.0] C:\Users\sirad\.gradle\caches\8.13\transforms\49b0c405afb3e15649ff5db10bbee155\transformed\play-services-ads-identifier-18.0.0\AndroidManifest.xml:17:1-27:12
MERGED from [com.google.android.gms:play-services-measurement-sdk-api:23.0.0] C:\Users\sirad\.gradle\caches\8.13\transforms\2598ae4f2e9616205b9bb7349b9523b4\transformed\play-services-measurement-sdk-api-23.0.0\AndroidManifest.xml:17:1-30:12
MERGED from [com.google.android.gms:play-services-measurement-base:23.0.0] C:\Users\sirad\.gradle\caches\8.13\transforms\5f3ca09b0f5669b64d2393cac421f835\transformed\play-services-measurement-base-23.0.0\AndroidManifest.xml:2:1-9:12
MERGED from [com.google.android.gms:play-services-basement:18.8.0] C:\Users\sirad\.gradle\caches\8.13\transforms\442dff2e9dabb75b981dd4d51ae259e2\transformed\play-services-basement-18.8.0\AndroidManifest.xml:16:1-26:12
MERGED from [androidx.fragment:fragment:1.6.2] C:\Users\sirad\.gradle\caches\8.13\transforms\7742133b941929501d01fff2b7a14063\transformed\fragment-1.6.2\AndroidManifest.xml:17:1-22:12
MERGED from [androidx.activity:activity:1.12.2] C:\Users\sirad\.gradle\caches\8.13\transforms\53e76032c6e2fb9e6f5fb6e577026994\transformed\activity-1.12.2\AndroidManifest.xml:17:1-22:12
MERGED from [com.google.android.libraries.identity.googleid:googleid:1.1.0] C:\Users\sirad\.gradle\caches\8.13\transforms\a04fdaea6cee37a7d2dcf4a56da836ca\transformed\googleid-1.1.0\AndroidManifest.xml:2:1-7:12
MERGED from [androidx.core:core-viewtree:1.0.0] C:\Users\sirad\.gradle\caches\8.13\transforms\e0889e32c201c225000b6f0e3bf68e80\transformed\core-viewtree-1.0.0\AndroidManifest.xml:2:1-7:12
MERGED from [androidx.profileinstaller:profileinstaller:1.4.0] C:\Users\sirad\.gradle\caches\8.13\transforms\a97e479ca9afb6775b542b976a2685ec\transformed\profileinstaller-1.4.0\AndroidManifest.xml:17:1-55:12
MERGED from [androidx.startup:startup-runtime:1.1.1] C:\Users\sirad\.gradle\caches\8.13\transforms\308c57d0ef0991d575387055561b1da8\transformed\startup-runtime-1.1.1\AndroidManifest.xml:17:1-33:12
MERGED from [androidx.tracing:tracing:1.2.0] C:\Users\sirad\.gradle\caches\8.13\transforms\ea71f90e3a9e47345b9e8f39a935ab56\transformed\tracing-1.2.0\AndroidManifest.xml:17:1-22:12
MERGED from [androidx.tracing:tracing-ktx:1.2.0] C:\Users\sirad\.gradle\caches\8.13\transforms\99ea23940b3f081f0b7c7b39e31ff061\transformed\tracing-ktx-1.2.0\AndroidManifest.xml:17:1-22:12
MERGED from [androidx.annotation:annotation-experimental:1.5.0] C:\Users\sirad\.gradle\caches\8.13\transforms\dddf593361f1f3a1c10d57dbaa82baa5\transformed\annotation-experimental-1.5.0\AndroidManifest.xml:2:1-7:12
MERGED from [com.facebook.fresco:ui-core:3.6.0] C:\Users\sirad\.gradle\caches\8.13\transforms\4b688f020557e4c262dec3205840d667\transformed\ui-core-3.6.0\AndroidManifest.xml:2:1-7:12
MERGED from [com.facebook.shimmer:shimmer:0.5.0] C:\Users\sirad\.gradle\caches\8.13\transforms\1e5f70736b31e013ec79bd5731ebdab5\transformed\shimmer-0.5.0\AndroidManifest.xml:2:1-7:12
MERGED from [androidx.cursoradapter:cursoradapter:1.0.0] C:\Users\sirad\.gradle\caches\8.13\transforms\1fca101e986a30248fe5310a9fe29990\transformed\cursoradapter-1.0.0\AndroidManifest.xml:17:1-22:12
MERGED from [androidx.cardview:cardview:1.0.0] C:\Users\sirad\.gradle\caches\8.13\transforms\8642af993883f89987ae9961ceebff30\transformed\cardview-1.0.0\AndroidManifest.xml:17:1-22:12
MERGED from [androidx.interpolator:interpolator:1.0.0] C:\Users\sirad\.gradle\caches\8.13\transforms\0aeeccd037d7082a8f61d5c32f87dc01\transformed\interpolator-1.0.0\AndroidManifest.xml:17:1-22:12
MERGED from [com.github.bumptech.glide:gifdecoder:5.0.5] C:\Users\sirad\.gradle\caches\8.13\transforms\dcc7a2e40f119f751859702e9bb7a540\transformed\gifdecoder-5.0.5\AndroidManifest.xml:2:1-7:12
MERGED from [androidx.exifinterface:exifinterface:1.3.6] C:\Users\sirad\.gradle\caches\8.13\transforms\69034bf797e24960f4d2b0444127ef1d\transformed\exifinterface-1.3.6\AndroidManifest.xml:17:1-24:12
MERGED from [androidx.arch.core:core-runtime:2.2.0] C:\Users\sirad\.gradle\caches\8.13\transforms\3475667bd3b1b63054ed2721eda6ceda\transformed\core-runtime-2.2.0\AndroidManifest.xml:17:1-22:12
MERGED from [androidx.localbroadcastmanager:localbroadcastmanager:1.0.0] C:\Users\sirad\.gradle\caches\8.13\transforms\910791d52a0e605299a61d4ee52e6493\transformed\localbroadcastmanager-1.0.0\AndroidManifest.xml:17:1-22:12
MERGED from [com.google.firebase:firebase-components:19.0.0] C:\Users\sirad\.gradle\caches\8.13\transforms\6faabd836120cfcf3bd0302a34729d40\transformed\firebase-components-19.0.0\AndroidManifest.xml:15:1-20:12
MERGED from [com.google.firebase:firebase-datatransport:18.2.0] C:\Users\sirad\.gradle\caches\8.13\transforms\34b1acf779f4ecf62dc456bd93059026\transformed\firebase-datatransport-18.2.0\AndroidManifest.xml:15:1-31:12
MERGED from [com.google.android.datatransport:transport-backend-cct:3.1.9] C:\Users\sirad\.gradle\caches\8.13\transforms\1c3c744f839cc55ea8a70d0f110481b2\transformed\transport-backend-cct-3.1.9\AndroidManifest.xml:15:1-37:12
MERGED from [com.google.firebase:firebase-encoders-json:18.0.0] C:\Users\sirad\.gradle\caches\8.13\transforms\c61fd9b82ed99e2278db1e4e0bb62710\transformed\firebase-encoders-json-18.0.0\AndroidManifest.xml:15:1-23:12
MERGED from [com.google.android.datatransport:transport-runtime:3.1.9] C:\Users\sirad\.gradle\caches\8.13\transforms\501db91d7d775d19020df526ca49a983\transformed\transport-runtime-3.1.9\AndroidManifest.xml:15:1-41:12
MERGED from [com.google.android.datatransport:transport-api:3.1.0] C:\Users\sirad\.gradle\caches\8.13\transforms\39b959c19ce233519883870ce4ca329a\transformed\transport-api-3.1.0\AndroidManifest.xml:15:1-20:12
MERGED from [androidx.versionedparcelable:versionedparcelable:1.1.1] C:\Users\sirad\.gradle\caches\8.13\transforms\368c4f5087ef561f12ae3d7a993d8606\transformed\versionedparcelable-1.1.1\AndroidManifest.xml:17:1-27:12
MERGED from [androidx.sqlite:sqlite-framework-android:2.6.2] C:\Users\sirad\.gradle\caches\8.13\transforms\e3b7ede07a29535f6e727efbc0692a0d\transformed\sqlite-framework\AndroidManifest.xml:17:1-22:12
MERGED from [androidx.sqlite:sqlite-android:2.6.2] C:\Users\sirad\.gradle\caches\8.13\transforms\aa10b902e8a156aa6d4e0a16d425c18a\transformed\sqlite\AndroidManifest.xml:17:1-22:12
MERGED from [androidx.documentfile:documentfile:1.0.0] C:\Users\sirad\.gradle\caches\8.13\transforms\1a25a5450a6ac1b05f79f385eb052fd3\transformed\documentfile-1.0.0\AndroidManifest.xml:17:1-22:12
MERGED from [androidx.print:print:1.0.0] C:\Users\sirad\.gradle\caches\8.13\transforms\efd91b99a7c7ffb3ceb0cf67c51c8350\transformed\print-1.0.0\AndroidManifest.xml:17:1-22:12
MERGED from [androidx.compose.runtime:runtime-annotation-android:1.9.0] C:\Users\sirad\.gradle\caches\8.13\transforms\8c38e93d13c19ccd43099ad2ef277dea\transformed\runtime-annotation\AndroidManifest.xml:2:1-7:12
MERGED from [de.hdodenhof:circleimageview:3.1.0] C:\Users\sirad\.gradle\caches\8.13\transforms\a4cd6e50e27ba0ef1329af260b86f8f7\transformed\circleimageview-3.1.0\AndroidManifest.xml:2:1-11:12
MERGED from [io.agora.rtc:full-sdk:4.6.1] C:\Users\sirad\.gradle\caches\8.13\transforms\e1e0e1c21b3d0248cbdb419b023b0407\transformed\full-sdk-4.6.1\AndroidManifest.xml:2:1-9:12
MERGED from [io.grpc:grpc-android:1.62.2] C:\Users\sirad\.gradle\caches\8.13\transforms\61c88c95860bd23fef9d3f810b04b48a\transformed\grpc-android-1.62.2\AndroidManifest.xml:2:1-9:12
MERGED from [com.github.bumptech.glide:disklrucache:5.0.5] C:\Users\sirad\.gradle\caches\8.13\transforms\c1a1fd215620b471ec39f8804ff1a1a8\transformed\disklrucache-5.0.5\AndroidManifest.xml:2:1-7:12
MERGED from [io.agora.rtc:full-rtc-basic:4.6.1] C:\Users\sirad\.gradle\caches\8.13\transforms\22aa71b005d060265e6a4473d60f2efd\transformed\full-rtc-basic-4.6.1\AndroidManifest.xml:2:1-9:12
MERGED from [io.agora.rtc:ains:4.6.1] C:\Users\sirad\.gradle\caches\8.13\transforms\d3549c4921706d85a31c2cd8fecd4a73\transformed\ains-4.6.1\AndroidManifest.xml:2:1-9:12
MERGED from [io.agora.rtc:audio-beauty:4.6.1] C:\Users\sirad\.gradle\caches\8.13\transforms\2b652c3044d81f9720bf8b6643e6dfa2\transformed\audio-beauty-4.6.1\AndroidManifest.xml:2:1-9:12
MERGED from [io.agora.rtc:clear-vision:4.6.1] C:\Users\sirad\.gradle\caches\8.13\transforms\4a421a33fdbd5d6912c0f37fb77cec6d\transformed\clear-vision-4.6.1\AndroidManifest.xml:2:1-9:12
MERGED from [io.agora.rtc:full-content-inspect:4.6.1] C:\Users\sirad\.gradle\caches\8.13\transforms\39c3e601b107dd61d1cd4bf6c0137cbb\transformed\full-content-inspect-4.6.1\AndroidManifest.xml:2:1-9:12
MERGED from [io.agora.rtc:screen-capture:4.6.1] C:\Users\sirad\.gradle\caches\8.13\transforms\1217a9e2c37102e457c2b7d7924696a8\transformed\screen-capture-4.6.1\AndroidManifest.xml:2:1-9:12
MERGED from [io.agora.rtc:full-virtual-background:4.6.1] C:\Users\sirad\.gradle\caches\8.13\transforms\5a0587a97d64821769ff7be76e696797\transformed\full-virtual-background-4.6.1\AndroidManifest.xml:2:1-9:12
MERGED from [io.agora.rtc:spatial-audio:4.6.1] C:\Users\sirad\.gradle\caches\8.13\transforms\9a5838604b5cd274280d6e8a75222d06\transformed\spatial-audio-4.6.1\AndroidManifest.xml:2:1-9:12
MERGED from [io.agora.rtc:full-screen-sharing:4.6.1] C:\Users\sirad\.gradle\caches\8.13\transforms\c5687eea63698b348eb1306757e0299b\transformed\full-screen-sharing-4.6.1\AndroidManifest.xml:2:1-21:12
MERGED from [io.agora.rtc:aiaec:4.6.1] C:\Users\sirad\.gradle\caches\8.13\transforms\559d1193db0b4b11d10d806a948fb046\transformed\aiaec-4.6.1\AndroidManifest.xml:2:1-9:12
MERGED from [io.agora.rtc:full-vqa:4.6.1] C:\Users\sirad\.gradle\caches\8.13\transforms\b81463a84bda0f060a7073be4b7da6bf\transformed\full-vqa-4.6.1\AndroidManifest.xml:2:1-9:12
MERGED from [io.agora.rtc:full-face-detect:4.6.1] C:\Users\sirad\.gradle\caches\8.13\transforms\524c57915fb81d38667c9d44b8b367e2\transformed\full-face-detect-4.6.1\AndroidManifest.xml:2:1-9:12
MERGED from [io.agora.rtc:full-face-capture:4.6.1] C:\Users\sirad\.gradle\caches\8.13\transforms\ced385e352ff7c27dc9a331c968fbac9\transformed\full-face-capture-4.6.1\AndroidManifest.xml:2:1-9:12
MERGED from [io.agora.rtc:full-voice-drive:4.6.1] C:\Users\sirad\.gradle\caches\8.13\transforms\a65f64c2bca75a6e983f423edbb90902\transformed\full-voice-drive-4.6.1\AndroidManifest.xml:2:1-9:12
MERGED from [io.agora.rtc:full-video-codec-enc:4.6.1] C:\Users\sirad\.gradle\caches\8.13\transforms\b162932204dfc2cab93d7addd42cc58a\transformed\full-video-codec-enc-4.6.1\AndroidManifest.xml:2:1-9:12
MERGED from [io.agora.rtc:full-video-codec-dec:4.6.1] C:\Users\sirad\.gradle\caches\8.13\transforms\7af8a492cd0872dae8bba79eb4f3656e\transformed\full-video-codec-dec-4.6.1\AndroidManifest.xml:2:1-9:12
MERGED from [io.agora.rtc:full-video-av1-codec-enc:4.6.1] C:\Users\sirad\.gradle\caches\8.13\transforms\4e73a42caa7a8a54254b36d5dcbcf2cd\transformed\full-video-av1-codec-enc-4.6.1\AndroidManifest.xml:2:1-9:12
MERGED from [io.agora.rtc:full-video-av1-codec-dec:4.6.1] C:\Users\sirad\.gradle\caches\8.13\transforms\6d412a930d51dfff1be43c985ae0aef3\transformed\full-video-av1-codec-dec-4.6.1\AndroidManifest.xml:2:1-9:12
MERGED from [com.google.firebase:protolite-well-known-types:18.0.1] C:\Users\sirad\.gradle\caches\8.13\transforms\49fb49d9fa33ef1289bab607a42bf182\transformed\protolite-well-known-types-18.0.1\AndroidManifest.xml:2:1-7:12
MERGED from [io.agora.infra:aosl:1.3.0] C:\Users\sirad\.gradle\caches\8.13\transforms\5f0216bef9517d0e1dc9ce1293f69ebc\transformed\aosl-1.3.0\AndroidManifest.xml:2:1-9:12
MERGED from [com.google.android.play:core-common:2.0.3] C:\Users\sirad\.gradle\caches\8.13\transforms\1e9509305a3ad9876b9983e265a04b7b\transformed\core-common-2.0.3\AndroidManifest.xml:2:1-21:12
MERGED from [com.facebook.soloader:soloader:0.11.0] C:\Users\sirad\.gradle\caches\8.13\transforms\3de0caa79d8545eabe8d4d23af6f9420\transformed\soloader-0.11.0\AndroidManifest.xml:2:1-17:12
	package
		INJECTED from D:\Code\android_app\ieeeconnect\app\src\main\AndroidManifest.xml
	android:versionName
		INJECTED from D:\Code\android_app\ieeeconnect\app\src\main\AndroidManifest.xml
	xmlns:tools
		ADDED from D:\Code\android_app\ieeeconnect\app\src\main\AndroidManifest.xml:3:5-51
	android:versionCode
		INJECTED from D:\Code\android_app\ieeeconnect\app\src\main\AndroidManifest.xml
	xmlns:android
		ADDED from D:\Code\android_app\ieeeconnect\app\src\main\AndroidManifest.xml:2:11-69
uses-permission#android.permission.INTERNET
ADDED from D:\Code\android_app\ieeeconnect\app\src\main\AndroidManifest.xml:5:5-67
MERGED from [com.cloudinary:cloudinary-android-core:3.1.2] C:\Users\sirad\.gradle\caches\8.13\transforms\43d6e97e54af51a506f5c69238239f03\transformed\cloudinary-android-core-3.1.2\AndroidManifest.xml:7:5-67
MERGED from [com.cloudinary:cloudinary-android-core:3.1.2] C:\Users\sirad\.gradle\caches\8.13\transforms\43d6e97e54af51a506f5c69238239f03\transformed\cloudinary-android-core-3.1.2\AndroidManifest.xml:7:5-67
MERGED from [com.google.firebase:firebase-auth:24.0.1] C:\Users\sirad\.gradle\caches\8.13\transforms\fd2b824d80917b38caf3c7de792927b5\transformed\firebase-auth-24.0.1\AndroidManifest.xml:25:5-67
MERGED from [com.google.firebase:firebase-auth:24.0.1] C:\Users\sirad\.gradle\caches\8.13\transforms\fd2b824d80917b38caf3c7de792927b5\transformed\firebase-auth-24.0.1\AndroidManifest.xml:25:5-67
MERGED from [com.google.firebase:firebase-database:22.0.1] C:\Users\sirad\.gradle\caches\8.13\transforms\5860dc2fd3ef499c42f3afabb0a9dde0\transformed\firebase-database-22.0.1\AndroidManifest.xml:23:5-67
MERGED from [com.google.firebase:firebase-database:22.0.1] C:\Users\sirad\.gradle\caches\8.13\transforms\5860dc2fd3ef499c42f3afabb0a9dde0\transformed\firebase-database-22.0.1\AndroidManifest.xml:23:5-67
MERGED from [com.google.firebase:firebase-firestore:26.0.2] C:\Users\sirad\.gradle\caches\8.13\transforms\8bfde8f9c574face26d39dfc4f7c212b\transformed\firebase-firestore-26.0.2\AndroidManifest.xml:11:5-67
MERGED from [com.google.firebase:firebase-firestore:26.0.2] C:\Users\sirad\.gradle\caches\8.13\transforms\8bfde8f9c574face26d39dfc4f7c212b\transformed\firebase-firestore-26.0.2\AndroidManifest.xml:11:5-67
MERGED from [com.google.firebase:firebase-storage:22.0.1] C:\Users\sirad\.gradle\caches\8.13\transforms\4b78a6395c726355cb8a4380fa1083e6\transformed\firebase-storage-22.0.1\AndroidManifest.xml:24:5-67
MERGED from [com.google.firebase:firebase-storage:22.0.1] C:\Users\sirad\.gradle\caches\8.13\transforms\4b78a6395c726355cb8a4380fa1083e6\transformed\firebase-storage-22.0.1\AndroidManifest.xml:24:5-67
MERGED from [com.google.android.gms:play-services-measurement:23.0.0] C:\Users\sirad\.gradle\caches\8.13\transforms\85dc646d2c804a6fcf1c9afccbdb204a\transformed\play-services-measurement-23.0.0\AndroidManifest.xml:23:5-67
MERGED from [com.google.android.gms:play-services-measurement:23.0.0] C:\Users\sirad\.gradle\caches\8.13\transforms\85dc646d2c804a6fcf1c9afccbdb204a\transformed\play-services-measurement-23.0.0\AndroidManifest.xml:23:5-67
MERGED from [com.google.android.gms:play-services-measurement-impl:23.0.0] C:\Users\sirad\.gradle\caches\8.13\transforms\ab6af623a172845fd857e1efa2501c60\transformed\play-services-measurement-impl-23.0.0\AndroidManifest.xml:23:5-67
MERGED from [com.google.android.gms:play-services-measurement-impl:23.0.0] C:\Users\sirad\.gradle\caches\8.13\transforms\ab6af623a172845fd857e1efa2501c60\transformed\play-services-measurement-impl-23.0.0\AndroidManifest.xml:23:5-67
MERGED from [com.google.android.gms:play-services-measurement-api:23.0.0] C:\Users\sirad\.gradle\caches\8.13\transforms\cf3e21e0ba39ef3bc5367f5ac018c3f5\transformed\play-services-measurement-api-23.0.0\AndroidManifest.xml:22:5-67
MERGED from [com.google.android.gms:play-services-measurement-api:23.0.0] C:\Users\sirad\.gradle\caches\8.13\transforms\cf3e21e0ba39ef3bc5367f5ac018c3f5\transformed\play-services-measurement-api-23.0.0\AndroidManifest.xml:22:5-67
MERGED from [com.google.android.recaptcha:recaptcha:18.6.1] C:\Users\sirad\.gradle\caches\8.13\transforms\4bc252ec605d6ef8146ee686d9048323\transformed\recaptcha-18.6.1\AndroidManifest.xml:7:5-67
MERGED from [com.google.android.recaptcha:recaptcha:18.6.1] C:\Users\sirad\.gradle\caches\8.13\transforms\4bc252ec605d6ef8146ee686d9048323\transformed\recaptcha-18.6.1\AndroidManifest.xml:7:5-67
MERGED from [com.google.firebase:firebase-installations:19.0.1] C:\Users\sirad\.gradle\caches\8.13\transforms\063ad2bb781bf157d8445d1c68533c81\transformed\firebase-installations-19.0.1\AndroidManifest.xml:8:5-67
MERGED from [com.google.firebase:firebase-installations:19.0.1] C:\Users\sirad\.gradle\caches\8.13\transforms\063ad2bb781bf157d8445d1c68533c81\transformed\firebase-installations-19.0.1\AndroidManifest.xml:8:5-67
MERGED from [com.google.android.gms:play-services-cloud-messaging:17.2.0] C:\Users\sirad\.gradle\caches\8.13\transforms\7d007b5220813db7e95b415d16192c40\transformed\play-services-cloud-messaging-17.2.0\AndroidManifest.xml:8:5-67
MERGED from [com.google.android.gms:play-services-cloud-messaging:17.2.0] C:\Users\sirad\.gradle\caches\8.13\transforms\7d007b5220813db7e95b415d16192c40\transformed\play-services-cloud-messaging-17.2.0\AndroidManifest.xml:8:5-67
MERGED from [com.google.android.gms:play-services-measurement-sdk-api:23.0.0] C:\Users\sirad\.gradle\caches\8.13\transforms\2598ae4f2e9616205b9bb7349b9523b4\transformed\play-services-measurement-sdk-api-23.0.0\AndroidManifest.xml:23:5-67
MERGED from [com.google.android.gms:play-services-measurement-sdk-api:23.0.0] C:\Users\sirad\.gradle\caches\8.13\transforms\2598ae4f2e9616205b9bb7349b9523b4\transformed\play-services-measurement-sdk-api-23.0.0\AndroidManifest.xml:23:5-67
MERGED from [com.google.android.datatransport:transport-backend-cct:3.1.9] C:\Users\sirad\.gradle\caches\8.13\transforms\1c3c744f839cc55ea8a70d0f110481b2\transformed\transport-backend-cct-3.1.9\AndroidManifest.xml:25:5-67
MERGED from [com.google.android.datatransport:transport-backend-cct:3.1.9] C:\Users\sirad\.gradle\caches\8.13\transforms\1c3c744f839cc55ea8a70d0f110481b2\transformed\transport-backend-cct-3.1.9\AndroidManifest.xml:25:5-67
	android:name
		ADDED from D:\Code\android_app\ieeeconnect\app\src\main\AndroidManifest.xml:5:22-64
uses-permission#android.permission.ACCESS_NETWORK_STATE
ADDED from D:\Code\android_app\ieeeconnect\app\src\main\AndroidManifest.xml:6:5-79
MERGED from [com.google.firebase:firebase-auth:24.0.1] C:\Users\sirad\.gradle\caches\8.13\transforms\fd2b824d80917b38caf3c7de792927b5\transformed\firebase-auth-24.0.1\AndroidManifest.xml:26:5-79
MERGED from [com.google.firebase:firebase-auth:24.0.1] C:\Users\sirad\.gradle\caches\8.13\transforms\fd2b824d80917b38caf3c7de792927b5\transformed\firebase-auth-24.0.1\AndroidManifest.xml:26:5-79
MERGED from [com.google.firebase:firebase-database:22.0.1] C:\Users\sirad\.gradle\caches\8.13\transforms\5860dc2fd3ef499c42f3afabb0a9dde0\transformed\firebase-database-22.0.1\AndroidManifest.xml:22:5-79
MERGED from [com.google.firebase:firebase-database:22.0.1] C:\Users\sirad\.gradle\caches\8.13\transforms\5860dc2fd3ef499c42f3afabb0a9dde0\transformed\firebase-database-22.0.1\AndroidManifest.xml:22:5-79
MERGED from [com.google.firebase:firebase-firestore:26.0.2] C:\Users\sirad\.gradle\caches\8.13\transforms\8bfde8f9c574face26d39dfc4f7c212b\transformed\firebase-firestore-26.0.2\AndroidManifest.xml:10:5-79
MERGED from [com.google.firebase:firebase-firestore:26.0.2] C:\Users\sirad\.gradle\caches\8.13\transforms\8bfde8f9c574face26d39dfc4f7c212b\transformed\firebase-firestore-26.0.2\AndroidManifest.xml:10:5-79
MERGED from [com.google.firebase:firebase-messaging:25.0.1] C:\Users\sirad\.gradle\caches\8.13\transforms\6b482272fa1c937745c01cfdff52b330\transformed\firebase-messaging-25.0.1\AndroidManifest.xml:22:5-79
MERGED from [com.google.firebase:firebase-messaging:25.0.1] C:\Users\sirad\.gradle\caches\8.13\transforms\6b482272fa1c937745c01cfdff52b330\transformed\firebase-messaging-25.0.1\AndroidManifest.xml:22:5-79
MERGED from [com.google.firebase:firebase-storage:22.0.1] C:\Users\sirad\.gradle\caches\8.13\transforms\4b78a6395c726355cb8a4380fa1083e6\transformed\firebase-storage-22.0.1\AndroidManifest.xml:23:5-79
MERGED from [com.google.firebase:firebase-storage:22.0.1] C:\Users\sirad\.gradle\caches\8.13\transforms\4b78a6395c726355cb8a4380fa1083e6\transformed\firebase-storage-22.0.1\AndroidManifest.xml:23:5-79
MERGED from [com.google.android.gms:play-services-measurement:23.0.0] C:\Users\sirad\.gradle\caches\8.13\transforms\85dc646d2c804a6fcf1c9afccbdb204a\transformed\play-services-measurement-23.0.0\AndroidManifest.xml:24:5-79
MERGED from [com.google.android.gms:play-services-measurement:23.0.0] C:\Users\sirad\.gradle\caches\8.13\transforms\85dc646d2c804a6fcf1c9afccbdb204a\transformed\play-services-measurement-23.0.0\AndroidManifest.xml:24:5-79
MERGED from [com.google.android.gms:play-services-measurement-impl:23.0.0] C:\Users\sirad\.gradle\caches\8.13\transforms\ab6af623a172845fd857e1efa2501c60\transformed\play-services-measurement-impl-23.0.0\AndroidManifest.xml:24:5-79
MERGED from [com.google.android.gms:play-services-measurement-impl:23.0.0] C:\Users\sirad\.gradle\caches\8.13\transforms\ab6af623a172845fd857e1efa2501c60\transformed\play-services-measurement-impl-23.0.0\AndroidManifest.xml:24:5-79
MERGED from [com.google.android.gms:play-services-measurement-api:23.0.0] C:\Users\sirad\.gradle\caches\8.13\transforms\cf3e21e0ba39ef3bc5367f5ac018c3f5\transformed\play-services-measurement-api-23.0.0\AndroidManifest.xml:23:5-79
MERGED from [com.google.android.gms:play-services-measurement-api:23.0.0] C:\Users\sirad\.gradle\caches\8.13\transforms\cf3e21e0ba39ef3bc5367f5ac018c3f5\transformed\play-services-measurement-api-23.0.0\AndroidManifest.xml:23:5-79
MERGED from [com.google.android.recaptcha:recaptcha:18.6.1] C:\Users\sirad\.gradle\caches\8.13\transforms\4bc252ec605d6ef8146ee686d9048323\transformed\recaptcha-18.6.1\AndroidManifest.xml:8:5-79
MERGED from [com.google.android.recaptcha:recaptcha:18.6.1] C:\Users\sirad\.gradle\caches\8.13\transforms\4bc252ec605d6ef8146ee686d9048323\transformed\recaptcha-18.6.1\AndroidManifest.xml:8:5-79
MERGED from [com.google.firebase:firebase-installations:19.0.1] C:\Users\sirad\.gradle\caches\8.13\transforms\063ad2bb781bf157d8445d1c68533c81\transformed\firebase-installations-19.0.1\AndroidManifest.xml:7:5-79
MERGED from [com.google.firebase:firebase-installations:19.0.1] C:\Users\sirad\.gradle\caches\8.13\transforms\063ad2bb781bf157d8445d1c68533c81\transformed\firebase-installations-19.0.1\AndroidManifest.xml:7:5-79
MERGED from [com.google.android.gms:play-services-cloud-messaging:17.2.0] C:\Users\sirad\.gradle\caches\8.13\transforms\7d007b5220813db7e95b415d16192c40\transformed\play-services-cloud-messaging-17.2.0\AndroidManifest.xml:7:5-79
MERGED from [com.google.android.gms:play-services-cloud-messaging:17.2.0] C:\Users\sirad\.gradle\caches\8.13\transforms\7d007b5220813db7e95b415d16192c40\transformed\play-services-cloud-messaging-17.2.0\AndroidManifest.xml:7:5-79
MERGED from [androidx.work:work-runtime:2.11.0] C:\Users\sirad\.gradle\caches\8.13\transforms\d4dccc2840b421e0833840356456b596\transformed\work-runtime-2.11.0\AndroidManifest.xml:24:5-79
MERGED from [androidx.work:work-runtime:2.11.0] C:\Users\sirad\.gradle\caches\8.13\transforms\d4dccc2840b421e0833840356456b596\transformed\work-runtime-2.11.0\AndroidManifest.xml:24:5-79
MERGED from [androidx.media3:media3-exoplayer:1.1.1] C:\Users\sirad\.gradle\caches\8.13\transforms\9cae78acd897a403fbb7b08c9c8114dd\transformed\media3-exoplayer-1.1.1\AndroidManifest.xml:24:5-79
MERGED from [androidx.media3:media3-exoplayer:1.1.1] C:\Users\sirad\.gradle\caches\8.13\transforms\9cae78acd897a403fbb7b08c9c8114dd\transformed\media3-exoplayer-1.1.1\AndroidManifest.xml:24:5-79
MERGED from [androidx.media3:media3-common:1.1.1] C:\Users\sirad\.gradle\caches\8.13\transforms\910f540ba1bd9af5336bac0bbf392b91\transformed\media3-common-1.1.1\AndroidManifest.xml:24:5-79
MERGED from [androidx.media3:media3-common:1.1.1] C:\Users\sirad\.gradle\caches\8.13\transforms\910f540ba1bd9af5336bac0bbf392b91\transformed\media3-common-1.1.1\AndroidManifest.xml:24:5-79
MERGED from [com.google.android.gms:play-services-measurement-sdk-api:23.0.0] C:\Users\sirad\.gradle\caches\8.13\transforms\2598ae4f2e9616205b9bb7349b9523b4\transformed\play-services-measurement-sdk-api-23.0.0\AndroidManifest.xml:24:5-79
MERGED from [com.google.android.gms:play-services-measurement-sdk-api:23.0.0] C:\Users\sirad\.gradle\caches\8.13\transforms\2598ae4f2e9616205b9bb7349b9523b4\transformed\play-services-measurement-sdk-api-23.0.0\AndroidManifest.xml:24:5-79
MERGED from [com.google.android.datatransport:transport-backend-cct:3.1.9] C:\Users\sirad\.gradle\caches\8.13\transforms\1c3c744f839cc55ea8a70d0f110481b2\transformed\transport-backend-cct-3.1.9\AndroidManifest.xml:24:5-79
MERGED from [com.google.android.datatransport:transport-backend-cct:3.1.9] C:\Users\sirad\.gradle\caches\8.13\transforms\1c3c744f839cc55ea8a70d0f110481b2\transformed\transport-backend-cct-3.1.9\AndroidManifest.xml:24:5-79
MERGED from [com.google.android.datatransport:transport-runtime:3.1.9] C:\Users\sirad\.gradle\caches\8.13\transforms\501db91d7d775d19020df526ca49a983\transformed\transport-runtime-3.1.9\AndroidManifest.xml:22:5-79
MERGED from [com.google.android.datatransport:transport-runtime:3.1.9] C:\Users\sirad\.gradle\caches\8.13\transforms\501db91d7d775d19020df526ca49a983\transformed\transport-runtime-3.1.9\AndroidManifest.xml:22:5-79
MERGED from [io.grpc:grpc-android:1.62.2] C:\Users\sirad\.gradle\caches\8.13\transforms\61c88c95860bd23fef9d3f810b04b48a\transformed\grpc-android-1.62.2\AndroidManifest.xml:7:5-79
MERGED from [io.grpc:grpc-android:1.62.2] C:\Users\sirad\.gradle\caches\8.13\transforms\61c88c95860bd23fef9d3f810b04b48a\transformed\grpc-android-1.62.2\AndroidManifest.xml:7:5-79
	android:name
		ADDED from D:\Code\android_app\ieeeconnect\app\src\main\AndroidManifest.xml:6:22-76
uses-permission#android.permission.READ_EXTERNAL_STORAGE
ADDED from D:\Code\android_app\ieeeconnect\app\src\main\AndroidManifest.xml:7:5-107
	android:maxSdkVersion
		ADDED from D:\Code\android_app\ieeeconnect\app\src\main\AndroidManifest.xml:7:78-104
	android:name
		ADDED from D:\Code\android_app\ieeeconnect\app\src\main\AndroidManifest.xml:7:22-77
uses-permission#android.permission.READ_MEDIA_IMAGES
ADDED from D:\Code\android_app\ieeeconnect\app\src\main\AndroidManifest.xml:8:5-76
	android:name
		ADDED from D:\Code\android_app\ieeeconnect\app\src\main\AndroidManifest.xml:8:22-73
application
ADDED from D:\Code\android_app\ieeeconnect\app\src\main\AndroidManifest.xml:10:5-70:19
INJECTED from D:\Code\android_app\ieeeconnect\app\src\main\AndroidManifest.xml:10:5-70:19
MERGED from [com.cloudinary:cloudinary-android-ui:3.1.2] C:\Users\sirad\.gradle\caches\8.13\transforms\a9e8f0d49a320369f2733ed9b430c6d9\transformed\cloudinary-android-ui-3.1.2\AndroidManifest.xml:7:5-12:19
MERGED from [com.cloudinary:cloudinary-android-ui:3.1.2] C:\Users\sirad\.gradle\caches\8.13\transforms\a9e8f0d49a320369f2733ed9b430c6d9\transformed\cloudinary-android-ui-3.1.2\AndroidManifest.xml:7:5-12:19
MERGED from [com.cloudinary:cloudinary-android-core:3.1.2] C:\Users\sirad\.gradle\caches\8.13\transforms\43d6e97e54af51a506f5c69238239f03\transformed\cloudinary-android-core-3.1.2\AndroidManifest.xml:9:5-20
MERGED from [com.cloudinary:cloudinary-android-core:3.1.2] C:\Users\sirad\.gradle\caches\8.13\transforms\43d6e97e54af51a506f5c69238239f03\transformed\cloudinary-android-core-3.1.2\AndroidManifest.xml:9:5-20
MERGED from [com.google.android.material:material:1.13.0] C:\Users\sirad\.gradle\caches\8.13\transforms\b77ad521a1ec7769ba27320b7b2c59df\transformed\material-1.13.0\AndroidManifest.xml:22:5-20
MERGED from [com.google.android.material:material:1.13.0] C:\Users\sirad\.gradle\caches\8.13\transforms\b77ad521a1ec7769ba27320b7b2c59df\transformed\material-1.13.0\AndroidManifest.xml:22:5-20
MERGED from [androidx.constraintlayout:constraintlayout:2.2.1] C:\Users\sirad\.gradle\caches\8.13\transforms\126a826459591ec0270ba69fa3a433a7\transformed\constraintlayout-2.2.1\AndroidManifest.xml:7:5-20
MERGED from [androidx.constraintlayout:constraintlayout:2.2.1] C:\Users\sirad\.gradle\caches\8.13\transforms\126a826459591ec0270ba69fa3a433a7\transformed\constraintlayout-2.2.1\AndroidManifest.xml:7:5-20
MERGED from [com.airbnb.android:lottie:6.7.1] C:\Users\sirad\.gradle\caches\8.13\transforms\5cb1271e4d2ad72e87d4436f8d586cf6\transformed\lottie-6.7.1\AndroidManifest.xml:7:5-20
MERGED from [com.airbnb.android:lottie:6.7.1] C:\Users\sirad\.gradle\caches\8.13\transforms\5cb1271e4d2ad72e87d4436f8d586cf6\transformed\lottie-6.7.1\AndroidManifest.xml:7:5-20
MERGED from [com.google.firebase:firebase-auth:24.0.1] C:\Users\sirad\.gradle\caches\8.13\transforms\fd2b824d80917b38caf3c7de792927b5\transformed\firebase-auth-24.0.1\AndroidManifest.xml:28:5-73:19
MERGED from [com.google.firebase:firebase-auth:24.0.1] C:\Users\sirad\.gradle\caches\8.13\transforms\fd2b824d80917b38caf3c7de792927b5\transformed\firebase-auth-24.0.1\AndroidManifest.xml:28:5-73:19
MERGED from [androidx.credentials:credentials-play-services-auth:1.2.0-rc01] C:\Users\sirad\.gradle\caches\8.13\transforms\a266a22aa4c470b415423b85ea717545\transformed\credentials-play-services-auth-1.2.0-rc01\AndroidManifest.xml:23:5-42:19
MERGED from [androidx.credentials:credentials-play-services-auth:1.2.0-rc01] C:\Users\sirad\.gradle\caches\8.13\transforms\a266a22aa4c470b415423b85ea717545\transformed\credentials-play-services-auth-1.2.0-rc01\AndroidManifest.xml:23:5-42:19
MERGED from [com.google.android.gms:play-services-auth:21.4.0] C:\Users\sirad\.gradle\caches\8.13\transforms\02673eaab1eb096e1cdd50a6aa5d9ee8\transformed\play-services-auth-21.4.0\AndroidManifest.xml:22:5-38:19
MERGED from [com.google.android.gms:play-services-auth:21.4.0] C:\Users\sirad\.gradle\caches\8.13\transforms\02673eaab1eb096e1cdd50a6aa5d9ee8\transformed\play-services-auth-21.4.0\AndroidManifest.xml:22:5-38:19
MERGED from [com.google.firebase:firebase-database:22.0.1] C:\Users\sirad\.gradle\caches\8.13\transforms\5860dc2fd3ef499c42f3afabb0a9dde0\transformed\firebase-database-22.0.1\AndroidManifest.xml:25:5-36:19
MERGED from [com.google.firebase:firebase-database:22.0.1] C:\Users\sirad\.gradle\caches\8.13\transforms\5860dc2fd3ef499c42f3afabb0a9dde0\transformed\firebase-database-22.0.1\AndroidManifest.xml:25:5-36:19
MERGED from [com.google.firebase:firebase-firestore:26.0.2] C:\Users\sirad\.gradle\caches\8.13\transforms\8bfde8f9c574face26d39dfc4f7c212b\transformed\firebase-firestore-26.0.2\AndroidManifest.xml:13:5-24:19
MERGED from [com.google.firebase:firebase-firestore:26.0.2] C:\Users\sirad\.gradle\caches\8.13\transforms\8bfde8f9c574face26d39dfc4f7c212b\transformed\firebase-firestore-26.0.2\AndroidManifest.xml:13:5-24:19
MERGED from [com.google.firebase:firebase-messaging:25.0.1] C:\Users\sirad\.gradle\caches\8.13\transforms\6b482272fa1c937745c01cfdff52b330\transformed\firebase-messaging-25.0.1\AndroidManifest.xml:28:5-64:19
MERGED from [com.google.firebase:firebase-messaging:25.0.1] C:\Users\sirad\.gradle\caches\8.13\transforms\6b482272fa1c937745c01cfdff52b330\transformed\firebase-messaging-25.0.1\AndroidManifest.xml:28:5-64:19
MERGED from [com.google.firebase:firebase-storage:22.0.1] C:\Users\sirad\.gradle\caches\8.13\transforms\4b78a6395c726355cb8a4380fa1083e6\transformed\firebase-storage-22.0.1\AndroidManifest.xml:26:5-37:19
MERGED from [com.google.firebase:firebase-storage:22.0.1] C:\Users\sirad\.gradle\caches\8.13\transforms\4b78a6395c726355cb8a4380fa1083e6\transformed\firebase-storage-22.0.1\AndroidManifest.xml:26:5-37:19
MERGED from [com.google.firebase:firebase-appcheck:19.0.1] C:\Users\sirad\.gradle\caches\8.13\transforms\6e86ad91f89a0dfe7ef7372fc77fec05\transformed\firebase-appcheck-19.0.1\AndroidManifest.xml:21:5-32:19
MERGED from [com.google.firebase:firebase-appcheck:19.0.1] C:\Users\sirad\.gradle\caches\8.13\transforms\6e86ad91f89a0dfe7ef7372fc77fec05\transformed\firebase-appcheck-19.0.1\AndroidManifest.xml:21:5-32:19
MERGED from [com.google.firebase:firebase-appcheck-interop:17.1.0] C:\Users\sirad\.gradle\caches\8.13\transforms\572e48b382bbb51962a0b3f571333f2c\transformed\firebase-appcheck-interop-17.1.0\AndroidManifest.xml:21:5-20
MERGED from [com.google.firebase:firebase-appcheck-interop:17.1.0] C:\Users\sirad\.gradle\caches\8.13\transforms\572e48b382bbb51962a0b3f571333f2c\transformed\firebase-appcheck-interop-17.1.0\AndroidManifest.xml:21:5-20
MERGED from [com.google.firebase:firebase-analytics:23.0.0] C:\Users\sirad\.gradle\caches\8.13\transforms\b9d36706e016bc228303a1a4dbb96dff\transformed\firebase-analytics-23.0.0\AndroidManifest.xml:7:5-20
MERGED from [com.google.firebase:firebase-analytics:23.0.0] C:\Users\sirad\.gradle\caches\8.13\transforms\b9d36706e016bc228303a1a4dbb96dff\transformed\firebase-analytics-23.0.0\AndroidManifest.xml:7:5-20
MERGED from [com.google.android.gms:play-services-measurement:23.0.0] C:\Users\sirad\.gradle\caches\8.13\transforms\85dc646d2c804a6fcf1c9afccbdb204a\transformed\play-services-measurement-23.0.0\AndroidManifest.xml:28:5-44:19
MERGED from [com.google.android.gms:play-services-measurement:23.0.0] C:\Users\sirad\.gradle\caches\8.13\transforms\85dc646d2c804a6fcf1c9afccbdb204a\transformed\play-services-measurement-23.0.0\AndroidManifest.xml:28:5-44:19
MERGED from [com.google.android.gms:play-services-measurement-sdk:23.0.0] C:\Users\sirad\.gradle\caches\8.13\transforms\29376f18954a0772ffda910ce92b3e50\transformed\play-services-measurement-sdk-23.0.0\AndroidManifest.xml:22:5-23:19
MERGED from [com.google.android.gms:play-services-measurement-sdk:23.0.0] C:\Users\sirad\.gradle\caches\8.13\transforms\29376f18954a0772ffda910ce92b3e50\transformed\play-services-measurement-sdk-23.0.0\AndroidManifest.xml:22:5-23:19
MERGED from [com.google.android.gms:play-services-measurement-impl:23.0.0] C:\Users\sirad\.gradle\caches\8.13\transforms\ab6af623a172845fd857e1efa2501c60\transformed\play-services-measurement-impl-23.0.0\AndroidManifest.xml:29:5-30:19
MERGED from [com.google.android.gms:play-services-measurement-impl:23.0.0] C:\Users\sirad\.gradle\caches\8.13\transforms\ab6af623a172845fd857e1efa2501c60\transformed\play-services-measurement-impl-23.0.0\AndroidManifest.xml:29:5-30:19
MERGED from [com.google.android.gms:play-services-fido:20.1.0] C:\Users\sirad\.gradle\caches\8.13\transforms\481a8097eb51de085bd87e4ad8e0ad87\transformed\play-services-fido-20.1.0\AndroidManifest.xml:7:5-8:19
MERGED from [com.google.android.gms:play-services-fido:20.1.0] C:\Users\sirad\.gradle\caches\8.13\transforms\481a8097eb51de085bd87e4ad8e0ad87\transformed\play-services-fido-20.1.0\AndroidManifest.xml:7:5-8:19
MERGED from [com.google.android.gms:play-services-base:18.5.0] C:\Users\sirad\.gradle\caches\8.13\transforms\15ea55ddbbacd3b23368601fb6391d48\transformed\play-services-base-18.5.0\AndroidManifest.xml:4:5-6:19
MERGED from [com.google.android.gms:play-services-base:18.5.0] C:\Users\sirad\.gradle\caches\8.13\transforms\15ea55ddbbacd3b23368601fb6391d48\transformed\play-services-base-18.5.0\AndroidManifest.xml:4:5-6:19
MERGED from [com.google.android.gms:play-services-measurement-api:23.0.0] C:\Users\sirad\.gradle\caches\8.13\transforms\cf3e21e0ba39ef3bc5367f5ac018c3f5\transformed\play-services-measurement-api-23.0.0\AndroidManifest.xml:29:5-37:19
MERGED from [com.google.android.gms:play-services-measurement-api:23.0.0] C:\Users\sirad\.gradle\caches\8.13\transforms\cf3e21e0ba39ef3bc5367f5ac018c3f5\transformed\play-services-measurement-api-23.0.0\AndroidManifest.xml:29:5-37:19
MERGED from [com.google.android.play:integrity:1.3.0] C:\Users\sirad\.gradle\caches\8.13\transforms\f56515210d665281c7dbae5c2bb92774\transformed\integrity-1.3.0\AndroidManifest.xml:5:5-6:19
MERGED from [com.google.android.play:integrity:1.3.0] C:\Users\sirad\.gradle\caches\8.13\transforms\f56515210d665281c7dbae5c2bb92774\transformed\integrity-1.3.0\AndroidManifest.xml:5:5-6:19
MERGED from [com.google.firebase:firebase-auth-interop:20.0.0] C:\Users\sirad\.gradle\caches\8.13\transforms\a8d76e06eec334aebb1dccda72aa115e\transformed\firebase-auth-interop-20.0.0\AndroidManifest.xml:7:5-8:19
MERGED from [com.google.firebase:firebase-auth-interop:20.0.0] C:\Users\sirad\.gradle\caches\8.13\transforms\a8d76e06eec334aebb1dccda72aa115e\transformed\firebase-auth-interop-20.0.0\AndroidManifest.xml:7:5-8:19
MERGED from [com.google.firebase:firebase-installations:19.0.1] C:\Users\sirad\.gradle\caches\8.13\transforms\063ad2bb781bf157d8445d1c68533c81\transformed\firebase-installations-19.0.1\AndroidManifest.xml:11:5-22:19
MERGED from [com.google.firebase:firebase-installations:19.0.1] C:\Users\sirad\.gradle\caches\8.13\transforms\063ad2bb781bf157d8445d1c68533c81\transformed\firebase-installations-19.0.1\AndroidManifest.xml:11:5-22:19
MERGED from [com.google.firebase:firebase-common:22.0.1] C:\Users\sirad\.gradle\caches\8.13\transforms\10b615c46dc28abe4d9d5b9b7b5dd7f7\transformed\firebase-common-22.0.1\AndroidManifest.xml:22:5-39:19
MERGED from [com.google.firebase:firebase-common:22.0.1] C:\Users\sirad\.gradle\caches\8.13\transforms\10b615c46dc28abe4d9d5b9b7b5dd7f7\transformed\firebase-common-22.0.1\AndroidManifest.xml:22:5-39:19
MERGED from [com.google.firebase:firebase-iid-interop:17.1.0] C:\Users\sirad\.gradle\caches\8.13\transforms\84307de11fcbc3527dff035185021859\transformed\firebase-iid-interop-17.1.0\AndroidManifest.xml:7:5-8:19
MERGED from [com.google.firebase:firebase-iid-interop:17.1.0] C:\Users\sirad\.gradle\caches\8.13\transforms\84307de11fcbc3527dff035185021859\transformed\firebase-iid-interop-17.1.0\AndroidManifest.xml:7:5-8:19
MERGED from [androidx.work:work-runtime:2.11.0] C:\Users\sirad\.gradle\caches\8.13\transforms\d4dccc2840b421e0833840356456b596\transformed\work-runtime-2.11.0\AndroidManifest.xml:28:5-81:19
MERGED from [androidx.work:work-runtime:2.11.0] C:\Users\sirad\.gradle\caches\8.13\transforms\d4dccc2840b421e0833840356456b596\transformed\work-runtime-2.11.0\AndroidManifest.xml:28:5-81:19
MERGED from [androidx.room:room-runtime-android:2.8.4] C:\Users\sirad\.gradle\caches\8.13\transforms\c6fd910604768fd0130d32e47a6adca5\transformed\room-runtime\AndroidManifest.xml:23:5-29:19
MERGED from [androidx.room:room-runtime-android:2.8.4] C:\Users\sirad\.gradle\caches\8.13\transforms\c6fd910604768fd0130d32e47a6adca5\transformed\room-runtime\AndroidManifest.xml:23:5-29:19
MERGED from [androidx.window:window:1.0.0] C:\Users\sirad\.gradle\caches\8.13\transforms\ba511f98ccacdda59eea5d8a671cc228\transformed\window-1.0.0\AndroidManifest.xml:24:5-31:19
MERGED from [androidx.window:window:1.0.0] C:\Users\sirad\.gradle\caches\8.13\transforms\ba511f98ccacdda59eea5d8a671cc228\transformed\window-1.0.0\AndroidManifest.xml:24:5-31:19
MERGED from [androidx.emoji2:emoji2:1.3.0] C:\Users\sirad\.gradle\caches\8.13\transforms\12835d4dd05759d64eaf6f002036742c\transformed\emoji2-1.3.0\AndroidManifest.xml:23:5-33:19
MERGED from [androidx.emoji2:emoji2:1.3.0] C:\Users\sirad\.gradle\caches\8.13\transforms\12835d4dd05759d64eaf6f002036742c\transformed\emoji2-1.3.0\AndroidManifest.xml:23:5-33:19
MERGED from [com.linkedin.android.litr:litr:1.4.16] C:\Users\sirad\.gradle\caches\8.13\transforms\80e0c5351e1e366b3d2a952156e2dff7\transformed\litr-1.4.16\AndroidManifest.xml:14:5-20
MERGED from [com.linkedin.android.litr:litr:1.4.16] C:\Users\sirad\.gradle\caches\8.13\transforms\80e0c5351e1e366b3d2a952156e2dff7\transformed\litr-1.4.16\AndroidManifest.xml:14:5-20
MERGED from [com.google.android.gms:play-services-stats:17.0.2] C:\Users\sirad\.gradle\caches\8.13\transforms\1db0db662073d181a6642cc29a53111e\transformed\play-services-stats-17.0.2\AndroidManifest.xml:7:5-20
MERGED from [com.google.android.gms:play-services-stats:17.0.2] C:\Users\sirad\.gradle\caches\8.13\transforms\1db0db662073d181a6642cc29a53111e\transformed\play-services-stats-17.0.2\AndroidManifest.xml:7:5-20
MERGED from [androidx.lifecycle:lifecycle-process:2.9.0] C:\Users\sirad\.gradle\caches\8.13\transforms\c352668c52870cafbcf8f21fa80b7657\transformed\lifecycle-process-2.9.0\AndroidManifest.xml:23:5-33:19
MERGED from [androidx.lifecycle:lifecycle-process:2.9.0] C:\Users\sirad\.gradle\caches\8.13\transforms\c352668c52870cafbcf8f21fa80b7657\transformed\lifecycle-process-2.9.0\AndroidManifest.xml:23:5-33:19
MERGED from [androidx.privacysandbox.ads:ads-adservices:1.1.0-beta11] C:\Users\sirad\.gradle\caches\8.13\transforms\e677c0b2eee276bc6cca104b25583b18\transformed\ads-adservices-1.1.0-beta11\AndroidManifest.xml:22:5-26:19
MERGED from [androidx.privacysandbox.ads:ads-adservices:1.1.0-beta11] C:\Users\sirad\.gradle\caches\8.13\transforms\e677c0b2eee276bc6cca104b25583b18\transformed\ads-adservices-1.1.0-beta11\AndroidManifest.xml:22:5-26:19
MERGED from [androidx.core:core:1.16.0] C:\Users\sirad\.gradle\caches\8.13\transforms\a1a955e9210e9087e48f075b9976d805\transformed\core-1.16.0\AndroidManifest.xml:28:5-89
MERGED from [androidx.core:core:1.16.0] C:\Users\sirad\.gradle\caches\8.13\transforms\a1a955e9210e9087e48f075b9976d805\transformed\core-1.16.0\AndroidManifest.xml:28:5-89
MERGED from [com.google.android.gms:play-services-tasks:18.2.0] C:\Users\sirad\.gradle\caches\8.13\transforms\d478a4ae033847e6a0039420c66bee27\transformed\play-services-tasks-18.2.0\AndroidManifest.xml:4:5-20
MERGED from [com.google.android.gms:play-services-tasks:18.2.0] C:\Users\sirad\.gradle\caches\8.13\transforms\d478a4ae033847e6a0039420c66bee27\transformed\play-services-tasks-18.2.0\AndroidManifest.xml:4:5-20
MERGED from [com.google.firebase:firebase-measurement-connector:19.0.0] C:\Users\sirad\.gradle\caches\8.13\transforms\a82fb912f4f5a04a27824f1b4a81e4e7\transformed\firebase-measurement-connector-19.0.0\AndroidManifest.xml:22:5-23:19
MERGED from [com.google.firebase:firebase-measurement-connector:19.0.0] C:\Users\sirad\.gradle\caches\8.13\transforms\a82fb912f4f5a04a27824f1b4a81e4e7\transformed\firebase-measurement-connector-19.0.0\AndroidManifest.xml:22:5-23:19
MERGED from [com.google.android.gms:play-services-ads-identifier:18.0.0] C:\Users\sirad\.gradle\caches\8.13\transforms\49b0c405afb3e15649ff5db10bbee155\transformed\play-services-ads-identifier-18.0.0\AndroidManifest.xml:25:5-20
MERGED from [com.google.android.gms:play-services-ads-identifier:18.0.0] C:\Users\sirad\.gradle\caches\8.13\transforms\49b0c405afb3e15649ff5db10bbee155\transformed\play-services-ads-identifier-18.0.0\AndroidManifest.xml:25:5-20
MERGED from [com.google.android.gms:play-services-measurement-base:23.0.0] C:\Users\sirad\.gradle\caches\8.13\transforms\5f3ca09b0f5669b64d2393cac421f835\transformed\play-services-measurement-base-23.0.0\AndroidManifest.xml:7:5-20
MERGED from [com.google.android.gms:play-services-measurement-base:23.0.0] C:\Users\sirad\.gradle\caches\8.13\transforms\5f3ca09b0f5669b64d2393cac421f835\transformed\play-services-measurement-base-23.0.0\AndroidManifest.xml:7:5-20
MERGED from [com.google.android.gms:play-services-basement:18.8.0] C:\Users\sirad\.gradle\caches\8.13\transforms\442dff2e9dabb75b981dd4d51ae259e2\transformed\play-services-basement-18.8.0\AndroidManifest.xml:20:5-24:19
MERGED from [com.google.android.gms:play-services-basement:18.8.0] C:\Users\sirad\.gradle\caches\8.13\transforms\442dff2e9dabb75b981dd4d51ae259e2\transformed\play-services-basement-18.8.0\AndroidManifest.xml:20:5-24:19
MERGED from [androidx.profileinstaller:profileinstaller:1.4.0] C:\Users\sirad\.gradle\caches\8.13\transforms\a97e479ca9afb6775b542b976a2685ec\transformed\profileinstaller-1.4.0\AndroidManifest.xml:23:5-53:19
MERGED from [androidx.profileinstaller:profileinstaller:1.4.0] C:\Users\sirad\.gradle\caches\8.13\transforms\a97e479ca9afb6775b542b976a2685ec\transformed\profileinstaller-1.4.0\AndroidManifest.xml:23:5-53:19
MERGED from [androidx.startup:startup-runtime:1.1.1] C:\Users\sirad\.gradle\caches\8.13\transforms\308c57d0ef0991d575387055561b1da8\transformed\startup-runtime-1.1.1\AndroidManifest.xml:25:5-31:19
MERGED from [androidx.startup:startup-runtime:1.1.1] C:\Users\sirad\.gradle\caches\8.13\transforms\308c57d0ef0991d575387055561b1da8\transformed\startup-runtime-1.1.1\AndroidManifest.xml:25:5-31:19
MERGED from [com.google.firebase:firebase-datatransport:18.2.0] C:\Users\sirad\.gradle\caches\8.13\transforms\34b1acf779f4ecf62dc456bd93059026\transformed\firebase-datatransport-18.2.0\AndroidManifest.xml:21:5-29:19
MERGED from [com.google.firebase:firebase-datatransport:18.2.0] C:\Users\sirad\.gradle\caches\8.13\transforms\34b1acf779f4ecf62dc456bd93059026\transformed\firebase-datatransport-18.2.0\AndroidManifest.xml:21:5-29:19
MERGED from [com.google.android.datatransport:transport-backend-cct:3.1.9] C:\Users\sirad\.gradle\caches\8.13\transforms\1c3c744f839cc55ea8a70d0f110481b2\transformed\transport-backend-cct-3.1.9\AndroidManifest.xml:27:5-35:19
MERGED from [com.google.android.datatransport:transport-backend-cct:3.1.9] C:\Users\sirad\.gradle\caches\8.13\transforms\1c3c744f839cc55ea8a70d0f110481b2\transformed\transport-backend-cct-3.1.9\AndroidManifest.xml:27:5-35:19
MERGED from [com.google.android.datatransport:transport-runtime:3.1.9] C:\Users\sirad\.gradle\caches\8.13\transforms\501db91d7d775d19020df526ca49a983\transformed\transport-runtime-3.1.9\AndroidManifest.xml:25:5-39:19
MERGED from [com.google.android.datatransport:transport-runtime:3.1.9] C:\Users\sirad\.gradle\caches\8.13\transforms\501db91d7d775d19020df526ca49a983\transformed\transport-runtime-3.1.9\AndroidManifest.xml:25:5-39:19
MERGED from [androidx.versionedparcelable:versionedparcelable:1.1.1] C:\Users\sirad\.gradle\caches\8.13\transforms\368c4f5087ef561f12ae3d7a993d8606\transformed\versionedparcelable-1.1.1\AndroidManifest.xml:24:5-25:19
MERGED from [androidx.versionedparcelable:versionedparcelable:1.1.1] C:\Users\sirad\.gradle\caches\8.13\transforms\368c4f5087ef561f12ae3d7a993d8606\transformed\versionedparcelable-1.1.1\AndroidManifest.xml:24:5-25:19
MERGED from [de.hdodenhof:circleimageview:3.1.0] C:\Users\sirad\.gradle\caches\8.13\transforms\a4cd6e50e27ba0ef1329af260b86f8f7\transformed\circleimageview-3.1.0\AndroidManifest.xml:9:5-20
MERGED from [de.hdodenhof:circleimageview:3.1.0] C:\Users\sirad\.gradle\caches\8.13\transforms\a4cd6e50e27ba0ef1329af260b86f8f7\transformed\circleimageview-3.1.0\AndroidManifest.xml:9:5-20
MERGED from [io.agora.rtc:full-screen-sharing:4.6.1] C:\Users\sirad\.gradle\caches\8.13\transforms\c5687eea63698b348eb1306757e0299b\transformed\full-screen-sharing-4.6.1\AndroidManifest.xml:10:5-20:19
MERGED from [io.agora.rtc:full-screen-sharing:4.6.1] C:\Users\sirad\.gradle\caches\8.13\transforms\c5687eea63698b348eb1306757e0299b\transformed\full-screen-sharing-4.6.1\AndroidManifest.xml:10:5-20:19
MERGED from [com.google.android.play:core-common:2.0.3] C:\Users\sirad\.gradle\caches\8.13\transforms\1e9509305a3ad9876b9983e265a04b7b\transformed\core-common-2.0.3\AndroidManifest.xml:11:5-19:19
MERGED from [com.google.android.play:core-common:2.0.3] C:\Users\sirad\.gradle\caches\8.13\transforms\1e9509305a3ad9876b9983e265a04b7b\transformed\core-common-2.0.3\AndroidManifest.xml:11:5-19:19
MERGED from [com.facebook.soloader:soloader:0.11.0] C:\Users\sirad\.gradle\caches\8.13\transforms\3de0caa79d8545eabe8d4d23af6f9420\transformed\soloader-0.11.0\AndroidManifest.xml:11:5-15:19
MERGED from [com.facebook.soloader:soloader:0.11.0] C:\Users\sirad\.gradle\caches\8.13\transforms\3de0caa79d8545eabe8d4d23af6f9420\transformed\soloader-0.11.0\AndroidManifest.xml:11:5-15:19
	android:extractNativeLibs
		INJECTED from D:\Code\android_app\ieeeconnect\app\src\main\AndroidManifest.xml
	android:appComponentFactory
		ADDED from [androidx.core:core:1.16.0] C:\Users\sirad\.gradle\caches\8.13\transforms\a1a955e9210e9087e48f075b9976d805\transformed\core-1.16.0\AndroidManifest.xml:28:18-86
	android:supportsRtl
		ADDED from D:\Code\android_app\ieeeconnect\app\src\main\AndroidManifest.xml:18:9-35
	android:label
		ADDED from D:\Code\android_app\ieeeconnect\app\src\main\AndroidManifest.xml:16:9-41
	android:fullBackupContent
		ADDED from D:\Code\android_app\ieeeconnect\app\src\main\AndroidManifest.xml:14:9-54
	android:roundIcon
		ADDED from D:\Code\android_app\ieeeconnect\app\src\main\AndroidManifest.xml:17:9-54
	android:icon
		ADDED from D:\Code\android_app\ieeeconnect\app\src\main\AndroidManifest.xml:15:9-43
	android:allowBackup
		ADDED from D:\Code\android_app\ieeeconnect\app\src\main\AndroidManifest.xml:12:9-35
	android:theme
		ADDED from D:\Code\android_app\ieeeconnect\app\src\main\AndroidManifest.xml:19:9-49
	android:enableOnBackInvokedCallback
		ADDED from D:\Code\android_app\ieeeconnect\app\src\main\AndroidManifest.xml:21:9-51
	android:dataExtractionRules
		ADDED from D:\Code\android_app\ieeeconnect\app\src\main\AndroidManifest.xml:13:9-65
	android:usesCleartextTraffic
		ADDED from D:\Code\android_app\ieeeconnect\app\src\main\AndroidManifest.xml:20:9-44
	android:name
		ADDED from D:\Code\android_app\ieeeconnect\app\src\main\AndroidManifest.xml:11:9-38
activity#com.example.ieeeconnect.MainActivity
ADDED from D:\Code\android_app\ieeeconnect\app\src\main\AndroidManifest.xml:23:9-30:20
	android:exported
		ADDED from D:\Code\android_app\ieeeconnect\app\src\main\AndroidManifest.xml:25:13-36
	android:name
		ADDED from D:\Code\android_app\ieeeconnect\app\src\main\AndroidManifest.xml:24:13-41
intent-filter#action:name:android.intent.action.MAIN+category:name:android.intent.category.LAUNCHER
ADDED from D:\Code\android_app\ieeeconnect\app\src\main\AndroidManifest.xml:26:13-29:29
action#android.intent.action.MAIN
ADDED from D:\Code\android_app\ieeeconnect\app\src\main\AndroidManifest.xml:27:17-69
	android:name
		ADDED from D:\Code\android_app\ieeeconnect\app\src\main\AndroidManifest.xml:27:25-66
category#android.intent.category.LAUNCHER
ADDED from D:\Code\android_app\ieeeconnect\app\src\main\AndroidManifest.xml:28:17-77
	android:name
		ADDED from D:\Code\android_app\ieeeconnect\app\src\main\AndroidManifest.xml:28:27-74
activity#com.example.ieeeconnect.ui.onboarding.OnboardingActivity
ADDED from D:\Code\android_app\ieeeconnect\app\src\main\AndroidManifest.xml:31:9-33:40
	android:exported
		ADDED from D:\Code\android_app\ieeeconnect\app\src\main\AndroidManifest.xml:33:13-37
	android:name
		ADDED from D:\Code\android_app\ieeeconnect\app\src\main\AndroidManifest.xml:32:13-61
activity#com.example.ieeeconnect.DashboardActivity
ADDED from D:\Code\android_app\ieeeconnect\app\src\main\AndroidManifest.xml:34:9-36:40
	android:exported
		ADDED from D:\Code\android_app\ieeeconnect\app\src\main\AndroidManifest.xml:36:13-37
	android:name
		ADDED from D:\Code\android_app\ieeeconnect\app\src\main\AndroidManifest.xml:35:13-46
activity#com.example.ieeeconnect.ui.admin.AdminDashboardActivity
ADDED from D:\Code\android_app\ieeeconnect\app\src\main\AndroidManifest.xml:37:9-39:40
	android:exported
		ADDED from D:\Code\android_app\ieeeconnect\app\src\main\AndroidManifest.xml:39:13-37
	android:name
		ADDED from D:\Code\android_app\ieeeconnect\app\src\main\AndroidManifest.xml:38:13-60
activity#com.example.ieeeconnect.ui.admin.MemberListActivity
ADDED from D:\Code\android_app\ieeeconnect\app\src\main\AndroidManifest.xml:40:9-42:40
	android:exported
		ADDED from D:\Code\android_app\ieeeconnect\app\src\main\AndroidManifest.xml:42:13-37
	android:name
		ADDED from D:\Code\android_app\ieeeconnect\app\src\main\AndroidManifest.xml:41:13-56
activity#com.example.ieeeconnect.ui.admin.QrScannerActivity
ADDED from D:\Code\android_app\ieeeconnect\app\src\main\AndroidManifest.xml:43:9-45:40
	android:exported
		ADDED from D:\Code\android_app\ieeeconnect\app\src\main\AndroidManifest.xml:45:13-37
	android:name
		ADDED from D:\Code\android_app\ieeeconnect\app\src\main\AndroidManifest.xml:44:13-55
activity#com.example.ieeeconnect.activities.ChangePasswordActivity
ADDED from D:\Code\android_app\ieeeconnect\app\src\main\AndroidManifest.xml:46:9-48:40
	android:exported
		ADDED from D:\Code\android_app\ieeeconnect\app\src\main\AndroidManifest.xml:48:13-37
	android:name
		ADDED from D:\Code\android_app\ieeeconnect\app\src\main\AndroidManifest.xml:47:13-62
activity#com.example.ieeeconnect.activities.PasswordChangedActivity
ADDED from D:\Code\android_app\ieeeconnect\app\src\main\AndroidManifest.xml:49:9-51:40
	android:exported
		ADDED from D:\Code\android_app\ieeeconnect\app\src\main\AndroidManifest.xml:51:13-37
	android:name
		ADDED from D:\Code\android_app\ieeeconnect\app\src\main\AndroidManifest.xml:50:13-63
activity#com.example.ieeeconnect.activities.SignUpActivity
ADDED from D:\Code\android_app\ieeeconnect\app\src\main\AndroidManifest.xml:52:9-54:40
	android:exported
		ADDED from D:\Code\android_app\ieeeconnect\app\src\main\AndroidManifest.xml:54:13-37
	android:name
		ADDED from D:\Code\android_app\ieeeconnect\app\src\main\AndroidManifest.xml:53:13-54
activity#com.example.ieeeconnect.activities.SetPasswordActivity
ADDED from D:\Code\android_app\ieeeconnect\app\src\main\AndroidManifest.xml:55:9-57:40
	android:exported
		ADDED from D:\Code\android_app\ieeeconnect\app\src\main\AndroidManifest.xml:57:13-37
	android:name
		ADDED from D:\Code\android_app\ieeeconnect\app\src\main\AndroidManifest.xml:56:13-59
activity#com.example.ieeeconnect.activities.AccountReadyActivity
ADDED from D:\Code\android_app\ieeeconnect\app\src\main\AndroidManifest.xml:58:9-60:40
	android:exported
		ADDED from D:\Code\android_app\ieeeconnect\app\src\main\AndroidManifest.xml:60:13-37
	android:name
		ADDED from D:\Code\android_app\ieeeconnect\app\src\main\AndroidManifest.xml:59:13-60
activity#com.example.ieeeconnect.activities.CreateEventActivity
ADDED from D:\Code\android_app\ieeeconnect\app\src\main\AndroidManifest.xml:61:9-63:40
	android:exported
		ADDED from D:\Code\android_app\ieeeconnect\app\src\main\AndroidManifest.xml:63:13-37
	android:name
		ADDED from D:\Code\android_app\ieeeconnect\app\src\main\AndroidManifest.xml:62:13-59
activity#com.example.ieeeconnect.LoginActivity
ADDED from D:\Code\android_app\ieeeconnect\app\src\main\AndroidManifest.xml:64:9-66:40
	android:exported
		ADDED from D:\Code\android_app\ieeeconnect\app\src\main\AndroidManifest.xml:66:13-37
	android:name
		ADDED from D:\Code\android_app\ieeeconnect\app\src\main\AndroidManifest.xml:65:13-42
activity#com.example.ieeeconnect.ForgotPasswordActivity
ADDED from D:\Code\android_app\ieeeconnect\app\src\main\AndroidManifest.xml:67:9-69:40
	android:exported
		ADDED from D:\Code\android_app\ieeeconnect\app\src\main\AndroidManifest.xml:69:13-37
	android:name
		ADDED from D:\Code\android_app\ieeeconnect\app\src\main\AndroidManifest.xml:68:13-51
uses-sdk
INJECTED from D:\Code\android_app\ieeeconnect\app\src\main\AndroidManifest.xml reason: use-sdk injection requested
INJECTED from D:\Code\android_app\ieeeconnect\app\src\main\AndroidManifest.xml
INJECTED from D:\Code\android_app\ieeeconnect\app\src\main\AndroidManifest.xml
MERGED from [androidx.databinding:databinding-adapters:8.9.1] C:\Users\sirad\.gradle\caches\8.13\transforms\0bcbd38dbcd03298b29b86a00c57b83b\transformed\databinding-adapters-8.9.1\AndroidManifest.xml:5:5-44
MERGED from [androidx.databinding:databinding-adapters:8.9.1] C:\Users\sirad\.gradle\caches\8.13\transforms\0bcbd38dbcd03298b29b86a00c57b83b\transformed\databinding-adapters-8.9.1\AndroidManifest.xml:5:5-44
MERGED from [androidx.databinding:databinding-ktx:8.9.1] C:\Users\sirad\.gradle\caches\8.13\transforms\65bf2cc2a27ba0bc4037ca08aeb96062\transformed\databinding-ktx-8.9.1\AndroidManifest.xml:5:5-44
MERGED from [androidx.databinding:databinding-ktx:8.9.1] C:\Users\sirad\.gradle\caches\8.13\transforms\65bf2cc2a27ba0bc4037ca08aeb96062\transformed\databinding-ktx-8.9.1\AndroidManifest.xml:5:5-44
MERGED from [androidx.databinding:databinding-runtime:8.9.1] C:\Users\sirad\.gradle\caches\8.13\transforms\a50261044b661e3e31e96b8f734b3054\transformed\databinding-runtime-8.9.1\AndroidManifest.xml:5:5-44
MERGED from [androidx.databinding:databinding-runtime:8.9.1] C:\Users\sirad\.gradle\caches\8.13\transforms\a50261044b661e3e31e96b8f734b3054\transformed\databinding-runtime-8.9.1\AndroidManifest.xml:5:5-44
MERGED from [androidx.databinding:viewbinding:8.9.1] C:\Users\sirad\.gradle\caches\8.13\transforms\f9cf8cfbc9fbad0191fcc9eb083f99b4\transformed\viewbinding-8.9.1\AndroidManifest.xml:5:5-44
MERGED from [androidx.databinding:viewbinding:8.9.1] C:\Users\sirad\.gradle\caches\8.13\transforms\f9cf8cfbc9fbad0191fcc9eb083f99b4\transformed\viewbinding-8.9.1\AndroidManifest.xml:5:5-44
MERGED from [androidx.navigation:navigation-runtime-android:2.9.6] C:\Users\sirad\.gradle\caches\8.13\transforms\b013bba9f60c9b7634f2a2f47076d57e\transformed\navigation-runtime-release\AndroidManifest.xml:20:5-44
MERGED from [androidx.navigation:navigation-runtime-android:2.9.6] C:\Users\sirad\.gradle\caches\8.13\transforms\b013bba9f60c9b7634f2a2f47076d57e\transformed\navigation-runtime-release\AndroidManifest.xml:20:5-44
MERGED from [androidx.navigation:navigation-common-android:2.9.6] C:\Users\sirad\.gradle\caches\8.13\transforms\40c16e318f6df64fd705e0a5495c72a5\transformed\navigation-common-release\AndroidManifest.xml:20:5-44
MERGED from [androidx.navigation:navigation-common-android:2.9.6] C:\Users\sirad\.gradle\caches\8.13\transforms\40c16e318f6df64fd705e0a5495c72a5\transformed\navigation-common-release\AndroidManifest.xml:20:5-44
MERGED from [androidx.navigation:navigation-fragment:2.9.6] C:\Users\sirad\.gradle\caches\8.13\transforms\a331cca7dd63a3883a0178e7bf2656ca\transformed\navigation-fragment-2.9.6\AndroidManifest.xml:20:5-44
MERGED from [androidx.navigation:navigation-fragment:2.9.6] C:\Users\sirad\.gradle\caches\8.13\transforms\a331cca7dd63a3883a0178e7bf2656ca\transformed\navigation-fragment-2.9.6\AndroidManifest.xml:20:5-44
MERGED from [androidx.navigation:navigation-ui:2.9.6] C:\Users\sirad\.gradle\caches\8.13\transforms\73ed27e2cbc58daff639595366346579\transformed\navigation-ui-2.9.6\AndroidManifest.xml:20:5-44
MERGED from [androidx.navigation:navigation-ui:2.9.6] C:\Users\sirad\.gradle\caches\8.13\transforms\73ed27e2cbc58daff639595366346579\transformed\navigation-ui-2.9.6\AndroidManifest.xml:20:5-44
MERGED from [com.cloudinary:cloudinary-android:3.1.2] C:\Users\sirad\.gradle\caches\8.13\transforms\133eda9a89c6d1d842ad63bb4c8e6e33\transformed\cloudinary-android-3.1.2\AndroidManifest.xml:4:5-44
MERGED from [com.cloudinary:cloudinary-android:3.1.2] C:\Users\sirad\.gradle\caches\8.13\transforms\133eda9a89c6d1d842ad63bb4c8e6e33\transformed\cloudinary-android-3.1.2\AndroidManifest.xml:4:5-44
MERGED from [com.cloudinary:cloudinary-android-ui:3.1.2] C:\Users\sirad\.gradle\caches\8.13\transforms\a9e8f0d49a320369f2733ed9b430c6d9\transformed\cloudinary-android-ui-3.1.2\AndroidManifest.xml:5:5-44
MERGED from [com.cloudinary:cloudinary-android-ui:3.1.2] C:\Users\sirad\.gradle\caches\8.13\transforms\a9e8f0d49a320369f2733ed9b430c6d9\transformed\cloudinary-android-ui-3.1.2\AndroidManifest.xml:5:5-44
MERGED from [com.cloudinary:cloudinary-android-preprocess:3.1.2] C:\Users\sirad\.gradle\caches\8.13\transforms\59adcd5005062167cc6043bbc56bad8b\transformed\cloudinary-android-preprocess-3.1.2\AndroidManifest.xml:6:5-8:61
MERGED from [com.cloudinary:cloudinary-android-preprocess:3.1.2] C:\Users\sirad\.gradle\caches\8.13\transforms\59adcd5005062167cc6043bbc56bad8b\transformed\cloudinary-android-preprocess-3.1.2\AndroidManifest.xml:6:5-8:61
MERGED from [com.cloudinary:cloudinary-android-download:3.1.2] C:\Users\sirad\.gradle\caches\8.13\transforms\84b8e21eb8b9ff68ec8b906ed5ea045c\transformed\cloudinary-android-download-3.1.2\AndroidManifest.xml:4:5-44
MERGED from [com.cloudinary:cloudinary-android-download:3.1.2] C:\Users\sirad\.gradle\caches\8.13\transforms\84b8e21eb8b9ff68ec8b906ed5ea045c\transformed\cloudinary-android-download-3.1.2\AndroidManifest.xml:4:5-44
MERGED from [com.cloudinary:cloudinary-android-core:3.1.2] C:\Users\sirad\.gradle\caches\8.13\transforms\43d6e97e54af51a506f5c69238239f03\transformed\cloudinary-android-core-3.1.2\AndroidManifest.xml:5:5-44
MERGED from [com.cloudinary:cloudinary-android-core:3.1.2] C:\Users\sirad\.gradle\caches\8.13\transforms\43d6e97e54af51a506f5c69238239f03\transformed\cloudinary-android-core-3.1.2\AndroidManifest.xml:5:5-44
MERGED from [com.google.android.material:material:1.13.0] C:\Users\sirad\.gradle\caches\8.13\transforms\b77ad521a1ec7769ba27320b7b2c59df\transformed\material-1.13.0\AndroidManifest.xml:20:5-44
MERGED from [com.google.android.material:material:1.13.0] C:\Users\sirad\.gradle\caches\8.13\transforms\b77ad521a1ec7769ba27320b7b2c59df\transformed\material-1.13.0\AndroidManifest.xml:20:5-44
MERGED from [androidx.constraintlayout:constraintlayout:2.2.1] C:\Users\sirad\.gradle\caches\8.13\transforms\126a826459591ec0270ba69fa3a433a7\transformed\constraintlayout-2.2.1\AndroidManifest.xml:5:5-44
MERGED from [androidx.constraintlayout:constraintlayout:2.2.1] C:\Users\sirad\.gradle\caches\8.13\transforms\126a826459591ec0270ba69fa3a433a7\transformed\constraintlayout-2.2.1\AndroidManifest.xml:5:5-44
MERGED from [com.airbnb.android:lottie:6.7.1] C:\Users\sirad\.gradle\caches\8.13\transforms\5cb1271e4d2ad72e87d4436f8d586cf6\transformed\lottie-6.7.1\AndroidManifest.xml:5:5-44
MERGED from [com.airbnb.android:lottie:6.7.1] C:\Users\sirad\.gradle\caches\8.13\transforms\5cb1271e4d2ad72e87d4436f8d586cf6\transformed\lottie-6.7.1\AndroidManifest.xml:5:5-44
MERGED from [androidx.appcompat:appcompat-resources:1.7.1] C:\Users\sirad\.gradle\caches\8.13\transforms\f95de3219e3b6f4283dd2ad1fd38c872\transformed\appcompat-resources-1.7.1\AndroidManifest.xml:5:5-44
MERGED from [androidx.appcompat:appcompat-resources:1.7.1] C:\Users\sirad\.gradle\caches\8.13\transforms\f95de3219e3b6f4283dd2ad1fd38c872\transformed\appcompat-resources-1.7.1\AndroidManifest.xml:5:5-44
MERGED from [androidx.appcompat:appcompat:1.7.1] C:\Users\sirad\.gradle\caches\8.13\transforms\3b242bb34da7a9f821c14e619b404f52\transformed\appcompat-1.7.1\AndroidManifest.xml:5:5-44
MERGED from [androidx.appcompat:appcompat:1.7.1] C:\Users\sirad\.gradle\caches\8.13\transforms\3b242bb34da7a9f821c14e619b404f52\transformed\appcompat-1.7.1\AndroidManifest.xml:5:5-44
MERGED from [com.google.firebase:firebase-auth:24.0.1] C:\Users\sirad\.gradle\caches\8.13\transforms\fd2b824d80917b38caf3c7de792927b5\transformed\firebase-auth-24.0.1\AndroidManifest.xml:21:5-23:151
MERGED from [com.google.firebase:firebase-auth:24.0.1] C:\Users\sirad\.gradle\caches\8.13\transforms\fd2b824d80917b38caf3c7de792927b5\transformed\firebase-auth-24.0.1\AndroidManifest.xml:21:5-23:151
MERGED from [androidx.credentials:credentials:1.2.0-rc01] C:\Users\sirad\.gradle\caches\8.13\transforms\5f95436b147cf1fc5e037294d8dcfb0f\transformed\credentials-1.2.0-rc01\AndroidManifest.xml:5:5-44
MERGED from [androidx.credentials:credentials:1.2.0-rc01] C:\Users\sirad\.gradle\caches\8.13\transforms\5f95436b147cf1fc5e037294d8dcfb0f\transformed\credentials-1.2.0-rc01\AndroidManifest.xml:5:5-44
MERGED from [androidx.credentials:credentials-play-services-auth:1.2.0-rc01] C:\Users\sirad\.gradle\caches\8.13\transforms\a266a22aa4c470b415423b85ea717545\transformed\credentials-play-services-auth-1.2.0-rc01\AndroidManifest.xml:21:5-44
MERGED from [androidx.credentials:credentials-play-services-auth:1.2.0-rc01] C:\Users\sirad\.gradle\caches\8.13\transforms\a266a22aa4c470b415423b85ea717545\transformed\credentials-play-services-auth-1.2.0-rc01\AndroidManifest.xml:21:5-44
MERGED from [com.google.android.gms:play-services-auth:21.4.0] C:\Users\sirad\.gradle\caches\8.13\transforms\02673eaab1eb096e1cdd50a6aa5d9ee8\transformed\play-services-auth-21.4.0\AndroidManifest.xml:20:5-44
MERGED from [com.google.android.gms:play-services-auth:21.4.0] C:\Users\sirad\.gradle\caches\8.13\transforms\02673eaab1eb096e1cdd50a6aa5d9ee8\transformed\play-services-auth-21.4.0\AndroidManifest.xml:20:5-44
MERGED from [com.github.bumptech.glide:glide:5.0.5] C:\Users\sirad\.gradle\caches\8.13\transforms\e6b424fa6019056ab7bdf2e6af04d350\transformed\glide-5.0.5\AndroidManifest.xml:5:5-44
MERGED from [com.github.bumptech.glide:glide:5.0.5] C:\Users\sirad\.gradle\caches\8.13\transforms\e6b424fa6019056ab7bdf2e6af04d350\transformed\glide-5.0.5\AndroidManifest.xml:5:5-44
MERGED from [androidx.viewpager2:viewpager2:1.0.0] C:\Users\sirad\.gradle\caches\8.13\transforms\6fafa6666c41908e56bd120a5f38ef60\transformed\viewpager2-1.0.0\AndroidManifest.xml:20:5-22:41
MERGED from [androidx.viewpager2:viewpager2:1.0.0] C:\Users\sirad\.gradle\caches\8.13\transforms\6fafa6666c41908e56bd120a5f38ef60\transformed\viewpager2-1.0.0\AndroidManifest.xml:20:5-22:41
MERGED from [androidx.fragment:fragment-ktx:1.6.2] C:\Users\sirad\.gradle\caches\8.13\transforms\5f078c0792b1b516d0dce95f1424dd28\transformed\fragment-ktx-1.6.2\AndroidManifest.xml:20:5-44
MERGED from [androidx.fragment:fragment-ktx:1.6.2] C:\Users\sirad\.gradle\caches\8.13\transforms\5f078c0792b1b516d0dce95f1424dd28\transformed\fragment-ktx-1.6.2\AndroidManifest.xml:20:5-44
MERGED from [com.google.firebase:firebase-database:22.0.1] C:\Users\sirad\.gradle\caches\8.13\transforms\5860dc2fd3ef499c42f3afabb0a9dde0\transformed\firebase-database-22.0.1\AndroidManifest.xml:18:5-44
MERGED from [com.google.firebase:firebase-database:22.0.1] C:\Users\sirad\.gradle\caches\8.13\transforms\5860dc2fd3ef499c42f3afabb0a9dde0\transformed\firebase-database-22.0.1\AndroidManifest.xml:18:5-44
MERGED from [com.google.firebase:firebase-firestore:26.0.2] C:\Users\sirad\.gradle\caches\8.13\transforms\8bfde8f9c574face26d39dfc4f7c212b\transformed\firebase-firestore-26.0.2\AndroidManifest.xml:6:5-44
MERGED from [com.google.firebase:firebase-firestore:26.0.2] C:\Users\sirad\.gradle\caches\8.13\transforms\8bfde8f9c574face26d39dfc4f7c212b\transformed\firebase-firestore-26.0.2\AndroidManifest.xml:6:5-44
MERGED from [com.google.firebase:firebase-messaging:25.0.1] C:\Users\sirad\.gradle\caches\8.13\transforms\6b482272fa1c937745c01cfdff52b330\transformed\firebase-messaging-25.0.1\AndroidManifest.xml:20:5-44
MERGED from [com.google.firebase:firebase-messaging:25.0.1] C:\Users\sirad\.gradle\caches\8.13\transforms\6b482272fa1c937745c01cfdff52b330\transformed\firebase-messaging-25.0.1\AndroidManifest.xml:20:5-44
MERGED from [com.google.firebase:firebase-storage:22.0.1] C:\Users\sirad\.gradle\caches\8.13\transforms\4b78a6395c726355cb8a4380fa1083e6\transformed\firebase-storage-22.0.1\AndroidManifest.xml:19:5-44
MERGED from [com.google.firebase:firebase-storage:22.0.1] C:\Users\sirad\.gradle\caches\8.13\transforms\4b78a6395c726355cb8a4380fa1083e6\transformed\firebase-storage-22.0.1\AndroidManifest.xml:19:5-44
MERGED from [com.google.android.gms:play-services-auth-api-phone:18.0.2] C:\Users\sirad\.gradle\caches\8.13\transforms\579fc573c633851d26218b68aaf7d645\transformed\play-services-auth-api-phone-18.0.2\AndroidManifest.xml:5:5-44
MERGED from [com.google.android.gms:play-services-auth-api-phone:18.0.2] C:\Users\sirad\.gradle\caches\8.13\transforms\579fc573c633851d26218b68aaf7d645\transformed\play-services-auth-api-phone-18.0.2\AndroidManifest.xml:5:5-44
MERGED from [com.google.android.gms:play-services-auth-base:18.0.10] C:\Users\sirad\.gradle\caches\8.13\transforms\0f670ba57d38e799c8bf7b757dc6ad45\transformed\play-services-auth-base-18.0.10\AndroidManifest.xml:5:5-44
MERGED from [com.google.android.gms:play-services-auth-base:18.0.10] C:\Users\sirad\.gradle\caches\8.13\transforms\0f670ba57d38e799c8bf7b757dc6ad45\transformed\play-services-auth-base-18.0.10\AndroidManifest.xml:5:5-44
MERGED from [com.google.firebase:firebase-appcheck:19.0.1] C:\Users\sirad\.gradle\caches\8.13\transforms\6e86ad91f89a0dfe7ef7372fc77fec05\transformed\firebase-appcheck-19.0.1\AndroidManifest.xml:18:5-44
MERGED from [com.google.firebase:firebase-appcheck:19.0.1] C:\Users\sirad\.gradle\caches\8.13\transforms\6e86ad91f89a0dfe7ef7372fc77fec05\transformed\firebase-appcheck-19.0.1\AndroidManifest.xml:18:5-44
MERGED from [com.google.firebase:firebase-appcheck-interop:17.1.0] C:\Users\sirad\.gradle\caches\8.13\transforms\572e48b382bbb51962a0b3f571333f2c\transformed\firebase-appcheck-interop-17.1.0\AndroidManifest.xml:18:5-44
MERGED from [com.google.firebase:firebase-appcheck-interop:17.1.0] C:\Users\sirad\.gradle\caches\8.13\transforms\572e48b382bbb51962a0b3f571333f2c\transformed\firebase-appcheck-interop-17.1.0\AndroidManifest.xml:18:5-44
MERGED from [com.google.firebase:firebase-database-collection:18.0.1] C:\Users\sirad\.gradle\caches\8.13\transforms\585f2205b6d464f0fca7a5cc78e83916\transformed\firebase-database-collection-18.0.1\AndroidManifest.xml:5:5-7:41
MERGED from [com.google.firebase:firebase-database-collection:18.0.1] C:\Users\sirad\.gradle\caches\8.13\transforms\585f2205b6d464f0fca7a5cc78e83916\transformed\firebase-database-collection-18.0.1\AndroidManifest.xml:5:5-7:41
MERGED from [com.google.firebase:firebase-analytics:23.0.0] C:\Users\sirad\.gradle\caches\8.13\transforms\b9d36706e016bc228303a1a4dbb96dff\transformed\firebase-analytics-23.0.0\AndroidManifest.xml:5:5-44
MERGED from [com.google.firebase:firebase-analytics:23.0.0] C:\Users\sirad\.gradle\caches\8.13\transforms\b9d36706e016bc228303a1a4dbb96dff\transformed\firebase-analytics-23.0.0\AndroidManifest.xml:5:5-44
MERGED from [com.google.android.gms:play-services-measurement:23.0.0] C:\Users\sirad\.gradle\caches\8.13\transforms\85dc646d2c804a6fcf1c9afccbdb204a\transformed\play-services-measurement-23.0.0\AndroidManifest.xml:20:5-44
MERGED from [com.google.android.gms:play-services-measurement:23.0.0] C:\Users\sirad\.gradle\caches\8.13\transforms\85dc646d2c804a6fcf1c9afccbdb204a\transformed\play-services-measurement-23.0.0\AndroidManifest.xml:20:5-44
MERGED from [com.google.android.gms:play-services-measurement-sdk:23.0.0] C:\Users\sirad\.gradle\caches\8.13\transforms\29376f18954a0772ffda910ce92b3e50\transformed\play-services-measurement-sdk-23.0.0\AndroidManifest.xml:20:5-44
MERGED from [com.google.android.gms:play-services-measurement-sdk:23.0.0] C:\Users\sirad\.gradle\caches\8.13\transforms\29376f18954a0772ffda910ce92b3e50\transformed\play-services-measurement-sdk-23.0.0\AndroidManifest.xml:20:5-44
MERGED from [com.google.android.gms:play-services-measurement-impl:23.0.0] C:\Users\sirad\.gradle\caches\8.13\transforms\ab6af623a172845fd857e1efa2501c60\transformed\play-services-measurement-impl-23.0.0\AndroidManifest.xml:20:5-44
MERGED from [com.google.android.gms:play-services-measurement-impl:23.0.0] C:\Users\sirad\.gradle\caches\8.13\transforms\ab6af623a172845fd857e1efa2501c60\transformed\play-services-measurement-impl-23.0.0\AndroidManifest.xml:20:5-44
MERGED from [com.google.android.gms:play-services-fido:20.1.0] C:\Users\sirad\.gradle\caches\8.13\transforms\481a8097eb51de085bd87e4ad8e0ad87\transformed\play-services-fido-20.1.0\AndroidManifest.xml:5:5-44
MERGED from [com.google.android.gms:play-services-fido:20.1.0] C:\Users\sirad\.gradle\caches\8.13\transforms\481a8097eb51de085bd87e4ad8e0ad87\transformed\play-services-fido-20.1.0\AndroidManifest.xml:5:5-44
MERGED from [com.google.android.gms:play-services-base:18.5.0] C:\Users\sirad\.gradle\caches\8.13\transforms\15ea55ddbbacd3b23368601fb6391d48\transformed\play-services-base-18.5.0\AndroidManifest.xml:3:5-44
MERGED from [com.google.android.gms:play-services-base:18.5.0] C:\Users\sirad\.gradle\caches\8.13\transforms\15ea55ddbbacd3b23368601fb6391d48\transformed\play-services-base-18.5.0\AndroidManifest.xml:3:5-44
MERGED from [com.google.android.gms:play-services-measurement-api:23.0.0] C:\Users\sirad\.gradle\caches\8.13\transforms\cf3e21e0ba39ef3bc5367f5ac018c3f5\transformed\play-services-measurement-api-23.0.0\AndroidManifest.xml:20:5-44
MERGED from [com.google.android.gms:play-services-measurement-api:23.0.0] C:\Users\sirad\.gradle\caches\8.13\transforms\cf3e21e0ba39ef3bc5367f5ac018c3f5\transformed\play-services-measurement-api-23.0.0\AndroidManifest.xml:20:5-44
MERGED from [com.google.android.recaptcha:recaptcha:18.6.1] C:\Users\sirad\.gradle\caches\8.13\transforms\4bc252ec605d6ef8146ee686d9048323\transformed\recaptcha-18.6.1\AndroidManifest.xml:5:5-44
MERGED from [com.google.android.recaptcha:recaptcha:18.6.1] C:\Users\sirad\.gradle\caches\8.13\transforms\4bc252ec605d6ef8146ee686d9048323\transformed\recaptcha-18.6.1\AndroidManifest.xml:5:5-44
MERGED from [com.google.android.play:integrity:1.3.0] C:\Users\sirad\.gradle\caches\8.13\transforms\f56515210d665281c7dbae5c2bb92774\transformed\integrity-1.3.0\AndroidManifest.xml:4:5-44
MERGED from [com.google.android.play:integrity:1.3.0] C:\Users\sirad\.gradle\caches\8.13\transforms\f56515210d665281c7dbae5c2bb92774\transformed\integrity-1.3.0\AndroidManifest.xml:4:5-44
MERGED from [com.google.firebase:firebase-auth-interop:20.0.0] C:\Users\sirad\.gradle\caches\8.13\transforms\a8d76e06eec334aebb1dccda72aa115e\transformed\firebase-auth-interop-20.0.0\AndroidManifest.xml:5:5-44
MERGED from [com.google.firebase:firebase-auth-interop:20.0.0] C:\Users\sirad\.gradle\caches\8.13\transforms\a8d76e06eec334aebb1dccda72aa115e\transformed\firebase-auth-interop-20.0.0\AndroidManifest.xml:5:5-44
MERGED from [com.google.firebase:firebase-installations:19.0.1] C:\Users\sirad\.gradle\caches\8.13\transforms\063ad2bb781bf157d8445d1c68533c81\transformed\firebase-installations-19.0.1\AndroidManifest.xml:5:5-44
MERGED from [com.google.firebase:firebase-installations:19.0.1] C:\Users\sirad\.gradle\caches\8.13\transforms\063ad2bb781bf157d8445d1c68533c81\transformed\firebase-installations-19.0.1\AndroidManifest.xml:5:5-44
MERGED from [com.google.firebase:firebase-common:22.0.1] C:\Users\sirad\.gradle\caches\8.13\transforms\10b615c46dc28abe4d9d5b9b7b5dd7f7\transformed\firebase-common-22.0.1\AndroidManifest.xml:19:5-44
MERGED from [com.google.firebase:firebase-common:22.0.1] C:\Users\sirad\.gradle\caches\8.13\transforms\10b615c46dc28abe4d9d5b9b7b5dd7f7\transformed\firebase-common-22.0.1\AndroidManifest.xml:19:5-44
MERGED from [com.google.firebase:firebase-iid-interop:17.1.0] C:\Users\sirad\.gradle\caches\8.13\transforms\84307de11fcbc3527dff035185021859\transformed\firebase-iid-interop-17.1.0\AndroidManifest.xml:5:5-44
MERGED from [com.google.firebase:firebase-iid-interop:17.1.0] C:\Users\sirad\.gradle\caches\8.13\transforms\84307de11fcbc3527dff035185021859\transformed\firebase-iid-interop-17.1.0\AndroidManifest.xml:5:5-44
MERGED from [com.google.android.gms:play-services-cloud-messaging:17.2.0] C:\Users\sirad\.gradle\caches\8.13\transforms\7d007b5220813db7e95b415d16192c40\transformed\play-services-cloud-messaging-17.2.0\AndroidManifest.xml:5:5-44
MERGED from [com.google.android.gms:play-services-cloud-messaging:17.2.0] C:\Users\sirad\.gradle\caches\8.13\transforms\7d007b5220813db7e95b415d16192c40\transformed\play-services-cloud-messaging-17.2.0\AndroidManifest.xml:5:5-44
MERGED from [androidx.work:work-runtime-ktx:2.11.0] C:\Users\sirad\.gradle\caches\8.13\transforms\30761cb09e30bad5342cdd6bfa3a1db8\transformed\work-runtime-ktx-2.11.0\AndroidManifest.xml:20:5-44
MERGED from [androidx.work:work-runtime-ktx:2.11.0] C:\Users\sirad\.gradle\caches\8.13\transforms\30761cb09e30bad5342cdd6bfa3a1db8\transformed\work-runtime-ktx-2.11.0\AndroidManifest.xml:20:5-44
MERGED from [androidx.work:work-runtime:2.11.0] C:\Users\sirad\.gradle\caches\8.13\transforms\d4dccc2840b421e0833840356456b596\transformed\work-runtime-2.11.0\AndroidManifest.xml:21:5-44
MERGED from [androidx.work:work-runtime:2.11.0] C:\Users\sirad\.gradle\caches\8.13\transforms\d4dccc2840b421e0833840356456b596\transformed\work-runtime-2.11.0\AndroidManifest.xml:21:5-44
MERGED from [androidx.room:room-runtime-android:2.8.4] C:\Users\sirad\.gradle\caches\8.13\transforms\c6fd910604768fd0130d32e47a6adca5\transformed\room-runtime\AndroidManifest.xml:21:5-44
MERGED from [androidx.room:room-runtime-android:2.8.4] C:\Users\sirad\.gradle\caches\8.13\transforms\c6fd910604768fd0130d32e47a6adca5\transformed\room-runtime\AndroidManifest.xml:21:5-44
MERGED from [androidx.navigationevent:navigationevent-android:1.0.1] C:\Users\sirad\.gradle\caches\8.13\transforms\8d14c1bfc11122adefc63afe589a7f87\transformed\navigationevent\AndroidManifest.xml:5:5-44
MERGED from [androidx.navigationevent:navigationevent-android:1.0.1] C:\Users\sirad\.gradle\caches\8.13\transforms\8d14c1bfc11122adefc63afe589a7f87\transformed\navigationevent\AndroidManifest.xml:5:5-44
MERGED from [androidx.legacy:legacy-support-v4:1.0.0] C:\Users\sirad\.gradle\caches\8.13\transforms\5747bc87db6970d530803c23cdb8dcd0\transformed\legacy-support-v4-1.0.0\AndroidManifest.xml:20:5-44
MERGED from [androidx.legacy:legacy-support-v4:1.0.0] C:\Users\sirad\.gradle\caches\8.13\transforms\5747bc87db6970d530803c23cdb8dcd0\transformed\legacy-support-v4-1.0.0\AndroidManifest.xml:20:5-44
MERGED from [androidx.legacy:legacy-support-core-ui:1.0.0] C:\Users\sirad\.gradle\caches\8.13\transforms\dc8a9293dbc5f329c3ef84da885a941c\transformed\legacy-support-core-ui-1.0.0\AndroidManifest.xml:20:5-44
MERGED from [androidx.legacy:legacy-support-core-ui:1.0.0] C:\Users\sirad\.gradle\caches\8.13\transforms\dc8a9293dbc5f329c3ef84da885a941c\transformed\legacy-support-core-ui-1.0.0\AndroidManifest.xml:20:5-44
MERGED from [androidx.slidingpanelayout:slidingpanelayout:1.2.0] C:\Users\sirad\.gradle\caches\8.13\transforms\63cfbae09aeb85c317c3f2759e2dd069\transformed\slidingpanelayout-1.2.0\AndroidManifest.xml:20:5-22:41
MERGED from [androidx.slidingpanelayout:slidingpanelayout:1.2.0] C:\Users\sirad\.gradle\caches\8.13\transforms\63cfbae09aeb85c317c3f2759e2dd069\transformed\slidingpanelayout-1.2.0\AndroidManifest.xml:20:5-22:41
MERGED from [androidx.window:window:1.0.0] C:\Users\sirad\.gradle\caches\8.13\transforms\ba511f98ccacdda59eea5d8a671cc228\transformed\window-1.0.0\AndroidManifest.xml:20:5-22:41
MERGED from [androidx.window:window:1.0.0] C:\Users\sirad\.gradle\caches\8.13\transforms\ba511f98ccacdda59eea5d8a671cc228\transformed\window-1.0.0\AndroidManifest.xml:20:5-22:41
MERGED from [androidx.swiperefreshlayout:swiperefreshlayout:1.2.0] C:\Users\sirad\.gradle\caches\8.13\transforms\655c8aab4a32f1c5d57d05f93d7493d7\transformed\swiperefreshlayout-1.2.0\AndroidManifest.xml:5:5-44
MERGED from [androidx.swiperefreshlayout:swiperefreshlayout:1.2.0] C:\Users\sirad\.gradle\caches\8.13\transforms\655c8aab4a32f1c5d57d05f93d7493d7\transformed\swiperefreshlayout-1.2.0\AndroidManifest.xml:5:5-44
MERGED from [androidx.emoji2:emoji2-views-helper:1.3.0] C:\Users\sirad\.gradle\caches\8.13\transforms\0a653461ccc943c7affa8451c8013281\transformed\emoji2-views-helper-1.3.0\AndroidManifest.xml:5:5-44
MERGED from [androidx.emoji2:emoji2-views-helper:1.3.0] C:\Users\sirad\.gradle\caches\8.13\transforms\0a653461ccc943c7affa8451c8013281\transformed\emoji2-views-helper-1.3.0\AndroidManifest.xml:5:5-44
MERGED from [androidx.emoji2:emoji2:1.3.0] C:\Users\sirad\.gradle\caches\8.13\transforms\12835d4dd05759d64eaf6f002036742c\transformed\emoji2-1.3.0\AndroidManifest.xml:21:5-44
MERGED from [androidx.emoji2:emoji2:1.3.0] C:\Users\sirad\.gradle\caches\8.13\transforms\12835d4dd05759d64eaf6f002036742c\transformed\emoji2-1.3.0\AndroidManifest.xml:21:5-44
MERGED from [androidx.drawerlayout:drawerlayout:1.1.1] C:\Users\sirad\.gradle\caches\8.13\transforms\75e49587e06ce3dd5af39f86fc8df901\transformed\drawerlayout-1.1.1\AndroidManifest.xml:20:5-22:41
MERGED from [androidx.drawerlayout:drawerlayout:1.1.1] C:\Users\sirad\.gradle\caches\8.13\transforms\75e49587e06ce3dd5af39f86fc8df901\transformed\drawerlayout-1.1.1\AndroidManifest.xml:20:5-22:41
MERGED from [androidx.coordinatorlayout:coordinatorlayout:1.1.0] C:\Users\sirad\.gradle\caches\8.13\transforms\d3e8081afa80d90bbf91a6e701cb85ea\transformed\coordinatorlayout-1.1.0\AndroidManifest.xml:20:5-22:41
MERGED from [androidx.coordinatorlayout:coordinatorlayout:1.1.0] C:\Users\sirad\.gradle\caches\8.13\transforms\d3e8081afa80d90bbf91a6e701cb85ea\transformed\coordinatorlayout-1.1.0\AndroidManifest.xml:20:5-22:41
MERGED from [androidx.transition:transition:1.5.0] C:\Users\sirad\.gradle\caches\8.13\transforms\246120c26187728486867938bcb7cd27\transformed\transition-1.5.0\AndroidManifest.xml:5:5-44
MERGED from [androidx.transition:transition:1.5.0] C:\Users\sirad\.gradle\caches\8.13\transforms\246120c26187728486867938bcb7cd27\transformed\transition-1.5.0\AndroidManifest.xml:5:5-44
MERGED from [androidx.dynamicanimation:dynamicanimation:1.1.0] C:\Users\sirad\.gradle\caches\8.13\transforms\f01789e94ad8913998d2fd343631498c\transformed\dynamicanimation-1.1.0\AndroidManifest.xml:5:5-44
MERGED from [androidx.dynamicanimation:dynamicanimation:1.1.0] C:\Users\sirad\.gradle\caches\8.13\transforms\f01789e94ad8913998d2fd343631498c\transformed\dynamicanimation-1.1.0\AndroidManifest.xml:5:5-44
MERGED from [androidx.vectordrawable:vectordrawable-animated:1.1.0] C:\Users\sirad\.gradle\caches\8.13\transforms\25021630c758dcf17d65735f2a7ce6a4\transformed\vectordrawable-animated-1.1.0\AndroidManifest.xml:20:5-22:41
MERGED from [androidx.vectordrawable:vectordrawable-animated:1.1.0] C:\Users\sirad\.gradle\caches\8.13\transforms\25021630c758dcf17d65735f2a7ce6a4\transformed\vectordrawable-animated-1.1.0\AndroidManifest.xml:20:5-22:41
MERGED from [androidx.vectordrawable:vectordrawable:1.1.0] C:\Users\sirad\.gradle\caches\8.13\transforms\99a00fbdd1c69bc1033c6d8320fa2f0d\transformed\vectordrawable-1.1.0\AndroidManifest.xml:20:5-22:41
MERGED from [androidx.vectordrawable:vectordrawable:1.1.0] C:\Users\sirad\.gradle\caches\8.13\transforms\99a00fbdd1c69bc1033c6d8320fa2f0d\transformed\vectordrawable-1.1.0\AndroidManifest.xml:20:5-22:41
MERGED from [androidx.graphics:graphics-shapes-android:1.0.1] C:\Users\sirad\.gradle\caches\8.13\transforms\3216f6076f160f162f822edb677c5090\transformed\graphics-shapes-release\AndroidManifest.xml:5:5-44
MERGED from [androidx.graphics:graphics-shapes-android:1.0.1] C:\Users\sirad\.gradle\caches\8.13\transforms\3216f6076f160f162f822edb677c5090\transformed\graphics-shapes-release\AndroidManifest.xml:5:5-44
MERGED from [com.linkedin.android.litr:litr:1.4.16] C:\Users\sirad\.gradle\caches\8.13\transforms\80e0c5351e1e366b3d2a952156e2dff7\transformed\litr-1.4.16\AndroidManifest.xml:10:5-12:41
MERGED from [com.linkedin.android.litr:litr:1.4.16] C:\Users\sirad\.gradle\caches\8.13\transforms\80e0c5351e1e366b3d2a952156e2dff7\transformed\litr-1.4.16\AndroidManifest.xml:10:5-12:41
MERGED from [com.google.android.gms:play-services-stats:17.0.2] C:\Users\sirad\.gradle\caches\8.13\transforms\1db0db662073d181a6642cc29a53111e\transformed\play-services-stats-17.0.2\AndroidManifest.xml:5:5-44
MERGED from [com.google.android.gms:play-services-stats:17.0.2] C:\Users\sirad\.gradle\caches\8.13\transforms\1db0db662073d181a6642cc29a53111e\transformed\play-services-stats-17.0.2\AndroidManifest.xml:5:5-44
MERGED from [androidx.legacy:legacy-support-core-utils:1.0.0] C:\Users\sirad\.gradle\caches\8.13\transforms\8cccc3cd7e97b0d740d219396998b85c\transformed\legacy-support-core-utils-1.0.0\AndroidManifest.xml:20:5-44
MERGED from [androidx.legacy:legacy-support-core-utils:1.0.0] C:\Users\sirad\.gradle\caches\8.13\transforms\8cccc3cd7e97b0d740d219396998b85c\transformed\legacy-support-core-utils-1.0.0\AndroidManifest.xml:20:5-44
MERGED from [androidx.loader:loader:1.1.0] C:\Users\sirad\.gradle\caches\8.13\transforms\8e6cb8b72742d8134857501d559b2809\transformed\loader-1.1.0\AndroidManifest.xml:20:5-22:41
MERGED from [androidx.loader:loader:1.1.0] C:\Users\sirad\.gradle\caches\8.13\transforms\8e6cb8b72742d8134857501d559b2809\transformed\loader-1.1.0\AndroidManifest.xml:20:5-22:41
MERGED from [androidx.activity:activity-ktx:1.12.2] C:\Users\sirad\.gradle\caches\8.13\transforms\81b2266ad2dcf68414c7c075ec7599b2\transformed\activity-ktx-1.12.2\AndroidManifest.xml:5:5-44
MERGED from [androidx.activity:activity-ktx:1.12.2] C:\Users\sirad\.gradle\caches\8.13\transforms\81b2266ad2dcf68414c7c075ec7599b2\transformed\activity-ktx-1.12.2\AndroidManifest.xml:5:5-44
MERGED from [androidx.lifecycle:lifecycle-runtime-ktx-android:2.9.0] C:\Users\sirad\.gradle\caches\8.13\transforms\ac45c9bd21abd3320e87c6201551b07e\transformed\lifecycle-runtime-ktx\AndroidManifest.xml:5:5-44
MERGED from [androidx.lifecycle:lifecycle-runtime-ktx-android:2.9.0] C:\Users\sirad\.gradle\caches\8.13\transforms\ac45c9bd21abd3320e87c6201551b07e\transformed\lifecycle-runtime-ktx\AndroidManifest.xml:5:5-44
MERGED from [androidx.lifecycle:lifecycle-viewmodel-ktx:2.9.0] C:\Users\sirad\.gradle\caches\8.13\transforms\cccb8eb0b02cd7b7613441e9dc6193e4\transformed\lifecycle-viewmodel-ktx-2.9.0\AndroidManifest.xml:5:5-44
MERGED from [androidx.lifecycle:lifecycle-viewmodel-ktx:2.9.0] C:\Users\sirad\.gradle\caches\8.13\transforms\cccb8eb0b02cd7b7613441e9dc6193e4\transformed\lifecycle-viewmodel-ktx-2.9.0\AndroidManifest.xml:5:5-44
MERGED from [androidx.lifecycle:lifecycle-service:2.9.0] C:\Users\sirad\.gradle\caches\8.13\transforms\d65a2acb1fdaddd676e2decfb2068fc6\transformed\lifecycle-service-2.9.0\AndroidManifest.xml:5:5-44
MERGED from [androidx.lifecycle:lifecycle-service:2.9.0] C:\Users\sirad\.gradle\caches\8.13\transforms\d65a2acb1fdaddd676e2decfb2068fc6\transformed\lifecycle-service-2.9.0\AndroidManifest.xml:5:5-44
MERGED from [androidx.lifecycle:lifecycle-process:2.9.0] C:\Users\sirad\.gradle\caches\8.13\transforms\c352668c52870cafbcf8f21fa80b7657\transformed\lifecycle-process-2.9.0\AndroidManifest.xml:21:5-44
MERGED from [androidx.lifecycle:lifecycle-process:2.9.0] C:\Users\sirad\.gradle\caches\8.13\transforms\c352668c52870cafbcf8f21fa80b7657\transformed\lifecycle-process-2.9.0\AndroidManifest.xml:21:5-44
MERGED from [androidx.lifecycle:lifecycle-livedata-core-ktx:2.9.0] C:\Users\sirad\.gradle\caches\8.13\transforms\feab904c384f03c4823d27231d30e1cb\transformed\lifecycle-livedata-core-ktx-2.9.0\AndroidManifest.xml:5:5-44
MERGED from [androidx.lifecycle:lifecycle-livedata-core-ktx:2.9.0] C:\Users\sirad\.gradle\caches\8.13\transforms\feab904c384f03c4823d27231d30e1cb\transformed\lifecycle-livedata-core-ktx-2.9.0\AndroidManifest.xml:5:5-44
MERGED from [androidx.lifecycle:lifecycle-livedata-core:2.9.0] C:\Users\sirad\.gradle\caches\8.13\transforms\595b883fda099d7b0b09de2135cc3ae2\transformed\lifecycle-livedata-core-2.9.0\AndroidManifest.xml:20:5-44
MERGED from [androidx.lifecycle:lifecycle-livedata-core:2.9.0] C:\Users\sirad\.gradle\caches\8.13\transforms\595b883fda099d7b0b09de2135cc3ae2\transformed\lifecycle-livedata-core-2.9.0\AndroidManifest.xml:20:5-44
MERGED from [androidx.lifecycle:lifecycle-livedata:2.9.0] C:\Users\sirad\.gradle\caches\8.13\transforms\7e8b1339a70dbbf0059f4b2a3d445d13\transformed\lifecycle-livedata-2.9.0\AndroidManifest.xml:20:5-44
MERGED from [androidx.lifecycle:lifecycle-livedata:2.9.0] C:\Users\sirad\.gradle\caches\8.13\transforms\7e8b1339a70dbbf0059f4b2a3d445d13\transformed\lifecycle-livedata-2.9.0\AndroidManifest.xml:20:5-44
MERGED from [androidx.lifecycle:lifecycle-viewmodel:2.9.0] C:\Users\sirad\.gradle\caches\8.13\transforms\9360062dd8ec0831d7348c983c2867ee\transformed\lifecycle-viewmodel-2.9.0\AndroidManifest.xml:4:5-43
MERGED from [androidx.lifecycle:lifecycle-viewmodel:2.9.0] C:\Users\sirad\.gradle\caches\8.13\transforms\9360062dd8ec0831d7348c983c2867ee\transformed\lifecycle-viewmodel-2.9.0\AndroidManifest.xml:4:5-43
MERGED from [androidx.lifecycle:lifecycle-viewmodel-android:2.9.0] C:\Users\sirad\.gradle\caches\8.13\transforms\3afe0fe86f1f3a4b5a8b8b6a93356afd\transformed\lifecycle-viewmodel-release\AndroidManifest.xml:20:5-44
MERGED from [androidx.lifecycle:lifecycle-viewmodel-android:2.9.0] C:\Users\sirad\.gradle\caches\8.13\transforms\3afe0fe86f1f3a4b5a8b8b6a93356afd\transformed\lifecycle-viewmodel-release\AndroidManifest.xml:20:5-44
MERGED from [androidx.savedstate:savedstate-ktx:1.3.0] C:\Users\sirad\.gradle\caches\8.13\transforms\f0dd79ac17f19717e847dc056464a131\transformed\savedstate-ktx-1.3.0\AndroidManifest.xml:5:5-44
MERGED from [androidx.savedstate:savedstate-ktx:1.3.0] C:\Users\sirad\.gradle\caches\8.13\transforms\f0dd79ac17f19717e847dc056464a131\transformed\savedstate-ktx-1.3.0\AndroidManifest.xml:5:5-44
MERGED from [androidx.savedstate:savedstate-android:1.3.0] C:\Users\sirad\.gradle\caches\8.13\transforms\eb534c00dffb5bbe56d43a6b08a3d236\transformed\savedstate-release\AndroidManifest.xml:20:5-44
MERGED from [androidx.savedstate:savedstate-android:1.3.0] C:\Users\sirad\.gradle\caches\8.13\transforms\eb534c00dffb5bbe56d43a6b08a3d236\transformed\savedstate-release\AndroidManifest.xml:20:5-44
MERGED from [androidx.lifecycle:lifecycle-viewmodel-savedstate-android:2.9.0] C:\Users\sirad\.gradle\caches\8.13\transforms\20bbc1c3fc61af473e215e174369f5cb\transformed\lifecycle-viewmodel-savedstate-release\AndroidManifest.xml:20:5-44
MERGED from [androidx.lifecycle:lifecycle-viewmodel-savedstate-android:2.9.0] C:\Users\sirad\.gradle\caches\8.13\transforms\20bbc1c3fc61af473e215e174369f5cb\transformed\lifecycle-viewmodel-savedstate-release\AndroidManifest.xml:20:5-44
MERGED from [androidx.privacysandbox.ads:ads-adservices-java:1.1.0-beta11] C:\Users\sirad\.gradle\caches\8.13\transforms\bae1cdef6467c05b343caff53e722206\transformed\ads-adservices-java-1.1.0-beta11\AndroidManifest.xml:5:5-44
MERGED from [androidx.privacysandbox.ads:ads-adservices-java:1.1.0-beta11] C:\Users\sirad\.gradle\caches\8.13\transforms\bae1cdef6467c05b343caff53e722206\transformed\ads-adservices-java-1.1.0-beta11\AndroidManifest.xml:5:5-44
MERGED from [androidx.privacysandbox.ads:ads-adservices:1.1.0-beta11] C:\Users\sirad\.gradle\caches\8.13\transforms\e677c0b2eee276bc6cca104b25583b18\transformed\ads-adservices-1.1.0-beta11\AndroidManifest.xml:20:5-44
MERGED from [androidx.privacysandbox.ads:ads-adservices:1.1.0-beta11] C:\Users\sirad\.gradle\caches\8.13\transforms\e677c0b2eee276bc6cca104b25583b18\transformed\ads-adservices-1.1.0-beta11\AndroidManifest.xml:20:5-44
MERGED from [androidx.media3:media3-exoplayer-dash:1.1.1] C:\Users\sirad\.gradle\caches\8.13\transforms\47528a5399c20a1f0ef5714524481bce\transformed\media3-exoplayer-dash-1.1.1\AndroidManifest.xml:20:5-22:41
MERGED from [androidx.media3:media3-exoplayer-dash:1.1.1] C:\Users\sirad\.gradle\caches\8.13\transforms\47528a5399c20a1f0ef5714524481bce\transformed\media3-exoplayer-dash-1.1.1\AndroidManifest.xml:20:5-22:41
MERGED from [androidx.media3:media3-exoplayer-hls:1.1.1] C:\Users\sirad\.gradle\caches\8.13\transforms\7623bb9c2dc68c23c8096b57572286cd\transformed\media3-exoplayer-hls-1.1.1\AndroidManifest.xml:20:5-22:41
MERGED from [androidx.media3:media3-exoplayer-hls:1.1.1] C:\Users\sirad\.gradle\caches\8.13\transforms\7623bb9c2dc68c23c8096b57572286cd\transformed\media3-exoplayer-hls-1.1.1\AndroidManifest.xml:20:5-22:41
MERGED from [androidx.media3:media3-exoplayer:1.1.1] C:\Users\sirad\.gradle\caches\8.13\transforms\9cae78acd897a403fbb7b08c9c8114dd\transformed\media3-exoplayer-1.1.1\AndroidManifest.xml:20:5-22:41
MERGED from [androidx.media3:media3-exoplayer:1.1.1] C:\Users\sirad\.gradle\caches\8.13\transforms\9cae78acd897a403fbb7b08c9c8114dd\transformed\media3-exoplayer-1.1.1\AndroidManifest.xml:20:5-22:41
MERGED from [androidx.media3:media3-extractor:1.1.1] C:\Users\sirad\.gradle\caches\8.13\transforms\df3f6fc40346c613497d93e3d3df0cfa\transformed\media3-extractor-1.1.1\AndroidManifest.xml:20:5-22:41
MERGED from [androidx.media3:media3-extractor:1.1.1] C:\Users\sirad\.gradle\caches\8.13\transforms\df3f6fc40346c613497d93e3d3df0cfa\transformed\media3-extractor-1.1.1\AndroidManifest.xml:20:5-22:41
MERGED from [androidx.media3:media3-container:1.1.1] C:\Users\sirad\.gradle\caches\8.13\transforms\286a8e77f86122af8478330f24e03b0d\transformed\media3-container-1.1.1\AndroidManifest.xml:20:5-22:41
MERGED from [androidx.media3:media3-container:1.1.1] C:\Users\sirad\.gradle\caches\8.13\transforms\286a8e77f86122af8478330f24e03b0d\transformed\media3-container-1.1.1\AndroidManifest.xml:20:5-22:41
MERGED from [androidx.media3:media3-datasource:1.1.1] C:\Users\sirad\.gradle\caches\8.13\transforms\8247a09a60d0597b779abedbebfde84c\transformed\media3-datasource-1.1.1\AndroidManifest.xml:20:5-22:41
MERGED from [androidx.media3:media3-datasource:1.1.1] C:\Users\sirad\.gradle\caches\8.13\transforms\8247a09a60d0597b779abedbebfde84c\transformed\media3-datasource-1.1.1\AndroidManifest.xml:20:5-22:41
MERGED from [androidx.media3:media3-decoder:1.1.1] C:\Users\sirad\.gradle\caches\8.13\transforms\7059964f6ccfbe316a2e60e75a05c4c6\transformed\media3-decoder-1.1.1\AndroidManifest.xml:20:5-22:41
MERGED from [androidx.media3:media3-decoder:1.1.1] C:\Users\sirad\.gradle\caches\8.13\transforms\7059964f6ccfbe316a2e60e75a05c4c6\transformed\media3-decoder-1.1.1\AndroidManifest.xml:20:5-22:41
MERGED from [androidx.media3:media3-database:1.1.1] C:\Users\sirad\.gradle\caches\8.13\transforms\88fa5e6549efe9db1e427dedaa47ac1f\transformed\media3-database-1.1.1\AndroidManifest.xml:20:5-22:41
MERGED from [androidx.media3:media3-database:1.1.1] C:\Users\sirad\.gradle\caches\8.13\transforms\88fa5e6549efe9db1e427dedaa47ac1f\transformed\media3-database-1.1.1\AndroidManifest.xml:20:5-22:41
MERGED from [androidx.media3:media3-common:1.1.1] C:\Users\sirad\.gradle\caches\8.13\transforms\910f540ba1bd9af5336bac0bbf392b91\transformed\media3-common-1.1.1\AndroidManifest.xml:20:5-22:41
MERGED from [androidx.media3:media3-common:1.1.1] C:\Users\sirad\.gradle\caches\8.13\transforms\910f540ba1bd9af5336bac0bbf392b91\transformed\media3-common-1.1.1\AndroidManifest.xml:20:5-22:41
MERGED from [androidx.media3:media3-ui:1.1.1] C:\Users\sirad\.gradle\caches\8.13\transforms\b1e1ec1cc35a42ac9e5db158c3ef4c2b\transformed\media3-ui-1.1.1\AndroidManifest.xml:20:5-22:41
MERGED from [androidx.media3:media3-ui:1.1.1] C:\Users\sirad\.gradle\caches\8.13\transforms\b1e1ec1cc35a42ac9e5db158c3ef4c2b\transformed\media3-ui-1.1.1\AndroidManifest.xml:20:5-22:41
MERGED from [androidx.recyclerview:recyclerview:1.3.0] C:\Users\sirad\.gradle\caches\8.13\transforms\a8f915babe1d397d6e4f9f7c530a42c5\transformed\recyclerview-1.3.0\AndroidManifest.xml:20:5-44
MERGED from [androidx.recyclerview:recyclerview:1.3.0] C:\Users\sirad\.gradle\caches\8.13\transforms\a8f915babe1d397d6e4f9f7c530a42c5\transformed\recyclerview-1.3.0\AndroidManifest.xml:20:5-44
MERGED from [androidx.customview:customview-poolingcontainer:1.0.0] C:\Users\sirad\.gradle\caches\8.13\transforms\619dae966f699329fdb500862db9755a\transformed\customview-poolingcontainer-1.0.0\AndroidManifest.xml:20:5-21:38
MERGED from [androidx.customview:customview-poolingcontainer:1.0.0] C:\Users\sirad\.gradle\caches\8.13\transforms\619dae966f699329fdb500862db9755a\transformed\customview-poolingcontainer-1.0.0\AndroidManifest.xml:20:5-21:38
MERGED from [androidx.core:core-ktx:1.16.0] C:\Users\sirad\.gradle\caches\8.13\transforms\88061e0a701924de25bf2a7e30dc0b75\transformed\core-ktx-1.16.0\AndroidManifest.xml:5:5-44
MERGED from [androidx.core:core-ktx:1.16.0] C:\Users\sirad\.gradle\caches\8.13\transforms\88061e0a701924de25bf2a7e30dc0b75\transformed\core-ktx-1.16.0\AndroidManifest.xml:5:5-44
MERGED from [androidx.viewpager:viewpager:1.0.0] C:\Users\sirad\.gradle\caches\8.13\transforms\509780ac19c94516a5cdd3887b81a4e6\transformed\viewpager-1.0.0\AndroidManifest.xml:20:5-44
MERGED from [androidx.viewpager:viewpager:1.0.0] C:\Users\sirad\.gradle\caches\8.13\transforms\509780ac19c94516a5cdd3887b81a4e6\transformed\viewpager-1.0.0\AndroidManifest.xml:20:5-44
MERGED from [androidx.customview:customview:1.1.0] C:\Users\sirad\.gradle\caches\8.13\transforms\db2fc126f9dfffdca71ef5e7097aaa12\transformed\customview-1.1.0\AndroidManifest.xml:20:5-22:41
MERGED from [androidx.customview:customview:1.1.0] C:\Users\sirad\.gradle\caches\8.13\transforms\db2fc126f9dfffdca71ef5e7097aaa12\transformed\customview-1.1.0\AndroidManifest.xml:20:5-22:41
MERGED from [androidx.browser:browser:1.4.0] C:\Users\sirad\.gradle\caches\8.13\transforms\c427f4bee67c164f923b48502848b632\transformed\browser-1.4.0\AndroidManifest.xml:20:5-22:41
MERGED from [androidx.browser:browser:1.4.0] C:\Users\sirad\.gradle\caches\8.13\transforms\c427f4bee67c164f923b48502848b632\transformed\browser-1.4.0\AndroidManifest.xml:20:5-22:41
MERGED from [androidx.media:media:1.6.0] C:\Users\sirad\.gradle\caches\8.13\transforms\51c26a2c4ea957c245a04a20bf4f076b\transformed\media-1.6.0\AndroidManifest.xml:20:5-22:41
MERGED from [androidx.media:media:1.6.0] C:\Users\sirad\.gradle\caches\8.13\transforms\51c26a2c4ea957c245a04a20bf4f076b\transformed\media-1.6.0\AndroidManifest.xml:20:5-22:41
MERGED from [com.facebook.fresco:fresco:3.6.0] C:\Users\sirad\.gradle\caches\8.13\transforms\99fd438fc1f23b568efdfd10a2229daa\transformed\fresco-3.6.0\AndroidManifest.xml:5:5-44
MERGED from [com.facebook.fresco:fresco:3.6.0] C:\Users\sirad\.gradle\caches\8.13\transforms\99fd438fc1f23b568efdfd10a2229daa\transformed\fresco-3.6.0\AndroidManifest.xml:5:5-44
MERGED from [com.facebook.fresco:soloader:3.6.0] C:\Users\sirad\.gradle\caches\8.13\transforms\465e1aa036fe199755865a6f8815e007\transformed\soloader-3.6.0\AndroidManifest.xml:5:5-44
MERGED from [com.facebook.fresco:soloader:3.6.0] C:\Users\sirad\.gradle\caches\8.13\transforms\465e1aa036fe199755865a6f8815e007\transformed\soloader-3.6.0\AndroidManifest.xml:5:5-44
MERGED from [com.facebook.fresco:drawee:3.6.0] C:\Users\sirad\.gradle\caches\8.13\transforms\9766522f0453a6b0cd97bac3321c78ed\transformed\drawee-3.6.0\AndroidManifest.xml:5:5-44
MERGED from [com.facebook.fresco:drawee:3.6.0] C:\Users\sirad\.gradle\caches\8.13\transforms\9766522f0453a6b0cd97bac3321c78ed\transformed\drawee-3.6.0\AndroidManifest.xml:5:5-44
MERGED from [com.facebook.fresco:nativeimagefilters:3.6.0] C:\Users\sirad\.gradle\caches\8.13\transforms\4d5a6fafb2112a923aca41330c984ad0\transformed\nativeimagefilters-3.6.0\AndroidManifest.xml:5:5-44
MERGED from [com.facebook.fresco:nativeimagefilters:3.6.0] C:\Users\sirad\.gradle\caches\8.13\transforms\4d5a6fafb2112a923aca41330c984ad0\transformed\nativeimagefilters-3.6.0\AndroidManifest.xml:5:5-44
MERGED from [com.facebook.fresco:memory-type-native:3.6.0] C:\Users\sirad\.gradle\caches\8.13\transforms\65f79dddf4551bc7b8ca43e6fe80183f\transformed\memory-type-native-3.6.0\AndroidManifest.xml:5:5-44
MERGED from [com.facebook.fresco:memory-type-native:3.6.0] C:\Users\sirad\.gradle\caches\8.13\transforms\65f79dddf4551bc7b8ca43e6fe80183f\transformed\memory-type-native-3.6.0\AndroidManifest.xml:5:5-44
MERGED from [com.facebook.fresco:memory-type-java:3.6.0] C:\Users\sirad\.gradle\caches\8.13\transforms\2e97d96c607039a81ce55b3c8eacf1c8\transformed\memory-type-java-3.6.0\AndroidManifest.xml:5:5-44
MERGED from [com.facebook.fresco:memory-type-java:3.6.0] C:\Users\sirad\.gradle\caches\8.13\transforms\2e97d96c607039a81ce55b3c8eacf1c8\transformed\memory-type-java-3.6.0\AndroidManifest.xml:5:5-44
MERGED from [com.facebook.fresco:imagepipeline-native:3.6.0] C:\Users\sirad\.gradle\caches\8.13\transforms\9bd43e4c863f169e870e8802f83ac386\transformed\imagepipeline-native-3.6.0\AndroidManifest.xml:5:5-44
MERGED from [com.facebook.fresco:imagepipeline-native:3.6.0] C:\Users\sirad\.gradle\caches\8.13\transforms\9bd43e4c863f169e870e8802f83ac386\transformed\imagepipeline-native-3.6.0\AndroidManifest.xml:5:5-44
MERGED from [com.facebook.fresco:memory-type-ashmem:3.6.0] C:\Users\sirad\.gradle\caches\8.13\transforms\be8f78ea230975fe79eee5bb5fdc1250\transformed\memory-type-ashmem-3.6.0\AndroidManifest.xml:5:5-44
MERGED from [com.facebook.fresco:memory-type-ashmem:3.6.0] C:\Users\sirad\.gradle\caches\8.13\transforms\be8f78ea230975fe79eee5bb5fdc1250\transformed\memory-type-ashmem-3.6.0\AndroidManifest.xml:5:5-44
MERGED from [com.facebook.fresco:imagepipeline:3.6.0] C:\Users\sirad\.gradle\caches\8.13\transforms\bd676597b29eaf883bc78fc1fe8f6442\transformed\imagepipeline-3.6.0\AndroidManifest.xml:5:5-44
MERGED from [com.facebook.fresco:imagepipeline:3.6.0] C:\Users\sirad\.gradle\caches\8.13\transforms\bd676597b29eaf883bc78fc1fe8f6442\transformed\imagepipeline-3.6.0\AndroidManifest.xml:5:5-44
MERGED from [com.facebook.fresco:nativeimagetranscoder:3.6.0] C:\Users\sirad\.gradle\caches\8.13\transforms\b1ef9ab100bb8406e7cd31588c020f27\transformed\nativeimagetranscoder-3.6.0\AndroidManifest.xml:5:5-44
MERGED from [com.facebook.fresco:nativeimagetranscoder:3.6.0] C:\Users\sirad\.gradle\caches\8.13\transforms\b1ef9ab100bb8406e7cd31588c020f27\transformed\nativeimagetranscoder-3.6.0\AndroidManifest.xml:5:5-44
MERGED from [com.facebook.fresco:imagepipeline-base:3.6.0] C:\Users\sirad\.gradle\caches\8.13\transforms\cae67cb3846cd99b8064da5695b334b3\transformed\imagepipeline-base-3.6.0\AndroidManifest.xml:5:5-44
MERGED from [com.facebook.fresco:imagepipeline-base:3.6.0] C:\Users\sirad\.gradle\caches\8.13\transforms\cae67cb3846cd99b8064da5695b334b3\transformed\imagepipeline-base-3.6.0\AndroidManifest.xml:5:5-44
MERGED from [com.facebook.fresco:urimod:3.6.0] C:\Users\sirad\.gradle\caches\8.13\transforms\af2a48a3e79012f98694ec8ecba1a516\transformed\urimod-3.6.0\AndroidManifest.xml:5:5-44
MERGED from [com.facebook.fresco:urimod:3.6.0] C:\Users\sirad\.gradle\caches\8.13\transforms\af2a48a3e79012f98694ec8ecba1a516\transformed\urimod-3.6.0\AndroidManifest.xml:5:5-44
MERGED from [com.facebook.fresco:vito-source:3.6.0] C:\Users\sirad\.gradle\caches\8.13\transforms\28974506fb0664bdf90aa436c874c5b4\transformed\vito-source-3.6.0\AndroidManifest.xml:5:5-44
MERGED from [com.facebook.fresco:vito-source:3.6.0] C:\Users\sirad\.gradle\caches\8.13\transforms\28974506fb0664bdf90aa436c874c5b4\transformed\vito-source-3.6.0\AndroidManifest.xml:5:5-44
MERGED from [com.facebook.fresco:middleware:3.6.0] C:\Users\sirad\.gradle\caches\8.13\transforms\9e22ab9889bf9169920a1d2cd5572846\transformed\middleware-3.6.0\AndroidManifest.xml:5:5-44
MERGED from [com.facebook.fresco:middleware:3.6.0] C:\Users\sirad\.gradle\caches\8.13\transforms\9e22ab9889bf9169920a1d2cd5572846\transformed\middleware-3.6.0\AndroidManifest.xml:5:5-44
MERGED from [com.facebook.fresco:ui-common:3.6.0] C:\Users\sirad\.gradle\caches\8.13\transforms\f647674349b3c2eda3ab077cd43b9b3c\transformed\ui-common-3.6.0\AndroidManifest.xml:5:5-44
MERGED from [com.facebook.fresco:ui-common:3.6.0] C:\Users\sirad\.gradle\caches\8.13\transforms\f647674349b3c2eda3ab077cd43b9b3c\transformed\ui-common-3.6.0\AndroidManifest.xml:5:5-44
MERGED from [com.facebook.fresco:fbcore:3.6.0] C:\Users\sirad\.gradle\caches\8.13\transforms\b8bb847e857b8708229bbba2a0362108\transformed\fbcore-3.6.0\AndroidManifest.xml:5:5-44
MERGED from [com.facebook.fresco:fbcore:3.6.0] C:\Users\sirad\.gradle\caches\8.13\transforms\b8bb847e857b8708229bbba2a0362108\transformed\fbcore-3.6.0\AndroidManifest.xml:5:5-44
MERGED from [androidx.asynclayoutinflater:asynclayoutinflater:1.0.0] C:\Users\sirad\.gradle\caches\8.13\transforms\bbb040afb1c999895be086e9ae6ac62e\transformed\asynclayoutinflater-1.0.0\AndroidManifest.xml:20:5-44
MERGED from [androidx.asynclayoutinflater:asynclayoutinflater:1.0.0] C:\Users\sirad\.gradle\caches\8.13\transforms\bbb040afb1c999895be086e9ae6ac62e\transformed\asynclayoutinflater-1.0.0\AndroidManifest.xml:20:5-44
MERGED from [androidx.core:core:1.16.0] C:\Users\sirad\.gradle\caches\8.13\transforms\a1a955e9210e9087e48f075b9976d805\transformed\core-1.16.0\AndroidManifest.xml:20:5-44
MERGED from [androidx.core:core:1.16.0] C:\Users\sirad\.gradle\caches\8.13\transforms\a1a955e9210e9087e48f075b9976d805\transformed\core-1.16.0\AndroidManifest.xml:20:5-44
MERGED from [androidx.lifecycle:lifecycle-runtime-android:2.9.0] C:\Users\sirad\.gradle\caches\8.13\transforms\3cfe0e8d96bd445cc2d9cbbc1df6caa3\transformed\lifecycle-runtime-release\AndroidManifest.xml:20:5-44
MERGED from [androidx.lifecycle:lifecycle-runtime-android:2.9.0] C:\Users\sirad\.gradle\caches\8.13\transforms\3cfe0e8d96bd445cc2d9cbbc1df6caa3\transformed\lifecycle-runtime-release\AndroidManifest.xml:20:5-44
MERGED from [androidx.datastore:datastore-core-android:1.1.7] C:\Users\sirad\.gradle\caches\8.13\transforms\ff1e685d3b94b09d7d6dc1704b0cada4\transformed\datastore-core-release\AndroidManifest.xml:5:5-44
MERGED from [androidx.datastore:datastore-core-android:1.1.7] C:\Users\sirad\.gradle\caches\8.13\transforms\ff1e685d3b94b09d7d6dc1704b0cada4\transformed\datastore-core-release\AndroidManifest.xml:5:5-44
MERGED from [androidx.datastore:datastore-preferences-core-android:1.1.7] C:\Users\sirad\.gradle\caches\8.13\transforms\b5ebe889973c05a165967ca5a1850ec5\transformed\datastore-preferences-core-release\AndroidManifest.xml:5:5-44
MERGED from [androidx.datastore:datastore-preferences-core-android:1.1.7] C:\Users\sirad\.gradle\caches\8.13\transforms\b5ebe889973c05a165967ca5a1850ec5\transformed\datastore-preferences-core-release\AndroidManifest.xml:5:5-44
MERGED from [androidx.datastore:datastore-android:1.1.7] C:\Users\sirad\.gradle\caches\8.13\transforms\31657e55f374576464a2e9becad141b3\transformed\datastore-release\AndroidManifest.xml:20:5-44
MERGED from [androidx.datastore:datastore-android:1.1.7] C:\Users\sirad\.gradle\caches\8.13\transforms\31657e55f374576464a2e9becad141b3\transformed\datastore-release\AndroidManifest.xml:20:5-44
MERGED from [androidx.datastore:datastore-preferences-android:1.1.7] C:\Users\sirad\.gradle\caches\8.13\transforms\3e35b84b6aca4ea1734ce83d04b950e3\transformed\datastore-preferences-release\AndroidManifest.xml:20:5-44
MERGED from [androidx.datastore:datastore-preferences-android:1.1.7] C:\Users\sirad\.gradle\caches\8.13\transforms\3e35b84b6aca4ea1734ce83d04b950e3\transformed\datastore-preferences-release\AndroidManifest.xml:20:5-44
MERGED from [com.google.firebase:firebase-installations-interop:17.1.1] C:\Users\sirad\.gradle\caches\8.13\transforms\7f118b5b212d2908ec4e2586580705e9\transformed\firebase-installations-interop-17.1.1\AndroidManifest.xml:17:5-44
MERGED from [com.google.firebase:firebase-installations-interop:17.1.1] C:\Users\sirad\.gradle\caches\8.13\transforms\7f118b5b212d2908ec4e2586580705e9\transformed\firebase-installations-interop-17.1.1\AndroidManifest.xml:17:5-44
MERGED from [com.google.android.gms:play-services-tasks:18.2.0] C:\Users\sirad\.gradle\caches\8.13\transforms\d478a4ae033847e6a0039420c66bee27\transformed\play-services-tasks-18.2.0\AndroidManifest.xml:3:5-44
MERGED from [com.google.android.gms:play-services-tasks:18.2.0] C:\Users\sirad\.gradle\caches\8.13\transforms\d478a4ae033847e6a0039420c66bee27\transformed\play-services-tasks-18.2.0\AndroidManifest.xml:3:5-44
MERGED from [com.google.firebase:firebase-measurement-connector:19.0.0] C:\Users\sirad\.gradle\caches\8.13\transforms\a82fb912f4f5a04a27824f1b4a81e4e7\transformed\firebase-measurement-connector-19.0.0\AndroidManifest.xml:20:5-44
MERGED from [com.google.firebase:firebase-measurement-connector:19.0.0] C:\Users\sirad\.gradle\caches\8.13\transforms\a82fb912f4f5a04a27824f1b4a81e4e7\transformed\firebase-measurement-connector-19.0.0\AndroidManifest.xml:20:5-44
MERGED from [com.google.android.gms:play-services-ads-identifier:18.0.0] C:\Users\sirad\.gradle\caches\8.13\transforms\49b0c405afb3e15649ff5db10bbee155\transformed\play-services-ads-identifier-18.0.0\AndroidManifest.xml:20:5-44
MERGED from [com.google.android.gms:play-services-ads-identifier:18.0.0] C:\Users\sirad\.gradle\caches\8.13\transforms\49b0c405afb3e15649ff5db10bbee155\transformed\play-services-ads-identifier-18.0.0\AndroidManifest.xml:20:5-44
MERGED from [com.google.android.gms:play-services-measurement-sdk-api:23.0.0] C:\Users\sirad\.gradle\caches\8.13\transforms\2598ae4f2e9616205b9bb7349b9523b4\transformed\play-services-measurement-sdk-api-23.0.0\AndroidManifest.xml:20:5-44
MERGED from [com.google.android.gms:play-services-measurement-sdk-api:23.0.0] C:\Users\sirad\.gradle\caches\8.13\transforms\2598ae4f2e9616205b9bb7349b9523b4\transformed\play-services-measurement-sdk-api-23.0.0\AndroidManifest.xml:20:5-44
MERGED from [com.google.android.gms:play-services-measurement-base:23.0.0] C:\Users\sirad\.gradle\caches\8.13\transforms\5f3ca09b0f5669b64d2393cac421f835\transformed\play-services-measurement-base-23.0.0\AndroidManifest.xml:5:5-44
MERGED from [com.google.android.gms:play-services-measurement-base:23.0.0] C:\Users\sirad\.gradle\caches\8.13\transforms\5f3ca09b0f5669b64d2393cac421f835\transformed\play-services-measurement-base-23.0.0\AndroidManifest.xml:5:5-44
MERGED from [com.google.android.gms:play-services-basement:18.8.0] C:\Users\sirad\.gradle\caches\8.13\transforms\442dff2e9dabb75b981dd4d51ae259e2\transformed\play-services-basement-18.8.0\AndroidManifest.xml:18:5-43
MERGED from [com.google.android.gms:play-services-basement:18.8.0] C:\Users\sirad\.gradle\caches\8.13\transforms\442dff2e9dabb75b981dd4d51ae259e2\transformed\play-services-basement-18.8.0\AndroidManifest.xml:18:5-43
MERGED from [androidx.fragment:fragment:1.6.2] C:\Users\sirad\.gradle\caches\8.13\transforms\7742133b941929501d01fff2b7a14063\transformed\fragment-1.6.2\AndroidManifest.xml:20:5-44
MERGED from [androidx.fragment:fragment:1.6.2] C:\Users\sirad\.gradle\caches\8.13\transforms\7742133b941929501d01fff2b7a14063\transformed\fragment-1.6.2\AndroidManifest.xml:20:5-44
MERGED from [androidx.activity:activity:1.12.2] C:\Users\sirad\.gradle\caches\8.13\transforms\53e76032c6e2fb9e6f5fb6e577026994\transformed\activity-1.12.2\AndroidManifest.xml:20:5-44
MERGED from [androidx.activity:activity:1.12.2] C:\Users\sirad\.gradle\caches\8.13\transforms\53e76032c6e2fb9e6f5fb6e577026994\transformed\activity-1.12.2\AndroidManifest.xml:20:5-44
MERGED from [com.google.android.libraries.identity.googleid:googleid:1.1.0] C:\Users\sirad\.gradle\caches\8.13\transforms\a04fdaea6cee37a7d2dcf4a56da836ca\transformed\googleid-1.1.0\AndroidManifest.xml:5:5-44
MERGED from [com.google.android.libraries.identity.googleid:googleid:1.1.0] C:\Users\sirad\.gradle\caches\8.13\transforms\a04fdaea6cee37a7d2dcf4a56da836ca\transformed\googleid-1.1.0\AndroidManifest.xml:5:5-44
MERGED from [androidx.core:core-viewtree:1.0.0] C:\Users\sirad\.gradle\caches\8.13\transforms\e0889e32c201c225000b6f0e3bf68e80\transformed\core-viewtree-1.0.0\AndroidManifest.xml:5:5-44
MERGED from [androidx.core:core-viewtree:1.0.0] C:\Users\sirad\.gradle\caches\8.13\transforms\e0889e32c201c225000b6f0e3bf68e80\transformed\core-viewtree-1.0.0\AndroidManifest.xml:5:5-44
MERGED from [androidx.profileinstaller:profileinstaller:1.4.0] C:\Users\sirad\.gradle\caches\8.13\transforms\a97e479ca9afb6775b542b976a2685ec\transformed\profileinstaller-1.4.0\AndroidManifest.xml:21:5-44
MERGED from [androidx.profileinstaller:profileinstaller:1.4.0] C:\Users\sirad\.gradle\caches\8.13\transforms\a97e479ca9afb6775b542b976a2685ec\transformed\profileinstaller-1.4.0\AndroidManifest.xml:21:5-44
MERGED from [androidx.startup:startup-runtime:1.1.1] C:\Users\sirad\.gradle\caches\8.13\transforms\308c57d0ef0991d575387055561b1da8\transformed\startup-runtime-1.1.1\AndroidManifest.xml:21:5-23:41
MERGED from [androidx.startup:startup-runtime:1.1.1] C:\Users\sirad\.gradle\caches\8.13\transforms\308c57d0ef0991d575387055561b1da8\transformed\startup-runtime-1.1.1\AndroidManifest.xml:21:5-23:41
MERGED from [androidx.tracing:tracing:1.2.0] C:\Users\sirad\.gradle\caches\8.13\transforms\ea71f90e3a9e47345b9e8f39a935ab56\transformed\tracing-1.2.0\AndroidManifest.xml:20:5-44
MERGED from [androidx.tracing:tracing:1.2.0] C:\Users\sirad\.gradle\caches\8.13\transforms\ea71f90e3a9e47345b9e8f39a935ab56\transformed\tracing-1.2.0\AndroidManifest.xml:20:5-44
MERGED from [androidx.tracing:tracing-ktx:1.2.0] C:\Users\sirad\.gradle\caches\8.13\transforms\99ea23940b3f081f0b7c7b39e31ff061\transformed\tracing-ktx-1.2.0\AndroidManifest.xml:20:5-44
MERGED from [androidx.tracing:tracing-ktx:1.2.0] C:\Users\sirad\.gradle\caches\8.13\transforms\99ea23940b3f081f0b7c7b39e31ff061\transformed\tracing-ktx-1.2.0\AndroidManifest.xml:20:5-44
MERGED from [androidx.annotation:annotation-experimental:1.5.0] C:\Users\sirad\.gradle\caches\8.13\transforms\dddf593361f1f3a1c10d57dbaa82baa5\transformed\annotation-experimental-1.5.0\AndroidManifest.xml:5:5-44
MERGED from [androidx.annotation:annotation-experimental:1.5.0] C:\Users\sirad\.gradle\caches\8.13\transforms\dddf593361f1f3a1c10d57dbaa82baa5\transformed\annotation-experimental-1.5.0\AndroidManifest.xml:5:5-44
MERGED from [com.facebook.fresco:ui-core:3.6.0] C:\Users\sirad\.gradle\caches\8.13\transforms\4b688f020557e4c262dec3205840d667\transformed\ui-core-3.6.0\AndroidManifest.xml:5:5-44
MERGED from [com.facebook.fresco:ui-core:3.6.0] C:\Users\sirad\.gradle\caches\8.13\transforms\4b688f020557e4c262dec3205840d667\transformed\ui-core-3.6.0\AndroidManifest.xml:5:5-44
MERGED from [com.facebook.shimmer:shimmer:0.5.0] C:\Users\sirad\.gradle\caches\8.13\transforms\1e5f70736b31e013ec79bd5731ebdab5\transformed\shimmer-0.5.0\AndroidManifest.xml:5:5-44
MERGED from [com.facebook.shimmer:shimmer:0.5.0] C:\Users\sirad\.gradle\caches\8.13\transforms\1e5f70736b31e013ec79bd5731ebdab5\transformed\shimmer-0.5.0\AndroidManifest.xml:5:5-44
MERGED from [androidx.cursoradapter:cursoradapter:1.0.0] C:\Users\sirad\.gradle\caches\8.13\transforms\1fca101e986a30248fe5310a9fe29990\transformed\cursoradapter-1.0.0\AndroidManifest.xml:20:5-44
MERGED from [androidx.cursoradapter:cursoradapter:1.0.0] C:\Users\sirad\.gradle\caches\8.13\transforms\1fca101e986a30248fe5310a9fe29990\transformed\cursoradapter-1.0.0\AndroidManifest.xml:20:5-44
MERGED from [androidx.cardview:cardview:1.0.0] C:\Users\sirad\.gradle\caches\8.13\transforms\8642af993883f89987ae9961ceebff30\transformed\cardview-1.0.0\AndroidManifest.xml:20:5-44
MERGED from [androidx.cardview:cardview:1.0.0] C:\Users\sirad\.gradle\caches\8.13\transforms\8642af993883f89987ae9961ceebff30\transformed\cardview-1.0.0\AndroidManifest.xml:20:5-44
MERGED from [androidx.interpolator:interpolator:1.0.0] C:\Users\sirad\.gradle\caches\8.13\transforms\0aeeccd037d7082a8f61d5c32f87dc01\transformed\interpolator-1.0.0\AndroidManifest.xml:20:5-44
MERGED from [androidx.interpolator:interpolator:1.0.0] C:\Users\sirad\.gradle\caches\8.13\transforms\0aeeccd037d7082a8f61d5c32f87dc01\transformed\interpolator-1.0.0\AndroidManifest.xml:20:5-44
MERGED from [com.github.bumptech.glide:gifdecoder:5.0.5] C:\Users\sirad\.gradle\caches\8.13\transforms\dcc7a2e40f119f751859702e9bb7a540\transformed\gifdecoder-5.0.5\AndroidManifest.xml:5:5-44
MERGED from [com.github.bumptech.glide:gifdecoder:5.0.5] C:\Users\sirad\.gradle\caches\8.13\transforms\dcc7a2e40f119f751859702e9bb7a540\transformed\gifdecoder-5.0.5\AndroidManifest.xml:5:5-44
MERGED from [androidx.exifinterface:exifinterface:1.3.6] C:\Users\sirad\.gradle\caches\8.13\transforms\69034bf797e24960f4d2b0444127ef1d\transformed\exifinterface-1.3.6\AndroidManifest.xml:20:5-22:41
MERGED from [androidx.exifinterface:exifinterface:1.3.6] C:\Users\sirad\.gradle\caches\8.13\transforms\69034bf797e24960f4d2b0444127ef1d\transformed\exifinterface-1.3.6\AndroidManifest.xml:20:5-22:41
MERGED from [androidx.arch.core:core-runtime:2.2.0] C:\Users\sirad\.gradle\caches\8.13\transforms\3475667bd3b1b63054ed2721eda6ceda\transformed\core-runtime-2.2.0\AndroidManifest.xml:20:5-44
MERGED from [androidx.arch.core:core-runtime:2.2.0] C:\Users\sirad\.gradle\caches\8.13\transforms\3475667bd3b1b63054ed2721eda6ceda\transformed\core-runtime-2.2.0\AndroidManifest.xml:20:5-44
MERGED from [androidx.localbroadcastmanager:localbroadcastmanager:1.0.0] C:\Users\sirad\.gradle\caches\8.13\transforms\910791d52a0e605299a61d4ee52e6493\transformed\localbroadcastmanager-1.0.0\AndroidManifest.xml:20:5-44
MERGED from [androidx.localbroadcastmanager:localbroadcastmanager:1.0.0] C:\Users\sirad\.gradle\caches\8.13\transforms\910791d52a0e605299a61d4ee52e6493\transformed\localbroadcastmanager-1.0.0\AndroidManifest.xml:20:5-44
MERGED from [com.google.firebase:firebase-components:19.0.0] C:\Users\sirad\.gradle\caches\8.13\transforms\6faabd836120cfcf3bd0302a34729d40\transformed\firebase-components-19.0.0\AndroidManifest.xml:18:5-44
MERGED from [com.google.firebase:firebase-components:19.0.0] C:\Users\sirad\.gradle\caches\8.13\transforms\6faabd836120cfcf3bd0302a34729d40\transformed\firebase-components-19.0.0\AndroidManifest.xml:18:5-44
MERGED from [com.google.firebase:firebase-datatransport:18.2.0] C:\Users\sirad\.gradle\caches\8.13\transforms\34b1acf779f4ecf62dc456bd93059026\transformed\firebase-datatransport-18.2.0\AndroidManifest.xml:18:5-44
MERGED from [com.google.firebase:firebase-datatransport:18.2.0] C:\Users\sirad\.gradle\caches\8.13\transforms\34b1acf779f4ecf62dc456bd93059026\transformed\firebase-datatransport-18.2.0\AndroidManifest.xml:18:5-44
MERGED from [com.google.android.datatransport:transport-backend-cct:3.1.9] C:\Users\sirad\.gradle\caches\8.13\transforms\1c3c744f839cc55ea8a70d0f110481b2\transformed\transport-backend-cct-3.1.9\AndroidManifest.xml:18:5-20:41
MERGED from [com.google.android.datatransport:transport-backend-cct:3.1.9] C:\Users\sirad\.gradle\caches\8.13\transforms\1c3c744f839cc55ea8a70d0f110481b2\transformed\transport-backend-cct-3.1.9\AndroidManifest.xml:18:5-20:41
MERGED from [com.google.firebase:firebase-encoders-json:18.0.0] C:\Users\sirad\.gradle\caches\8.13\transforms\c61fd9b82ed99e2278db1e4e0bb62710\transformed\firebase-encoders-json-18.0.0\AndroidManifest.xml:19:5-21:41
MERGED from [com.google.firebase:firebase-encoders-json:18.0.0] C:\Users\sirad\.gradle\caches\8.13\transforms\c61fd9b82ed99e2278db1e4e0bb62710\transformed\firebase-encoders-json-18.0.0\AndroidManifest.xml:19:5-21:41
MERGED from [com.google.android.datatransport:transport-runtime:3.1.9] C:\Users\sirad\.gradle\caches\8.13\transforms\501db91d7d775d19020df526ca49a983\transformed\transport-runtime-3.1.9\AndroidManifest.xml:18:5-20:41
MERGED from [com.google.android.datatransport:transport-runtime:3.1.9] C:\Users\sirad\.gradle\caches\8.13\transforms\501db91d7d775d19020df526ca49a983\transformed\transport-runtime-3.1.9\AndroidManifest.xml:18:5-20:41
MERGED from [com.google.android.datatransport:transport-api:3.1.0] C:\Users\sirad\.gradle\caches\8.13\transforms\39b959c19ce233519883870ce4ca329a\transformed\transport-api-3.1.0\AndroidManifest.xml:18:5-44
MERGED from [com.google.android.datatransport:transport-api:3.1.0] C:\Users\sirad\.gradle\caches\8.13\transforms\39b959c19ce233519883870ce4ca329a\transformed\transport-api-3.1.0\AndroidManifest.xml:18:5-44
MERGED from [androidx.versionedparcelable:versionedparcelable:1.1.1] C:\Users\sirad\.gradle\caches\8.13\transforms\368c4f5087ef561f12ae3d7a993d8606\transformed\versionedparcelable-1.1.1\AndroidManifest.xml:20:5-22:41
MERGED from [androidx.versionedparcelable:versionedparcelable:1.1.1] C:\Users\sirad\.gradle\caches\8.13\transforms\368c4f5087ef561f12ae3d7a993d8606\transformed\versionedparcelable-1.1.1\AndroidManifest.xml:20:5-22:41
MERGED from [androidx.sqlite:sqlite-framework-android:2.6.2] C:\Users\sirad\.gradle\caches\8.13\transforms\e3b7ede07a29535f6e727efbc0692a0d\transformed\sqlite-framework\AndroidManifest.xml:20:5-44
MERGED from [androidx.sqlite:sqlite-framework-android:2.6.2] C:\Users\sirad\.gradle\caches\8.13\transforms\e3b7ede07a29535f6e727efbc0692a0d\transformed\sqlite-framework\AndroidManifest.xml:20:5-44
MERGED from [androidx.sqlite:sqlite-android:2.6.2] C:\Users\sirad\.gradle\caches\8.13\transforms\aa10b902e8a156aa6d4e0a16d425c18a\transformed\sqlite\AndroidManifest.xml:20:5-44
MERGED from [androidx.sqlite:sqlite-android:2.6.2] C:\Users\sirad\.gradle\caches\8.13\transforms\aa10b902e8a156aa6d4e0a16d425c18a\transformed\sqlite\AndroidManifest.xml:20:5-44
MERGED from [androidx.documentfile:documentfile:1.0.0] C:\Users\sirad\.gradle\caches\8.13\transforms\1a25a5450a6ac1b05f79f385eb052fd3\transformed\documentfile-1.0.0\AndroidManifest.xml:20:5-44
MERGED from [androidx.documentfile:documentfile:1.0.0] C:\Users\sirad\.gradle\caches\8.13\transforms\1a25a5450a6ac1b05f79f385eb052fd3\transformed\documentfile-1.0.0\AndroidManifest.xml:20:5-44
MERGED from [androidx.print:print:1.0.0] C:\Users\sirad\.gradle\caches\8.13\transforms\efd91b99a7c7ffb3ceb0cf67c51c8350\transformed\print-1.0.0\AndroidManifest.xml:20:5-44
MERGED from [androidx.print:print:1.0.0] C:\Users\sirad\.gradle\caches\8.13\transforms\efd91b99a7c7ffb3ceb0cf67c51c8350\transformed\print-1.0.0\AndroidManifest.xml:20:5-44
MERGED from [androidx.compose.runtime:runtime-annotation-android:1.9.0] C:\Users\sirad\.gradle\caches\8.13\transforms\8c38e93d13c19ccd43099ad2ef277dea\transformed\runtime-annotation\AndroidManifest.xml:5:5-44
MERGED from [androidx.compose.runtime:runtime-annotation-android:1.9.0] C:\Users\sirad\.gradle\caches\8.13\transforms\8c38e93d13c19ccd43099ad2ef277dea\transformed\runtime-annotation\AndroidManifest.xml:5:5-44
MERGED from [de.hdodenhof:circleimageview:3.1.0] C:\Users\sirad\.gradle\caches\8.13\transforms\a4cd6e50e27ba0ef1329af260b86f8f7\transformed\circleimageview-3.1.0\AndroidManifest.xml:5:5-7:41
MERGED from [de.hdodenhof:circleimageview:3.1.0] C:\Users\sirad\.gradle\caches\8.13\transforms\a4cd6e50e27ba0ef1329af260b86f8f7\transformed\circleimageview-3.1.0\AndroidManifest.xml:5:5-7:41
MERGED from [io.agora.rtc:full-sdk:4.6.1] C:\Users\sirad\.gradle\caches\8.13\transforms\e1e0e1c21b3d0248cbdb419b023b0407\transformed\full-sdk-4.6.1\AndroidManifest.xml:5:5-7:41
MERGED from [io.agora.rtc:full-sdk:4.6.1] C:\Users\sirad\.gradle\caches\8.13\transforms\e1e0e1c21b3d0248cbdb419b023b0407\transformed\full-sdk-4.6.1\AndroidManifest.xml:5:5-7:41
MERGED from [io.grpc:grpc-android:1.62.2] C:\Users\sirad\.gradle\caches\8.13\transforms\61c88c95860bd23fef9d3f810b04b48a\transformed\grpc-android-1.62.2\AndroidManifest.xml:5:5-44
MERGED from [io.grpc:grpc-android:1.62.2] C:\Users\sirad\.gradle\caches\8.13\transforms\61c88c95860bd23fef9d3f810b04b48a\transformed\grpc-android-1.62.2\AndroidManifest.xml:5:5-44
MERGED from [com.github.bumptech.glide:disklrucache:5.0.5] C:\Users\sirad\.gradle\caches\8.13\transforms\c1a1fd215620b471ec39f8804ff1a1a8\transformed\disklrucache-5.0.5\AndroidManifest.xml:5:5-44
MERGED from [com.github.bumptech.glide:disklrucache:5.0.5] C:\Users\sirad\.gradle\caches\8.13\transforms\c1a1fd215620b471ec39f8804ff1a1a8\transformed\disklrucache-5.0.5\AndroidManifest.xml:5:5-44
MERGED from [io.agora.rtc:full-rtc-basic:4.6.1] C:\Users\sirad\.gradle\caches\8.13\transforms\22aa71b005d060265e6a4473d60f2efd\transformed\full-rtc-basic-4.6.1\AndroidManifest.xml:5:5-7:41
MERGED from [io.agora.rtc:full-rtc-basic:4.6.1] C:\Users\sirad\.gradle\caches\8.13\transforms\22aa71b005d060265e6a4473d60f2efd\transformed\full-rtc-basic-4.6.1\AndroidManifest.xml:5:5-7:41
MERGED from [io.agora.rtc:ains:4.6.1] C:\Users\sirad\.gradle\caches\8.13\transforms\d3549c4921706d85a31c2cd8fecd4a73\transformed\ains-4.6.1\AndroidManifest.xml:5:5-7:41
MERGED from [io.agora.rtc:ains:4.6.1] C:\Users\sirad\.gradle\caches\8.13\transforms\d3549c4921706d85a31c2cd8fecd4a73\transformed\ains-4.6.1\AndroidManifest.xml:5:5-7:41
MERGED from [io.agora.rtc:audio-beauty:4.6.1] C:\Users\sirad\.gradle\caches\8.13\transforms\2b652c3044d81f9720bf8b6643e6dfa2\transformed\audio-beauty-4.6.1\AndroidManifest.xml:5:5-7:41
MERGED from [io.agora.rtc:audio-beauty:4.6.1] C:\Users\sirad\.gradle\caches\8.13\transforms\2b652c3044d81f9720bf8b6643e6dfa2\transformed\audio-beauty-4.6.1\AndroidManifest.xml:5:5-7:41
MERGED from [io.agora.rtc:clear-vision:4.6.1] C:\Users\sirad\.gradle\caches\8.13\transforms\4a421a33fdbd5d6912c0f37fb77cec6d\transformed\clear-vision-4.6.1\AndroidManifest.xml:5:5-7:41
MERGED from [io.agora.rtc:clear-vision:4.6.1] C:\Users\sirad\.gradle\caches\8.13\transforms\4a421a33fdbd5d6912c0f37fb77cec6d\transformed\clear-vision-4.6.1\AndroidManifest.xml:5:5-7:41
MERGED from [io.agora.rtc:full-content-inspect:4.6.1] C:\Users\sirad\.gradle\caches\8.13\transforms\39c3e601b107dd61d1cd4bf6c0137cbb\transformed\full-content-inspect-4.6.1\AndroidManifest.xml:5:5-7:41
MERGED from [io.agora.rtc:full-content-inspect:4.6.1] C:\Users\sirad\.gradle\caches\8.13\transforms\39c3e601b107dd61d1cd4bf6c0137cbb\transformed\full-content-inspect-4.6.1\AndroidManifest.xml:5:5-7:41
MERGED from [io.agora.rtc:screen-capture:4.6.1] C:\Users\sirad\.gradle\caches\8.13\transforms\1217a9e2c37102e457c2b7d7924696a8\transformed\screen-capture-4.6.1\AndroidManifest.xml:5:5-7:41
MERGED from [io.agora.rtc:screen-capture:4.6.1] C:\Users\sirad\.gradle\caches\8.13\transforms\1217a9e2c37102e457c2b7d7924696a8\transformed\screen-capture-4.6.1\AndroidManifest.xml:5:5-7:41
MERGED from [io.agora.rtc:full-virtual-background:4.6.1] C:\Users\sirad\.gradle\caches\8.13\transforms\5a0587a97d64821769ff7be76e696797\transformed\full-virtual-background-4.6.1\AndroidManifest.xml:5:5-7:41
MERGED from [io.agora.rtc:full-virtual-background:4.6.1] C:\Users\sirad\.gradle\caches\8.13\transforms\5a0587a97d64821769ff7be76e696797\transformed\full-virtual-background-4.6.1\AndroidManifest.xml:5:5-7:41
MERGED from [io.agora.rtc:spatial-audio:4.6.1] C:\Users\sirad\.gradle\caches\8.13\transforms\9a5838604b5cd274280d6e8a75222d06\transformed\spatial-audio-4.6.1\AndroidManifest.xml:5:5-7:41
MERGED from [io.agora.rtc:spatial-audio:4.6.1] C:\Users\sirad\.gradle\caches\8.13\transforms\9a5838604b5cd274280d6e8a75222d06\transformed\spatial-audio-4.6.1\AndroidManifest.xml:5:5-7:41
MERGED from [io.agora.rtc:full-screen-sharing:4.6.1] C:\Users\sirad\.gradle\caches\8.13\transforms\c5687eea63698b348eb1306757e0299b\transformed\full-screen-sharing-4.6.1\AndroidManifest.xml:5:5-73
MERGED from [io.agora.rtc:full-screen-sharing:4.6.1] C:\Users\sirad\.gradle\caches\8.13\transforms\c5687eea63698b348eb1306757e0299b\transformed\full-screen-sharing-4.6.1\AndroidManifest.xml:5:5-73
MERGED from [io.agora.rtc:aiaec:4.6.1] C:\Users\sirad\.gradle\caches\8.13\transforms\559d1193db0b4b11d10d806a948fb046\transformed\aiaec-4.6.1\AndroidManifest.xml:5:5-7:41
MERGED from [io.agora.rtc:aiaec:4.6.1] C:\Users\sirad\.gradle\caches\8.13\transforms\559d1193db0b4b11d10d806a948fb046\transformed\aiaec-4.6.1\AndroidManifest.xml:5:5-7:41
MERGED from [io.agora.rtc:full-vqa:4.6.1] C:\Users\sirad\.gradle\caches\8.13\transforms\b81463a84bda0f060a7073be4b7da6bf\transformed\full-vqa-4.6.1\AndroidManifest.xml:5:5-7:41
MERGED from [io.agora.rtc:full-vqa:4.6.1] C:\Users\sirad\.gradle\caches\8.13\transforms\b81463a84bda0f060a7073be4b7da6bf\transformed\full-vqa-4.6.1\AndroidManifest.xml:5:5-7:41
MERGED from [io.agora.rtc:full-face-detect:4.6.1] C:\Users\sirad\.gradle\caches\8.13\transforms\524c57915fb81d38667c9d44b8b367e2\transformed\full-face-detect-4.6.1\AndroidManifest.xml:5:5-7:41
MERGED from [io.agora.rtc:full-face-detect:4.6.1] C:\Users\sirad\.gradle\caches\8.13\transforms\524c57915fb81d38667c9d44b8b367e2\transformed\full-face-detect-4.6.1\AndroidManifest.xml:5:5-7:41
MERGED from [io.agora.rtc:full-face-capture:4.6.1] C:\Users\sirad\.gradle\caches\8.13\transforms\ced385e352ff7c27dc9a331c968fbac9\transformed\full-face-capture-4.6.1\AndroidManifest.xml:5:5-7:41
MERGED from [io.agora.rtc:full-face-capture:4.6.1] C:\Users\sirad\.gradle\caches\8.13\transforms\ced385e352ff7c27dc9a331c968fbac9\transformed\full-face-capture-4.6.1\AndroidManifest.xml:5:5-7:41
MERGED from [io.agora.rtc:full-voice-drive:4.6.1] C:\Users\sirad\.gradle\caches\8.13\transforms\a65f64c2bca75a6e983f423edbb90902\transformed\full-voice-drive-4.6.1\AndroidManifest.xml:5:5-7:41
MERGED from [io.agora.rtc:full-voice-drive:4.6.1] C:\Users\sirad\.gradle\caches\8.13\transforms\a65f64c2bca75a6e983f423edbb90902\transformed\full-voice-drive-4.6.1\AndroidManifest.xml:5:5-7:41
MERGED from [io.agora.rtc:full-video-codec-enc:4.6.1] C:\Users\sirad\.gradle\caches\8.13\transforms\b162932204dfc2cab93d7addd42cc58a\transformed\full-video-codec-enc-4.6.1\AndroidManifest.xml:5:5-7:41
MERGED from [io.agora.rtc:full-video-codec-enc:4.6.1] C:\Users\sirad\.gradle\caches\8.13\transforms\b162932204dfc2cab93d7addd42cc58a\transformed\full-video-codec-enc-4.6.1\AndroidManifest.xml:5:5-7:41
MERGED from [io.agora.rtc:full-video-codec-dec:4.6.1] C:\Users\sirad\.gradle\caches\8.13\transforms\7af8a492cd0872dae8bba79eb4f3656e\transformed\full-video-codec-dec-4.6.1\AndroidManifest.xml:5:5-7:41
MERGED from [io.agora.rtc:full-video-codec-dec:4.6.1] C:\Users\sirad\.gradle\caches\8.13\transforms\7af8a492cd0872dae8bba79eb4f3656e\transformed\full-video-codec-dec-4.6.1\AndroidManifest.xml:5:5-7:41
MERGED from [io.agora.rtc:full-video-av1-codec-enc:4.6.1] C:\Users\sirad\.gradle\caches\8.13\transforms\4e73a42caa7a8a54254b36d5dcbcf2cd\transformed\full-video-av1-codec-enc-4.6.1\AndroidManifest.xml:5:5-7:41
MERGED from [io.agora.rtc:full-video-av1-codec-enc:4.6.1] C:\Users\sirad\.gradle\caches\8.13\transforms\4e73a42caa7a8a54254b36d5dcbcf2cd\transformed\full-video-av1-codec-enc-4.6.1\AndroidManifest.xml:5:5-7:41
MERGED from [io.agora.rtc:full-video-av1-codec-dec:4.6.1] C:\Users\sirad\.gradle\caches\8.13\transforms\6d412a930d51dfff1be43c985ae0aef3\transformed\full-video-av1-codec-dec-4.6.1\AndroidManifest.xml:5:5-7:41
MERGED from [io.agora.rtc:full-video-av1-codec-dec:4.6.1] C:\Users\sirad\.gradle\caches\8.13\transforms\6d412a930d51dfff1be43c985ae0aef3\transformed\full-video-av1-codec-dec-4.6.1\AndroidManifest.xml:5:5-7:41
MERGED from [com.google.firebase:protolite-well-known-types:18.0.1] C:\Users\sirad\.gradle\caches\8.13\transforms\49fb49d9fa33ef1289bab607a42bf182\transformed\protolite-well-known-types-18.0.1\AndroidManifest.xml:5:5-44
MERGED from [com.google.firebase:protolite-well-known-types:18.0.1] C:\Users\sirad\.gradle\caches\8.13\transforms\49fb49d9fa33ef1289bab607a42bf182\transformed\protolite-well-known-types-18.0.1\AndroidManifest.xml:5:5-44
MERGED from [io.agora.infra:aosl:1.3.0] C:\Users\sirad\.gradle\caches\8.13\transforms\5f0216bef9517d0e1dc9ce1293f69ebc\transformed\aosl-1.3.0\AndroidManifest.xml:5:5-7:41
MERGED from [io.agora.infra:aosl:1.3.0] C:\Users\sirad\.gradle\caches\8.13\transforms\5f0216bef9517d0e1dc9ce1293f69ebc\transformed\aosl-1.3.0\AndroidManifest.xml:5:5-7:41
MERGED from [com.google.android.play:core-common:2.0.3] C:\Users\sirad\.gradle\caches\8.13\transforms\1e9509305a3ad9876b9983e265a04b7b\transformed\core-common-2.0.3\AndroidManifest.xml:7:5-9:41
MERGED from [com.google.android.play:core-common:2.0.3] C:\Users\sirad\.gradle\caches\8.13\transforms\1e9509305a3ad9876b9983e265a04b7b\transformed\core-common-2.0.3\AndroidManifest.xml:7:5-9:41
MERGED from [com.facebook.soloader:soloader:0.11.0] C:\Users\sirad\.gradle\caches\8.13\transforms\3de0caa79d8545eabe8d4d23af6f9420\transformed\soloader-0.11.0\AndroidManifest.xml:7:5-9:41
MERGED from [com.facebook.soloader:soloader:0.11.0] C:\Users\sirad\.gradle\caches\8.13\transforms\3de0caa79d8545eabe8d4d23af6f9420\transformed\soloader-0.11.0\AndroidManifest.xml:7:5-9:41
	tools:overrideLibrary
		ADDED from [com.cloudinary:cloudinary-android-preprocess:3.1.2] C:\Users\sirad\.gradle\caches\8.13\transforms\59adcd5005062167cc6043bbc56bad8b\transformed\cloudinary-android-preprocess-3.1.2\AndroidManifest.xml:8:9-58
	android:targetSdkVersion
		INJECTED from D:\Code\android_app\ieeeconnect\app\src\main\AndroidManifest.xml
	android:minSdkVersion
		INJECTED from D:\Code\android_app\ieeeconnect\app\src\main\AndroidManifest.xml
activity#com.cloudinary.android.uploadwidget.ui.UploadWidgetActivity
ADDED from [com.cloudinary:cloudinary-android-ui:3.1.2] C:\Users\sirad\.gradle\caches\8.13\transforms\a9e8f0d49a320369f2733ed9b430c6d9\transformed\cloudinary-android-ui-3.1.2\AndroidManifest.xml:8:9-11:56
	android:configChanges
		ADDED from [com.cloudinary:cloudinary-android-ui:3.1.2] C:\Users\sirad\.gradle\caches\8.13\transforms\a9e8f0d49a320369f2733ed9b430c6d9\transformed\cloudinary-android-ui-3.1.2\AndroidManifest.xml:10:13-48
	android:theme
		ADDED from [com.cloudinary:cloudinary-android-ui:3.1.2] C:\Users\sirad\.gradle\caches\8.13\transforms\a9e8f0d49a320369f2733ed9b430c6d9\transformed\cloudinary-android-ui-3.1.2\AndroidManifest.xml:11:13-53
	android:name
		ADDED from [com.cloudinary:cloudinary-android-ui:3.1.2] C:\Users\sirad\.gradle\caches\8.13\transforms\a9e8f0d49a320369f2733ed9b430c6d9\transformed\cloudinary-android-ui-3.1.2\AndroidManifest.xml:9:13-87
activity#com.google.firebase.auth.internal.GenericIdpActivity
ADDED from [com.google.firebase:firebase-auth:24.0.1] C:\Users\sirad\.gradle\caches\8.13\transforms\fd2b824d80917b38caf3c7de792927b5\transformed\firebase-auth-24.0.1\AndroidManifest.xml:29:9-46:20
	android:excludeFromRecents
		ADDED from [com.google.firebase:firebase-auth:24.0.1] C:\Users\sirad\.gradle\caches\8.13\transforms\fd2b824d80917b38caf3c7de792927b5\transformed\firebase-auth-24.0.1\AndroidManifest.xml:31:13-46
	android:launchMode
		ADDED from [com.google.firebase:firebase-auth:24.0.1] C:\Users\sirad\.gradle\caches\8.13\transforms\fd2b824d80917b38caf3c7de792927b5\transformed\firebase-auth-24.0.1\AndroidManifest.xml:33:13-44
	android:exported
		ADDED from [com.google.firebase:firebase-auth:24.0.1] C:\Users\sirad\.gradle\caches\8.13\transforms\fd2b824d80917b38caf3c7de792927b5\transformed\firebase-auth-24.0.1\AndroidManifest.xml:32:13-36
	android:theme
		ADDED from [com.google.firebase:firebase-auth:24.0.1] C:\Users\sirad\.gradle\caches\8.13\transforms\fd2b824d80917b38caf3c7de792927b5\transformed\firebase-auth-24.0.1\AndroidManifest.xml:34:13-72
	android:name
		ADDED from [com.google.firebase:firebase-auth:24.0.1] C:\Users\sirad\.gradle\caches\8.13\transforms\fd2b824d80917b38caf3c7de792927b5\transformed\firebase-auth-24.0.1\AndroidManifest.xml:30:13-80
intent-filter#action:name:android.intent.action.VIEW+category:name:android.intent.category.BROWSABLE+category:name:android.intent.category.DEFAULT+data:host:firebase.auth+data:path:/+data:scheme:genericidp
ADDED from [com.google.firebase:firebase-auth:24.0.1] C:\Users\sirad\.gradle\caches\8.13\transforms\fd2b824d80917b38caf3c7de792927b5\transformed\firebase-auth-24.0.1\AndroidManifest.xml:35:13-45:29
action#android.intent.action.VIEW
ADDED from [com.google.firebase:firebase-auth:24.0.1] C:\Users\sirad\.gradle\caches\8.13\transforms\fd2b824d80917b38caf3c7de792927b5\transformed\firebase-auth-24.0.1\AndroidManifest.xml:36:17-69
	android:name
		ADDED from [com.google.firebase:firebase-auth:24.0.1] C:\Users\sirad\.gradle\caches\8.13\transforms\fd2b824d80917b38caf3c7de792927b5\transformed\firebase-auth-24.0.1\AndroidManifest.xml:36:25-66
category#android.intent.category.DEFAULT
ADDED from [com.google.firebase:firebase-auth:24.0.1] C:\Users\sirad\.gradle\caches\8.13\transforms\fd2b824d80917b38caf3c7de792927b5\transformed\firebase-auth-24.0.1\AndroidManifest.xml:38:17-76
	android:name
		ADDED from [com.google.firebase:firebase-auth:24.0.1] C:\Users\sirad\.gradle\caches\8.13\transforms\fd2b824d80917b38caf3c7de792927b5\transformed\firebase-auth-24.0.1\AndroidManifest.xml:38:27-73
category#android.intent.category.BROWSABLE
ADDED from [com.google.firebase:firebase-auth:24.0.1] C:\Users\sirad\.gradle\caches\8.13\transforms\fd2b824d80917b38caf3c7de792927b5\transformed\firebase-auth-24.0.1\AndroidManifest.xml:39:17-78
	android:name
		ADDED from [com.google.firebase:firebase-auth:24.0.1] C:\Users\sirad\.gradle\caches\8.13\transforms\fd2b824d80917b38caf3c7de792927b5\transformed\firebase-auth-24.0.1\AndroidManifest.xml:39:27-75
data
ADDED from [com.google.firebase:firebase-auth:24.0.1] C:\Users\sirad\.gradle\caches\8.13\transforms\fd2b824d80917b38caf3c7de792927b5\transformed\firebase-auth-24.0.1\AndroidManifest.xml:41:17-44:51
	android:path
		ADDED from [com.google.firebase:firebase-auth:24.0.1] C:\Users\sirad\.gradle\caches\8.13\transforms\fd2b824d80917b38caf3c7de792927b5\transformed\firebase-auth-24.0.1\AndroidManifest.xml:43:21-37
	android:host
		ADDED from [com.google.firebase:firebase-auth:24.0.1] C:\Users\sirad\.gradle\caches\8.13\transforms\fd2b824d80917b38caf3c7de792927b5\transformed\firebase-auth-24.0.1\AndroidManifest.xml:42:21-49
	android:scheme
		ADDED from [com.google.firebase:firebase-auth:24.0.1] C:\Users\sirad\.gradle\caches\8.13\transforms\fd2b824d80917b38caf3c7de792927b5\transformed\firebase-auth-24.0.1\AndroidManifest.xml:44:21-48
activity#com.google.firebase.auth.internal.RecaptchaActivity
ADDED from [com.google.firebase:firebase-auth:24.0.1] C:\Users\sirad\.gradle\caches\8.13\transforms\fd2b824d80917b38caf3c7de792927b5\transformed\firebase-auth-24.0.1\AndroidManifest.xml:47:9-64:20
	android:excludeFromRecents
		ADDED from [com.google.firebase:firebase-auth:24.0.1] C:\Users\sirad\.gradle\caches\8.13\transforms\fd2b824d80917b38caf3c7de792927b5\transformed\firebase-auth-24.0.1\AndroidManifest.xml:49:13-46
	android:launchMode
		ADDED from [com.google.firebase:firebase-auth:24.0.1] C:\Users\sirad\.gradle\caches\8.13\transforms\fd2b824d80917b38caf3c7de792927b5\transformed\firebase-auth-24.0.1\AndroidManifest.xml:51:13-44
	android:exported
		ADDED from [com.google.firebase:firebase-auth:24.0.1] C:\Users\sirad\.gradle\caches\8.13\transforms\fd2b824d80917b38caf3c7de792927b5\transformed\firebase-auth-24.0.1\AndroidManifest.xml:50:13-36
	android:theme
		ADDED from [com.google.firebase:firebase-auth:24.0.1] C:\Users\sirad\.gradle\caches\8.13\transforms\fd2b824d80917b38caf3c7de792927b5\transformed\firebase-auth-24.0.1\AndroidManifest.xml:52:13-72
	android:name
		ADDED from [com.google.firebase:firebase-auth:24.0.1] C:\Users\sirad\.gradle\caches\8.13\transforms\fd2b824d80917b38caf3c7de792927b5\transformed\firebase-auth-24.0.1\AndroidManifest.xml:48:13-79
intent-filter#action:name:android.intent.action.VIEW+category:name:android.intent.category.BROWSABLE+category:name:android.intent.category.DEFAULT+data:host:firebase.auth+data:path:/+data:scheme:recaptcha
ADDED from [com.google.firebase:firebase-auth:24.0.1] C:\Users\sirad\.gradle\caches\8.13\transforms\fd2b824d80917b38caf3c7de792927b5\transformed\firebase-auth-24.0.1\AndroidManifest.xml:53:13-63:29
service#com.google.firebase.components.ComponentDiscoveryService
ADDED from [com.google.firebase:firebase-auth:24.0.1] C:\Users\sirad\.gradle\caches\8.13\transforms\fd2b824d80917b38caf3c7de792927b5\transformed\firebase-auth-24.0.1\AndroidManifest.xml:66:9-72:19
MERGED from [com.google.firebase:firebase-database:22.0.1] C:\Users\sirad\.gradle\caches\8.13\transforms\5860dc2fd3ef499c42f3afabb0a9dde0\transformed\firebase-database-22.0.1\AndroidManifest.xml:26:9-35:19
MERGED from [com.google.firebase:firebase-database:22.0.1] C:\Users\sirad\.gradle\caches\8.13\transforms\5860dc2fd3ef499c42f3afabb0a9dde0\transformed\firebase-database-22.0.1\AndroidManifest.xml:26:9-35:19
MERGED from [com.google.firebase:firebase-firestore:26.0.2] C:\Users\sirad\.gradle\caches\8.13\transforms\8bfde8f9c574face26d39dfc4f7c212b\transformed\firebase-firestore-26.0.2\AndroidManifest.xml:14:9-23:19
MERGED from [com.google.firebase:firebase-firestore:26.0.2] C:\Users\sirad\.gradle\caches\8.13\transforms\8bfde8f9c574face26d39dfc4f7c212b\transformed\firebase-firestore-26.0.2\AndroidManifest.xml:14:9-23:19
MERGED from [com.google.firebase:firebase-messaging:25.0.1] C:\Users\sirad\.gradle\caches\8.13\transforms\6b482272fa1c937745c01cfdff52b330\transformed\firebase-messaging-25.0.1\AndroidManifest.xml:54:9-63:19
MERGED from [com.google.firebase:firebase-messaging:25.0.1] C:\Users\sirad\.gradle\caches\8.13\transforms\6b482272fa1c937745c01cfdff52b330\transformed\firebase-messaging-25.0.1\AndroidManifest.xml:54:9-63:19
MERGED from [com.google.firebase:firebase-storage:22.0.1] C:\Users\sirad\.gradle\caches\8.13\transforms\4b78a6395c726355cb8a4380fa1083e6\transformed\firebase-storage-22.0.1\AndroidManifest.xml:27:9-36:19
MERGED from [com.google.firebase:firebase-storage:22.0.1] C:\Users\sirad\.gradle\caches\8.13\transforms\4b78a6395c726355cb8a4380fa1083e6\transformed\firebase-storage-22.0.1\AndroidManifest.xml:27:9-36:19
MERGED from [com.google.firebase:firebase-appcheck:19.0.1] C:\Users\sirad\.gradle\caches\8.13\transforms\6e86ad91f89a0dfe7ef7372fc77fec05\transformed\firebase-appcheck-19.0.1\AndroidManifest.xml:22:9-31:19
MERGED from [com.google.firebase:firebase-appcheck:19.0.1] C:\Users\sirad\.gradle\caches\8.13\transforms\6e86ad91f89a0dfe7ef7372fc77fec05\transformed\firebase-appcheck-19.0.1\AndroidManifest.xml:22:9-31:19
MERGED from [com.google.android.gms:play-services-measurement-api:23.0.0] C:\Users\sirad\.gradle\caches\8.13\transforms\cf3e21e0ba39ef3bc5367f5ac018c3f5\transformed\play-services-measurement-api-23.0.0\AndroidManifest.xml:30:9-36:19
MERGED from [com.google.android.gms:play-services-measurement-api:23.0.0] C:\Users\sirad\.gradle\caches\8.13\transforms\cf3e21e0ba39ef3bc5367f5ac018c3f5\transformed\play-services-measurement-api-23.0.0\AndroidManifest.xml:30:9-36:19
MERGED from [com.google.firebase:firebase-installations:19.0.1] C:\Users\sirad\.gradle\caches\8.13\transforms\063ad2bb781bf157d8445d1c68533c81\transformed\firebase-installations-19.0.1\AndroidManifest.xml:12:9-21:19
MERGED from [com.google.firebase:firebase-installations:19.0.1] C:\Users\sirad\.gradle\caches\8.13\transforms\063ad2bb781bf157d8445d1c68533c81\transformed\firebase-installations-19.0.1\AndroidManifest.xml:12:9-21:19
MERGED from [com.google.firebase:firebase-common:22.0.1] C:\Users\sirad\.gradle\caches\8.13\transforms\10b615c46dc28abe4d9d5b9b7b5dd7f7\transformed\firebase-common-22.0.1\AndroidManifest.xml:30:9-38:19
MERGED from [com.google.firebase:firebase-common:22.0.1] C:\Users\sirad\.gradle\caches\8.13\transforms\10b615c46dc28abe4d9d5b9b7b5dd7f7\transformed\firebase-common-22.0.1\AndroidManifest.xml:30:9-38:19
MERGED from [com.google.firebase:firebase-datatransport:18.2.0] C:\Users\sirad\.gradle\caches\8.13\transforms\34b1acf779f4ecf62dc456bd93059026\transformed\firebase-datatransport-18.2.0\AndroidManifest.xml:22:9-28:19
MERGED from [com.google.firebase:firebase-datatransport:18.2.0] C:\Users\sirad\.gradle\caches\8.13\transforms\34b1acf779f4ecf62dc456bd93059026\transformed\firebase-datatransport-18.2.0\AndroidManifest.xml:22:9-28:19
	android:exported
		ADDED from [com.google.firebase:firebase-auth:24.0.1] C:\Users\sirad\.gradle\caches\8.13\transforms\fd2b824d80917b38caf3c7de792927b5\transformed\firebase-auth-24.0.1\AndroidManifest.xml:68:13-37
	tools:targetApi
		ADDED from [com.google.firebase:firebase-common:22.0.1] C:\Users\sirad\.gradle\caches\8.13\transforms\10b615c46dc28abe4d9d5b9b7b5dd7f7\transformed\firebase-common-22.0.1\AndroidManifest.xml:34:13-32
	android:directBootAware
		ADDED from [com.google.firebase:firebase-common:22.0.1] C:\Users\sirad\.gradle\caches\8.13\transforms\10b615c46dc28abe4d9d5b9b7b5dd7f7\transformed\firebase-common-22.0.1\AndroidManifest.xml:32:13-43
	android:name
		ADDED from [com.google.firebase:firebase-auth:24.0.1] C:\Users\sirad\.gradle\caches\8.13\transforms\fd2b824d80917b38caf3c7de792927b5\transformed\firebase-auth-24.0.1\AndroidManifest.xml:67:13-84
meta-data#com.google.firebase.components:com.google.firebase.auth.FirebaseAuthRegistrar
ADDED from [com.google.firebase:firebase-auth:24.0.1] C:\Users\sirad\.gradle\caches\8.13\transforms\fd2b824d80917b38caf3c7de792927b5\transformed\firebase-auth-24.0.1\AndroidManifest.xml:69:13-71:85
	android:value
		ADDED from [com.google.firebase:firebase-auth:24.0.1] C:\Users\sirad\.gradle\caches\8.13\transforms\fd2b824d80917b38caf3c7de792927b5\transformed\firebase-auth-24.0.1\AndroidManifest.xml:71:17-82
	android:name
		ADDED from [com.google.firebase:firebase-auth:24.0.1] C:\Users\sirad\.gradle\caches\8.13\transforms\fd2b824d80917b38caf3c7de792927b5\transformed\firebase-auth-24.0.1\AndroidManifest.xml:70:17-109
service#androidx.credentials.playservices.CredentialProviderMetadataHolder
ADDED from [androidx.credentials:credentials-play-services-auth:1.2.0-rc01] C:\Users\sirad\.gradle\caches\8.13\transforms\a266a22aa4c470b415423b85ea717545\transformed\credentials-play-services-auth-1.2.0-rc01\AndroidManifest.xml:24:9-32:19
	android:enabled
		ADDED from [androidx.credentials:credentials-play-services-auth:1.2.0-rc01] C:\Users\sirad\.gradle\caches\8.13\transforms\a266a22aa4c470b415423b85ea717545\transformed\credentials-play-services-auth-1.2.0-rc01\AndroidManifest.xml:26:13-35
	android:exported
		ADDED from [androidx.credentials:credentials-play-services-auth:1.2.0-rc01] C:\Users\sirad\.gradle\caches\8.13\transforms\a266a22aa4c470b415423b85ea717545\transformed\credentials-play-services-auth-1.2.0-rc01\AndroidManifest.xml:27:13-37
	tools:ignore
		ADDED from [androidx.credentials:credentials-play-services-auth:1.2.0-rc01] C:\Users\sirad\.gradle\caches\8.13\transforms\a266a22aa4c470b415423b85ea717545\transformed\credentials-play-services-auth-1.2.0-rc01\AndroidManifest.xml:28:13-60
	android:name
		ADDED from [androidx.credentials:credentials-play-services-auth:1.2.0-rc01] C:\Users\sirad\.gradle\caches\8.13\transforms\a266a22aa4c470b415423b85ea717545\transformed\credentials-play-services-auth-1.2.0-rc01\AndroidManifest.xml:25:13-94
meta-data#androidx.credentials.CREDENTIAL_PROVIDER_KEY
ADDED from [androidx.credentials:credentials-play-services-auth:1.2.0-rc01] C:\Users\sirad\.gradle\caches\8.13\transforms\a266a22aa4c470b415423b85ea717545\transformed\credentials-play-services-auth-1.2.0-rc01\AndroidManifest.xml:29:13-31:104
	android:value
		ADDED from [androidx.credentials:credentials-play-services-auth:1.2.0-rc01] C:\Users\sirad\.gradle\caches\8.13\transforms\a266a22aa4c470b415423b85ea717545\transformed\credentials-play-services-auth-1.2.0-rc01\AndroidManifest.xml:31:17-101
	android:name
		ADDED from [androidx.credentials:credentials-play-services-auth:1.2.0-rc01] C:\Users\sirad\.gradle\caches\8.13\transforms\a266a22aa4c470b415423b85ea717545\transformed\credentials-play-services-auth-1.2.0-rc01\AndroidManifest.xml:30:17-76
activity#androidx.credentials.playservices.HiddenActivity
ADDED from [androidx.credentials:credentials-play-services-auth:1.2.0-rc01] C:\Users\sirad\.gradle\caches\8.13\transforms\a266a22aa4c470b415423b85ea717545\transformed\credentials-play-services-auth-1.2.0-rc01\AndroidManifest.xml:34:9-41:20
	android:fitsSystemWindows
		ADDED from [androidx.credentials:credentials-play-services-auth:1.2.0-rc01] C:\Users\sirad\.gradle\caches\8.13\transforms\a266a22aa4c470b415423b85ea717545\transformed\credentials-play-services-auth-1.2.0-rc01\AndroidManifest.xml:39:13-45
	android:enabled
		ADDED from [androidx.credentials:credentials-play-services-auth:1.2.0-rc01] C:\Users\sirad\.gradle\caches\8.13\transforms\a266a22aa4c470b415423b85ea717545\transformed\credentials-play-services-auth-1.2.0-rc01\AndroidManifest.xml:37:13-35
	android:exported
		ADDED from [androidx.credentials:credentials-play-services-auth:1.2.0-rc01] C:\Users\sirad\.gradle\caches\8.13\transforms\a266a22aa4c470b415423b85ea717545\transformed\credentials-play-services-auth-1.2.0-rc01\AndroidManifest.xml:38:13-37
	android:configChanges
		ADDED from [androidx.credentials:credentials-play-services-auth:1.2.0-rc01] C:\Users\sirad\.gradle\caches\8.13\transforms\a266a22aa4c470b415423b85ea717545\transformed\credentials-play-services-auth-1.2.0-rc01\AndroidManifest.xml:36:13-87
	android:theme
		ADDED from [androidx.credentials:credentials-play-services-auth:1.2.0-rc01] C:\Users\sirad\.gradle\caches\8.13\transforms\a266a22aa4c470b415423b85ea717545\transformed\credentials-play-services-auth-1.2.0-rc01\AndroidManifest.xml:40:13-48
	android:name
		ADDED from [androidx.credentials:credentials-play-services-auth:1.2.0-rc01] C:\Users\sirad\.gradle\caches\8.13\transforms\a266a22aa4c470b415423b85ea717545\transformed\credentials-play-services-auth-1.2.0-rc01\AndroidManifest.xml:35:13-76
activity#com.google.android.gms.auth.api.signin.internal.SignInHubActivity
ADDED from [com.google.android.gms:play-services-auth:21.4.0] C:\Users\sirad\.gradle\caches\8.13\transforms\02673eaab1eb096e1cdd50a6aa5d9ee8\transformed\play-services-auth-21.4.0\AndroidManifest.xml:23:9-27:75
	android:excludeFromRecents
		ADDED from [com.google.android.gms:play-services-auth:21.4.0] C:\Users\sirad\.gradle\caches\8.13\transforms\02673eaab1eb096e1cdd50a6aa5d9ee8\transformed\play-services-auth-21.4.0\AndroidManifest.xml:25:13-46
	android:exported
		ADDED from [com.google.android.gms:play-services-auth:21.4.0] C:\Users\sirad\.gradle\caches\8.13\transforms\02673eaab1eb096e1cdd50a6aa5d9ee8\transformed\play-services-auth-21.4.0\AndroidManifest.xml:26:13-37
	android:theme
		ADDED from [com.google.android.gms:play-services-auth:21.4.0] C:\Users\sirad\.gradle\caches\8.13\transforms\02673eaab1eb096e1cdd50a6aa5d9ee8\transformed\play-services-auth-21.4.0\AndroidManifest.xml:27:13-72
	android:name
		ADDED from [com.google.android.gms:play-services-auth:21.4.0] C:\Users\sirad\.gradle\caches\8.13\transforms\02673eaab1eb096e1cdd50a6aa5d9ee8\transformed\play-services-auth-21.4.0\AndroidManifest.xml:24:13-93
service#com.google.android.gms.auth.api.signin.RevocationBoundService
ADDED from [com.google.android.gms:play-services-auth:21.4.0] C:\Users\sirad\.gradle\caches\8.13\transforms\02673eaab1eb096e1cdd50a6aa5d9ee8\transformed\play-services-auth-21.4.0\AndroidManifest.xml:33:9-37:51
	android:exported
		ADDED from [com.google.android.gms:play-services-auth:21.4.0] C:\Users\sirad\.gradle\caches\8.13\transforms\02673eaab1eb096e1cdd50a6aa5d9ee8\transformed\play-services-auth-21.4.0\AndroidManifest.xml:35:13-36
	android:visibleToInstantApps
		ADDED from [com.google.android.gms:play-services-auth:21.4.0] C:\Users\sirad\.gradle\caches\8.13\transforms\02673eaab1eb096e1cdd50a6aa5d9ee8\transformed\play-services-auth-21.4.0\AndroidManifest.xml:37:13-48
	android:permission
		ADDED from [com.google.android.gms:play-services-auth:21.4.0] C:\Users\sirad\.gradle\caches\8.13\transforms\02673eaab1eb096e1cdd50a6aa5d9ee8\transformed\play-services-auth-21.4.0\AndroidManifest.xml:36:13-107
	android:name
		ADDED from [com.google.android.gms:play-services-auth:21.4.0] C:\Users\sirad\.gradle\caches\8.13\transforms\02673eaab1eb096e1cdd50a6aa5d9ee8\transformed\play-services-auth-21.4.0\AndroidManifest.xml:34:13-89
meta-data#com.google.firebase.components:com.google.firebase.database.FirebaseDatabaseKtxRegistrar
ADDED from [com.google.firebase:firebase-database:22.0.1] C:\Users\sirad\.gradle\caches\8.13\transforms\5860dc2fd3ef499c42f3afabb0a9dde0\transformed\firebase-database-22.0.1\AndroidManifest.xml:29:13-31:85
	android:value
		ADDED from [com.google.firebase:firebase-database:22.0.1] C:\Users\sirad\.gradle\caches\8.13\transforms\5860dc2fd3ef499c42f3afabb0a9dde0\transformed\firebase-database-22.0.1\AndroidManifest.xml:31:17-82
	android:name
		ADDED from [com.google.firebase:firebase-database:22.0.1] C:\Users\sirad\.gradle\caches\8.13\transforms\5860dc2fd3ef499c42f3afabb0a9dde0\transformed\firebase-database-22.0.1\AndroidManifest.xml:30:17-120
meta-data#com.google.firebase.components:com.google.firebase.database.DatabaseRegistrar
ADDED from [com.google.firebase:firebase-database:22.0.1] C:\Users\sirad\.gradle\caches\8.13\transforms\5860dc2fd3ef499c42f3afabb0a9dde0\transformed\firebase-database-22.0.1\AndroidManifest.xml:32:13-34:85
	android:value
		ADDED from [com.google.firebase:firebase-database:22.0.1] C:\Users\sirad\.gradle\caches\8.13\transforms\5860dc2fd3ef499c42f3afabb0a9dde0\transformed\firebase-database-22.0.1\AndroidManifest.xml:34:17-82
	android:name
		ADDED from [com.google.firebase:firebase-database:22.0.1] C:\Users\sirad\.gradle\caches\8.13\transforms\5860dc2fd3ef499c42f3afabb0a9dde0\transformed\firebase-database-22.0.1\AndroidManifest.xml:33:17-109
meta-data#com.google.firebase.components:com.google.firebase.firestore.FirebaseFirestoreKtxRegistrar
ADDED from [com.google.firebase:firebase-firestore:26.0.2] C:\Users\sirad\.gradle\caches\8.13\transforms\8bfde8f9c574face26d39dfc4f7c212b\transformed\firebase-firestore-26.0.2\AndroidManifest.xml:17:13-19:85
	android:value
		ADDED from [com.google.firebase:firebase-firestore:26.0.2] C:\Users\sirad\.gradle\caches\8.13\transforms\8bfde8f9c574face26d39dfc4f7c212b\transformed\firebase-firestore-26.0.2\AndroidManifest.xml:19:17-82
	android:name
		ADDED from [com.google.firebase:firebase-firestore:26.0.2] C:\Users\sirad\.gradle\caches\8.13\transforms\8bfde8f9c574face26d39dfc4f7c212b\transformed\firebase-firestore-26.0.2\AndroidManifest.xml:18:17-122
meta-data#com.google.firebase.components:com.google.firebase.firestore.FirestoreRegistrar
ADDED from [com.google.firebase:firebase-firestore:26.0.2] C:\Users\sirad\.gradle\caches\8.13\transforms\8bfde8f9c574face26d39dfc4f7c212b\transformed\firebase-firestore-26.0.2\AndroidManifest.xml:20:13-22:85
	android:value
		ADDED from [com.google.firebase:firebase-firestore:26.0.2] C:\Users\sirad\.gradle\caches\8.13\transforms\8bfde8f9c574face26d39dfc4f7c212b\transformed\firebase-firestore-26.0.2\AndroidManifest.xml:22:17-82
	android:name
		ADDED from [com.google.firebase:firebase-firestore:26.0.2] C:\Users\sirad\.gradle\caches\8.13\transforms\8bfde8f9c574face26d39dfc4f7c212b\transformed\firebase-firestore-26.0.2\AndroidManifest.xml:21:17-111
uses-permission#android.permission.POST_NOTIFICATIONS
ADDED from [com.google.firebase:firebase-messaging:25.0.1] C:\Users\sirad\.gradle\caches\8.13\transforms\6b482272fa1c937745c01cfdff52b330\transformed\firebase-messaging-25.0.1\AndroidManifest.xml:23:5-77
	android:name
		ADDED from [com.google.firebase:firebase-messaging:25.0.1] C:\Users\sirad\.gradle\caches\8.13\transforms\6b482272fa1c937745c01cfdff52b330\transformed\firebase-messaging-25.0.1\AndroidManifest.xml:23:22-74
uses-permission#android.permission.WAKE_LOCK
ADDED from [com.google.firebase:firebase-messaging:25.0.1] C:\Users\sirad\.gradle\caches\8.13\transforms\6b482272fa1c937745c01cfdff52b330\transformed\firebase-messaging-25.0.1\AndroidManifest.xml:24:5-68
MERGED from [com.google.android.gms:play-services-measurement:23.0.0] C:\Users\sirad\.gradle\caches\8.13\transforms\85dc646d2c804a6fcf1c9afccbdb204a\transformed\play-services-measurement-23.0.0\AndroidManifest.xml:25:5-68
MERGED from [com.google.android.gms:play-services-measurement:23.0.0] C:\Users\sirad\.gradle\caches\8.13\transforms\85dc646d2c804a6fcf1c9afccbdb204a\transformed\play-services-measurement-23.0.0\AndroidManifest.xml:25:5-68
MERGED from [com.google.android.gms:play-services-measurement-impl:23.0.0] C:\Users\sirad\.gradle\caches\8.13\transforms\ab6af623a172845fd857e1efa2501c60\transformed\play-services-measurement-impl-23.0.0\AndroidManifest.xml:25:5-68
MERGED from [com.google.android.gms:play-services-measurement-impl:23.0.0] C:\Users\sirad\.gradle\caches\8.13\transforms\ab6af623a172845fd857e1efa2501c60\transformed\play-services-measurement-impl-23.0.0\AndroidManifest.xml:25:5-68
MERGED from [com.google.android.gms:play-services-measurement-api:23.0.0] C:\Users\sirad\.gradle\caches\8.13\transforms\cf3e21e0ba39ef3bc5367f5ac018c3f5\transformed\play-services-measurement-api-23.0.0\AndroidManifest.xml:24:5-68
MERGED from [com.google.android.gms:play-services-measurement-api:23.0.0] C:\Users\sirad\.gradle\caches\8.13\transforms\cf3e21e0ba39ef3bc5367f5ac018c3f5\transformed\play-services-measurement-api-23.0.0\AndroidManifest.xml:24:5-68
MERGED from [com.google.android.gms:play-services-cloud-messaging:17.2.0] C:\Users\sirad\.gradle\caches\8.13\transforms\7d007b5220813db7e95b415d16192c40\transformed\play-services-cloud-messaging-17.2.0\AndroidManifest.xml:9:5-68
MERGED from [com.google.android.gms:play-services-cloud-messaging:17.2.0] C:\Users\sirad\.gradle\caches\8.13\transforms\7d007b5220813db7e95b415d16192c40\transformed\play-services-cloud-messaging-17.2.0\AndroidManifest.xml:9:5-68
MERGED from [androidx.work:work-runtime:2.11.0] C:\Users\sirad\.gradle\caches\8.13\transforms\d4dccc2840b421e0833840356456b596\transformed\work-runtime-2.11.0\AndroidManifest.xml:23:5-68
MERGED from [androidx.work:work-runtime:2.11.0] C:\Users\sirad\.gradle\caches\8.13\transforms\d4dccc2840b421e0833840356456b596\transformed\work-runtime-2.11.0\AndroidManifest.xml:23:5-68
MERGED from [com.google.android.gms:play-services-measurement-sdk-api:23.0.0] C:\Users\sirad\.gradle\caches\8.13\transforms\2598ae4f2e9616205b9bb7349b9523b4\transformed\play-services-measurement-sdk-api-23.0.0\AndroidManifest.xml:25:5-68
MERGED from [com.google.android.gms:play-services-measurement-sdk-api:23.0.0] C:\Users\sirad\.gradle\caches\8.13\transforms\2598ae4f2e9616205b9bb7349b9523b4\transformed\play-services-measurement-sdk-api-23.0.0\AndroidManifest.xml:25:5-68
	android:name
		ADDED from [com.google.firebase:firebase-messaging:25.0.1] C:\Users\sirad\.gradle\caches\8.13\transforms\6b482272fa1c937745c01cfdff52b330\transformed\firebase-messaging-25.0.1\AndroidManifest.xml:24:22-65
uses-permission#com.google.android.c2dm.permission.RECEIVE
ADDED from [com.google.firebase:firebase-messaging:25.0.1] C:\Users\sirad\.gradle\caches\8.13\transforms\6b482272fa1c937745c01cfdff52b330\transformed\firebase-messaging-25.0.1\AndroidManifest.xml:26:5-82
MERGED from [com.google.android.gms:play-services-cloud-messaging:17.2.0] C:\Users\sirad\.gradle\caches\8.13\transforms\7d007b5220813db7e95b415d16192c40\transformed\play-services-cloud-messaging-17.2.0\AndroidManifest.xml:11:5-82
MERGED from [com.google.android.gms:play-services-cloud-messaging:17.2.0] C:\Users\sirad\.gradle\caches\8.13\transforms\7d007b5220813db7e95b415d16192c40\transformed\play-services-cloud-messaging-17.2.0\AndroidManifest.xml:11:5-82
	android:name
		ADDED from [com.google.firebase:firebase-messaging:25.0.1] C:\Users\sirad\.gradle\caches\8.13\transforms\6b482272fa1c937745c01cfdff52b330\transformed\firebase-messaging-25.0.1\AndroidManifest.xml:26:22-79
receiver#com.google.firebase.iid.FirebaseInstanceIdReceiver
ADDED from [com.google.firebase:firebase-messaging:25.0.1] C:\Users\sirad\.gradle\caches\8.13\transforms\6b482272fa1c937745c01cfdff52b330\transformed\firebase-messaging-25.0.1\AndroidManifest.xml:29:9-40:20
	android:exported
		ADDED from [com.google.firebase:firebase-messaging:25.0.1] C:\Users\sirad\.gradle\caches\8.13\transforms\6b482272fa1c937745c01cfdff52b330\transformed\firebase-messaging-25.0.1\AndroidManifest.xml:31:13-36
	android:permission
		ADDED from [com.google.firebase:firebase-messaging:25.0.1] C:\Users\sirad\.gradle\caches\8.13\transforms\6b482272fa1c937745c01cfdff52b330\transformed\firebase-messaging-25.0.1\AndroidManifest.xml:32:13-73
	android:name
		ADDED from [com.google.firebase:firebase-messaging:25.0.1] C:\Users\sirad\.gradle\caches\8.13\transforms\6b482272fa1c937745c01cfdff52b330\transformed\firebase-messaging-25.0.1\AndroidManifest.xml:30:13-78
intent-filter#action:name:com.google.android.c2dm.intent.RECEIVE
ADDED from [com.google.firebase:firebase-messaging:25.0.1] C:\Users\sirad\.gradle\caches\8.13\transforms\6b482272fa1c937745c01cfdff52b330\transformed\firebase-messaging-25.0.1\AndroidManifest.xml:33:13-35:29
action#com.google.android.c2dm.intent.RECEIVE
ADDED from [com.google.firebase:firebase-messaging:25.0.1] C:\Users\sirad\.gradle\caches\8.13\transforms\6b482272fa1c937745c01cfdff52b330\transformed\firebase-messaging-25.0.1\AndroidManifest.xml:34:17-81
	android:name
		ADDED from [com.google.firebase:firebase-messaging:25.0.1] C:\Users\sirad\.gradle\caches\8.13\transforms\6b482272fa1c937745c01cfdff52b330\transformed\firebase-messaging-25.0.1\AndroidManifest.xml:34:25-78
meta-data#com.google.android.gms.cloudmessaging.FINISHED_AFTER_HANDLED
ADDED from [com.google.firebase:firebase-messaging:25.0.1] C:\Users\sirad\.gradle\caches\8.13\transforms\6b482272fa1c937745c01cfdff52b330\transformed\firebase-messaging-25.0.1\AndroidManifest.xml:37:13-39:40
	android:value
		ADDED from [com.google.firebase:firebase-messaging:25.0.1] C:\Users\sirad\.gradle\caches\8.13\transforms\6b482272fa1c937745c01cfdff52b330\transformed\firebase-messaging-25.0.1\AndroidManifest.xml:39:17-37
	android:name
		ADDED from [com.google.firebase:firebase-messaging:25.0.1] C:\Users\sirad\.gradle\caches\8.13\transforms\6b482272fa1c937745c01cfdff52b330\transformed\firebase-messaging-25.0.1\AndroidManifest.xml:38:17-92
service#com.google.firebase.messaging.FirebaseMessagingService
ADDED from [com.google.firebase:firebase-messaging:25.0.1] C:\Users\sirad\.gradle\caches\8.13\transforms\6b482272fa1c937745c01cfdff52b330\transformed\firebase-messaging-25.0.1\AndroidManifest.xml:46:9-53:19
	android:exported
		ADDED from [com.google.firebase:firebase-messaging:25.0.1] C:\Users\sirad\.gradle\caches\8.13\transforms\6b482272fa1c937745c01cfdff52b330\transformed\firebase-messaging-25.0.1\AndroidManifest.xml:49:13-37
	android:directBootAware
		ADDED from [com.google.firebase:firebase-messaging:25.0.1] C:\Users\sirad\.gradle\caches\8.13\transforms\6b482272fa1c937745c01cfdff52b330\transformed\firebase-messaging-25.0.1\AndroidManifest.xml:48:13-43
	android:name
		ADDED from [com.google.firebase:firebase-messaging:25.0.1] C:\Users\sirad\.gradle\caches\8.13\transforms\6b482272fa1c937745c01cfdff52b330\transformed\firebase-messaging-25.0.1\AndroidManifest.xml:47:13-82
intent-filter#action:name:com.google.firebase.MESSAGING_EVENT
ADDED from [com.google.firebase:firebase-messaging:25.0.1] C:\Users\sirad\.gradle\caches\8.13\transforms\6b482272fa1c937745c01cfdff52b330\transformed\firebase-messaging-25.0.1\AndroidManifest.xml:50:13-52:29
	android:priority
		ADDED from [com.google.firebase:firebase-messaging:25.0.1] C:\Users\sirad\.gradle\caches\8.13\transforms\6b482272fa1c937745c01cfdff52b330\transformed\firebase-messaging-25.0.1\AndroidManifest.xml:50:28-51
action#com.google.firebase.MESSAGING_EVENT
ADDED from [com.google.firebase:firebase-messaging:25.0.1] C:\Users\sirad\.gradle\caches\8.13\transforms\6b482272fa1c937745c01cfdff52b330\transformed\firebase-messaging-25.0.1\AndroidManifest.xml:51:17-78
	android:name
		ADDED from [com.google.firebase:firebase-messaging:25.0.1] C:\Users\sirad\.gradle\caches\8.13\transforms\6b482272fa1c937745c01cfdff52b330\transformed\firebase-messaging-25.0.1\AndroidManifest.xml:51:25-75
meta-data#com.google.firebase.components:com.google.firebase.messaging.FirebaseMessagingKtxRegistrar
ADDED from [com.google.firebase:firebase-messaging:25.0.1] C:\Users\sirad\.gradle\caches\8.13\transforms\6b482272fa1c937745c01cfdff52b330\transformed\firebase-messaging-25.0.1\AndroidManifest.xml:57:13-59:85
	android:value
		ADDED from [com.google.firebase:firebase-messaging:25.0.1] C:\Users\sirad\.gradle\caches\8.13\transforms\6b482272fa1c937745c01cfdff52b330\transformed\firebase-messaging-25.0.1\AndroidManifest.xml:59:17-82
	android:name
		ADDED from [com.google.firebase:firebase-messaging:25.0.1] C:\Users\sirad\.gradle\caches\8.13\transforms\6b482272fa1c937745c01cfdff52b330\transformed\firebase-messaging-25.0.1\AndroidManifest.xml:58:17-122
meta-data#com.google.firebase.components:com.google.firebase.messaging.FirebaseMessagingRegistrar
ADDED from [com.google.firebase:firebase-messaging:25.0.1] C:\Users\sirad\.gradle\caches\8.13\transforms\6b482272fa1c937745c01cfdff52b330\transformed\firebase-messaging-25.0.1\AndroidManifest.xml:60:13-62:85
	android:value
		ADDED from [com.google.firebase:firebase-messaging:25.0.1] C:\Users\sirad\.gradle\caches\8.13\transforms\6b482272fa1c937745c01cfdff52b330\transformed\firebase-messaging-25.0.1\AndroidManifest.xml:62:17-82
	android:name
		ADDED from [com.google.firebase:firebase-messaging:25.0.1] C:\Users\sirad\.gradle\caches\8.13\transforms\6b482272fa1c937745c01cfdff52b330\transformed\firebase-messaging-25.0.1\AndroidManifest.xml:61:17-119
meta-data#com.google.firebase.components:com.google.firebase.storage.FirebaseStorageKtxRegistrar
ADDED from [com.google.firebase:firebase-storage:22.0.1] C:\Users\sirad\.gradle\caches\8.13\transforms\4b78a6395c726355cb8a4380fa1083e6\transformed\firebase-storage-22.0.1\AndroidManifest.xml:30:13-32:85
	android:value
		ADDED from [com.google.firebase:firebase-storage:22.0.1] C:\Users\sirad\.gradle\caches\8.13\transforms\4b78a6395c726355cb8a4380fa1083e6\transformed\firebase-storage-22.0.1\AndroidManifest.xml:32:17-82
	android:name
		ADDED from [com.google.firebase:firebase-storage:22.0.1] C:\Users\sirad\.gradle\caches\8.13\transforms\4b78a6395c726355cb8a4380fa1083e6\transformed\firebase-storage-22.0.1\AndroidManifest.xml:31:17-118
meta-data#com.google.firebase.components:com.google.firebase.storage.StorageRegistrar
ADDED from [com.google.firebase:firebase-storage:22.0.1] C:\Users\sirad\.gradle\caches\8.13\transforms\4b78a6395c726355cb8a4380fa1083e6\transformed\firebase-storage-22.0.1\AndroidManifest.xml:33:13-35:85
	android:value
		ADDED from [com.google.firebase:firebase-storage:22.0.1] C:\Users\sirad\.gradle\caches\8.13\transforms\4b78a6395c726355cb8a4380fa1083e6\transformed\firebase-storage-22.0.1\AndroidManifest.xml:35:17-82
	android:name
		ADDED from [com.google.firebase:firebase-storage:22.0.1] C:\Users\sirad\.gradle\caches\8.13\transforms\4b78a6395c726355cb8a4380fa1083e6\transformed\firebase-storage-22.0.1\AndroidManifest.xml:34:17-107
meta-data#com.google.firebase.components:com.google.firebase.appcheck.FirebaseAppCheckKtxRegistrar
ADDED from [com.google.firebase:firebase-appcheck:19.0.1] C:\Users\sirad\.gradle\caches\8.13\transforms\6e86ad91f89a0dfe7ef7372fc77fec05\transformed\firebase-appcheck-19.0.1\AndroidManifest.xml:25:13-27:85
	android:value
		ADDED from [com.google.firebase:firebase-appcheck:19.0.1] C:\Users\sirad\.gradle\caches\8.13\transforms\6e86ad91f89a0dfe7ef7372fc77fec05\transformed\firebase-appcheck-19.0.1\AndroidManifest.xml:27:17-82
	android:name
		ADDED from [com.google.firebase:firebase-appcheck:19.0.1] C:\Users\sirad\.gradle\caches\8.13\transforms\6e86ad91f89a0dfe7ef7372fc77fec05\transformed\firebase-appcheck-19.0.1\AndroidManifest.xml:26:17-120
meta-data#com.google.firebase.components:com.google.firebase.appcheck.FirebaseAppCheckRegistrar
ADDED from [com.google.firebase:firebase-appcheck:19.0.1] C:\Users\sirad\.gradle\caches\8.13\transforms\6e86ad91f89a0dfe7ef7372fc77fec05\transformed\firebase-appcheck-19.0.1\AndroidManifest.xml:28:13-30:85
	android:value
		ADDED from [com.google.firebase:firebase-appcheck:19.0.1] C:\Users\sirad\.gradle\caches\8.13\transforms\6e86ad91f89a0dfe7ef7372fc77fec05\transformed\firebase-appcheck-19.0.1\AndroidManifest.xml:30:17-82
	android:name
		ADDED from [com.google.firebase:firebase-appcheck:19.0.1] C:\Users\sirad\.gradle\caches\8.13\transforms\6e86ad91f89a0dfe7ef7372fc77fec05\transformed\firebase-appcheck-19.0.1\AndroidManifest.xml:29:17-117
uses-permission#com.google.android.finsky.permission.BIND_GET_INSTALL_REFERRER_SERVICE
ADDED from [com.google.android.gms:play-services-measurement:23.0.0] C:\Users\sirad\.gradle\caches\8.13\transforms\85dc646d2c804a6fcf1c9afccbdb204a\transformed\play-services-measurement-23.0.0\AndroidManifest.xml:26:5-110
MERGED from [com.google.android.gms:play-services-measurement-impl:23.0.0] C:\Users\sirad\.gradle\caches\8.13\transforms\ab6af623a172845fd857e1efa2501c60\transformed\play-services-measurement-impl-23.0.0\AndroidManifest.xml:26:5-110
MERGED from [com.google.android.gms:play-services-measurement-impl:23.0.0] C:\Users\sirad\.gradle\caches\8.13\transforms\ab6af623a172845fd857e1efa2501c60\transformed\play-services-measurement-impl-23.0.0\AndroidManifest.xml:26:5-110
	android:name
		ADDED from [com.google.android.gms:play-services-measurement:23.0.0] C:\Users\sirad\.gradle\caches\8.13\transforms\85dc646d2c804a6fcf1c9afccbdb204a\transformed\play-services-measurement-23.0.0\AndroidManifest.xml:26:22-107
receiver#com.google.android.gms.measurement.AppMeasurementReceiver
ADDED from [com.google.android.gms:play-services-measurement:23.0.0] C:\Users\sirad\.gradle\caches\8.13\transforms\85dc646d2c804a6fcf1c9afccbdb204a\transformed\play-services-measurement-23.0.0\AndroidManifest.xml:29:9-33:20
	android:enabled
		ADDED from [com.google.android.gms:play-services-measurement:23.0.0] C:\Users\sirad\.gradle\caches\8.13\transforms\85dc646d2c804a6fcf1c9afccbdb204a\transformed\play-services-measurement-23.0.0\AndroidManifest.xml:31:13-35
	android:exported
		ADDED from [com.google.android.gms:play-services-measurement:23.0.0] C:\Users\sirad\.gradle\caches\8.13\transforms\85dc646d2c804a6fcf1c9afccbdb204a\transformed\play-services-measurement-23.0.0\AndroidManifest.xml:32:13-37
	android:name
		ADDED from [com.google.android.gms:play-services-measurement:23.0.0] C:\Users\sirad\.gradle\caches\8.13\transforms\85dc646d2c804a6fcf1c9afccbdb204a\transformed\play-services-measurement-23.0.0\AndroidManifest.xml:30:13-85
service#com.google.android.gms.measurement.AppMeasurementService
ADDED from [com.google.android.gms:play-services-measurement:23.0.0] C:\Users\sirad\.gradle\caches\8.13\transforms\85dc646d2c804a6fcf1c9afccbdb204a\transformed\play-services-measurement-23.0.0\AndroidManifest.xml:35:9-38:40
	android:enabled
		ADDED from [com.google.android.gms:play-services-measurement:23.0.0] C:\Users\sirad\.gradle\caches\8.13\transforms\85dc646d2c804a6fcf1c9afccbdb204a\transformed\play-services-measurement-23.0.0\AndroidManifest.xml:37:13-35
	android:exported
		ADDED from [com.google.android.gms:play-services-measurement:23.0.0] C:\Users\sirad\.gradle\caches\8.13\transforms\85dc646d2c804a6fcf1c9afccbdb204a\transformed\play-services-measurement-23.0.0\AndroidManifest.xml:38:13-37
	android:name
		ADDED from [com.google.android.gms:play-services-measurement:23.0.0] C:\Users\sirad\.gradle\caches\8.13\transforms\85dc646d2c804a6fcf1c9afccbdb204a\transformed\play-services-measurement-23.0.0\AndroidManifest.xml:36:13-84
service#com.google.android.gms.measurement.AppMeasurementJobService
ADDED from [com.google.android.gms:play-services-measurement:23.0.0] C:\Users\sirad\.gradle\caches\8.13\transforms\85dc646d2c804a6fcf1c9afccbdb204a\transformed\play-services-measurement-23.0.0\AndroidManifest.xml:39:9-43:72
	android:enabled
		ADDED from [com.google.android.gms:play-services-measurement:23.0.0] C:\Users\sirad\.gradle\caches\8.13\transforms\85dc646d2c804a6fcf1c9afccbdb204a\transformed\play-services-measurement-23.0.0\AndroidManifest.xml:41:13-35
	android:exported
		ADDED from [com.google.android.gms:play-services-measurement:23.0.0] C:\Users\sirad\.gradle\caches\8.13\transforms\85dc646d2c804a6fcf1c9afccbdb204a\transformed\play-services-measurement-23.0.0\AndroidManifest.xml:42:13-37
	android:permission
		ADDED from [com.google.android.gms:play-services-measurement:23.0.0] C:\Users\sirad\.gradle\caches\8.13\transforms\85dc646d2c804a6fcf1c9afccbdb204a\transformed\play-services-measurement-23.0.0\AndroidManifest.xml:43:13-69
	android:name
		ADDED from [com.google.android.gms:play-services-measurement:23.0.0] C:\Users\sirad\.gradle\caches\8.13\transforms\85dc646d2c804a6fcf1c9afccbdb204a\transformed\play-services-measurement-23.0.0\AndroidManifest.xml:40:13-87
uses-permission#com.google.android.gms.permission.AD_ID
ADDED from [com.google.android.gms:play-services-measurement-impl:23.0.0] C:\Users\sirad\.gradle\caches\8.13\transforms\ab6af623a172845fd857e1efa2501c60\transformed\play-services-measurement-impl-23.0.0\AndroidManifest.xml:27:5-79
MERGED from [com.google.android.gms:play-services-measurement-api:23.0.0] C:\Users\sirad\.gradle\caches\8.13\transforms\cf3e21e0ba39ef3bc5367f5ac018c3f5\transformed\play-services-measurement-api-23.0.0\AndroidManifest.xml:25:5-79
MERGED from [com.google.android.gms:play-services-measurement-api:23.0.0] C:\Users\sirad\.gradle\caches\8.13\transforms\cf3e21e0ba39ef3bc5367f5ac018c3f5\transformed\play-services-measurement-api-23.0.0\AndroidManifest.xml:25:5-79
MERGED from [com.google.android.gms:play-services-ads-identifier:18.0.0] C:\Users\sirad\.gradle\caches\8.13\transforms\49b0c405afb3e15649ff5db10bbee155\transformed\play-services-ads-identifier-18.0.0\AndroidManifest.xml:23:5-79
MERGED from [com.google.android.gms:play-services-ads-identifier:18.0.0] C:\Users\sirad\.gradle\caches\8.13\transforms\49b0c405afb3e15649ff5db10bbee155\transformed\play-services-ads-identifier-18.0.0\AndroidManifest.xml:23:5-79
MERGED from [com.google.android.gms:play-services-measurement-sdk-api:23.0.0] C:\Users\sirad\.gradle\caches\8.13\transforms\2598ae4f2e9616205b9bb7349b9523b4\transformed\play-services-measurement-sdk-api-23.0.0\AndroidManifest.xml:26:5-79
MERGED from [com.google.android.gms:play-services-measurement-sdk-api:23.0.0] C:\Users\sirad\.gradle\caches\8.13\transforms\2598ae4f2e9616205b9bb7349b9523b4\transformed\play-services-measurement-sdk-api-23.0.0\AndroidManifest.xml:26:5-79
	android:name
		ADDED from [com.google.android.gms:play-services-measurement-impl:23.0.0] C:\Users\sirad\.gradle\caches\8.13\transforms\ab6af623a172845fd857e1efa2501c60\transformed\play-services-measurement-impl-23.0.0\AndroidManifest.xml:27:22-76
activity#com.google.android.gms.common.api.GoogleApiActivity
ADDED from [com.google.android.gms:play-services-base:18.5.0] C:\Users\sirad\.gradle\caches\8.13\transforms\15ea55ddbbacd3b23368601fb6391d48\transformed\play-services-base-18.5.0\AndroidManifest.xml:5:9-173
	android:exported
		ADDED from [com.google.android.gms:play-services-base:18.5.0] C:\Users\sirad\.gradle\caches\8.13\transforms\15ea55ddbbacd3b23368601fb6391d48\transformed\play-services-base-18.5.0\AndroidManifest.xml:5:146-170
	android:theme
		ADDED from [com.google.android.gms:play-services-base:18.5.0] C:\Users\sirad\.gradle\caches\8.13\transforms\15ea55ddbbacd3b23368601fb6391d48\transformed\play-services-base-18.5.0\AndroidManifest.xml:5:86-145
	android:name
		ADDED from [com.google.android.gms:play-services-base:18.5.0] C:\Users\sirad\.gradle\caches\8.13\transforms\15ea55ddbbacd3b23368601fb6391d48\transformed\play-services-base-18.5.0\AndroidManifest.xml:5:19-85
uses-permission#android.permission.ACCESS_ADSERVICES_ATTRIBUTION
ADDED from [com.google.android.gms:play-services-measurement-api:23.0.0] C:\Users\sirad\.gradle\caches\8.13\transforms\cf3e21e0ba39ef3bc5367f5ac018c3f5\transformed\play-services-measurement-api-23.0.0\AndroidManifest.xml:26:5-88
MERGED from [com.google.android.gms:play-services-measurement-sdk-api:23.0.0] C:\Users\sirad\.gradle\caches\8.13\transforms\2598ae4f2e9616205b9bb7349b9523b4\transformed\play-services-measurement-sdk-api-23.0.0\AndroidManifest.xml:27:5-88
MERGED from [com.google.android.gms:play-services-measurement-sdk-api:23.0.0] C:\Users\sirad\.gradle\caches\8.13\transforms\2598ae4f2e9616205b9bb7349b9523b4\transformed\play-services-measurement-sdk-api-23.0.0\AndroidManifest.xml:27:5-88
	android:name
		ADDED from [com.google.android.gms:play-services-measurement-api:23.0.0] C:\Users\sirad\.gradle\caches\8.13\transforms\cf3e21e0ba39ef3bc5367f5ac018c3f5\transformed\play-services-measurement-api-23.0.0\AndroidManifest.xml:26:22-85
uses-permission#android.permission.ACCESS_ADSERVICES_AD_ID
ADDED from [com.google.android.gms:play-services-measurement-api:23.0.0] C:\Users\sirad\.gradle\caches\8.13\transforms\cf3e21e0ba39ef3bc5367f5ac018c3f5\transformed\play-services-measurement-api-23.0.0\AndroidManifest.xml:27:5-82
MERGED from [com.google.android.gms:play-services-measurement-sdk-api:23.0.0] C:\Users\sirad\.gradle\caches\8.13\transforms\2598ae4f2e9616205b9bb7349b9523b4\transformed\play-services-measurement-sdk-api-23.0.0\AndroidManifest.xml:28:5-82
MERGED from [com.google.android.gms:play-services-measurement-sdk-api:23.0.0] C:\Users\sirad\.gradle\caches\8.13\transforms\2598ae4f2e9616205b9bb7349b9523b4\transformed\play-services-measurement-sdk-api-23.0.0\AndroidManifest.xml:28:5-82
	android:name
		ADDED from [com.google.android.gms:play-services-measurement-api:23.0.0] C:\Users\sirad\.gradle\caches\8.13\transforms\cf3e21e0ba39ef3bc5367f5ac018c3f5\transformed\play-services-measurement-api-23.0.0\AndroidManifest.xml:27:22-79
meta-data#com.google.firebase.components:com.google.firebase.analytics.connector.internal.AnalyticsConnectorRegistrar
ADDED from [com.google.android.gms:play-services-measurement-api:23.0.0] C:\Users\sirad\.gradle\caches\8.13\transforms\cf3e21e0ba39ef3bc5367f5ac018c3f5\transformed\play-services-measurement-api-23.0.0\AndroidManifest.xml:33:13-35:85
	android:value
		ADDED from [com.google.android.gms:play-services-measurement-api:23.0.0] C:\Users\sirad\.gradle\caches\8.13\transforms\cf3e21e0ba39ef3bc5367f5ac018c3f5\transformed\play-services-measurement-api-23.0.0\AndroidManifest.xml:35:17-82
	android:name
		ADDED from [com.google.android.gms:play-services-measurement-api:23.0.0] C:\Users\sirad\.gradle\caches\8.13\transforms\cf3e21e0ba39ef3bc5367f5ac018c3f5\transformed\play-services-measurement-api-23.0.0\AndroidManifest.xml:34:17-139
uses-permission#com.google.android.providers.gsf.permission.READ_GSERVICES
ADDED from [com.google.android.recaptcha:recaptcha:18.6.1] C:\Users\sirad\.gradle\caches\8.13\transforms\4bc252ec605d6ef8146ee686d9048323\transformed\recaptcha-18.6.1\AndroidManifest.xml:9:5-98
	android:name
		ADDED from [com.google.android.recaptcha:recaptcha:18.6.1] C:\Users\sirad\.gradle\caches\8.13\transforms\4bc252ec605d6ef8146ee686d9048323\transformed\recaptcha-18.6.1\AndroidManifest.xml:9:22-95
meta-data#com.google.firebase.components:com.google.firebase.installations.FirebaseInstallationsKtxRegistrar
ADDED from [com.google.firebase:firebase-installations:19.0.1] C:\Users\sirad\.gradle\caches\8.13\transforms\063ad2bb781bf157d8445d1c68533c81\transformed\firebase-installations-19.0.1\AndroidManifest.xml:15:13-17:85
	android:value
		ADDED from [com.google.firebase:firebase-installations:19.0.1] C:\Users\sirad\.gradle\caches\8.13\transforms\063ad2bb781bf157d8445d1c68533c81\transformed\firebase-installations-19.0.1\AndroidManifest.xml:17:17-82
	android:name
		ADDED from [com.google.firebase:firebase-installations:19.0.1] C:\Users\sirad\.gradle\caches\8.13\transforms\063ad2bb781bf157d8445d1c68533c81\transformed\firebase-installations-19.0.1\AndroidManifest.xml:16:17-130
meta-data#com.google.firebase.components:com.google.firebase.installations.FirebaseInstallationsRegistrar
ADDED from [com.google.firebase:firebase-installations:19.0.1] C:\Users\sirad\.gradle\caches\8.13\transforms\063ad2bb781bf157d8445d1c68533c81\transformed\firebase-installations-19.0.1\AndroidManifest.xml:18:13-20:85
	android:value
		ADDED from [com.google.firebase:firebase-installations:19.0.1] C:\Users\sirad\.gradle\caches\8.13\transforms\063ad2bb781bf157d8445d1c68533c81\transformed\firebase-installations-19.0.1\AndroidManifest.xml:20:17-82
	android:name
		ADDED from [com.google.firebase:firebase-installations:19.0.1] C:\Users\sirad\.gradle\caches\8.13\transforms\063ad2bb781bf157d8445d1c68533c81\transformed\firebase-installations-19.0.1\AndroidManifest.xml:19:17-127
provider#com.google.firebase.provider.FirebaseInitProvider
ADDED from [com.google.firebase:firebase-common:22.0.1] C:\Users\sirad\.gradle\caches\8.13\transforms\10b615c46dc28abe4d9d5b9b7b5dd7f7\transformed\firebase-common-22.0.1\AndroidManifest.xml:23:9-28:39
	android:authorities
		ADDED from [com.google.firebase:firebase-common:22.0.1] C:\Users\sirad\.gradle\caches\8.13\transforms\10b615c46dc28abe4d9d5b9b7b5dd7f7\transformed\firebase-common-22.0.1\AndroidManifest.xml:25:13-72
	android:exported
		ADDED from [com.google.firebase:firebase-common:22.0.1] C:\Users\sirad\.gradle\caches\8.13\transforms\10b615c46dc28abe4d9d5b9b7b5dd7f7\transformed\firebase-common-22.0.1\AndroidManifest.xml:27:13-37
	android:directBootAware
		ADDED from [com.google.firebase:firebase-common:22.0.1] C:\Users\sirad\.gradle\caches\8.13\transforms\10b615c46dc28abe4d9d5b9b7b5dd7f7\transformed\firebase-common-22.0.1\AndroidManifest.xml:26:13-43
	android:initOrder
		ADDED from [com.google.firebase:firebase-common:22.0.1] C:\Users\sirad\.gradle\caches\8.13\transforms\10b615c46dc28abe4d9d5b9b7b5dd7f7\transformed\firebase-common-22.0.1\AndroidManifest.xml:28:13-36
	android:name
		ADDED from [com.google.firebase:firebase-common:22.0.1] C:\Users\sirad\.gradle\caches\8.13\transforms\10b615c46dc28abe4d9d5b9b7b5dd7f7\transformed\firebase-common-22.0.1\AndroidManifest.xml:24:13-77
meta-data#com.google.firebase.components:com.google.firebase.FirebaseCommonKtxRegistrar
ADDED from [com.google.firebase:firebase-common:22.0.1] C:\Users\sirad\.gradle\caches\8.13\transforms\10b615c46dc28abe4d9d5b9b7b5dd7f7\transformed\firebase-common-22.0.1\AndroidManifest.xml:35:13-37:85
	android:value
		ADDED from [com.google.firebase:firebase-common:22.0.1] C:\Users\sirad\.gradle\caches\8.13\transforms\10b615c46dc28abe4d9d5b9b7b5dd7f7\transformed\firebase-common-22.0.1\AndroidManifest.xml:37:17-82
	android:name
		ADDED from [com.google.firebase:firebase-common:22.0.1] C:\Users\sirad\.gradle\caches\8.13\transforms\10b615c46dc28abe4d9d5b9b7b5dd7f7\transformed\firebase-common-22.0.1\AndroidManifest.xml:36:17-109
uses-permission#android.permission.RECEIVE_BOOT_COMPLETED
ADDED from [androidx.work:work-runtime:2.11.0] C:\Users\sirad\.gradle\caches\8.13\transforms\d4dccc2840b421e0833840356456b596\transformed\work-runtime-2.11.0\AndroidManifest.xml:25:5-81
	android:name
		ADDED from [androidx.work:work-runtime:2.11.0] C:\Users\sirad\.gradle\caches\8.13\transforms\d4dccc2840b421e0833840356456b596\transformed\work-runtime-2.11.0\AndroidManifest.xml:25:22-78
uses-permission#android.permission.FOREGROUND_SERVICE
ADDED from [androidx.work:work-runtime:2.11.0] C:\Users\sirad\.gradle\caches\8.13\transforms\d4dccc2840b421e0833840356456b596\transformed\work-runtime-2.11.0\AndroidManifest.xml:26:5-77
MERGED from [io.agora.rtc:full-screen-sharing:4.6.1] C:\Users\sirad\.gradle\caches\8.13\transforms\c5687eea63698b348eb1306757e0299b\transformed\full-screen-sharing-4.6.1\AndroidManifest.xml:7:5-77
MERGED from [io.agora.rtc:full-screen-sharing:4.6.1] C:\Users\sirad\.gradle\caches\8.13\transforms\c5687eea63698b348eb1306757e0299b\transformed\full-screen-sharing-4.6.1\AndroidManifest.xml:7:5-77
	android:name
		ADDED from [androidx.work:work-runtime:2.11.0] C:\Users\sirad\.gradle\caches\8.13\transforms\d4dccc2840b421e0833840356456b596\transformed\work-runtime-2.11.0\AndroidManifest.xml:26:22-74
provider#androidx.startup.InitializationProvider
ADDED from [androidx.work:work-runtime:2.11.0] C:\Users\sirad\.gradle\caches\8.13\transforms\d4dccc2840b421e0833840356456b596\transformed\work-runtime-2.11.0\AndroidManifest.xml:29:9-37:20
MERGED from [androidx.emoji2:emoji2:1.3.0] C:\Users\sirad\.gradle\caches\8.13\transforms\12835d4dd05759d64eaf6f002036742c\transformed\emoji2-1.3.0\AndroidManifest.xml:24:9-32:20
MERGED from [androidx.emoji2:emoji2:1.3.0] C:\Users\sirad\.gradle\caches\8.13\transforms\12835d4dd05759d64eaf6f002036742c\transformed\emoji2-1.3.0\AndroidManifest.xml:24:9-32:20
MERGED from [androidx.lifecycle:lifecycle-process:2.9.0] C:\Users\sirad\.gradle\caches\8.13\transforms\c352668c52870cafbcf8f21fa80b7657\transformed\lifecycle-process-2.9.0\AndroidManifest.xml:24:9-32:20
MERGED from [androidx.lifecycle:lifecycle-process:2.9.0] C:\Users\sirad\.gradle\caches\8.13\transforms\c352668c52870cafbcf8f21fa80b7657\transformed\lifecycle-process-2.9.0\AndroidManifest.xml:24:9-32:20
MERGED from [androidx.profileinstaller:profileinstaller:1.4.0] C:\Users\sirad\.gradle\caches\8.13\transforms\a97e479ca9afb6775b542b976a2685ec\transformed\profileinstaller-1.4.0\AndroidManifest.xml:24:9-32:20
MERGED from [androidx.profileinstaller:profileinstaller:1.4.0] C:\Users\sirad\.gradle\caches\8.13\transforms\a97e479ca9afb6775b542b976a2685ec\transformed\profileinstaller-1.4.0\AndroidManifest.xml:24:9-32:20
MERGED from [androidx.startup:startup-runtime:1.1.1] C:\Users\sirad\.gradle\caches\8.13\transforms\308c57d0ef0991d575387055561b1da8\transformed\startup-runtime-1.1.1\AndroidManifest.xml:26:9-30:34
MERGED from [androidx.startup:startup-runtime:1.1.1] C:\Users\sirad\.gradle\caches\8.13\transforms\308c57d0ef0991d575387055561b1da8\transformed\startup-runtime-1.1.1\AndroidManifest.xml:26:9-30:34
	tools:node
		ADDED from [androidx.work:work-runtime:2.11.0] C:\Users\sirad\.gradle\caches\8.13\transforms\d4dccc2840b421e0833840356456b596\transformed\work-runtime-2.11.0\AndroidManifest.xml:33:13-31
	android:authorities
		ADDED from [androidx.work:work-runtime:2.11.0] C:\Users\sirad\.gradle\caches\8.13\transforms\d4dccc2840b421e0833840356456b596\transformed\work-runtime-2.11.0\AndroidManifest.xml:31:13-68
	android:exported
		ADDED from [androidx.work:work-runtime:2.11.0] C:\Users\sirad\.gradle\caches\8.13\transforms\d4dccc2840b421e0833840356456b596\transformed\work-runtime-2.11.0\AndroidManifest.xml:32:13-37
	android:name
		ADDED from [androidx.work:work-runtime:2.11.0] C:\Users\sirad\.gradle\caches\8.13\transforms\d4dccc2840b421e0833840356456b596\transformed\work-runtime-2.11.0\AndroidManifest.xml:30:13-67
meta-data#androidx.work.WorkManagerInitializer
ADDED from [androidx.work:work-runtime:2.11.0] C:\Users\sirad\.gradle\caches\8.13\transforms\d4dccc2840b421e0833840356456b596\transformed\work-runtime-2.11.0\AndroidManifest.xml:34:13-36:52
	android:value
		ADDED from [androidx.work:work-runtime:2.11.0] C:\Users\sirad\.gradle\caches\8.13\transforms\d4dccc2840b421e0833840356456b596\transformed\work-runtime-2.11.0\AndroidManifest.xml:36:17-49
	android:name
		ADDED from [androidx.work:work-runtime:2.11.0] C:\Users\sirad\.gradle\caches\8.13\transforms\d4dccc2840b421e0833840356456b596\transformed\work-runtime-2.11.0\AndroidManifest.xml:35:17-68
service#androidx.work.impl.background.systemjob.SystemJobService
ADDED from [androidx.work:work-runtime:2.11.0] C:\Users\sirad\.gradle\caches\8.13\transforms\d4dccc2840b421e0833840356456b596\transformed\work-runtime-2.11.0\AndroidManifest.xml:39:9-45:35
	android:enabled
		ADDED from [androidx.work:work-runtime:2.11.0] C:\Users\sirad\.gradle\caches\8.13\transforms\d4dccc2840b421e0833840356456b596\transformed\work-runtime-2.11.0\AndroidManifest.xml:42:13-70
	android:exported
		ADDED from [androidx.work:work-runtime:2.11.0] C:\Users\sirad\.gradle\caches\8.13\transforms\d4dccc2840b421e0833840356456b596\transformed\work-runtime-2.11.0\AndroidManifest.xml:43:13-36
	android:permission
		ADDED from [androidx.work:work-runtime:2.11.0] C:\Users\sirad\.gradle\caches\8.13\transforms\d4dccc2840b421e0833840356456b596\transformed\work-runtime-2.11.0\AndroidManifest.xml:44:13-69
	tools:targetApi
		ADDED from [androidx.work:work-runtime:2.11.0] C:\Users\sirad\.gradle\caches\8.13\transforms\d4dccc2840b421e0833840356456b596\transformed\work-runtime-2.11.0\AndroidManifest.xml:45:13-32
	android:directBootAware
		ADDED from [androidx.work:work-runtime:2.11.0] C:\Users\sirad\.gradle\caches\8.13\transforms\d4dccc2840b421e0833840356456b596\transformed\work-runtime-2.11.0\AndroidManifest.xml:41:13-44
	android:name
		ADDED from [androidx.work:work-runtime:2.11.0] C:\Users\sirad\.gradle\caches\8.13\transforms\d4dccc2840b421e0833840356456b596\transformed\work-runtime-2.11.0\AndroidManifest.xml:40:13-84
service#androidx.work.impl.foreground.SystemForegroundService
ADDED from [androidx.work:work-runtime:2.11.0] C:\Users\sirad\.gradle\caches\8.13\transforms\d4dccc2840b421e0833840356456b596\transformed\work-runtime-2.11.0\AndroidManifest.xml:46:9-52:35
	android:enabled
		ADDED from [androidx.work:work-runtime:2.11.0] C:\Users\sirad\.gradle\caches\8.13\transforms\d4dccc2840b421e0833840356456b596\transformed\work-runtime-2.11.0\AndroidManifest.xml:49:13-77
	android:exported
		ADDED from [androidx.work:work-runtime:2.11.0] C:\Users\sirad\.gradle\caches\8.13\transforms\d4dccc2840b421e0833840356456b596\transformed\work-runtime-2.11.0\AndroidManifest.xml:50:13-37
	tools:ignore
		ADDED from [androidx.work:work-runtime:2.11.0] C:\Users\sirad\.gradle\caches\8.13\transforms\d4dccc2840b421e0833840356456b596\transformed\work-runtime-2.11.0\AndroidManifest.xml:51:13-60
	tools:targetApi
		ADDED from [androidx.work:work-runtime:2.11.0] C:\Users\sirad\.gradle\caches\8.13\transforms\d4dccc2840b421e0833840356456b596\transformed\work-runtime-2.11.0\AndroidManifest.xml:52:13-32
	android:directBootAware
		ADDED from [androidx.work:work-runtime:2.11.0] C:\Users\sirad\.gradle\caches\8.13\transforms\d4dccc2840b421e0833840356456b596\transformed\work-runtime-2.11.0\AndroidManifest.xml:48:13-44
	android:name
		ADDED from [androidx.work:work-runtime:2.11.0] C:\Users\sirad\.gradle\caches\8.13\transforms\d4dccc2840b421e0833840356456b596\transformed\work-runtime-2.11.0\AndroidManifest.xml:47:13-81
receiver#androidx.work.impl.utils.ForceStopRunnable$BroadcastReceiver
ADDED from [androidx.work:work-runtime:2.11.0] C:\Users\sirad\.gradle\caches\8.13\transforms\d4dccc2840b421e0833840356456b596\transformed\work-runtime-2.11.0\AndroidManifest.xml:54:9-59:35
	android:enabled
		ADDED from [androidx.work:work-runtime:2.11.0] C:\Users\sirad\.gradle\caches\8.13\transforms\d4dccc2840b421e0833840356456b596\transformed\work-runtime-2.11.0\AndroidManifest.xml:57:13-35
	android:exported
		ADDED from [androidx.work:work-runtime:2.11.0] C:\Users\sirad\.gradle\caches\8.13\transforms\d4dccc2840b421e0833840356456b596\transformed\work-runtime-2.11.0\AndroidManifest.xml:58:13-37
	tools:targetApi
		ADDED from [androidx.work:work-runtime:2.11.0] C:\Users\sirad\.gradle\caches\8.13\transforms\d4dccc2840b421e0833840356456b596\transformed\work-runtime-2.11.0\AndroidManifest.xml:59:13-32
	android:directBootAware
		ADDED from [androidx.work:work-runtime:2.11.0] C:\Users\sirad\.gradle\caches\8.13\transforms\d4dccc2840b421e0833840356456b596\transformed\work-runtime-2.11.0\AndroidManifest.xml:56:13-44
	android:name
		ADDED from [androidx.work:work-runtime:2.11.0] C:\Users\sirad\.gradle\caches\8.13\transforms\d4dccc2840b421e0833840356456b596\transformed\work-runtime-2.11.0\AndroidManifest.xml:55:13-88
receiver#androidx.work.impl.background.systemalarm.RescheduleReceiver
ADDED from [androidx.work:work-runtime:2.11.0] C:\Users\sirad\.gradle\caches\8.13\transforms\d4dccc2840b421e0833840356456b596\transformed\work-runtime-2.11.0\AndroidManifest.xml:60:9-69:20
	android:enabled
		ADDED from [androidx.work:work-runtime:2.11.0] C:\Users\sirad\.gradle\caches\8.13\transforms\d4dccc2840b421e0833840356456b596\transformed\work-runtime-2.11.0\AndroidManifest.xml:63:13-36
	android:exported
		ADDED from [androidx.work:work-runtime:2.11.0] C:\Users\sirad\.gradle\caches\8.13\transforms\d4dccc2840b421e0833840356456b596\transformed\work-runtime-2.11.0\AndroidManifest.xml:64:13-37
	tools:targetApi
		ADDED from [androidx.work:work-runtime:2.11.0] C:\Users\sirad\.gradle\caches\8.13\transforms\d4dccc2840b421e0833840356456b596\transformed\work-runtime-2.11.0\AndroidManifest.xml:65:13-32
	android:directBootAware
		ADDED from [androidx.work:work-runtime:2.11.0] C:\Users\sirad\.gradle\caches\8.13\transforms\d4dccc2840b421e0833840356456b596\transformed\work-runtime-2.11.0\AndroidManifest.xml:62:13-44
	android:name
		ADDED from [androidx.work:work-runtime:2.11.0] C:\Users\sirad\.gradle\caches\8.13\transforms\d4dccc2840b421e0833840356456b596\transformed\work-runtime-2.11.0\AndroidManifest.xml:61:13-88
intent-filter#action:name:android.intent.action.BOOT_COMPLETED
ADDED from [androidx.work:work-runtime:2.11.0] C:\Users\sirad\.gradle\caches\8.13\transforms\d4dccc2840b421e0833840356456b596\transformed\work-runtime-2.11.0\AndroidManifest.xml:66:13-68:29
action#android.intent.action.BOOT_COMPLETED
ADDED from [androidx.work:work-runtime:2.11.0] C:\Users\sirad\.gradle\caches\8.13\transforms\d4dccc2840b421e0833840356456b596\transformed\work-runtime-2.11.0\AndroidManifest.xml:67:17-79
	android:name
		ADDED from [androidx.work:work-runtime:2.11.0] C:\Users\sirad\.gradle\caches\8.13\transforms\d4dccc2840b421e0833840356456b596\transformed\work-runtime-2.11.0\AndroidManifest.xml:67:25-76
receiver#androidx.work.impl.diagnostics.DiagnosticsReceiver
ADDED from [androidx.work:work-runtime:2.11.0] C:\Users\sirad\.gradle\caches\8.13\transforms\d4dccc2840b421e0833840356456b596\transformed\work-runtime-2.11.0\AndroidManifest.xml:70:9-80:20
	android:enabled
		ADDED from [androidx.work:work-runtime:2.11.0] C:\Users\sirad\.gradle\caches\8.13\transforms\d4dccc2840b421e0833840356456b596\transformed\work-runtime-2.11.0\AndroidManifest.xml:73:13-35
	android:exported
		ADDED from [androidx.work:work-runtime:2.11.0] C:\Users\sirad\.gradle\caches\8.13\transforms\d4dccc2840b421e0833840356456b596\transformed\work-runtime-2.11.0\AndroidManifest.xml:74:13-36
	android:permission
		ADDED from [androidx.work:work-runtime:2.11.0] C:\Users\sirad\.gradle\caches\8.13\transforms\d4dccc2840b421e0833840356456b596\transformed\work-runtime-2.11.0\AndroidManifest.xml:75:13-57
	tools:targetApi
		ADDED from [androidx.work:work-runtime:2.11.0] C:\Users\sirad\.gradle\caches\8.13\transforms\d4dccc2840b421e0833840356456b596\transformed\work-runtime-2.11.0\AndroidManifest.xml:76:13-32
	android:directBootAware
		ADDED from [androidx.work:work-runtime:2.11.0] C:\Users\sirad\.gradle\caches\8.13\transforms\d4dccc2840b421e0833840356456b596\transformed\work-runtime-2.11.0\AndroidManifest.xml:72:13-44
	android:name
		ADDED from [androidx.work:work-runtime:2.11.0] C:\Users\sirad\.gradle\caches\8.13\transforms\d4dccc2840b421e0833840356456b596\transformed\work-runtime-2.11.0\AndroidManifest.xml:71:13-78
intent-filter#action:name:androidx.work.diagnostics.REQUEST_DIAGNOSTICS
ADDED from [androidx.work:work-runtime:2.11.0] C:\Users\sirad\.gradle\caches\8.13\transforms\d4dccc2840b421e0833840356456b596\transformed\work-runtime-2.11.0\AndroidManifest.xml:77:13-79:29
action#androidx.work.diagnostics.REQUEST_DIAGNOSTICS
ADDED from [androidx.work:work-runtime:2.11.0] C:\Users\sirad\.gradle\caches\8.13\transforms\d4dccc2840b421e0833840356456b596\transformed\work-runtime-2.11.0\AndroidManifest.xml:78:17-88
	android:name
		ADDED from [androidx.work:work-runtime:2.11.0] C:\Users\sirad\.gradle\caches\8.13\transforms\d4dccc2840b421e0833840356456b596\transformed\work-runtime-2.11.0\AndroidManifest.xml:78:25-85
service#androidx.room.MultiInstanceInvalidationService
ADDED from [androidx.room:room-runtime-android:2.8.4] C:\Users\sirad\.gradle\caches\8.13\transforms\c6fd910604768fd0130d32e47a6adca5\transformed\room-runtime\AndroidManifest.xml:24:9-28:63
	android:exported
		ADDED from [androidx.room:room-runtime-android:2.8.4] C:\Users\sirad\.gradle\caches\8.13\transforms\c6fd910604768fd0130d32e47a6adca5\transformed\room-runtime\AndroidManifest.xml:27:13-37
	tools:ignore
		ADDED from [androidx.room:room-runtime-android:2.8.4] C:\Users\sirad\.gradle\caches\8.13\transforms\c6fd910604768fd0130d32e47a6adca5\transformed\room-runtime\AndroidManifest.xml:28:13-60
	android:directBootAware
		ADDED from [androidx.room:room-runtime-android:2.8.4] C:\Users\sirad\.gradle\caches\8.13\transforms\c6fd910604768fd0130d32e47a6adca5\transformed\room-runtime\AndroidManifest.xml:26:13-43
	android:name
		ADDED from [androidx.room:room-runtime-android:2.8.4] C:\Users\sirad\.gradle\caches\8.13\transforms\c6fd910604768fd0130d32e47a6adca5\transformed\room-runtime\AndroidManifest.xml:25:13-74
uses-library#androidx.window.extensions
ADDED from [androidx.window:window:1.0.0] C:\Users\sirad\.gradle\caches\8.13\transforms\ba511f98ccacdda59eea5d8a671cc228\transformed\window-1.0.0\AndroidManifest.xml:25:9-27:40
	android:required
		ADDED from [androidx.window:window:1.0.0] C:\Users\sirad\.gradle\caches\8.13\transforms\ba511f98ccacdda59eea5d8a671cc228\transformed\window-1.0.0\AndroidManifest.xml:27:13-37
	android:name
		ADDED from [androidx.window:window:1.0.0] C:\Users\sirad\.gradle\caches\8.13\transforms\ba511f98ccacdda59eea5d8a671cc228\transformed\window-1.0.0\AndroidManifest.xml:26:13-54
uses-library#androidx.window.sidecar
ADDED from [androidx.window:window:1.0.0] C:\Users\sirad\.gradle\caches\8.13\transforms\ba511f98ccacdda59eea5d8a671cc228\transformed\window-1.0.0\AndroidManifest.xml:28:9-30:40
	android:required
		ADDED from [androidx.window:window:1.0.0] C:\Users\sirad\.gradle\caches\8.13\transforms\ba511f98ccacdda59eea5d8a671cc228\transformed\window-1.0.0\AndroidManifest.xml:30:13-37
	android:name
		ADDED from [androidx.window:window:1.0.0] C:\Users\sirad\.gradle\caches\8.13\transforms\ba511f98ccacdda59eea5d8a671cc228\transformed\window-1.0.0\AndroidManifest.xml:29:13-51
meta-data#androidx.emoji2.text.EmojiCompatInitializer
ADDED from [androidx.emoji2:emoji2:1.3.0] C:\Users\sirad\.gradle\caches\8.13\transforms\12835d4dd05759d64eaf6f002036742c\transformed\emoji2-1.3.0\AndroidManifest.xml:29:13-31:52
	android:value
		ADDED from [androidx.emoji2:emoji2:1.3.0] C:\Users\sirad\.gradle\caches\8.13\transforms\12835d4dd05759d64eaf6f002036742c\transformed\emoji2-1.3.0\AndroidManifest.xml:31:17-49
	android:name
		ADDED from [androidx.emoji2:emoji2:1.3.0] C:\Users\sirad\.gradle\caches\8.13\transforms\12835d4dd05759d64eaf6f002036742c\transformed\emoji2-1.3.0\AndroidManifest.xml:30:17-75
meta-data#androidx.lifecycle.ProcessLifecycleInitializer
ADDED from [androidx.lifecycle:lifecycle-process:2.9.0] C:\Users\sirad\.gradle\caches\8.13\transforms\c352668c52870cafbcf8f21fa80b7657\transformed\lifecycle-process-2.9.0\AndroidManifest.xml:29:13-31:52
	android:value
		ADDED from [androidx.lifecycle:lifecycle-process:2.9.0] C:\Users\sirad\.gradle\caches\8.13\transforms\c352668c52870cafbcf8f21fa80b7657\transformed\lifecycle-process-2.9.0\AndroidManifest.xml:31:17-49
	android:name
		ADDED from [androidx.lifecycle:lifecycle-process:2.9.0] C:\Users\sirad\.gradle\caches\8.13\transforms\c352668c52870cafbcf8f21fa80b7657\transformed\lifecycle-process-2.9.0\AndroidManifest.xml:30:17-78
uses-library#android.ext.adservices
ADDED from [androidx.privacysandbox.ads:ads-adservices:1.1.0-beta11] C:\Users\sirad\.gradle\caches\8.13\transforms\e677c0b2eee276bc6cca104b25583b18\transformed\ads-adservices-1.1.0-beta11\AndroidManifest.xml:23:9-25:40
	android:required
		ADDED from [androidx.privacysandbox.ads:ads-adservices:1.1.0-beta11] C:\Users\sirad\.gradle\caches\8.13\transforms\e677c0b2eee276bc6cca104b25583b18\transformed\ads-adservices-1.1.0-beta11\AndroidManifest.xml:25:13-37
	android:name
		ADDED from [androidx.privacysandbox.ads:ads-adservices:1.1.0-beta11] C:\Users\sirad\.gradle\caches\8.13\transforms\e677c0b2eee276bc6cca104b25583b18\transformed\ads-adservices-1.1.0-beta11\AndroidManifest.xml:24:13-50
permission#${applicationId}.DYNAMIC_RECEIVER_NOT_EXPORTED_PERMISSION
ADDED from [androidx.core:core:1.16.0] C:\Users\sirad\.gradle\caches\8.13\transforms\a1a955e9210e9087e48f075b9976d805\transformed\core-1.16.0\AndroidManifest.xml:22:5-24:47
	android:protectionLevel
		ADDED from [androidx.core:core:1.16.0] C:\Users\sirad\.gradle\caches\8.13\transforms\a1a955e9210e9087e48f075b9976d805\transformed\core-1.16.0\AndroidManifest.xml:24:9-44
	android:name
		ADDED from [androidx.core:core:1.16.0] C:\Users\sirad\.gradle\caches\8.13\transforms\a1a955e9210e9087e48f075b9976d805\transformed\core-1.16.0\AndroidManifest.xml:23:9-81
permission#com.example.ieeeconnect.DYNAMIC_RECEIVER_NOT_EXPORTED_PERMISSION
ADDED from [androidx.core:core:1.16.0] C:\Users\sirad\.gradle\caches\8.13\transforms\a1a955e9210e9087e48f075b9976d805\transformed\core-1.16.0\AndroidManifest.xml:22:5-24:47
	android:protectionLevel
		ADDED from [androidx.core:core:1.16.0] C:\Users\sirad\.gradle\caches\8.13\transforms\a1a955e9210e9087e48f075b9976d805\transformed\core-1.16.0\AndroidManifest.xml:24:9-44
	android:name
		ADDED from [androidx.core:core:1.16.0] C:\Users\sirad\.gradle\caches\8.13\transforms\a1a955e9210e9087e48f075b9976d805\transformed\core-1.16.0\AndroidManifest.xml:23:9-81
uses-permission#${applicationId}.DYNAMIC_RECEIVER_NOT_EXPORTED_PERMISSION
ADDED from [androidx.core:core:1.16.0] C:\Users\sirad\.gradle\caches\8.13\transforms\a1a955e9210e9087e48f075b9976d805\transformed\core-1.16.0\AndroidManifest.xml:26:5-97
	android:name
		ADDED from [androidx.core:core:1.16.0] C:\Users\sirad\.gradle\caches\8.13\transforms\a1a955e9210e9087e48f075b9976d805\transformed\core-1.16.0\AndroidManifest.xml:26:22-94
uses-permission#com.example.ieeeconnect.DYNAMIC_RECEIVER_NOT_EXPORTED_PERMISSION
ADDED from [androidx.core:core:1.16.0] C:\Users\sirad\.gradle\caches\8.13\transforms\a1a955e9210e9087e48f075b9976d805\transformed\core-1.16.0\AndroidManifest.xml:26:5-97
	android:name
		ADDED from [androidx.core:core:1.16.0] C:\Users\sirad\.gradle\caches\8.13\transforms\a1a955e9210e9087e48f075b9976d805\transformed\core-1.16.0\AndroidManifest.xml:26:22-94
meta-data#com.google.android.gms.version
ADDED from [com.google.android.gms:play-services-basement:18.8.0] C:\Users\sirad\.gradle\caches\8.13\transforms\442dff2e9dabb75b981dd4d51ae259e2\transformed\play-services-basement-18.8.0\AndroidManifest.xml:21:9-23:69
	android:value
		ADDED from [com.google.android.gms:play-services-basement:18.8.0] C:\Users\sirad\.gradle\caches\8.13\transforms\442dff2e9dabb75b981dd4d51ae259e2\transformed\play-services-basement-18.8.0\AndroidManifest.xml:23:13-66
	android:name
		ADDED from [com.google.android.gms:play-services-basement:18.8.0] C:\Users\sirad\.gradle\caches\8.13\transforms\442dff2e9dabb75b981dd4d51ae259e2\transformed\play-services-basement-18.8.0\AndroidManifest.xml:22:13-58
meta-data#androidx.profileinstaller.ProfileInstallerInitializer
ADDED from [androidx.profileinstaller:profileinstaller:1.4.0] C:\Users\sirad\.gradle\caches\8.13\transforms\a97e479ca9afb6775b542b976a2685ec\transformed\profileinstaller-1.4.0\AndroidManifest.xml:29:13-31:52
	android:value
		ADDED from [androidx.profileinstaller:profileinstaller:1.4.0] C:\Users\sirad\.gradle\caches\8.13\transforms\a97e479ca9afb6775b542b976a2685ec\transformed\profileinstaller-1.4.0\AndroidManifest.xml:31:17-49
	android:name
		ADDED from [androidx.profileinstaller:profileinstaller:1.4.0] C:\Users\sirad\.gradle\caches\8.13\transforms\a97e479ca9afb6775b542b976a2685ec\transformed\profileinstaller-1.4.0\AndroidManifest.xml:30:17-85
receiver#androidx.profileinstaller.ProfileInstallReceiver
ADDED from [androidx.profileinstaller:profileinstaller:1.4.0] C:\Users\sirad\.gradle\caches\8.13\transforms\a97e479ca9afb6775b542b976a2685ec\transformed\profileinstaller-1.4.0\AndroidManifest.xml:34:9-52:20
	android:enabled
		ADDED from [androidx.profileinstaller:profileinstaller:1.4.0] C:\Users\sirad\.gradle\caches\8.13\transforms\a97e479ca9afb6775b542b976a2685ec\transformed\profileinstaller-1.4.0\AndroidManifest.xml:37:13-35
	android:exported
		ADDED from [androidx.profileinstaller:profileinstaller:1.4.0] C:\Users\sirad\.gradle\caches\8.13\transforms\a97e479ca9afb6775b542b976a2685ec\transformed\profileinstaller-1.4.0\AndroidManifest.xml:38:13-36
	android:permission
		ADDED from [androidx.profileinstaller:profileinstaller:1.4.0] C:\Users\sirad\.gradle\caches\8.13\transforms\a97e479ca9afb6775b542b976a2685ec\transformed\profileinstaller-1.4.0\AndroidManifest.xml:39:13-57
	android:directBootAware
		ADDED from [androidx.profileinstaller:profileinstaller:1.4.0] C:\Users\sirad\.gradle\caches\8.13\transforms\a97e479ca9afb6775b542b976a2685ec\transformed\profileinstaller-1.4.0\AndroidManifest.xml:36:13-44
	android:name
		ADDED from [androidx.profileinstaller:profileinstaller:1.4.0] C:\Users\sirad\.gradle\caches\8.13\transforms\a97e479ca9afb6775b542b976a2685ec\transformed\profileinstaller-1.4.0\AndroidManifest.xml:35:13-76
intent-filter#action:name:androidx.profileinstaller.action.INSTALL_PROFILE
ADDED from [androidx.profileinstaller:profileinstaller:1.4.0] C:\Users\sirad\.gradle\caches\8.13\transforms\a97e479ca9afb6775b542b976a2685ec\transformed\profileinstaller-1.4.0\AndroidManifest.xml:40:13-42:29
action#androidx.profileinstaller.action.INSTALL_PROFILE
ADDED from [androidx.profileinstaller:profileinstaller:1.4.0] C:\Users\sirad\.gradle\caches\8.13\transforms\a97e479ca9afb6775b542b976a2685ec\transformed\profileinstaller-1.4.0\AndroidManifest.xml:41:17-91
	android:name
		ADDED from [androidx.profileinstaller:profileinstaller:1.4.0] C:\Users\sirad\.gradle\caches\8.13\transforms\a97e479ca9afb6775b542b976a2685ec\transformed\profileinstaller-1.4.0\AndroidManifest.xml:41:25-88
intent-filter#action:name:androidx.profileinstaller.action.SKIP_FILE
ADDED from [androidx.profileinstaller:profileinstaller:1.4.0] C:\Users\sirad\.gradle\caches\8.13\transforms\a97e479ca9afb6775b542b976a2685ec\transformed\profileinstaller-1.4.0\AndroidManifest.xml:43:13-45:29
action#androidx.profileinstaller.action.SKIP_FILE
ADDED from [androidx.profileinstaller:profileinstaller:1.4.0] C:\Users\sirad\.gradle\caches\8.13\transforms\a97e479ca9afb6775b542b976a2685ec\transformed\profileinstaller-1.4.0\AndroidManifest.xml:44:17-85
	android:name
		ADDED from [androidx.profileinstaller:profileinstaller:1.4.0] C:\Users\sirad\.gradle\caches\8.13\transforms\a97e479ca9afb6775b542b976a2685ec\transformed\profileinstaller-1.4.0\AndroidManifest.xml:44:25-82
intent-filter#action:name:androidx.profileinstaller.action.SAVE_PROFILE
ADDED from [androidx.profileinstaller:profileinstaller:1.4.0] C:\Users\sirad\.gradle\caches\8.13\transforms\a97e479ca9afb6775b542b976a2685ec\transformed\profileinstaller-1.4.0\AndroidManifest.xml:46:13-48:29
action#androidx.profileinstaller.action.SAVE_PROFILE
ADDED from [androidx.profileinstaller:profileinstaller:1.4.0] C:\Users\sirad\.gradle\caches\8.13\transforms\a97e479ca9afb6775b542b976a2685ec\transformed\profileinstaller-1.4.0\AndroidManifest.xml:47:17-88
	android:name
		ADDED from [androidx.profileinstaller:profileinstaller:1.4.0] C:\Users\sirad\.gradle\caches\8.13\transforms\a97e479ca9afb6775b542b976a2685ec\transformed\profileinstaller-1.4.0\AndroidManifest.xml:47:25-85
intent-filter#action:name:androidx.profileinstaller.action.BENCHMARK_OPERATION
ADDED from [androidx.profileinstaller:profileinstaller:1.4.0] C:\Users\sirad\.gradle\caches\8.13\transforms\a97e479ca9afb6775b542b976a2685ec\transformed\profileinstaller-1.4.0\AndroidManifest.xml:49:13-51:29
action#androidx.profileinstaller.action.BENCHMARK_OPERATION
ADDED from [androidx.profileinstaller:profileinstaller:1.4.0] C:\Users\sirad\.gradle\caches\8.13\transforms\a97e479ca9afb6775b542b976a2685ec\transformed\profileinstaller-1.4.0\AndroidManifest.xml:50:17-95
	android:name
		ADDED from [androidx.profileinstaller:profileinstaller:1.4.0] C:\Users\sirad\.gradle\caches\8.13\transforms\a97e479ca9afb6775b542b976a2685ec\transformed\profileinstaller-1.4.0\AndroidManifest.xml:50:25-92
meta-data#com.google.firebase.components:com.google.firebase.datatransport.TransportRegistrar
ADDED from [com.google.firebase:firebase-datatransport:18.2.0] C:\Users\sirad\.gradle\caches\8.13\transforms\34b1acf779f4ecf62dc456bd93059026\transformed\firebase-datatransport-18.2.0\AndroidManifest.xml:25:13-27:85
	android:value
		ADDED from [com.google.firebase:firebase-datatransport:18.2.0] C:\Users\sirad\.gradle\caches\8.13\transforms\34b1acf779f4ecf62dc456bd93059026\transformed\firebase-datatransport-18.2.0\AndroidManifest.xml:27:17-82
	android:name
		ADDED from [com.google.firebase:firebase-datatransport:18.2.0] C:\Users\sirad\.gradle\caches\8.13\transforms\34b1acf779f4ecf62dc456bd93059026\transformed\firebase-datatransport-18.2.0\AndroidManifest.xml:26:17-115
service#com.google.android.datatransport.runtime.backends.TransportBackendDiscovery
ADDED from [com.google.android.datatransport:transport-backend-cct:3.1.9] C:\Users\sirad\.gradle\caches\8.13\transforms\1c3c744f839cc55ea8a70d0f110481b2\transformed\transport-backend-cct-3.1.9\AndroidManifest.xml:28:9-34:19
MERGED from [com.google.android.datatransport:transport-runtime:3.1.9] C:\Users\sirad\.gradle\caches\8.13\transforms\501db91d7d775d19020df526ca49a983\transformed\transport-runtime-3.1.9\AndroidManifest.xml:36:9-38:40
MERGED from [com.google.android.datatransport:transport-runtime:3.1.9] C:\Users\sirad\.gradle\caches\8.13\transforms\501db91d7d775d19020df526ca49a983\transformed\transport-runtime-3.1.9\AndroidManifest.xml:36:9-38:40
	android:exported
		ADDED from [com.google.android.datatransport:transport-backend-cct:3.1.9] C:\Users\sirad\.gradle\caches\8.13\transforms\1c3c744f839cc55ea8a70d0f110481b2\transformed\transport-backend-cct-3.1.9\AndroidManifest.xml:30:13-37
	android:name
		ADDED from [com.google.android.datatransport:transport-backend-cct:3.1.9] C:\Users\sirad\.gradle\caches\8.13\transforms\1c3c744f839cc55ea8a70d0f110481b2\transformed\transport-backend-cct-3.1.9\AndroidManifest.xml:29:13-103
meta-data#backend:com.google.android.datatransport.cct.CctBackendFactory
ADDED from [com.google.android.datatransport:transport-backend-cct:3.1.9] C:\Users\sirad\.gradle\caches\8.13\transforms\1c3c744f839cc55ea8a70d0f110481b2\transformed\transport-backend-cct-3.1.9\AndroidManifest.xml:31:13-33:39
	android:value
		ADDED from [com.google.android.datatransport:transport-backend-cct:3.1.9] C:\Users\sirad\.gradle\caches\8.13\transforms\1c3c744f839cc55ea8a70d0f110481b2\transformed\transport-backend-cct-3.1.9\AndroidManifest.xml:33:17-36
	android:name
		ADDED from [com.google.android.datatransport:transport-backend-cct:3.1.9] C:\Users\sirad\.gradle\caches\8.13\transforms\1c3c744f839cc55ea8a70d0f110481b2\transformed\transport-backend-cct-3.1.9\AndroidManifest.xml:32:17-94
service#com.google.android.datatransport.runtime.scheduling.jobscheduling.JobInfoSchedulerService
ADDED from [com.google.android.datatransport:transport-runtime:3.1.9] C:\Users\sirad\.gradle\caches\8.13\transforms\501db91d7d775d19020df526ca49a983\transformed\transport-runtime-3.1.9\AndroidManifest.xml:26:9-30:19
	android:exported
		ADDED from [com.google.android.datatransport:transport-runtime:3.1.9] C:\Users\sirad\.gradle\caches\8.13\transforms\501db91d7d775d19020df526ca49a983\transformed\transport-runtime-3.1.9\AndroidManifest.xml:28:13-37
	android:permission
		ADDED from [com.google.android.datatransport:transport-runtime:3.1.9] C:\Users\sirad\.gradle\caches\8.13\transforms\501db91d7d775d19020df526ca49a983\transformed\transport-runtime-3.1.9\AndroidManifest.xml:29:13-69
	android:name
		ADDED from [com.google.android.datatransport:transport-runtime:3.1.9] C:\Users\sirad\.gradle\caches\8.13\transforms\501db91d7d775d19020df526ca49a983\transformed\transport-runtime-3.1.9\AndroidManifest.xml:27:13-117
receiver#com.google.android.datatransport.runtime.scheduling.jobscheduling.AlarmManagerSchedulerBroadcastReceiver
ADDED from [com.google.android.datatransport:transport-runtime:3.1.9] C:\Users\sirad\.gradle\caches\8.13\transforms\501db91d7d775d19020df526ca49a983\transformed\transport-runtime-3.1.9\AndroidManifest.xml:32:9-34:40
	android:exported
		ADDED from [com.google.android.datatransport:transport-runtime:3.1.9] C:\Users\sirad\.gradle\caches\8.13\transforms\501db91d7d775d19020df526ca49a983\transformed\transport-runtime-3.1.9\AndroidManifest.xml:34:13-37
	android:name
		ADDED from [com.google.android.datatransport:transport-runtime:3.1.9] C:\Users\sirad\.gradle\caches\8.13\transforms\501db91d7d775d19020df526ca49a983\transformed\transport-runtime-3.1.9\AndroidManifest.xml:33:13-132
uses-permission#android.permission.FOREGROUND_SERVICE_MEDIA_PROJECTION
ADDED from [io.agora.rtc:full-screen-sharing:4.6.1] C:\Users\sirad\.gradle\caches\8.13\transforms\c5687eea63698b348eb1306757e0299b\transformed\full-screen-sharing-4.6.1\AndroidManifest.xml:8:5-94
	android:name
		ADDED from [io.agora.rtc:full-screen-sharing:4.6.1] C:\Users\sirad\.gradle\caches\8.13\transforms\c5687eea63698b348eb1306757e0299b\transformed\full-screen-sharing-4.6.1\AndroidManifest.xml:8:22-91
activity#io.agora.rtc2.extensions.MediaProjectionMgr$LocalScreenCaptureAssistantActivity
ADDED from [io.agora.rtc:full-screen-sharing:4.6.1] C:\Users\sirad\.gradle\caches\8.13\transforms\c5687eea63698b348eb1306757e0299b\transformed\full-screen-sharing-4.6.1\AndroidManifest.xml:11:9-14:63
	android:screenOrientation
		ADDED from [io.agora.rtc:full-screen-sharing:4.6.1] C:\Users\sirad\.gradle\caches\8.13\transforms\c5687eea63698b348eb1306757e0299b\transformed\full-screen-sharing-4.6.1\AndroidManifest.xml:13:13-52
	android:configChanges
		ADDED from [io.agora.rtc:full-screen-sharing:4.6.1] C:\Users\sirad\.gradle\caches\8.13\transforms\c5687eea63698b348eb1306757e0299b\transformed\full-screen-sharing-4.6.1\AndroidManifest.xml:12:13-59
	android:theme
		ADDED from [io.agora.rtc:full-screen-sharing:4.6.1] C:\Users\sirad\.gradle\caches\8.13\transforms\c5687eea63698b348eb1306757e0299b\transformed\full-screen-sharing-4.6.1\AndroidManifest.xml:14:13-61
	android:name
		ADDED from [io.agora.rtc:full-screen-sharing:4.6.1] C:\Users\sirad\.gradle\caches\8.13\transforms\c5687eea63698b348eb1306757e0299b\transformed\full-screen-sharing-4.6.1\AndroidManifest.xml:11:19-89
service#io.agora.rtc2.extensions.MediaProjectionMgr$LocalScreenSharingService
ADDED from [io.agora.rtc:full-screen-sharing:4.6.1] C:\Users\sirad\.gradle\caches\8.13\transforms\c5687eea63698b348eb1306757e0299b\transformed\full-screen-sharing-4.6.1\AndroidManifest.xml:16:9-19:19
	android:foregroundServiceType
		ADDED from [io.agora.rtc:full-screen-sharing:4.6.1] C:\Users\sirad\.gradle\caches\8.13\transforms\c5687eea63698b348eb1306757e0299b\transformed\full-screen-sharing-4.6.1\AndroidManifest.xml:18:13-60
	android:name
		ADDED from [io.agora.rtc:full-screen-sharing:4.6.1] C:\Users\sirad\.gradle\caches\8.13\transforms\c5687eea63698b348eb1306757e0299b\transformed\full-screen-sharing-4.6.1\AndroidManifest.xml:17:13-73
activity#com.google.android.play.core.common.PlayCoreDialogWrapperActivity
ADDED from [com.google.android.play:core-common:2.0.3] C:\Users\sirad\.gradle\caches\8.13\transforms\1e9509305a3ad9876b9983e265a04b7b\transformed\core-common-2.0.3\AndroidManifest.xml:14:9-18:65
	android:stateNotNeeded
		ADDED from [com.google.android.play:core-common:2.0.3] C:\Users\sirad\.gradle\caches\8.13\transforms\1e9509305a3ad9876b9983e265a04b7b\transformed\core-common-2.0.3\AndroidManifest.xml:17:13-42
	android:exported
		ADDED from [com.google.android.play:core-common:2.0.3] C:\Users\sirad\.gradle\caches\8.13\transforms\1e9509305a3ad9876b9983e265a04b7b\transformed\core-common-2.0.3\AndroidManifest.xml:16:13-37
	android:theme
		ADDED from [com.google.android.play:core-common:2.0.3] C:\Users\sirad\.gradle\caches\8.13\transforms\1e9509305a3ad9876b9983e265a04b7b\transformed\core-common-2.0.3\AndroidManifest.xml:18:13-62
	android:name
		ADDED from [com.google.android.play:core-common:2.0.3] C:\Users\sirad\.gradle\caches\8.13\transforms\1e9509305a3ad9876b9983e265a04b7b\transformed\core-common-2.0.3\AndroidManifest.xml:15:13-93
meta-data#com.facebook.soloader.enabled
ADDED from [com.facebook.soloader:soloader:0.11.0] C:\Users\sirad\.gradle\caches\8.13\transforms\3de0caa79d8545eabe8d4d23af6f9420\transformed\soloader-0.11.0\AndroidManifest.xml:12:9-14:37
	android:value
		ADDED from [com.facebook.soloader:soloader:0.11.0] C:\Users\sirad\.gradle\caches\8.13\transforms\3de0caa79d8545eabe8d4d23af6f9420\transformed\soloader-0.11.0\AndroidManifest.xml:14:13-34
	android:name
		ADDED from [com.facebook.soloader:soloader:0.11.0] C:\Users\sirad\.gradle\caches\8.13\transforms\3de0caa79d8545eabe8d4d23af6f9420\transformed\soloader-0.11.0\AndroidManifest.xml:13:13-57

1<?xml version="1.0" encoding="utf-8"?>
2<manifest xmlns:android="http://schemas.android.com/apk/res/android"
3    package="com.example.ieeeconnect"
4    android:versionCode="1"
5    android:versionName="1.0" >
6
7    <uses-sdk
8        android:minSdkVersion="26"
9        android:targetSdkVersion="34" />
10
11    <uses-permission android:name="android.permission.INTERNET" />
11-->D:\Code\android_app\ieeeconnect\app\src\main\AndroidManifest.xml:5:5-67
11-->D:\Code\android_app\ieeeconnect\app\src\main\AndroidManifest.xml:5:22-64
12    <uses-permission android:name="android.permission.ACCESS_NETWORK_STATE" />
12-->D:\Code\android_app\ieeeconnect\app\src\main\AndroidManifest.xml:6:5-79
12-->D:\Code\android_app\ieeeconnect\app\src\main\AndroidManifest.xml:6:22-76
13    <uses-permission
13-->D:\Code\android_app\ieeeconnect\app\src\main\AndroidManifest.xml:7:5-107
14        android:name="android.permission.READ_EXTERNAL_STORAGE"
14-->D:\Code\android_app\ieeeconnect\app\src\main\AndroidManifest.xml:7:22-77
15        android:maxSdkVersion="32" />
15-->D:\Code\android_app\ieeeconnect\app\src\main\AndroidManifest.xml:7:78-104
16    <uses-permission android:name="android.permission.READ_MEDIA_IMAGES" />
16-->D:\Code\android_app\ieeeconnect\app\src\main\AndroidManifest.xml:8:5-76
16-->D:\Code\android_app\ieeeconnect\app\src\main\AndroidManifest.xml:8:22-73
17    <uses-permission android:name="android.permission.POST_NOTIFICATIONS" />
17-->[com.google.firebase:firebase-messaging:25.0.1] C:\Users\sirad\.gradle\caches\8.13\transforms\6b482272fa1c937745c01cfdff52b330\transformed\firebase-messaging-25.0.1\AndroidManifest.xml:23:5-77
17-->[com.google.firebase:firebase-messaging:25.0.1] C:\Users\sirad\.gradle\caches\8.13\transforms\6b482272fa1c937745c01cfdff52b330\transformed\firebase-messaging-25.0.1\AndroidManifest.xml:23:22-74
18    <uses-permission android:name="android.permission.WAKE_LOCK" /> <!-- Required by older versions of Google Play services to create IID tokens -->
18-->[com.google.firebase:firebase-messaging:25.0.1] C:\Users\sirad\.gradle\caches\8.13\transforms\6b482272fa1c937745c01cfdff52b330\transformed\firebase-messaging-25.0.1\AndroidManifest.xml:24:5-68
18-->[com.google.firebase:firebase-messaging:25.0.1] C:\Users\sirad\.gradle\caches\8.13\transforms\6b482272fa1c937745c01cfdff52b330\transformed\firebase-messaging-25.0.1\AndroidManifest.xml:24:22-65
19    <uses-permission android:name="com.google.android.c2dm.permission.RECEIVE" />
19-->[com.google.firebase:firebase-messaging:25.0.1] C:\Users\sirad\.gradle\caches\8.13\transforms\6b482272fa1c937745c01cfdff52b330\transformed\firebase-messaging-25.0.1\AndroidManifest.xml:26:5-82
19-->[com.google.firebase:firebase-messaging:25.0.1] C:\Users\sirad\.gradle\caches\8.13\transforms\6b482272fa1c937745c01cfdff52b330\transformed\firebase-messaging-25.0.1\AndroidManifest.xml:26:22-79
20    <uses-permission android:name="com.google.android.finsky.permission.BIND_GET_INSTALL_REFERRER_SERVICE" />
20-->[com.google.android.gms:play-services-measurement:23.0.0] C:\Users\sirad\.gradle\caches\8.13\transforms\85dc646d2c804a6fcf1c9afccbdb204a\transformed\play-services-measurement-23.0.0\AndroidManifest.xml:26:5-110
20-->[com.google.android.gms:play-services-measurement:23.0.0] C:\Users\sirad\.gradle\caches\8.13\transforms\85dc646d2c804a6fcf1c9afccbdb204a\transformed\play-services-measurement-23.0.0\AndroidManifest.xml:26:22-107
21    <uses-permission android:name="com.google.android.gms.permission.AD_ID" />
21-->[com.google.android.gms:play-services-measurement-impl:23.0.0] C:\Users\sirad\.gradle\caches\8.13\transforms\ab6af623a172845fd857e1efa2501c60\transformed\play-services-measurement-impl-23.0.0\AndroidManifest.xml:27:5-79
21-->[com.google.android.gms:play-services-measurement-impl:23.0.0] C:\Users\sirad\.gradle\caches\8.13\transforms\ab6af623a172845fd857e1efa2501c60\transformed\play-services-measurement-impl-23.0.0\AndroidManifest.xml:27:22-76
22    <uses-permission android:name="android.permission.ACCESS_ADSERVICES_ATTRIBUTION" />
22-->[com.google.android.gms:play-services-measurement-api:23.0.0] C:\Users\sirad\.gradle\caches\8.13\transforms\cf3e21e0ba39ef3bc5367f5ac018c3f5\transformed\play-services-measurement-api-23.0.0\AndroidManifest.xml:26:5-88
22-->[com.google.android.gms:play-services-measurement-api:23.0.0] C:\Users\sirad\.gradle\caches\8.13\transforms\cf3e21e0ba39ef3bc5367f5ac018c3f5\transformed\play-services-measurement-api-23.0.0\AndroidManifest.xml:26:22-85
23    <uses-permission android:name="android.permission.ACCESS_ADSERVICES_AD_ID" />
23-->[com.google.android.gms:play-services-measurement-api:23.0.0] C:\Users\sirad\.gradle\caches\8.13\transforms\cf3e21e0ba39ef3bc5367f5ac018c3f5\transformed\play-services-measurement-api-23.0.0\AndroidManifest.xml:27:5-82
23-->[com.google.android.gms:play-services-measurement-api:23.0.0] C:\Users\sirad\.gradle\caches\8.13\transforms\cf3e21e0ba39ef3bc5367f5ac018c3f5\transformed\play-services-measurement-api-23.0.0\AndroidManifest.xml:27:22-79
24    <uses-permission android:name="com.google.android.providers.gsf.permission.READ_GSERVICES" />
24-->[com.google.android.recaptcha:recaptcha:18.6.1] C:\Users\sirad\.gradle\caches\8.13\transforms\4bc252ec605d6ef8146ee686d9048323\transformed\recaptcha-18.6.1\AndroidManifest.xml:9:5-98
24-->[com.google.android.recaptcha:recaptcha:18.6.1] C:\Users\sirad\.gradle\caches\8.13\transforms\4bc252ec605d6ef8146ee686d9048323\transformed\recaptcha-18.6.1\AndroidManifest.xml:9:22-95
25    <uses-permission android:name="android.permission.RECEIVE_BOOT_COMPLETED" />
25-->[androidx.work:work-runtime:2.11.0] C:\Users\sirad\.gradle\caches\8.13\transforms\d4dccc2840b421e0833840356456b596\transformed\work-runtime-2.11.0\AndroidManifest.xml:25:5-81
25-->[androidx.work:work-runtime:2.11.0] C:\Users\sirad\.gradle\caches\8.13\transforms\d4dccc2840b421e0833840356456b596\transformed\work-runtime-2.11.0\AndroidManifest.xml:25:22-78
26    <uses-permission android:name="android.permission.FOREGROUND_SERVICE" />
26-->[androidx.work:work-runtime:2.11.0] C:\Users\sirad\.gradle\caches\8.13\transforms\d4dccc2840b421e0833840356456b596\transformed\work-runtime-2.11.0\AndroidManifest.xml:26:5-77
26-->[androidx.work:work-runtime:2.11.0] C:\Users\sirad\.gradle\caches\8.13\transforms\d4dccc2840b421e0833840356456b596\transformed\work-runtime-2.11.0\AndroidManifest.xml:26:22-74
27
28    <permission
28-->[androidx.core:core:1.16.0] C:\Users\sirad\.gradle\caches\8.13\transforms\a1a955e9210e9087e48f075b9976d805\transformed\core-1.16.0\AndroidManifest.xml:22:5-24:47
29        android:name="com.example.ieeeconnect.DYNAMIC_RECEIVER_NOT_EXPORTED_PERMISSION"
29-->[androidx.core:core:1.16.0] C:\Users\sirad\.gradle\caches\8.13\transforms\a1a955e9210e9087e48f075b9976d805\transformed\core-1.16.0\AndroidManifest.xml:23:9-81
30        android:protectionLevel="signature" />
30-->[androidx.core:core:1.16.0] C:\Users\sirad\.gradle\caches\8.13\transforms\a1a955e9210e9087e48f075b9976d805\transformed\core-1.16.0\AndroidManifest.xml:24:9-44
31
32    <uses-permission android:name="com.example.ieeeconnect.DYNAMIC_RECEIVER_NOT_EXPORTED_PERMISSION" />
32-->[androidx.core:core:1.16.0] C:\Users\sirad\.gradle\caches\8.13\transforms\a1a955e9210e9087e48f075b9976d805\transformed\core-1.16.0\AndroidManifest.xml:26:5-97
32-->[androidx.core:core:1.16.0] C:\Users\sirad\.gradle\caches\8.13\transforms\a1a955e9210e9087e48f075b9976d805\transformed\core-1.16.0\AndroidManifest.xml:26:22-94
33    <uses-permission android:name="android.permission.FOREGROUND_SERVICE_MEDIA_PROJECTION" />
33-->[io.agora.rtc:full-screen-sharing:4.6.1] C:\Users\sirad\.gradle\caches\8.13\transforms\c5687eea63698b348eb1306757e0299b\transformed\full-screen-sharing-4.6.1\AndroidManifest.xml:8:5-94
33-->[io.agora.rtc:full-screen-sharing:4.6.1] C:\Users\sirad\.gradle\caches\8.13\transforms\c5687eea63698b348eb1306757e0299b\transformed\full-screen-sharing-4.6.1\AndroidManifest.xml:8:22-91
34
35    <application
35-->D:\Code\android_app\ieeeconnect\app\src\main\AndroidManifest.xml:10:5-70:19
36        android:name="com.example.ieeeconnect.MyApplication"
36-->D:\Code\android_app\ieeeconnect\app\src\main\AndroidManifest.xml:11:9-38
37        android:allowBackup="true"
37-->D:\Code\android_app\ieeeconnect\app\src\main\AndroidManifest.xml:12:9-35
38        android:appComponentFactory="androidx.core.app.CoreComponentFactory"
38-->[androidx.core:core:1.16.0] C:\Users\sirad\.gradle\caches\8.13\transforms\a1a955e9210e9087e48f075b9976d805\transformed\core-1.16.0\AndroidManifest.xml:28:18-86
39        android:dataExtractionRules="@xml/data_extraction_rules"
39-->D:\Code\android_app\ieeeconnect\app\src\main\AndroidManifest.xml:13:9-65
40        android:debuggable="true"
41        android:enableOnBackInvokedCallback="true"
41-->D:\Code\android_app\ieeeconnect\app\src\main\AndroidManifest.xml:21:9-51
42        android:extractNativeLibs="false"
43        android:fullBackupContent="@xml/backup_rules"
43-->D:\Code\android_app\ieeeconnect\app\src\main\AndroidManifest.xml:14:9-54
44        android:icon="@mipmap/ic_launcher"
44-->D:\Code\android_app\ieeeconnect\app\src\main\AndroidManifest.xml:15:9-43
45        android:label="@string/app_name"
45-->D:\Code\android_app\ieeeconnect\app\src\main\AndroidManifest.xml:16:9-41
46        android:roundIcon="@mipmap/ic_launcher_round"
46-->D:\Code\android_app\ieeeconnect\app\src\main\AndroidManifest.xml:17:9-54
47        android:supportsRtl="true"
47-->D:\Code\android_app\ieeeconnect\app\src\main\AndroidManifest.xml:18:9-35
48        android:theme="@style/Theme.IeeeConnect"
48-->D:\Code\android_app\ieeeconnect\app\src\main\AndroidManifest.xml:19:9-49
49        android:usesCleartextTraffic="true" >
49-->D:\Code\android_app\ieeeconnect\app\src\main\AndroidManifest.xml:20:9-44
50
51        <!-- Main entry goes to MainActivity; Onboarding is secondary -->
52        <activity
52-->D:\Code\android_app\ieeeconnect\app\src\main\AndroidManifest.xml:23:9-30:20
53            android:name="com.example.ieeeconnect.MainActivity"
53-->D:\Code\android_app\ieeeconnect\app\src\main\AndroidManifest.xml:24:13-41
54            android:exported="true" >
54-->D:\Code\android_app\ieeeconnect\app\src\main\AndroidManifest.xml:25:13-36
55            <intent-filter>
55-->D:\Code\android_app\ieeeconnect\app\src\main\AndroidManifest.xml:26:13-29:29
56                <action android:name="android.intent.action.MAIN" />
56-->D:\Code\android_app\ieeeconnect\app\src\main\AndroidManifest.xml:27:17-69
56-->D:\Code\android_app\ieeeconnect\app\src\main\AndroidManifest.xml:27:25-66
57
58                <category android:name="android.intent.category.LAUNCHER" />
58-->D:\Code\android_app\ieeeconnect\app\src\main\AndroidManifest.xml:28:17-77
58-->D:\Code\android_app\ieeeconnect\app\src\main\AndroidManifest.xml:28:27-74
59            </intent-filter>
60        </activity>
61        <activity
61-->D:\Code\android_app\ieeeconnect\app\src\main\AndroidManifest.xml:31:9-33:40
62            android:name="com.example.ieeeconnect.ui.onboarding.OnboardingActivity"
62-->D:\Code\android_app\ieeeconnect\app\src\main\AndroidManifest.xml:32:13-61
63            android:exported="false" />
63-->D:\Code\android_app\ieeeconnect\app\src\main\AndroidManifest.xml:33:13-37
64        <activity
64-->D:\Code\android_app\ieeeconnect\app\src\main\AndroidManifest.xml:34:9-36:40
65            android:name="com.example.ieeeconnect.DashboardActivity"
65-->D:\Code\android_app\ieeeconnect\app\src\main\AndroidManifest.xml:35:13-46
66            android:exported="false" />
66-->D:\Code\android_app\ieeeconnect\app\src\main\AndroidManifest.xml:36:13-37
67        <activity
67-->D:\Code\android_app\ieeeconnect\app\src\main\AndroidManifest.xml:37:9-39:40
68            android:name="com.example.ieeeconnect.ui.admin.AdminDashboardActivity"
68-->D:\Code\android_app\ieeeconnect\app\src\main\AndroidManifest.xml:38:13-60
69            android:exported="false" />
69-->D:\Code\android_app\ieeeconnect\app\src\main\AndroidManifest.xml:39:13-37
70        <activity
70-->D:\Code\android_app\ieeeconnect\app\src\main\AndroidManifest.xml:40:9-42:40
71            android:name="com.example.ieeeconnect.ui.admin.MemberListActivity"
71-->D:\Code\android_app\ieeeconnect\app\src\main\AndroidManifest.xml:41:13-56
72            android:exported="false" />
72-->D:\Code\android_app\ieeeconnect\app\src\main\AndroidManifest.xml:42:13-37
73        <activity
73-->D:\Code\android_app\ieeeconnect\app\src\main\AndroidManifest.xml:43:9-45:40
74            android:name="com.example.ieeeconnect.ui.admin.QrScannerActivity"
74-->D:\Code\android_app\ieeeconnect\app\src\main\AndroidManifest.xml:44:13-55
75            android:exported="false" />
75-->D:\Code\android_app\ieeeconnect\app\src\main\AndroidManifest.xml:45:13-37
76        <activity
76-->D:\Code\android_app\ieeeconnect\app\src\main\AndroidManifest.xml:46:9-48:40
77            android:name="com.example.ieeeconnect.activities.ChangePasswordActivity"
77-->D:\Code\android_app\ieeeconnect\app\src\main\AndroidManifest.xml:47:13-62
78            android:exported="false" />
78-->D:\Code\android_app\ieeeconnect\app\src\main\AndroidManifest.xml:48:13-37
79        <activity
79-->D:\Code\android_app\ieeeconnect\app\src\main\AndroidManifest.xml:49:9-51:40
80            android:name="com.example.ieeeconnect.activities.PasswordChangedActivity"
80-->D:\Code\android_app\ieeeconnect\app\src\main\AndroidManifest.xml:50:13-63
81            android:exported="false" />
81-->D:\Code\android_app\ieeeconnect\app\src\main\AndroidManifest.xml:51:13-37
82        <activity
82-->D:\Code\android_app\ieeeconnect\app\src\main\AndroidManifest.xml:52:9-54:40
83            android:name="com.example.ieeeconnect.activities.SignUpActivity"
83-->D:\Code\android_app\ieeeconnect\app\src\main\AndroidManifest.xml:53:13-54
84            android:exported="false" />
84-->D:\Code\android_app\ieeeconnect\app\src\main\AndroidManifest.xml:54:13-37
85        <activity
85-->D:\Code\android_app\ieeeconnect\app\src\main\AndroidManifest.xml:55:9-57:40
86            android:name="com.example.ieeeconnect.activities.SetPasswordActivity"
86-->D:\Code\android_app\ieeeconnect\app\src\main\AndroidManifest.xml:56:13-59
87            android:exported="false" />
87-->D:\Code\android_app\ieeeconnect\app\src\main\AndroidManifest.xml:57:13-37
88        <activity
88-->D:\Code\android_app\ieeeconnect\app\src\main\AndroidManifest.xml:58:9-60:40
89            android:name="com.example.ieeeconnect.activities.AccountReadyActivity"
89-->D:\Code\android_app\ieeeconnect\app\src\main\AndroidManifest.xml:59:13-60
90            android:exported="false" />
90-->D:\Code\android_app\ieeeconnect\app\src\main\AndroidManifest.xml:60:13-37
91        <activity
91-->D:\Code\android_app\ieeeconnect\app\src\main\AndroidManifest.xml:61:9-63:40
92            android:name="com.example.ieeeconnect.activities.CreateEventActivity"
92-->D:\Code\android_app\ieeeconnect\app\src\main\AndroidManifest.xml:62:13-59
93            android:exported="false" />
93-->D:\Code\android_app\ieeeconnect\app\src\main\AndroidManifest.xml:63:13-37
94        <activity
94-->D:\Code\android_app\ieeeconnect\app\src\main\AndroidManifest.xml:64:9-66:40
95            android:name="com.example.ieeeconnect.LoginActivity"
95-->D:\Code\android_app\ieeeconnect\app\src\main\AndroidManifest.xml:65:13-42
96            android:exported="false" />
96-->D:\Code\android_app\ieeeconnect\app\src\main\AndroidManifest.xml:66:13-37
97        <activity
97-->D:\Code\android_app\ieeeconnect\app\src\main\AndroidManifest.xml:67:9-69:40
98            android:name="com.example.ieeeconnect.ForgotPasswordActivity"
98-->D:\Code\android_app\ieeeconnect\app\src\main\AndroidManifest.xml:68:13-51
99            android:exported="false" />
99-->D:\Code\android_app\ieeeconnect\app\src\main\AndroidManifest.xml:69:13-37
100        <activity
100-->[com.cloudinary:cloudinary-android-ui:3.1.2] C:\Users\sirad\.gradle\caches\8.13\transforms\a9e8f0d49a320369f2733ed9b430c6d9\transformed\cloudinary-android-ui-3.1.2\AndroidManifest.xml:8:9-11:56
101            android:name="com.cloudinary.android.uploadwidget.ui.UploadWidgetActivity"
101-->[com.cloudinary:cloudinary-android-ui:3.1.2] C:\Users\sirad\.gradle\caches\8.13\transforms\a9e8f0d49a320369f2733ed9b430c6d9\transformed\cloudinary-android-ui-3.1.2\AndroidManifest.xml:9:13-87
102            android:configChanges="orientation"
102-->[com.cloudinary:cloudinary-android-ui:3.1.2] C:\Users\sirad\.gradle\caches\8.13\transforms\a9e8f0d49a320369f2733ed9b430c6d9\transformed\cloudinary-android-ui-3.1.2\AndroidManifest.xml:10:13-48
103            android:theme="@style/UploadWidgetTheme" />
103-->[com.cloudinary:cloudinary-android-ui:3.1.2] C:\Users\sirad\.gradle\caches\8.13\transforms\a9e8f0d49a320369f2733ed9b430c6d9\transformed\cloudinary-android-ui-3.1.2\AndroidManifest.xml:11:13-53
104        <activity
104-->[com.google.firebase:firebase-auth:24.0.1] C:\Users\sirad\.gradle\caches\8.13\transforms\fd2b824d80917b38caf3c7de792927b5\transformed\firebase-auth-24.0.1\AndroidManifest.xml:29:9-46:20
105            android:name="com.google.firebase.auth.internal.GenericIdpActivity"
105-->[com.google.firebase:firebase-auth:24.0.1] C:\Users\sirad\.gradle\caches\8.13\transforms\fd2b824d80917b38caf3c7de792927b5\transformed\firebase-auth-24.0.1\AndroidManifest.xml:30:13-80
106            android:excludeFromRecents="true"
106-->[com.google.firebase:firebase-auth:24.0.1] C:\Users\sirad\.gradle\caches\8.13\transforms\fd2b824d80917b38caf3c7de792927b5\transformed\firebase-auth-24.0.1\AndroidManifest.xml:31:13-46
107            android:exported="true"
107-->[com.google.firebase:firebase-auth:24.0.1] C:\Users\sirad\.gradle\caches\8.13\transforms\fd2b824d80917b38caf3c7de792927b5\transformed\firebase-auth-24.0.1\AndroidManifest.xml:32:13-36
108            android:launchMode="singleTask"
108-->[com.google.firebase:firebase-auth:24.0.1] C:\Users\sirad\.gradle\caches\8.13\transforms\fd2b824d80917b38caf3c7de792927b5\transformed\firebase-auth-24.0.1\AndroidManifest.xml:33:13-44
109            android:theme="@android:style/Theme.Translucent.NoTitleBar" >
109-->[com.google.firebase:firebase-auth:24.0.1] C:\Users\sirad\.gradle\caches\8.13\transforms\fd2b824d80917b38caf3c7de792927b5\transformed\firebase-auth-24.0.1\AndroidManifest.xml:34:13-72
110            <intent-filter>
110-->[com.google.firebase:firebase-auth:24.0.1] C:\Users\sirad\.gradle\caches\8.13\transforms\fd2b824d80917b38caf3c7de792927b5\transformed\firebase-auth-24.0.1\AndroidManifest.xml:35:13-45:29
111                <action android:name="android.intent.action.VIEW" />
111-->[com.google.firebase:firebase-auth:24.0.1] C:\Users\sirad\.gradle\caches\8.13\transforms\fd2b824d80917b38caf3c7de792927b5\transformed\firebase-auth-24.0.1\AndroidManifest.xml:36:17-69
111-->[com.google.firebase:firebase-auth:24.0.1] C:\Users\sirad\.gradle\caches\8.13\transforms\fd2b824d80917b38caf3c7de792927b5\transformed\firebase-auth-24.0.1\AndroidManifest.xml:36:25-66
112
113                <category android:name="android.intent.category.DEFAULT" />
113-->[com.google.firebase:firebase-auth:24.0.1] C:\Users\sirad\.gradle\caches\8.13\transforms\fd2b824d80917b38caf3c7de792927b5\transformed\firebase-auth-24.0.1\AndroidManifest.xml:38:17-76
113-->[com.google.firebase:firebase-auth:24.0.1] C:\Users\sirad\.gradle\caches\8.13\transforms\fd2b824d80917b38caf3c7de792927b5\transformed\firebase-auth-24.0.1\AndroidManifest.xml:38:27-73
114                <category android:name="android.intent.category.BROWSABLE" />
114-->[com.google.firebase:firebase-auth:24.0.1] C:\Users\sirad\.gradle\caches\8.13\transforms\fd2b824d80917b38caf3c7de792927b5\transformed\firebase-auth-24.0.1\AndroidManifest.xml:39:17-78
114-->[com.google.firebase:firebase-auth:24.0.1] C:\Users\sirad\.gradle\caches\8.13\transforms\fd2b824d80917b38caf3c7de792927b5\transformed\firebase-auth-24.0.1\AndroidManifest.xml:39:27-75
115
116                <data
116-->[com.google.firebase:firebase-auth:24.0.1] C:\Users\sirad\.gradle\caches\8.13\transforms\fd2b824d80917b38caf3c7de792927b5\transformed\firebase-auth-24.0.1\AndroidManifest.xml:41:17-44:51
117                    android:host="firebase.auth"
117-->[com.google.firebase:firebase-auth:24.0.1] C:\Users\sirad\.gradle\caches\8.13\transforms\fd2b824d80917b38caf3c7de792927b5\transformed\firebase-auth-24.0.1\AndroidManifest.xml:42:21-49
118                    android:path="/"
118-->[com.google.firebase:firebase-auth:24.0.1] C:\Users\sirad\.gradle\caches\8.13\transforms\fd2b824d80917b38caf3c7de792927b5\transformed\firebase-auth-24.0.1\AndroidManifest.xml:43:21-37
119                    android:scheme="genericidp" />
119-->[com.google.firebase:firebase-auth:24.0.1] C:\Users\sirad\.gradle\caches\8.13\transforms\fd2b824d80917b38caf3c7de792927b5\transformed\firebase-auth-24.0.1\AndroidManifest.xml:44:21-48
120            </intent-filter>
121        </activity>
122        <activity
122-->[com.google.firebase:firebase-auth:24.0.1] C:\Users\sirad\.gradle\caches\8.13\transforms\fd2b824d80917b38caf3c7de792927b5\transformed\firebase-auth-24.0.1\AndroidManifest.xml:47:9-64:20
123            android:name="com.google.firebase.auth.internal.RecaptchaActivity"
123-->[com.google.firebase:firebase-auth:24.0.1] C:\Users\sirad\.gradle\caches\8.13\transforms\fd2b824d80917b38caf3c7de792927b5\transformed\firebase-auth-24.0.1\AndroidManifest.xml:48:13-79
124            android:excludeFromRecents="true"
124-->[com.google.firebase:firebase-auth:24.0.1] C:\Users\sirad\.gradle\caches\8.13\transforms\fd2b824d80917b38caf3c7de792927b5\transformed\firebase-auth-24.0.1\AndroidManifest.xml:49:13-46
125            android:exported="true"
125-->[com.google.firebase:firebase-auth:24.0.1] C:\Users\sirad\.gradle\caches\8.13\transforms\fd2b824d80917b38caf3c7de792927b5\transformed\firebase-auth-24.0.1\AndroidManifest.xml:50:13-36
126            android:launchMode="singleTask"
126-->[com.google.firebase:firebase-auth:24.0.1] C:\Users\sirad\.gradle\caches\8.13\transforms\fd2b824d80917b38caf3c7de792927b5\transformed\firebase-auth-24.0.1\AndroidManifest.xml:51:13-44
127            android:theme="@android:style/Theme.Translucent.NoTitleBar" >
127-->[com.google.firebase:firebase-auth:24.0.1] C:\Users\sirad\.gradle\caches\8.13\transforms\fd2b824d80917b38caf3c7de792927b5\transformed\firebase-auth-24.0.1\AndroidManifest.xml:52:13-72
128            <intent-filter>
128-->[com.google.firebase:firebase-auth:24.0.1] C:\Users\sirad\.gradle\caches\8.13\transforms\fd2b824d80917b38caf3c7de792927b5\transformed\firebase-auth-24.0.1\AndroidManifest.xml:53:13-63:29
129                <action android:name="android.intent.action.VIEW" />
129-->[com.google.firebase:firebase-auth:24.0.1] C:\Users\sirad\.gradle\caches\8.13\transforms\fd2b824d80917b38caf3c7de792927b5\transformed\firebase-auth-24.0.1\AndroidManifest.xml:36:17-69
129-->[com.google.firebase:firebase-auth:24.0.1] C:\Users\sirad\.gradle\caches\8.13\transforms\fd2b824d80917b38caf3c7de792927b5\transformed\firebase-auth-24.0.1\AndroidManifest.xml:36:25-66
130
131                <category android:name="android.intent.category.DEFAULT" />
131-->[com.google.firebase:firebase-auth:24.0.1] C:\Users\sirad\.gradle\caches\8.13\transforms\fd2b824d80917b38caf3c7de792927b5\transformed\firebase-auth-24.0.1\AndroidManifest.xml:38:17-76
131-->[com.google.firebase:firebase-auth:24.0.1] C:\Users\sirad\.gradle\caches\8.13\transforms\fd2b824d80917b38caf3c7de792927b5\transformed\firebase-auth-24.0.1\AndroidManifest.xml:38:27-73
132                <category android:name="android.intent.category.BROWSABLE" />
132-->[com.google.firebase:firebase-auth:24.0.1] C:\Users\sirad\.gradle\caches\8.13\transforms\fd2b824d80917b38caf3c7de792927b5\transformed\firebase-auth-24.0.1\AndroidManifest.xml:39:17-78
132-->[com.google.firebase:firebase-auth:24.0.1] C:\Users\sirad\.gradle\caches\8.13\transforms\fd2b824d80917b38caf3c7de792927b5\transformed\firebase-auth-24.0.1\AndroidManifest.xml:39:27-75
133
134                <data
134-->[com.google.firebase:firebase-auth:24.0.1] C:\Users\sirad\.gradle\caches\8.13\transforms\fd2b824d80917b38caf3c7de792927b5\transformed\firebase-auth-24.0.1\AndroidManifest.xml:41:17-44:51
135                    android:host="firebase.auth"
135-->[com.google.firebase:firebase-auth:24.0.1] C:\Users\sirad\.gradle\caches\8.13\transforms\fd2b824d80917b38caf3c7de792927b5\transformed\firebase-auth-24.0.1\AndroidManifest.xml:42:21-49
136                    android:path="/"
136-->[com.google.firebase:firebase-auth:24.0.1] C:\Users\sirad\.gradle\caches\8.13\transforms\fd2b824d80917b38caf3c7de792927b5\transformed\firebase-auth-24.0.1\AndroidManifest.xml:43:21-37
137                    android:scheme="recaptcha" />
137-->[com.google.firebase:firebase-auth:24.0.1] C:\Users\sirad\.gradle\caches\8.13\transforms\fd2b824d80917b38caf3c7de792927b5\transformed\firebase-auth-24.0.1\AndroidManifest.xml:44:21-48
138            </intent-filter>
139        </activity>
140
141        <service
141-->[com.google.firebase:firebase-auth:24.0.1] C:\Users\sirad\.gradle\caches\8.13\transforms\fd2b824d80917b38caf3c7de792927b5\transformed\firebase-auth-24.0.1\AndroidManifest.xml:66:9-72:19
142            android:name="com.google.firebase.components.ComponentDiscoveryService"
142-->[com.google.firebase:firebase-auth:24.0.1] C:\Users\sirad\.gradle\caches\8.13\transforms\fd2b824d80917b38caf3c7de792927b5\transformed\firebase-auth-24.0.1\AndroidManifest.xml:67:13-84
143            android:directBootAware="true"
143-->[com.google.firebase:firebase-common:22.0.1] C:\Users\sirad\.gradle\caches\8.13\transforms\10b615c46dc28abe4d9d5b9b7b5dd7f7\transformed\firebase-common-22.0.1\AndroidManifest.xml:32:13-43
144            android:exported="false" >
144-->[com.google.firebase:firebase-auth:24.0.1] C:\Users\sirad\.gradle\caches\8.13\transforms\fd2b824d80917b38caf3c7de792927b5\transformed\firebase-auth-24.0.1\AndroidManifest.xml:68:13-37
145            <meta-data
145-->[com.google.firebase:firebase-auth:24.0.1] C:\Users\sirad\.gradle\caches\8.13\transforms\fd2b824d80917b38caf3c7de792927b5\transformed\firebase-auth-24.0.1\AndroidManifest.xml:69:13-71:85
146                android:name="com.google.firebase.components:com.google.firebase.auth.FirebaseAuthRegistrar"
146-->[com.google.firebase:firebase-auth:24.0.1] C:\Users\sirad\.gradle\caches\8.13\transforms\fd2b824d80917b38caf3c7de792927b5\transformed\firebase-auth-24.0.1\AndroidManifest.xml:70:17-109
147                android:value="com.google.firebase.components.ComponentRegistrar" />
147-->[com.google.firebase:firebase-auth:24.0.1] C:\Users\sirad\.gradle\caches\8.13\transforms\fd2b824d80917b38caf3c7de792927b5\transformed\firebase-auth-24.0.1\AndroidManifest.xml:71:17-82
148            <meta-data
148-->[com.google.firebase:firebase-database:22.0.1] C:\Users\sirad\.gradle\caches\8.13\transforms\5860dc2fd3ef499c42f3afabb0a9dde0\transformed\firebase-database-22.0.1\AndroidManifest.xml:29:13-31:85
149                android:name="com.google.firebase.components:com.google.firebase.database.FirebaseDatabaseKtxRegistrar"
149-->[com.google.firebase:firebase-database:22.0.1] C:\Users\sirad\.gradle\caches\8.13\transforms\5860dc2fd3ef499c42f3afabb0a9dde0\transformed\firebase-database-22.0.1\AndroidManifest.xml:30:17-120
150                android:value="com.google.firebase.components.ComponentRegistrar" />
150-->[com.google.firebase:firebase-database:22.0.1] C:\Users\sirad\.gradle\caches\8.13\transforms\5860dc2fd3ef499c42f3afabb0a9dde0\transformed\firebase-database-22.0.1\AndroidManifest.xml:31:17-82
151            <meta-data
151-->[com.google.firebase:firebase-database:22.0.1] C:\Users\sirad\.gradle\caches\8.13\transforms\5860dc2fd3ef499c42f3afabb0a9dde0\transformed\firebase-database-22.0.1\AndroidManifest.xml:32:13-34:85
152                android:name="com.google.firebase.components:com.google.firebase.database.DatabaseRegistrar"
152-->[com.google.firebase:firebase-database:22.0.1] C:\Users\sirad\.gradle\caches\8.13\transforms\5860dc2fd3ef499c42f3afabb0a9dde0\transformed\firebase-database-22.0.1\AndroidManifest.xml:33:17-109
153                android:value="com.google.firebase.components.ComponentRegistrar" />
153-->[com.google.firebase:firebase-database:22.0.1] C:\Users\sirad\.gradle\caches\8.13\transforms\5860dc2fd3ef499c42f3afabb0a9dde0\transformed\firebase-database-22.0.1\AndroidManifest.xml:34:17-82
154            <meta-data
154-->[com.google.firebase:firebase-firestore:26.0.2] C:\Users\sirad\.gradle\caches\8.13\transforms\8bfde8f9c574face26d39dfc4f7c212b\transformed\firebase-firestore-26.0.2\AndroidManifest.xml:17:13-19:85
155                android:name="com.google.firebase.components:com.google.firebase.firestore.FirebaseFirestoreKtxRegistrar"
155-->[com.google.firebase:firebase-firestore:26.0.2] C:\Users\sirad\.gradle\caches\8.13\transforms\8bfde8f9c574face26d39dfc4f7c212b\transformed\firebase-firestore-26.0.2\AndroidManifest.xml:18:17-122
156                android:value="com.google.firebase.components.ComponentRegistrar" />
156-->[com.google.firebase:firebase-firestore:26.0.2] C:\Users\sirad\.gradle\caches\8.13\transforms\8bfde8f9c574face26d39dfc4f7c212b\transformed\firebase-firestore-26.0.2\AndroidManifest.xml:19:17-82
157            <meta-data
157-->[com.google.firebase:firebase-firestore:26.0.2] C:\Users\sirad\.gradle\caches\8.13\transforms\8bfde8f9c574face26d39dfc4f7c212b\transformed\firebase-firestore-26.0.2\AndroidManifest.xml:20:13-22:85
158                android:name="com.google.firebase.components:com.google.firebase.firestore.FirestoreRegistrar"
158-->[com.google.firebase:firebase-firestore:26.0.2] C:\Users\sirad\.gradle\caches\8.13\transforms\8bfde8f9c574face26d39dfc4f7c212b\transformed\firebase-firestore-26.0.2\AndroidManifest.xml:21:17-111
159                android:value="com.google.firebase.components.ComponentRegistrar" />
159-->[com.google.firebase:firebase-firestore:26.0.2] C:\Users\sirad\.gradle\caches\8.13\transforms\8bfde8f9c574face26d39dfc4f7c212b\transformed\firebase-firestore-26.0.2\AndroidManifest.xml:22:17-82
160            <meta-data
160-->[com.google.firebase:firebase-messaging:25.0.1] C:\Users\sirad\.gradle\caches\8.13\transforms\6b482272fa1c937745c01cfdff52b330\transformed\firebase-messaging-25.0.1\AndroidManifest.xml:57:13-59:85
161                android:name="com.google.firebase.components:com.google.firebase.messaging.FirebaseMessagingKtxRegistrar"
161-->[com.google.firebase:firebase-messaging:25.0.1] C:\Users\sirad\.gradle\caches\8.13\transforms\6b482272fa1c937745c01cfdff52b330\transformed\firebase-messaging-25.0.1\AndroidManifest.xml:58:17-122
162                android:value="com.google.firebase.components.ComponentRegistrar" />
162-->[com.google.firebase:firebase-messaging:25.0.1] C:\Users\sirad\.gradle\caches\8.13\transforms\6b482272fa1c937745c01cfdff52b330\transformed\firebase-messaging-25.0.1\AndroidManifest.xml:59:17-82
163            <meta-data
163-->[com.google.firebase:firebase-messaging:25.0.1] C:\Users\sirad\.gradle\caches\8.13\transforms\6b482272fa1c937745c01cfdff52b330\transformed\firebase-messaging-25.0.1\AndroidManifest.xml:60:13-62:85
164                android:name="com.google.firebase.components:com.google.firebase.messaging.FirebaseMessagingRegistrar"
164-->[com.google.firebase:firebase-messaging:25.0.1] C:\Users\sirad\.gradle\caches\8.13\transforms\6b482272fa1c937745c01cfdff52b330\transformed\firebase-messaging-25.0.1\AndroidManifest.xml:61:17-119
165                android:value="com.google.firebase.components.ComponentRegistrar" />
165-->[com.google.firebase:firebase-messaging:25.0.1] C:\Users\sirad\.gradle\caches\8.13\transforms\6b482272fa1c937745c01cfdff52b330\transformed\firebase-messaging-25.0.1\AndroidManifest.xml:62:17-82
166            <meta-data
166-->[com.google.firebase:firebase-storage:22.0.1] C:\Users\sirad\.gradle\caches\8.13\transforms\4b78a6395c726355cb8a4380fa1083e6\transformed\firebase-storage-22.0.1\AndroidManifest.xml:30:13-32:85
167                android:name="com.google.firebase.components:com.google.firebase.storage.FirebaseStorageKtxRegistrar"
167-->[com.google.firebase:firebase-storage:22.0.1] C:\Users\sirad\.gradle\caches\8.13\transforms\4b78a6395c726355cb8a4380fa1083e6\transformed\firebase-storage-22.0.1\AndroidManifest.xml:31:17-118
168                android:value="com.google.firebase.components.ComponentRegistrar" />
168-->[com.google.firebase:firebase-storage:22.0.1] C:\Users\sirad\.gradle\caches\8.13\transforms\4b78a6395c726355cb8a4380fa1083e6\transformed\firebase-storage-22.0.1\AndroidManifest.xml:32:17-82
169            <meta-data
169-->[com.google.firebase:firebase-storage:22.0.1] C:\Users\sirad\.gradle\caches\8.13\transforms\4b78a6395c726355cb8a4380fa1083e6\transformed\firebase-storage-22.0.1\AndroidManifest.xml:33:13-35:85
170                android:name="com.google.firebase.components:com.google.firebase.storage.StorageRegistrar"
170-->[com.google.firebase:firebase-storage:22.0.1] C:\Users\sirad\.gradle\caches\8.13\transforms\4b78a6395c726355cb8a4380fa1083e6\transformed\firebase-storage-22.0.1\AndroidManifest.xml:34:17-107
171                android:value="com.google.firebase.components.ComponentRegistrar" />
171-->[com.google.firebase:firebase-storage:22.0.1] C:\Users\sirad\.gradle\caches\8.13\transforms\4b78a6395c726355cb8a4380fa1083e6\transformed\firebase-storage-22.0.1\AndroidManifest.xml:35:17-82
172            <meta-data
172-->[com.google.firebase:firebase-appcheck:19.0.1] C:\Users\sirad\.gradle\caches\8.13\transforms\6e86ad91f89a0dfe7ef7372fc77fec05\transformed\firebase-appcheck-19.0.1\AndroidManifest.xml:25:13-27:85
173                android:name="com.google.firebase.components:com.google.firebase.appcheck.FirebaseAppCheckKtxRegistrar"
173-->[com.google.firebase:firebase-appcheck:19.0.1] C:\Users\sirad\.gradle\caches\8.13\transforms\6e86ad91f89a0dfe7ef7372fc77fec05\transformed\firebase-appcheck-19.0.1\AndroidManifest.xml:26:17-120
174                android:value="com.google.firebase.components.ComponentRegistrar" />
174-->[com.google.firebase:firebase-appcheck:19.0.1] C:\Users\sirad\.gradle\caches\8.13\transforms\6e86ad91f89a0dfe7ef7372fc77fec05\transformed\firebase-appcheck-19.0.1\AndroidManifest.xml:27:17-82
175            <meta-data
175-->[com.google.firebase:firebase-appcheck:19.0.1] C:\Users\sirad\.gradle\caches\8.13\transforms\6e86ad91f89a0dfe7ef7372fc77fec05\transformed\firebase-appcheck-19.0.1\AndroidManifest.xml:28:13-30:85
176                android:name="com.google.firebase.components:com.google.firebase.appcheck.FirebaseAppCheckRegistrar"
176-->[com.google.firebase:firebase-appcheck:19.0.1] C:\Users\sirad\.gradle\caches\8.13\transforms\6e86ad91f89a0dfe7ef7372fc77fec05\transformed\firebase-appcheck-19.0.1\AndroidManifest.xml:29:17-117
177                android:value="com.google.firebase.components.ComponentRegistrar" />
177-->[com.google.firebase:firebase-appcheck:19.0.1] C:\Users\sirad\.gradle\caches\8.13\transforms\6e86ad91f89a0dfe7ef7372fc77fec05\transformed\firebase-appcheck-19.0.1\AndroidManifest.xml:30:17-82
178            <meta-data
178-->[com.google.android.gms:play-services-measurement-api:23.0.0] C:\Users\sirad\.gradle\caches\8.13\transforms\cf3e21e0ba39ef3bc5367f5ac018c3f5\transformed\play-services-measurement-api-23.0.0\AndroidManifest.xml:33:13-35:85
179                android:name="com.google.firebase.components:com.google.firebase.analytics.connector.internal.AnalyticsConnectorRegistrar"
179-->[com.google.android.gms:play-services-measurement-api:23.0.0] C:\Users\sirad\.gradle\caches\8.13\transforms\cf3e21e0ba39ef3bc5367f5ac018c3f5\transformed\play-services-measurement-api-23.0.0\AndroidManifest.xml:34:17-139
180                android:value="com.google.firebase.components.ComponentRegistrar" />
180-->[com.google.android.gms:play-services-measurement-api:23.0.0] C:\Users\sirad\.gradle\caches\8.13\transforms\cf3e21e0ba39ef3bc5367f5ac018c3f5\transformed\play-services-measurement-api-23.0.0\AndroidManifest.xml:35:17-82
181            <meta-data
181-->[com.google.firebase:firebase-installations:19.0.1] C:\Users\sirad\.gradle\caches\8.13\transforms\063ad2bb781bf157d8445d1c68533c81\transformed\firebase-installations-19.0.1\AndroidManifest.xml:15:13-17:85
182                android:name="com.google.firebase.components:com.google.firebase.installations.FirebaseInstallationsKtxRegistrar"
182-->[com.google.firebase:firebase-installations:19.0.1] C:\Users\sirad\.gradle\caches\8.13\transforms\063ad2bb781bf157d8445d1c68533c81\transformed\firebase-installations-19.0.1\AndroidManifest.xml:16:17-130
183                android:value="com.google.firebase.components.ComponentRegistrar" />
183-->[com.google.firebase:firebase-installations:19.0.1] C:\Users\sirad\.gradle\caches\8.13\transforms\063ad2bb781bf157d8445d1c68533c81\transformed\firebase-installations-19.0.1\AndroidManifest.xml:17:17-82
184            <meta-data
184-->[com.google.firebase:firebase-installations:19.0.1] C:\Users\sirad\.gradle\caches\8.13\transforms\063ad2bb781bf157d8445d1c68533c81\transformed\firebase-installations-19.0.1\AndroidManifest.xml:18:13-20:85
185                android:name="com.google.firebase.components:com.google.firebase.installations.FirebaseInstallationsRegistrar"
185-->[com.google.firebase:firebase-installations:19.0.1] C:\Users\sirad\.gradle\caches\8.13\transforms\063ad2bb781bf157d8445d1c68533c81\transformed\firebase-installations-19.0.1\AndroidManifest.xml:19:17-127
186                android:value="com.google.firebase.components.ComponentRegistrar" />
186-->[com.google.firebase:firebase-installations:19.0.1] C:\Users\sirad\.gradle\caches\8.13\transforms\063ad2bb781bf157d8445d1c68533c81\transformed\firebase-installations-19.0.1\AndroidManifest.xml:20:17-82
187            <meta-data
187-->[com.google.firebase:firebase-common:22.0.1] C:\Users\sirad\.gradle\caches\8.13\transforms\10b615c46dc28abe4d9d5b9b7b5dd7f7\transformed\firebase-common-22.0.1\AndroidManifest.xml:35:13-37:85
188                android:name="com.google.firebase.components:com.google.firebase.FirebaseCommonKtxRegistrar"
188-->[com.google.firebase:firebase-common:22.0.1] C:\Users\sirad\.gradle\caches\8.13\transforms\10b615c46dc28abe4d9d5b9b7b5dd7f7\transformed\firebase-common-22.0.1\AndroidManifest.xml:36:17-109
189                android:value="com.google.firebase.components.ComponentRegistrar" />
189-->[com.google.firebase:firebase-common:22.0.1] C:\Users\sirad\.gradle\caches\8.13\transforms\10b615c46dc28abe4d9d5b9b7b5dd7f7\transformed\firebase-common-22.0.1\AndroidManifest.xml:37:17-82
190            <meta-data
190-->[com.google.firebase:firebase-datatransport:18.2.0] C:\Users\sirad\.gradle\caches\8.13\transforms\34b1acf779f4ecf62dc456bd93059026\transformed\firebase-datatransport-18.2.0\AndroidManifest.xml:25:13-27:85
191                android:name="com.google.firebase.components:com.google.firebase.datatransport.TransportRegistrar"
191-->[com.google.firebase:firebase-datatransport:18.2.0] C:\Users\sirad\.gradle\caches\8.13\transforms\34b1acf779f4ecf62dc456bd93059026\transformed\firebase-datatransport-18.2.0\AndroidManifest.xml:26:17-115
192                android:value="com.google.firebase.components.ComponentRegistrar" />
192-->[com.google.firebase:firebase-datatransport:18.2.0] C:\Users\sirad\.gradle\caches\8.13\transforms\34b1acf779f4ecf62dc456bd93059026\transformed\firebase-datatransport-18.2.0\AndroidManifest.xml:27:17-82
193        </service>
194        <service
194-->[androidx.credentials:credentials-play-services-auth:1.2.0-rc01] C:\Users\sirad\.gradle\caches\8.13\transforms\a266a22aa4c470b415423b85ea717545\transformed\credentials-play-services-auth-1.2.0-rc01\AndroidManifest.xml:24:9-32:19
195            android:name="androidx.credentials.playservices.CredentialProviderMetadataHolder"
195-->[androidx.credentials:credentials-play-services-auth:1.2.0-rc01] C:\Users\sirad\.gradle\caches\8.13\transforms\a266a22aa4c470b415423b85ea717545\transformed\credentials-play-services-auth-1.2.0-rc01\AndroidManifest.xml:25:13-94
196            android:enabled="true"
196-->[androidx.credentials:credentials-play-services-auth:1.2.0-rc01] C:\Users\sirad\.gradle\caches\8.13\transforms\a266a22aa4c470b415423b85ea717545\transformed\credentials-play-services-auth-1.2.0-rc01\AndroidManifest.xml:26:13-35
197            android:exported="false" >
197-->[androidx.credentials:credentials-play-services-auth:1.2.0-rc01] C:\Users\sirad\.gradle\caches\8.13\transforms\a266a22aa4c470b415423b85ea717545\transformed\credentials-play-services-auth-1.2.0-rc01\AndroidManifest.xml:27:13-37
198            <meta-data
198-->[androidx.credentials:credentials-play-services-auth:1.2.0-rc01] C:\Users\sirad\.gradle\caches\8.13\transforms\a266a22aa4c470b415423b85ea717545\transformed\credentials-play-services-auth-1.2.0-rc01\AndroidManifest.xml:29:13-31:104
199                android:name="androidx.credentials.CREDENTIAL_PROVIDER_KEY"
199-->[androidx.credentials:credentials-play-services-auth:1.2.0-rc01] C:\Users\sirad\.gradle\caches\8.13\transforms\a266a22aa4c470b415423b85ea717545\transformed\credentials-play-services-auth-1.2.0-rc01\AndroidManifest.xml:30:17-76
200                android:value="androidx.credentials.playservices.CredentialProviderPlayServicesImpl" />
200-->[androidx.credentials:credentials-play-services-auth:1.2.0-rc01] C:\Users\sirad\.gradle\caches\8.13\transforms\a266a22aa4c470b415423b85ea717545\transformed\credentials-play-services-auth-1.2.0-rc01\AndroidManifest.xml:31:17-101
201        </service>
202
203        <activity
203-->[androidx.credentials:credentials-play-services-auth:1.2.0-rc01] C:\Users\sirad\.gradle\caches\8.13\transforms\a266a22aa4c470b415423b85ea717545\transformed\credentials-play-services-auth-1.2.0-rc01\AndroidManifest.xml:34:9-41:20
204            android:name="androidx.credentials.playservices.HiddenActivity"
204-->[androidx.credentials:credentials-play-services-auth:1.2.0-rc01] C:\Users\sirad\.gradle\caches\8.13\transforms\a266a22aa4c470b415423b85ea717545\transformed\credentials-play-services-auth-1.2.0-rc01\AndroidManifest.xml:35:13-76
205            android:configChanges="orientation|screenSize|screenLayout|keyboardHidden"
205-->[androidx.credentials:credentials-play-services-auth:1.2.0-rc01] C:\Users\sirad\.gradle\caches\8.13\transforms\a266a22aa4c470b415423b85ea717545\transformed\credentials-play-services-auth-1.2.0-rc01\AndroidManifest.xml:36:13-87
206            android:enabled="true"
206-->[androidx.credentials:credentials-play-services-auth:1.2.0-rc01] C:\Users\sirad\.gradle\caches\8.13\transforms\a266a22aa4c470b415423b85ea717545\transformed\credentials-play-services-auth-1.2.0-rc01\AndroidManifest.xml:37:13-35
207            android:exported="false"
207-->[androidx.credentials:credentials-play-services-auth:1.2.0-rc01] C:\Users\sirad\.gradle\caches\8.13\transforms\a266a22aa4c470b415423b85ea717545\transformed\credentials-play-services-auth-1.2.0-rc01\AndroidManifest.xml:38:13-37
208            android:fitsSystemWindows="true"
208-->[androidx.credentials:credentials-play-services-auth:1.2.0-rc01] C:\Users\sirad\.gradle\caches\8.13\transforms\a266a22aa4c470b415423b85ea717545\transformed\credentials-play-services-auth-1.2.0-rc01\AndroidManifest.xml:39:13-45
209            android:theme="@style/Theme.Hidden" >
209-->[androidx.credentials:credentials-play-services-auth:1.2.0-rc01] C:\Users\sirad\.gradle\caches\8.13\transforms\a266a22aa4c470b415423b85ea717545\transformed\credentials-play-services-auth-1.2.0-rc01\AndroidManifest.xml:40:13-48
210        </activity>
211        <activity
211-->[com.google.android.gms:play-services-auth:21.4.0] C:\Users\sirad\.gradle\caches\8.13\transforms\02673eaab1eb096e1cdd50a6aa5d9ee8\transformed\play-services-auth-21.4.0\AndroidManifest.xml:23:9-27:75
212            android:name="com.google.android.gms.auth.api.signin.internal.SignInHubActivity"
212-->[com.google.android.gms:play-services-auth:21.4.0] C:\Users\sirad\.gradle\caches\8.13\transforms\02673eaab1eb096e1cdd50a6aa5d9ee8\transformed\play-services-auth-21.4.0\AndroidManifest.xml:24:13-93
213            android:excludeFromRecents="true"
213-->[com.google.android.gms:play-services-auth:21.4.0] C:\Users\sirad\.gradle\caches\8.13\transforms\02673eaab1eb096e1cdd50a6aa5d9ee8\transformed\play-services-auth-21.4.0\AndroidManifest.xml:25:13-46
214            android:exported="false"
214-->[com.google.android.gms:play-services-auth:21.4.0] C:\Users\sirad\.gradle\caches\8.13\transforms\02673eaab1eb096e1cdd50a6aa5d9ee8\transformed\play-services-auth-21.4.0\AndroidManifest.xml:26:13-37
215            android:theme="@android:style/Theme.Translucent.NoTitleBar" />
215-->[com.google.android.gms:play-services-auth:21.4.0] C:\Users\sirad\.gradle\caches\8.13\transforms\02673eaab1eb096e1cdd50a6aa5d9ee8\transformed\play-services-auth-21.4.0\AndroidManifest.xml:27:13-72
216        <!--
217            Service handling Google Sign-In user revocation. For apps that do not integrate with
218            Google Sign-In, this service will never be started.
219        -->
220        <service
220-->[com.google.android.gms:play-services-auth:21.4.0] C:\Users\sirad\.gradle\caches\8.13\transforms\02673eaab1eb096e1cdd50a6aa5d9ee8\transformed\play-services-auth-21.4.0\AndroidManifest.xml:33:9-37:51
221            android:name="com.google.android.gms.auth.api.signin.RevocationBoundService"
221-->[com.google.android.gms:play-services-auth:21.4.0] C:\Users\sirad\.gradle\caches\8.13\transforms\02673eaab1eb096e1cdd50a6aa5d9ee8\transformed\play-services-auth-21.4.0\AndroidManifest.xml:34:13-89
222            android:exported="true"
222-->[com.google.android.gms:play-services-auth:21.4.0] C:\Users\sirad\.gradle\caches\8.13\transforms\02673eaab1eb096e1cdd50a6aa5d9ee8\transformed\play-services-auth-21.4.0\AndroidManifest.xml:35:13-36
223            android:permission="com.google.android.gms.auth.api.signin.permission.REVOCATION_NOTIFICATION"
223-->[com.google.android.gms:play-services-auth:21.4.0] C:\Users\sirad\.gradle\caches\8.13\transforms\02673eaab1eb096e1cdd50a6aa5d9ee8\transformed\play-services-auth-21.4.0\AndroidManifest.xml:36:13-107
224            android:visibleToInstantApps="true" />
224-->[com.google.android.gms:play-services-auth:21.4.0] C:\Users\sirad\.gradle\caches\8.13\transforms\02673eaab1eb096e1cdd50a6aa5d9ee8\transformed\play-services-auth-21.4.0\AndroidManifest.xml:37:13-48
225
226        <receiver
226-->[com.google.firebase:firebase-messaging:25.0.1] C:\Users\sirad\.gradle\caches\8.13\transforms\6b482272fa1c937745c01cfdff52b330\transformed\firebase-messaging-25.0.1\AndroidManifest.xml:29:9-40:20
227            android:name="com.google.firebase.iid.FirebaseInstanceIdReceiver"
227-->[com.google.firebase:firebase-messaging:25.0.1] C:\Users\sirad\.gradle\caches\8.13\transforms\6b482272fa1c937745c01cfdff52b330\transformed\firebase-messaging-25.0.1\AndroidManifest.xml:30:13-78
228            android:exported="true"
228-->[com.google.firebase:firebase-messaging:25.0.1] C:\Users\sirad\.gradle\caches\8.13\transforms\6b482272fa1c937745c01cfdff52b330\transformed\firebase-messaging-25.0.1\AndroidManifest.xml:31:13-36
229            android:permission="com.google.android.c2dm.permission.SEND" >
229-->[com.google.firebase:firebase-messaging:25.0.1] C:\Users\sirad\.gradle\caches\8.13\transforms\6b482272fa1c937745c01cfdff52b330\transformed\firebase-messaging-25.0.1\AndroidManifest.xml:32:13-73
230            <intent-filter>
230-->[com.google.firebase:firebase-messaging:25.0.1] C:\Users\sirad\.gradle\caches\8.13\transforms\6b482272fa1c937745c01cfdff52b330\transformed\firebase-messaging-25.0.1\AndroidManifest.xml:33:13-35:29
231                <action android:name="com.google.android.c2dm.intent.RECEIVE" />
231-->[com.google.firebase:firebase-messaging:25.0.1] C:\Users\sirad\.gradle\caches\8.13\transforms\6b482272fa1c937745c01cfdff52b330\transformed\firebase-messaging-25.0.1\AndroidManifest.xml:34:17-81
231-->[com.google.firebase:firebase-messaging:25.0.1] C:\Users\sirad\.gradle\caches\8.13\transforms\6b482272fa1c937745c01cfdff52b330\transformed\firebase-messaging-25.0.1\AndroidManifest.xml:34:25-78
232            </intent-filter>
233
234            <meta-data
234-->[com.google.firebase:firebase-messaging:25.0.1] C:\Users\sirad\.gradle\caches\8.13\transforms\6b482272fa1c937745c01cfdff52b330\transformed\firebase-messaging-25.0.1\AndroidManifest.xml:37:13-39:40
235                android:name="com.google.android.gms.cloudmessaging.FINISHED_AFTER_HANDLED"
235-->[com.google.firebase:firebase-messaging:25.0.1] C:\Users\sirad\.gradle\caches\8.13\transforms\6b482272fa1c937745c01cfdff52b330\transformed\firebase-messaging-25.0.1\AndroidManifest.xml:38:17-92
236                android:value="true" />
236-->[com.google.firebase:firebase-messaging:25.0.1] C:\Users\sirad\.gradle\caches\8.13\transforms\6b482272fa1c937745c01cfdff52b330\transformed\firebase-messaging-25.0.1\AndroidManifest.xml:39:17-37
237        </receiver>
238        <!--
239             FirebaseMessagingService performs security checks at runtime,
240             but set to not exported to explicitly avoid allowing another app to call it.
241        -->
242        <service
242-->[com.google.firebase:firebase-messaging:25.0.1] C:\Users\sirad\.gradle\caches\8.13\transforms\6b482272fa1c937745c01cfdff52b330\transformed\firebase-messaging-25.0.1\AndroidManifest.xml:46:9-53:19
243            android:name="com.google.firebase.messaging.FirebaseMessagingService"
243-->[com.google.firebase:firebase-messaging:25.0.1] C:\Users\sirad\.gradle\caches\8.13\transforms\6b482272fa1c937745c01cfdff52b330\transformed\firebase-messaging-25.0.1\AndroidManifest.xml:47:13-82
244            android:directBootAware="true"
244-->[com.google.firebase:firebase-messaging:25.0.1] C:\Users\sirad\.gradle\caches\8.13\transforms\6b482272fa1c937745c01cfdff52b330\transformed\firebase-messaging-25.0.1\AndroidManifest.xml:48:13-43
245            android:exported="false" >
245-->[com.google.firebase:firebase-messaging:25.0.1] C:\Users\sirad\.gradle\caches\8.13\transforms\6b482272fa1c937745c01cfdff52b330\transformed\firebase-messaging-25.0.1\AndroidManifest.xml:49:13-37
246            <intent-filter android:priority="-500" >
246-->[com.google.firebase:firebase-messaging:25.0.1] C:\Users\sirad\.gradle\caches\8.13\transforms\6b482272fa1c937745c01cfdff52b330\transformed\firebase-messaging-25.0.1\AndroidManifest.xml:50:13-52:29
246-->[com.google.firebase:firebase-messaging:25.0.1] C:\Users\sirad\.gradle\caches\8.13\transforms\6b482272fa1c937745c01cfdff52b330\transformed\firebase-messaging-25.0.1\AndroidManifest.xml:50:28-51
247                <action android:name="com.google.firebase.MESSAGING_EVENT" />
247-->[com.google.firebase:firebase-messaging:25.0.1] C:\Users\sirad\.gradle\caches\8.13\transforms\6b482272fa1c937745c01cfdff52b330\transformed\firebase-messaging-25.0.1\AndroidManifest.xml:51:17-78
247-->[com.google.firebase:firebase-messaging:25.0.1] C:\Users\sirad\.gradle\caches\8.13\transforms\6b482272fa1c937745c01cfdff52b330\transformed\firebase-messaging-25.0.1\AndroidManifest.xml:51:25-75
248            </intent-filter>
249        </service>
250
251        <receiver
251-->[com.google.android.gms:play-services-measurement:23.0.0] C:\Users\sirad\.gradle\caches\8.13\transforms\85dc646d2c804a6fcf1c9afccbdb204a\transformed\play-services-measurement-23.0.0\AndroidManifest.xml:29:9-33:20
252            android:name="com.google.android.gms.measurement.AppMeasurementReceiver"
252-->[com.google.android.gms:play-services-measurement:23.0.0] C:\Users\sirad\.gradle\caches\8.13\transforms\85dc646d2c804a6fcf1c9afccbdb204a\transformed\play-services-measurement-23.0.0\AndroidManifest.xml:30:13-85
253            android:enabled="true"
253-->[com.google.android.gms:play-services-measurement:23.0.0] C:\Users\sirad\.gradle\caches\8.13\transforms\85dc646d2c804a6fcf1c9afccbdb204a\transformed\play-services-measurement-23.0.0\AndroidManifest.xml:31:13-35
254            android:exported="false" >
254-->[com.google.android.gms:play-services-measurement:23.0.0] C:\Users\sirad\.gradle\caches\8.13\transforms\85dc646d2c804a6fcf1c9afccbdb204a\transformed\play-services-measurement-23.0.0\AndroidManifest.xml:32:13-37
255        </receiver>
256
257        <service
257-->[com.google.android.gms:play-services-measurement:23.0.0] C:\Users\sirad\.gradle\caches\8.13\transforms\85dc646d2c804a6fcf1c9afccbdb204a\transformed\play-services-measurement-23.0.0\AndroidManifest.xml:35:9-38:40
258            android:name="com.google.android.gms.measurement.AppMeasurementService"
258-->[com.google.android.gms:play-services-measurement:23.0.0] C:\Users\sirad\.gradle\caches\8.13\transforms\85dc646d2c804a6fcf1c9afccbdb204a\transformed\play-services-measurement-23.0.0\AndroidManifest.xml:36:13-84
259            android:enabled="true"
259-->[com.google.android.gms:play-services-measurement:23.0.0] C:\Users\sirad\.gradle\caches\8.13\transforms\85dc646d2c804a6fcf1c9afccbdb204a\transformed\play-services-measurement-23.0.0\AndroidManifest.xml:37:13-35
260            android:exported="false" />
260-->[com.google.android.gms:play-services-measurement:23.0.0] C:\Users\sirad\.gradle\caches\8.13\transforms\85dc646d2c804a6fcf1c9afccbdb204a\transformed\play-services-measurement-23.0.0\AndroidManifest.xml:38:13-37
261        <service
261-->[com.google.android.gms:play-services-measurement:23.0.0] C:\Users\sirad\.gradle\caches\8.13\transforms\85dc646d2c804a6fcf1c9afccbdb204a\transformed\play-services-measurement-23.0.0\AndroidManifest.xml:39:9-43:72
262            android:name="com.google.android.gms.measurement.AppMeasurementJobService"
262-->[com.google.android.gms:play-services-measurement:23.0.0] C:\Users\sirad\.gradle\caches\8.13\transforms\85dc646d2c804a6fcf1c9afccbdb204a\transformed\play-services-measurement-23.0.0\AndroidManifest.xml:40:13-87
263            android:enabled="true"
263-->[com.google.android.gms:play-services-measurement:23.0.0] C:\Users\sirad\.gradle\caches\8.13\transforms\85dc646d2c804a6fcf1c9afccbdb204a\transformed\play-services-measurement-23.0.0\AndroidManifest.xml:41:13-35
264            android:exported="false"
264-->[com.google.android.gms:play-services-measurement:23.0.0] C:\Users\sirad\.gradle\caches\8.13\transforms\85dc646d2c804a6fcf1c9afccbdb204a\transformed\play-services-measurement-23.0.0\AndroidManifest.xml:42:13-37
265            android:permission="android.permission.BIND_JOB_SERVICE" />
265-->[com.google.android.gms:play-services-measurement:23.0.0] C:\Users\sirad\.gradle\caches\8.13\transforms\85dc646d2c804a6fcf1c9afccbdb204a\transformed\play-services-measurement-23.0.0\AndroidManifest.xml:43:13-69
266
267        <activity
267-->[com.google.android.gms:play-services-base:18.5.0] C:\Users\sirad\.gradle\caches\8.13\transforms\15ea55ddbbacd3b23368601fb6391d48\transformed\play-services-base-18.5.0\AndroidManifest.xml:5:9-173
268            android:name="com.google.android.gms.common.api.GoogleApiActivity"
268-->[com.google.android.gms:play-services-base:18.5.0] C:\Users\sirad\.gradle\caches\8.13\transforms\15ea55ddbbacd3b23368601fb6391d48\transformed\play-services-base-18.5.0\AndroidManifest.xml:5:19-85
269            android:exported="false"
269-->[com.google.android.gms:play-services-base:18.5.0] C:\Users\sirad\.gradle\caches\8.13\transforms\15ea55ddbbacd3b23368601fb6391d48\transformed\play-services-base-18.5.0\AndroidManifest.xml:5:146-170
270            android:theme="@android:style/Theme.Translucent.NoTitleBar" />
270-->[com.google.android.gms:play-services-base:18.5.0] C:\Users\sirad\.gradle\caches\8.13\transforms\15ea55ddbbacd3b23368601fb6391d48\transformed\play-services-base-18.5.0\AndroidManifest.xml:5:86-145
271
272        <provider
272-->[com.google.firebase:firebase-common:22.0.1] C:\Users\sirad\.gradle\caches\8.13\transforms\10b615c46dc28abe4d9d5b9b7b5dd7f7\transformed\firebase-common-22.0.1\AndroidManifest.xml:23:9-28:39
273            android:name="com.google.firebase.provider.FirebaseInitProvider"
273-->[com.google.firebase:firebase-common:22.0.1] C:\Users\sirad\.gradle\caches\8.13\transforms\10b615c46dc28abe4d9d5b9b7b5dd7f7\transformed\firebase-common-22.0.1\AndroidManifest.xml:24:13-77
274            android:authorities="com.example.ieeeconnect.firebaseinitprovider"
274-->[com.google.firebase:firebase-common:22.0.1] C:\Users\sirad\.gradle\caches\8.13\transforms\10b615c46dc28abe4d9d5b9b7b5dd7f7\transformed\firebase-common-22.0.1\AndroidManifest.xml:25:13-72
275            android:directBootAware="true"
275-->[com.google.firebase:firebase-common:22.0.1] C:\Users\sirad\.gradle\caches\8.13\transforms\10b615c46dc28abe4d9d5b9b7b5dd7f7\transformed\firebase-common-22.0.1\AndroidManifest.xml:26:13-43
276            android:exported="false"
276-->[com.google.firebase:firebase-common:22.0.1] C:\Users\sirad\.gradle\caches\8.13\transforms\10b615c46dc28abe4d9d5b9b7b5dd7f7\transformed\firebase-common-22.0.1\AndroidManifest.xml:27:13-37
277            android:initOrder="100" />
277-->[com.google.firebase:firebase-common:22.0.1] C:\Users\sirad\.gradle\caches\8.13\transforms\10b615c46dc28abe4d9d5b9b7b5dd7f7\transformed\firebase-common-22.0.1\AndroidManifest.xml:28:13-36
278        <provider
278-->[androidx.work:work-runtime:2.11.0] C:\Users\sirad\.gradle\caches\8.13\transforms\d4dccc2840b421e0833840356456b596\transformed\work-runtime-2.11.0\AndroidManifest.xml:29:9-37:20
279            android:name="androidx.startup.InitializationProvider"
279-->[androidx.work:work-runtime:2.11.0] C:\Users\sirad\.gradle\caches\8.13\transforms\d4dccc2840b421e0833840356456b596\transformed\work-runtime-2.11.0\AndroidManifest.xml:30:13-67
280            android:authorities="com.example.ieeeconnect.androidx-startup"
280-->[androidx.work:work-runtime:2.11.0] C:\Users\sirad\.gradle\caches\8.13\transforms\d4dccc2840b421e0833840356456b596\transformed\work-runtime-2.11.0\AndroidManifest.xml:31:13-68
281            android:exported="false" >
281-->[androidx.work:work-runtime:2.11.0] C:\Users\sirad\.gradle\caches\8.13\transforms\d4dccc2840b421e0833840356456b596\transformed\work-runtime-2.11.0\AndroidManifest.xml:32:13-37
282            <meta-data
282-->[androidx.work:work-runtime:2.11.0] C:\Users\sirad\.gradle\caches\8.13\transforms\d4dccc2840b421e0833840356456b596\transformed\work-runtime-2.11.0\AndroidManifest.xml:34:13-36:52
283                android:name="androidx.work.WorkManagerInitializer"
283-->[androidx.work:work-runtime:2.11.0] C:\Users\sirad\.gradle\caches\8.13\transforms\d4dccc2840b421e0833840356456b596\transformed\work-runtime-2.11.0\AndroidManifest.xml:35:17-68
284                android:value="androidx.startup" />
284-->[androidx.work:work-runtime:2.11.0] C:\Users\sirad\.gradle\caches\8.13\transforms\d4dccc2840b421e0833840356456b596\transformed\work-runtime-2.11.0\AndroidManifest.xml:36:17-49
285            <meta-data
285-->[androidx.emoji2:emoji2:1.3.0] C:\Users\sirad\.gradle\caches\8.13\transforms\12835d4dd05759d64eaf6f002036742c\transformed\emoji2-1.3.0\AndroidManifest.xml:29:13-31:52
286                android:name="androidx.emoji2.text.EmojiCompatInitializer"
286-->[androidx.emoji2:emoji2:1.3.0] C:\Users\sirad\.gradle\caches\8.13\transforms\12835d4dd05759d64eaf6f002036742c\transformed\emoji2-1.3.0\AndroidManifest.xml:30:17-75
287                android:value="androidx.startup" />
287-->[androidx.emoji2:emoji2:1.3.0] C:\Users\sirad\.gradle\caches\8.13\transforms\12835d4dd05759d64eaf6f002036742c\transformed\emoji2-1.3.0\AndroidManifest.xml:31:17-49
288            <meta-data
288-->[androidx.lifecycle:lifecycle-process:2.9.0] C:\Users\sirad\.gradle\caches\8.13\transforms\c352668c52870cafbcf8f21fa80b7657\transformed\lifecycle-process-2.9.0\AndroidManifest.xml:29:13-31:52
289                android:name="androidx.lifecycle.ProcessLifecycleInitializer"
289-->[androidx.lifecycle:lifecycle-process:2.9.0] C:\Users\sirad\.gradle\caches\8.13\transforms\c352668c52870cafbcf8f21fa80b7657\transformed\lifecycle-process-2.9.0\AndroidManifest.xml:30:17-78
290                android:value="androidx.startup" />
290-->[androidx.lifecycle:lifecycle-process:2.9.0] C:\Users\sirad\.gradle\caches\8.13\transforms\c352668c52870cafbcf8f21fa80b7657\transformed\lifecycle-process-2.9.0\AndroidManifest.xml:31:17-49
291            <meta-data
291-->[androidx.profileinstaller:profileinstaller:1.4.0] C:\Users\sirad\.gradle\caches\8.13\transforms\a97e479ca9afb6775b542b976a2685ec\transformed\profileinstaller-1.4.0\AndroidManifest.xml:29:13-31:52
292                android:name="androidx.profileinstaller.ProfileInstallerInitializer"
292-->[androidx.profileinstaller:profileinstaller:1.4.0] C:\Users\sirad\.gradle\caches\8.13\transforms\a97e479ca9afb6775b542b976a2685ec\transformed\profileinstaller-1.4.0\AndroidManifest.xml:30:17-85
293                android:value="androidx.startup" />
293-->[androidx.profileinstaller:profileinstaller:1.4.0] C:\Users\sirad\.gradle\caches\8.13\transforms\a97e479ca9afb6775b542b976a2685ec\transformed\profileinstaller-1.4.0\AndroidManifest.xml:31:17-49
294        </provider>
295
296        <service
296-->[androidx.work:work-runtime:2.11.0] C:\Users\sirad\.gradle\caches\8.13\transforms\d4dccc2840b421e0833840356456b596\transformed\work-runtime-2.11.0\AndroidManifest.xml:39:9-45:35
297            android:name="androidx.work.impl.background.systemjob.SystemJobService"
297-->[androidx.work:work-runtime:2.11.0] C:\Users\sirad\.gradle\caches\8.13\transforms\d4dccc2840b421e0833840356456b596\transformed\work-runtime-2.11.0\AndroidManifest.xml:40:13-84
298            android:directBootAware="false"
298-->[androidx.work:work-runtime:2.11.0] C:\Users\sirad\.gradle\caches\8.13\transforms\d4dccc2840b421e0833840356456b596\transformed\work-runtime-2.11.0\AndroidManifest.xml:41:13-44
299            android:enabled="@bool/enable_system_job_service_default"
299-->[androidx.work:work-runtime:2.11.0] C:\Users\sirad\.gradle\caches\8.13\transforms\d4dccc2840b421e0833840356456b596\transformed\work-runtime-2.11.0\AndroidManifest.xml:42:13-70
300            android:exported="true"
300-->[androidx.work:work-runtime:2.11.0] C:\Users\sirad\.gradle\caches\8.13\transforms\d4dccc2840b421e0833840356456b596\transformed\work-runtime-2.11.0\AndroidManifest.xml:43:13-36
301            android:permission="android.permission.BIND_JOB_SERVICE" />
301-->[androidx.work:work-runtime:2.11.0] C:\Users\sirad\.gradle\caches\8.13\transforms\d4dccc2840b421e0833840356456b596\transformed\work-runtime-2.11.0\AndroidManifest.xml:44:13-69
302        <service
302-->[androidx.work:work-runtime:2.11.0] C:\Users\sirad\.gradle\caches\8.13\transforms\d4dccc2840b421e0833840356456b596\transformed\work-runtime-2.11.0\AndroidManifest.xml:46:9-52:35
303            android:name="androidx.work.impl.foreground.SystemForegroundService"
303-->[androidx.work:work-runtime:2.11.0] C:\Users\sirad\.gradle\caches\8.13\transforms\d4dccc2840b421e0833840356456b596\transformed\work-runtime-2.11.0\AndroidManifest.xml:47:13-81
304            android:directBootAware="false"
304-->[androidx.work:work-runtime:2.11.0] C:\Users\sirad\.gradle\caches\8.13\transforms\d4dccc2840b421e0833840356456b596\transformed\work-runtime-2.11.0\AndroidManifest.xml:48:13-44
305            android:enabled="@bool/enable_system_foreground_service_default"
305-->[androidx.work:work-runtime:2.11.0] C:\Users\sirad\.gradle\caches\8.13\transforms\d4dccc2840b421e0833840356456b596\transformed\work-runtime-2.11.0\AndroidManifest.xml:49:13-77
306            android:exported="false" />
306-->[androidx.work:work-runtime:2.11.0] C:\Users\sirad\.gradle\caches\8.13\transforms\d4dccc2840b421e0833840356456b596\transformed\work-runtime-2.11.0\AndroidManifest.xml:50:13-37
307
308        <receiver
308-->[androidx.work:work-runtime:2.11.0] C:\Users\sirad\.gradle\caches\8.13\transforms\d4dccc2840b421e0833840356456b596\transformed\work-runtime-2.11.0\AndroidManifest.xml:54:9-59:35
309            android:name="androidx.work.impl.utils.ForceStopRunnable$BroadcastReceiver"
309-->[androidx.work:work-runtime:2.11.0] C:\Users\sirad\.gradle\caches\8.13\transforms\d4dccc2840b421e0833840356456b596\transformed\work-runtime-2.11.0\AndroidManifest.xml:55:13-88
310            android:directBootAware="false"
310-->[androidx.work:work-runtime:2.11.0] C:\Users\sirad\.gradle\caches\8.13\transforms\d4dccc2840b421e0833840356456b596\transformed\work-runtime-2.11.0\AndroidManifest.xml:56:13-44
311            android:enabled="true"
311-->[androidx.work:work-runtime:2.11.0] C:\Users\sirad\.gradle\caches\8.13\transforms\d4dccc2840b421e0833840356456b596\transformed\work-runtime-2.11.0\AndroidManifest.xml:57:13-35
312            android:exported="false" />
312-->[androidx.work:work-runtime:2.11.0] C:\Users\sirad\.gradle\caches\8.13\transforms\d4dccc2840b421e0833840356456b596\transformed\work-runtime-2.11.0\AndroidManifest.xml:58:13-37
313        <receiver
313-->[androidx.work:work-runtime:2.11.0] C:\Users\sirad\.gradle\caches\8.13\transforms\d4dccc2840b421e0833840356456b596\transformed\work-runtime-2.11.0\AndroidManifest.xml:60:9-69:20
314            android:name="androidx.work.impl.background.systemalarm.RescheduleReceiver"
314-->[androidx.work:work-runtime:2.11.0] C:\Users\sirad\.gradle\caches\8.13\transforms\d4dccc2840b421e0833840356456b596\transformed\work-runtime-2.11.0\AndroidManifest.xml:61:13-88
315            android:directBootAware="false"
315-->[androidx.work:work-runtime:2.11.0] C:\Users\sirad\.gradle\caches\8.13\transforms\d4dccc2840b421e0833840356456b596\transformed\work-runtime-2.11.0\AndroidManifest.xml:62:13-44
316            android:enabled="false"
316-->[androidx.work:work-runtime:2.11.0] C:\Users\sirad\.gradle\caches\8.13\transforms\d4dccc2840b421e0833840356456b596\transformed\work-runtime-2.11.0\AndroidManifest.xml:63:13-36
317            android:exported="false" >
317-->[androidx.work:work-runtime:2.11.0] C:\Users\sirad\.gradle\caches\8.13\transforms\d4dccc2840b421e0833840356456b596\transformed\work-runtime-2.11.0\AndroidManifest.xml:64:13-37
318            <intent-filter>
318-->[androidx.work:work-runtime:2.11.0] C:\Users\sirad\.gradle\caches\8.13\transforms\d4dccc2840b421e0833840356456b596\transformed\work-runtime-2.11.0\AndroidManifest.xml:66:13-68:29
319                <action android:name="android.intent.action.BOOT_COMPLETED" />
319-->[androidx.work:work-runtime:2.11.0] C:\Users\sirad\.gradle\caches\8.13\transforms\d4dccc2840b421e0833840356456b596\transformed\work-runtime-2.11.0\AndroidManifest.xml:67:17-79
319-->[androidx.work:work-runtime:2.11.0] C:\Users\sirad\.gradle\caches\8.13\transforms\d4dccc2840b421e0833840356456b596\transformed\work-runtime-2.11.0\AndroidManifest.xml:67:25-76
320            </intent-filter>
321        </receiver>
322        <receiver
322-->[androidx.work:work-runtime:2.11.0] C:\Users\sirad\.gradle\caches\8.13\transforms\d4dccc2840b421e0833840356456b596\transformed\work-runtime-2.11.0\AndroidManifest.xml:70:9-80:20
323            android:name="androidx.work.impl.diagnostics.DiagnosticsReceiver"
323-->[androidx.work:work-runtime:2.11.0] C:\Users\sirad\.gradle\caches\8.13\transforms\d4dccc2840b421e0833840356456b596\transformed\work-runtime-2.11.0\AndroidManifest.xml:71:13-78
324            android:directBootAware="false"
324-->[androidx.work:work-runtime:2.11.0] C:\Users\sirad\.gradle\caches\8.13\transforms\d4dccc2840b421e0833840356456b596\transformed\work-runtime-2.11.0\AndroidManifest.xml:72:13-44
325            android:enabled="true"
325-->[androidx.work:work-runtime:2.11.0] C:\Users\sirad\.gradle\caches\8.13\transforms\d4dccc2840b421e0833840356456b596\transformed\work-runtime-2.11.0\AndroidManifest.xml:73:13-35
326            android:exported="true"
326-->[androidx.work:work-runtime:2.11.0] C:\Users\sirad\.gradle\caches\8.13\transforms\d4dccc2840b421e0833840356456b596\transformed\work-runtime-2.11.0\AndroidManifest.xml:74:13-36
327            android:permission="android.permission.DUMP" >
327-->[androidx.work:work-runtime:2.11.0] C:\Users\sirad\.gradle\caches\8.13\transforms\d4dccc2840b421e0833840356456b596\transformed\work-runtime-2.11.0\AndroidManifest.xml:75:13-57
328            <intent-filter>
328-->[androidx.work:work-runtime:2.11.0] C:\Users\sirad\.gradle\caches\8.13\transforms\d4dccc2840b421e0833840356456b596\transformed\work-runtime-2.11.0\AndroidManifest.xml:77:13-79:29
329                <action android:name="androidx.work.diagnostics.REQUEST_DIAGNOSTICS" />
329-->[androidx.work:work-runtime:2.11.0] C:\Users\sirad\.gradle\caches\8.13\transforms\d4dccc2840b421e0833840356456b596\transformed\work-runtime-2.11.0\AndroidManifest.xml:78:17-88
329-->[androidx.work:work-runtime:2.11.0] C:\Users\sirad\.gradle\caches\8.13\transforms\d4dccc2840b421e0833840356456b596\transformed\work-runtime-2.11.0\AndroidManifest.xml:78:25-85
330            </intent-filter>
331        </receiver>
332
333        <service
333-->[androidx.room:room-runtime-android:2.8.4] C:\Users\sirad\.gradle\caches\8.13\transforms\c6fd910604768fd0130d32e47a6adca5\transformed\room-runtime\AndroidManifest.xml:24:9-28:63
334            android:name="androidx.room.MultiInstanceInvalidationService"
334-->[androidx.room:room-runtime-android:2.8.4] C:\Users\sirad\.gradle\caches\8.13\transforms\c6fd910604768fd0130d32e47a6adca5\transformed\room-runtime\AndroidManifest.xml:25:13-74
335            android:directBootAware="true"
335-->[androidx.room:room-runtime-android:2.8.4] C:\Users\sirad\.gradle\caches\8.13\transforms\c6fd910604768fd0130d32e47a6adca5\transformed\room-runtime\AndroidManifest.xml:26:13-43
336            android:exported="false" />
336-->[androidx.room:room-runtime-android:2.8.4] C:\Users\sirad\.gradle\caches\8.13\transforms\c6fd910604768fd0130d32e47a6adca5\transformed\room-runtime\AndroidManifest.xml:27:13-37
337
338        <uses-library
338-->[androidx.window:window:1.0.0] C:\Users\sirad\.gradle\caches\8.13\transforms\ba511f98ccacdda59eea5d8a671cc228\transformed\window-1.0.0\AndroidManifest.xml:25:9-27:40
339            android:name="androidx.window.extensions"
339-->[androidx.window:window:1.0.0] C:\Users\sirad\.gradle\caches\8.13\transforms\ba511f98ccacdda59eea5d8a671cc228\transformed\window-1.0.0\AndroidManifest.xml:26:13-54
340            android:required="false" />
340-->[androidx.window:window:1.0.0] C:\Users\sirad\.gradle\caches\8.13\transforms\ba511f98ccacdda59eea5d8a671cc228\transformed\window-1.0.0\AndroidManifest.xml:27:13-37
341        <uses-library
341-->[androidx.window:window:1.0.0] C:\Users\sirad\.gradle\caches\8.13\transforms\ba511f98ccacdda59eea5d8a671cc228\transformed\window-1.0.0\AndroidManifest.xml:28:9-30:40
342            android:name="androidx.window.sidecar"
342-->[androidx.window:window:1.0.0] C:\Users\sirad\.gradle\caches\8.13\transforms\ba511f98ccacdda59eea5d8a671cc228\transformed\window-1.0.0\AndroidManifest.xml:29:13-51
343            android:required="false" />
343-->[androidx.window:window:1.0.0] C:\Users\sirad\.gradle\caches\8.13\transforms\ba511f98ccacdda59eea5d8a671cc228\transformed\window-1.0.0\AndroidManifest.xml:30:13-37
344        <uses-library
344-->[androidx.privacysandbox.ads:ads-adservices:1.1.0-beta11] C:\Users\sirad\.gradle\caches\8.13\transforms\e677c0b2eee276bc6cca104b25583b18\transformed\ads-adservices-1.1.0-beta11\AndroidManifest.xml:23:9-25:40
345            android:name="android.ext.adservices"
345-->[androidx.privacysandbox.ads:ads-adservices:1.1.0-beta11] C:\Users\sirad\.gradle\caches\8.13\transforms\e677c0b2eee276bc6cca104b25583b18\transformed\ads-adservices-1.1.0-beta11\AndroidManifest.xml:24:13-50
346            android:required="false" />
346-->[androidx.privacysandbox.ads:ads-adservices:1.1.0-beta11] C:\Users\sirad\.gradle\caches\8.13\transforms\e677c0b2eee276bc6cca104b25583b18\transformed\ads-adservices-1.1.0-beta11\AndroidManifest.xml:25:13-37
347
348        <meta-data
348-->[com.google.android.gms:play-services-basement:18.8.0] C:\Users\sirad\.gradle\caches\8.13\transforms\442dff2e9dabb75b981dd4d51ae259e2\transformed\play-services-basement-18.8.0\AndroidManifest.xml:21:9-23:69
349            android:name="com.google.android.gms.version"
349-->[com.google.android.gms:play-services-basement:18.8.0] C:\Users\sirad\.gradle\caches\8.13\transforms\442dff2e9dabb75b981dd4d51ae259e2\transformed\play-services-basement-18.8.0\AndroidManifest.xml:22:13-58
350            android:value="@integer/google_play_services_version" />
350-->[com.google.android.gms:play-services-basement:18.8.0] C:\Users\sirad\.gradle\caches\8.13\transforms\442dff2e9dabb75b981dd4d51ae259e2\transformed\play-services-basement-18.8.0\AndroidManifest.xml:23:13-66
351
352        <receiver
352-->[androidx.profileinstaller:profileinstaller:1.4.0] C:\Users\sirad\.gradle\caches\8.13\transforms\a97e479ca9afb6775b542b976a2685ec\transformed\profileinstaller-1.4.0\AndroidManifest.xml:34:9-52:20
353            android:name="androidx.profileinstaller.ProfileInstallReceiver"
353-->[androidx.profileinstaller:profileinstaller:1.4.0] C:\Users\sirad\.gradle\caches\8.13\transforms\a97e479ca9afb6775b542b976a2685ec\transformed\profileinstaller-1.4.0\AndroidManifest.xml:35:13-76
354            android:directBootAware="false"
354-->[androidx.profileinstaller:profileinstaller:1.4.0] C:\Users\sirad\.gradle\caches\8.13\transforms\a97e479ca9afb6775b542b976a2685ec\transformed\profileinstaller-1.4.0\AndroidManifest.xml:36:13-44
355            android:enabled="true"
355-->[androidx.profileinstaller:profileinstaller:1.4.0] C:\Users\sirad\.gradle\caches\8.13\transforms\a97e479ca9afb6775b542b976a2685ec\transformed\profileinstaller-1.4.0\AndroidManifest.xml:37:13-35
356            android:exported="true"
356-->[androidx.profileinstaller:profileinstaller:1.4.0] C:\Users\sirad\.gradle\caches\8.13\transforms\a97e479ca9afb6775b542b976a2685ec\transformed\profileinstaller-1.4.0\AndroidManifest.xml:38:13-36
357            android:permission="android.permission.DUMP" >
357-->[androidx.profileinstaller:profileinstaller:1.4.0] C:\Users\sirad\.gradle\caches\8.13\transforms\a97e479ca9afb6775b542b976a2685ec\transformed\profileinstaller-1.4.0\AndroidManifest.xml:39:13-57
358            <intent-filter>
358-->[androidx.profileinstaller:profileinstaller:1.4.0] C:\Users\sirad\.gradle\caches\8.13\transforms\a97e479ca9afb6775b542b976a2685ec\transformed\profileinstaller-1.4.0\AndroidManifest.xml:40:13-42:29
359                <action android:name="androidx.profileinstaller.action.INSTALL_PROFILE" />
359-->[androidx.profileinstaller:profileinstaller:1.4.0] C:\Users\sirad\.gradle\caches\8.13\transforms\a97e479ca9afb6775b542b976a2685ec\transformed\profileinstaller-1.4.0\AndroidManifest.xml:41:17-91
359-->[androidx.profileinstaller:profileinstaller:1.4.0] C:\Users\sirad\.gradle\caches\8.13\transforms\a97e479ca9afb6775b542b976a2685ec\transformed\profileinstaller-1.4.0\AndroidManifest.xml:41:25-88
360            </intent-filter>
361            <intent-filter>
361-->[androidx.profileinstaller:profileinstaller:1.4.0] C:\Users\sirad\.gradle\caches\8.13\transforms\a97e479ca9afb6775b542b976a2685ec\transformed\profileinstaller-1.4.0\AndroidManifest.xml:43:13-45:29
362                <action android:name="androidx.profileinstaller.action.SKIP_FILE" />
362-->[androidx.profileinstaller:profileinstaller:1.4.0] C:\Users\sirad\.gradle\caches\8.13\transforms\a97e479ca9afb6775b542b976a2685ec\transformed\profileinstaller-1.4.0\AndroidManifest.xml:44:17-85
362-->[androidx.profileinstaller:profileinstaller:1.4.0] C:\Users\sirad\.gradle\caches\8.13\transforms\a97e479ca9afb6775b542b976a2685ec\transformed\profileinstaller-1.4.0\AndroidManifest.xml:44:25-82
363            </intent-filter>
364            <intent-filter>
364-->[androidx.profileinstaller:profileinstaller:1.4.0] C:\Users\sirad\.gradle\caches\8.13\transforms\a97e479ca9afb6775b542b976a2685ec\transformed\profileinstaller-1.4.0\AndroidManifest.xml:46:13-48:29
365                <action android:name="androidx.profileinstaller.action.SAVE_PROFILE" />
365-->[androidx.profileinstaller:profileinstaller:1.4.0] C:\Users\sirad\.gradle\caches\8.13\transforms\a97e479ca9afb6775b542b976a2685ec\transformed\profileinstaller-1.4.0\AndroidManifest.xml:47:17-88
365-->[androidx.profileinstaller:profileinstaller:1.4.0] C:\Users\sirad\.gradle\caches\8.13\transforms\a97e479ca9afb6775b542b976a2685ec\transformed\profileinstaller-1.4.0\AndroidManifest.xml:47:25-85
366            </intent-filter>
367            <intent-filter>
367-->[androidx.profileinstaller:profileinstaller:1.4.0] C:\Users\sirad\.gradle\caches\8.13\transforms\a97e479ca9afb6775b542b976a2685ec\transformed\profileinstaller-1.4.0\AndroidManifest.xml:49:13-51:29
368                <action android:name="androidx.profileinstaller.action.BENCHMARK_OPERATION" />
368-->[androidx.profileinstaller:profileinstaller:1.4.0] C:\Users\sirad\.gradle\caches\8.13\transforms\a97e479ca9afb6775b542b976a2685ec\transformed\profileinstaller-1.4.0\AndroidManifest.xml:50:17-95
368-->[androidx.profileinstaller:profileinstaller:1.4.0] C:\Users\sirad\.gradle\caches\8.13\transforms\a97e479ca9afb6775b542b976a2685ec\transformed\profileinstaller-1.4.0\AndroidManifest.xml:50:25-92
369            </intent-filter>
370        </receiver>
371
372        <service
372-->[com.google.android.datatransport:transport-backend-cct:3.1.9] C:\Users\sirad\.gradle\caches\8.13\transforms\1c3c744f839cc55ea8a70d0f110481b2\transformed\transport-backend-cct-3.1.9\AndroidManifest.xml:28:9-34:19
373            android:name="com.google.android.datatransport.runtime.backends.TransportBackendDiscovery"
373-->[com.google.android.datatransport:transport-backend-cct:3.1.9] C:\Users\sirad\.gradle\caches\8.13\transforms\1c3c744f839cc55ea8a70d0f110481b2\transformed\transport-backend-cct-3.1.9\AndroidManifest.xml:29:13-103
374            android:exported="false" >
374-->[com.google.android.datatransport:transport-backend-cct:3.1.9] C:\Users\sirad\.gradle\caches\8.13\transforms\1c3c744f839cc55ea8a70d0f110481b2\transformed\transport-backend-cct-3.1.9\AndroidManifest.xml:30:13-37
375            <meta-data
375-->[com.google.android.datatransport:transport-backend-cct:3.1.9] C:\Users\sirad\.gradle\caches\8.13\transforms\1c3c744f839cc55ea8a70d0f110481b2\transformed\transport-backend-cct-3.1.9\AndroidManifest.xml:31:13-33:39
376                android:name="backend:com.google.android.datatransport.cct.CctBackendFactory"
376-->[com.google.android.datatransport:transport-backend-cct:3.1.9] C:\Users\sirad\.gradle\caches\8.13\transforms\1c3c744f839cc55ea8a70d0f110481b2\transformed\transport-backend-cct-3.1.9\AndroidManifest.xml:32:17-94
377                android:value="cct" />
377-->[com.google.android.datatransport:transport-backend-cct:3.1.9] C:\Users\sirad\.gradle\caches\8.13\transforms\1c3c744f839cc55ea8a70d0f110481b2\transformed\transport-backend-cct-3.1.9\AndroidManifest.xml:33:17-36
378        </service>
379        <service
379-->[com.google.android.datatransport:transport-runtime:3.1.9] C:\Users\sirad\.gradle\caches\8.13\transforms\501db91d7d775d19020df526ca49a983\transformed\transport-runtime-3.1.9\AndroidManifest.xml:26:9-30:19
380            android:name="com.google.android.datatransport.runtime.scheduling.jobscheduling.JobInfoSchedulerService"
380-->[com.google.android.datatransport:transport-runtime:3.1.9] C:\Users\sirad\.gradle\caches\8.13\transforms\501db91d7d775d19020df526ca49a983\transformed\transport-runtime-3.1.9\AndroidManifest.xml:27:13-117
381            android:exported="false"
381-->[com.google.android.datatransport:transport-runtime:3.1.9] C:\Users\sirad\.gradle\caches\8.13\transforms\501db91d7d775d19020df526ca49a983\transformed\transport-runtime-3.1.9\AndroidManifest.xml:28:13-37
382            android:permission="android.permission.BIND_JOB_SERVICE" >
382-->[com.google.android.datatransport:transport-runtime:3.1.9] C:\Users\sirad\.gradle\caches\8.13\transforms\501db91d7d775d19020df526ca49a983\transformed\transport-runtime-3.1.9\AndroidManifest.xml:29:13-69
383        </service>
384
385        <receiver
385-->[com.google.android.datatransport:transport-runtime:3.1.9] C:\Users\sirad\.gradle\caches\8.13\transforms\501db91d7d775d19020df526ca49a983\transformed\transport-runtime-3.1.9\AndroidManifest.xml:32:9-34:40
386            android:name="com.google.android.datatransport.runtime.scheduling.jobscheduling.AlarmManagerSchedulerBroadcastReceiver"
386-->[com.google.android.datatransport:transport-runtime:3.1.9] C:\Users\sirad\.gradle\caches\8.13\transforms\501db91d7d775d19020df526ca49a983\transformed\transport-runtime-3.1.9\AndroidManifest.xml:33:13-132
387            android:exported="false" />
387-->[com.google.android.datatransport:transport-runtime:3.1.9] C:\Users\sirad\.gradle\caches\8.13\transforms\501db91d7d775d19020df526ca49a983\transformed\transport-runtime-3.1.9\AndroidManifest.xml:34:13-37
388
389        <activity
389-->[io.agora.rtc:full-screen-sharing:4.6.1] C:\Users\sirad\.gradle\caches\8.13\transforms\c5687eea63698b348eb1306757e0299b\transformed\full-screen-sharing-4.6.1\AndroidManifest.xml:11:9-14:63
390            android:name="io.agora.rtc2.extensions.MediaProjectionMgr$LocalScreenCaptureAssistantActivity"
390-->[io.agora.rtc:full-screen-sharing:4.6.1] C:\Users\sirad\.gradle\caches\8.13\transforms\c5687eea63698b348eb1306757e0299b\transformed\full-screen-sharing-4.6.1\AndroidManifest.xml:11:19-89
391            android:configChanges="screenSize|orientation"
391-->[io.agora.rtc:full-screen-sharing:4.6.1] C:\Users\sirad\.gradle\caches\8.13\transforms\c5687eea63698b348eb1306757e0299b\transformed\full-screen-sharing-4.6.1\AndroidManifest.xml:12:13-59
392            android:screenOrientation="unspecified"
392-->[io.agora.rtc:full-screen-sharing:4.6.1] C:\Users\sirad\.gradle\caches\8.13\transforms\c5687eea63698b348eb1306757e0299b\transformed\full-screen-sharing-4.6.1\AndroidManifest.xml:13:13-52
393            android:theme="@android:style/Theme.Translucent" />
393-->[io.agora.rtc:full-screen-sharing:4.6.1] C:\Users\sirad\.gradle\caches\8.13\transforms\c5687eea63698b348eb1306757e0299b\transformed\full-screen-sharing-4.6.1\AndroidManifest.xml:14:13-61
394
395        <service
395-->[io.agora.rtc:full-screen-sharing:4.6.1] C:\Users\sirad\.gradle\caches\8.13\transforms\c5687eea63698b348eb1306757e0299b\transformed\full-screen-sharing-4.6.1\AndroidManifest.xml:16:9-19:19
396            android:name="io.agora.rtc2.extensions.MediaProjectionMgr$LocalScreenSharingService"
396-->[io.agora.rtc:full-screen-sharing:4.6.1] C:\Users\sirad\.gradle\caches\8.13\transforms\c5687eea63698b348eb1306757e0299b\transformed\full-screen-sharing-4.6.1\AndroidManifest.xml:17:13-73
397            android:foregroundServiceType="mediaProjection" >
397-->[io.agora.rtc:full-screen-sharing:4.6.1] C:\Users\sirad\.gradle\caches\8.13\transforms\c5687eea63698b348eb1306757e0299b\transformed\full-screen-sharing-4.6.1\AndroidManifest.xml:18:13-60
398        </service> <!-- The activities will be merged into the manifest of the hosting app. -->
399        <activity
399-->[com.google.android.play:core-common:2.0.3] C:\Users\sirad\.gradle\caches\8.13\transforms\1e9509305a3ad9876b9983e265a04b7b\transformed\core-common-2.0.3\AndroidManifest.xml:14:9-18:65
400            android:name="com.google.android.play.core.common.PlayCoreDialogWrapperActivity"
400-->[com.google.android.play:core-common:2.0.3] C:\Users\sirad\.gradle\caches\8.13\transforms\1e9509305a3ad9876b9983e265a04b7b\transformed\core-common-2.0.3\AndroidManifest.xml:15:13-93
401            android:exported="false"
401-->[com.google.android.play:core-common:2.0.3] C:\Users\sirad\.gradle\caches\8.13\transforms\1e9509305a3ad9876b9983e265a04b7b\transformed\core-common-2.0.3\AndroidManifest.xml:16:13-37
402            android:stateNotNeeded="true"
402-->[com.google.android.play:core-common:2.0.3] C:\Users\sirad\.gradle\caches\8.13\transforms\1e9509305a3ad9876b9983e265a04b7b\transformed\core-common-2.0.3\AndroidManifest.xml:17:13-42
403            android:theme="@style/Theme.PlayCore.Transparent" />
403-->[com.google.android.play:core-common:2.0.3] C:\Users\sirad\.gradle\caches\8.13\transforms\1e9509305a3ad9876b9983e265a04b7b\transformed\core-common-2.0.3\AndroidManifest.xml:18:13-62
404
405        <meta-data
405-->[com.facebook.soloader:soloader:0.11.0] C:\Users\sirad\.gradle\caches\8.13\transforms\3de0caa79d8545eabe8d4d23af6f9420\transformed\soloader-0.11.0\AndroidManifest.xml:12:9-14:37
406            android:name="com.facebook.soloader.enabled"
406-->[com.facebook.soloader:soloader:0.11.0] C:\Users\sirad\.gradle\caches\8.13\transforms\3de0caa79d8545eabe8d4d23af6f9420\transformed\soloader-0.11.0\AndroidManifest.xml:13:13-57
407            android:value="false" />
407-->[com.facebook.soloader:soloader:0.11.0] C:\Users\sirad\.gradle\caches\8.13\transforms\3de0caa79d8545eabe8d4d23af6f9420\transformed\soloader-0.11.0\AndroidManifest.xml:14:13-34
408    </application>
409
410</manifest>

Merged manifest saved to D:\Code\android_app\ieeeconnect\app\build\intermediates\merged_manifest\debug\processDebugMainManifest\AndroidManifest.xml
Resolve mutations for :app:processDebugManifest (Thread[Execution worker Thread 6,5,main]) started.
:app:processDebugManifest (Thread[Execution worker Thread 6,5,main]) started.

> Task :app:processDebugManifest
Caching disabled for task ':app:processDebugManifest' because:
  Build cache is disabled
Task ':app:processDebugManifest' is not up-to-date because:
  Input property 'mainMergedManifest' file D:\Code\android_app\ieeeconnect\app\build\intermediates\merged_manifest\debug\processDebugMainManifest\AndroidManifest.xml has changed.
Resolve mutations for :app:processDebugManifestForPackage (Thread[Execution worker Thread 10,5,main]) started.
:app:processDebugManifestForPackage (Thread[Execution worker Thread 10,5,main]) started.
Resolve mutations for :app:javaPreCompileDebug (Thread[Execution worker Thread 6,5,main]) started.
:app:javaPreCompileDebug (Thread[Execution worker Thread 7,5,main]) started.

> Task :app:processDebugManifestForPackage
Custom actions are attached to task ':app:processDebugManifestForPackage'.
Caching disabled for task ':app:processDebugManifestForPackage' because:
  Build cache is disabled
Task ':app:processDebugManifestForPackage' is not up-to-date because:
  Input property 'mergedManifests' file D:\Code\android_app\ieeeconnect\app\build\intermediates\merged_manifests\debug\processDebugManifest\AndroidManifest.xml has changed.
Resolve mutations for :app:processDebugResources (Thread[Execution worker Thread 9,5,main]) started.
:app:processDebugResources (Thread[Execution worker Thread 9,5,main]) started.

> Task :app:javaPreCompileDebug
Registered task dependencies: app:_agp_internal_javaPreCompileDebug_kaptClasspath
Skipping misunderstood TO dep string: org.jetbrains.kotlin:kotlin-stdlib
Skipping misunderstood TO dep string: org.jetbrains.kotlin:kotlin-stdlib
Skipping misunderstood TO dep string: org.jetbrains.kotlin:kotlin-stdlib
Skipping misunderstood TO dep string: org.jetbrains.kotlin:kotlin-stdlib
Starting dependency analysis
Caching disabled for task ':app:javaPreCompileDebug' because:
  Build cache is disabled
Task ':app:javaPreCompileDebug' is not up-to-date because:
  Input property 'annotationProcessorArtifactFiles' file C:\Users\sirad\.gradle\caches\modules-2\files-2.1\org.xerial\sqlite-jdbc\3.42.0.0\a4c84376df810062d20c84777b84ec077b5ecdab\sqlite-jdbc-3.42.0.0.jar has been removed.
  Input property 'annotationProcessorArtifactFiles' file C:\Users\sirad\.gradle\caches\modules-2\files-2.1\org.xerial\sqlite-jdbc\3.41.2.2\ddeb8d3a3004f412ed19b4c98b3aec11d9452ab5\sqlite-jdbc-3.41.2.2.jar has been added.
Resolve mutations for :app:mergeDebugShaders (Thread[Execution worker Thread 7,5,main]) started.
:app:mergeDebugShaders (Thread[Execution worker Thread 7,5,main]) started.

> Task :app:mergeDebugShaders UP-TO-DATE
Caching disabled for task ':app:mergeDebugShaders' because:
  Build cache is disabled
  Simple merging task
Skipping task ':app:mergeDebugShaders' as it is up-to-date.
Resolve mutations for :app:compileDebugShaders (Thread[Execution worker Thread 7,5,main]) started.
:app:compileDebugShaders (Thread[Execution worker Thread 8,5,main]) started.

> Task :app:compileDebugShaders NO-SOURCE
Skipping task ':app:compileDebugShaders' as it has no source files and no previous output files.
Resolve mutations for :app:generateDebugAssets (Thread[Execution worker Thread 8,5,main]) started.
:app:generateDebugAssets (Thread[Execution worker Thread 8,5,main]) started.

> Task :app:generateDebugAssets UP-TO-DATE
Skipping task ':app:generateDebugAssets' as it has no actions.
Resolve mutations for :app:mergeDebugAssets (Thread[Execution worker Thread 8,5,main]) started.
:app:mergeDebugAssets (Thread[Execution worker Thread 7,5,main]) started.

> Task :app:mergeDebugAssets UP-TO-DATE
Caching disabled for task ':app:mergeDebugAssets' because:
  Build cache is disabled
  Simple merging task
Skipping task ':app:mergeDebugAssets' as it is up-to-date.
Resolve mutations for :app:compressDebugAssets (Thread[Execution worker Thread 7,5,main]) started.
:app:compressDebugAssets (Thread[Execution worker Thread 7,5,main]) started.

> Task :app:compressDebugAssets UP-TO-DATE
Caching disabled for task ':app:compressDebugAssets' because:
  Build cache is disabled
Skipping task ':app:compressDebugAssets' as it is up-to-date.
Resolve mutations for :app:desugarDebugFileDependencies (Thread[Execution worker Thread 7,5,main]) started.
:app:desugarDebugFileDependencies (Thread[Execution worker Thread 7,5,main]) started.

> Task :app:desugarDebugFileDependencies UP-TO-DATE
Caching disabled for task ':app:desugarDebugFileDependencies' because:
  Build cache is disabled
Skipping task ':app:desugarDebugFileDependencies' as it is up-to-date.
Resolve mutations for :app:checkDebugDuplicateClasses (Thread[Execution worker Thread 7,5,main]) started.
:app:checkDebugDuplicateClasses (Thread[Execution worker Thread 7,5,main]) started.
Resolve mutations for :app:mergeDebugJniLibFolders (Thread[Execution worker Thread 5,5,main]) started.
:app:mergeDebugJniLibFolders (Thread[Execution worker Thread 5,5,main]) started.

> Task :app:mergeDebugJniLibFolders UP-TO-DATE
Caching disabled for task ':app:mergeDebugJniLibFolders' because:
  Build cache is disabled
  Simple merging task
Skipping task ':app:mergeDebugJniLibFolders' as it is up-to-date.
Resolve mutations for :app:mergeDebugNativeLibs (Thread[Execution worker Thread 5,5,main]) started.
:app:mergeDebugNativeLibs (Thread[Execution worker Thread 5,5,main]) started.

> Task :app:mergeDebugNativeLibs UP-TO-DATE
Caching disabled for ExtractJniTransform: C:\Users\sirad\.gradle\caches\modules-2\files-2.1\org.xerial\sqlite-jdbc\3.36.0.3\7fa71c4dfab806490cb909714fb41373ec552c29\sqlite-jdbc-3.36.0.3.jar because:
  Build cache is disabled
Caching disabled for task ':app:mergeDebugNativeLibs' because:
  Build cache is disabled
  Caching has been disabled for the task
Skipping task ':app:mergeDebugNativeLibs' as it is up-to-date.
Resolve mutations for :app:stripDebugDebugSymbols (Thread[Execution worker Thread 5,5,main]) started.
:app:stripDebugDebugSymbols (Thread[Execution worker Thread 5,5,main]) started.

> Task :app:stripDebugDebugSymbols UP-TO-DATE
Caching disabled for task ':app:stripDebugDebugSymbols' because:
  Build cache is disabled
  Caching has been disabled for the task
Skipping task ':app:stripDebugDebugSymbols' as it is up-to-date.
Resolve mutations for :app:validateSigningDebug (Thread[Execution worker Thread 5,5,main]) started.
:app:validateSigningDebug (Thread[Execution worker Thread 5,5,main]) started.

> Task :app:validateSigningDebug UP-TO-DATE
Caching disabled for task ':app:validateSigningDebug' because:
  Build cache is disabled
  Caching has been disabled for the task
Skipping task ':app:validateSigningDebug' as it is up-to-date.
Resolve mutations for :app:writeDebugAppMetadata (Thread[Execution worker Thread 10,5,main]) started.
:app:writeDebugAppMetadata (Thread[Execution worker Thread 10,5,main]) started.

> Task :app:writeDebugAppMetadata UP-TO-DATE
Caching disabled for task ':app:writeDebugAppMetadata' because:
  Build cache is disabled
  Caching has been disabled for the task
Skipping task ':app:writeDebugAppMetadata' as it is up-to-date.
Resolve mutations for :app:writeDebugSigningConfigVersions (Thread[Execution worker Thread 10,5,main]) started.
:app:writeDebugSigningConfigVersions (Thread[Execution worker Thread 10,5,main]) started.

> Task :app:writeDebugSigningConfigVersions UP-TO-DATE
Caching disabled for task ':app:writeDebugSigningConfigVersions' because:
  Build cache is disabled
  Caching has been disabled for the task
Skipping task ':app:writeDebugSigningConfigVersions' as it is up-to-date.

> Task :app:checkDebugDuplicateClasses
Downloading https://repo.maven.apache.org/maven2/org/xerial/sqlite-jdbc/3.36.0.3/sqlite-jdbc-3.36.0.3.jar to C:\Users\sirad\.gradle\.tmp\gradle_download11826612763220818108bin
Caching disabled for IdentityTransform: C:\Users\sirad\.gradle\caches\modules-2\files-2.1\org.xerial\sqlite-jdbc\3.36.0.3\7fa71c4dfab806490cb909714fb41373ec552c29\sqlite-jdbc-3.36.0.3.jar because:
  Build cache is disabled
  Caching not enabled.
Caching disabled for EnumerateClassesTransform: C:\Users\sirad\.gradle\caches\modules-2\files-2.1\org.xerial\sqlite-jdbc\3.36.0.3\7fa71c4dfab806490cb909714fb41373ec552c29\sqlite-jdbc-3.36.0.3.jar because:
  Build cache is disabled
Caching disabled for task ':app:checkDebugDuplicateClasses' because:
  Build cache is disabled
  Caching has been disabled for the task
Task ':app:checkDebugDuplicateClasses' is not up-to-date because:
  Input property 'enumeratedClasses' file C:\Users\sirad\.gradle\caches\8.13\transforms\0e8ba541cb8f0805390f709e3657bb07\transformed\sqlite-jdbc-3.42.0.0 has been removed.
  Input property 'enumeratedClasses' file C:\Users\sirad\.gradle\caches\8.13\transforms\743b450b7b26b3a3a332c4d9f86e8828\transformed\sqlite-jdbc-3.36.0.3 has been added.
Resolve mutations for :app:mergeExtDexDebug (Thread[Execution worker Thread 7,5,main]) started.
:app:mergeExtDexDebug (Thread[Execution worker Thread 10,5,main]) started.

> Task :app:processDebugResources
Caching disabled for task ':app:processDebugResources' because:
  Build cache is disabled
Task ':app:processDebugResources' is not up-to-date because:
  Value of input property 'useStableIds' has changed for task ':app:processDebugResources'
The input changes require a full rebuild for incremental task ':app:processDebugResources'.
AAPT2 aapt2-8.9.1-12782657-windows Daemon #0: starting
Aapt output file D:\Code\android_app\ieeeconnect\app\build\intermediates\linked_resources_binary_format\debug\processDebugResources\linked-resources-binary-format-debug.ap_
Resolve mutations for :app:kaptGenerateStubsDebugKotlin (Thread[Execution worker Thread 9,5,main]) started.
:app:kaptGenerateStubsDebugKotlin (Thread[Execution worker Thread 9,5,main]) started.
Resolve mutations for :app:mergeLibDexDebug (Thread[Execution worker Thread 7,5,main]) started.
:app:mergeLibDexDebug (Thread[Execution worker Thread 11,5,main]) started.

> Task :app:mergeLibDexDebug UP-TO-DATE
Caching disabled for task ':app:mergeLibDexDebug' because:
  Build cache is disabled
Skipping task ':app:mergeLibDexDebug' as it is up-to-date.

> Task :app:mergeExtDexDebug
Caching disabled for DexingNoClasspathTransform: C:\Users\sirad\.gradle\caches\modules-2\files-2.1\org.xerial\sqlite-jdbc\3.36.0.3\7fa71c4dfab806490cb909714fb41373ec552c29\sqlite-jdbc-3.36.0.3.jar because:
  Build cache is disabled
Running dexing transform non-incrementally for 'C:\Users\sirad\.gradle\caches\modules-2\files-2.1\org.xerial\sqlite-jdbc\3.36.0.3\7fa71c4dfab806490cb909714fb41373ec552c29\sqlite-jdbc-3.36.0.3.jar'
Caching disabled for DexingOutputSplitTransform: C:\Users\sirad\.gradle\caches\8.13\transforms\6d6e74555bcea943b8b704f18d906902\transformed\sqlite-jdbc-3.36.0.3 because:
  Build cache is disabled
  Caching not enabled.
Caching disabled for task ':app:mergeExtDexDebug' because:
  Build cache is disabled
Task ':app:mergeExtDexDebug' is not up-to-date because:
  Input property 'dexDirs' file C:\Users\sirad\.gradle\caches\8.13\transforms\907ebc80b104a4a23b2fb31a2d871f57\transformed\sqlite-jdbc-3.42.0.0\sqlite-jdbc-3.42.0.0_dex\classes.dex has been removed.
  Input property 'dexDirs' file C:\Users\sirad\.gradle\caches\8.13\transforms\6d6e74555bcea943b8b704f18d906902\transformed\sqlite-jdbc-3.36.0.3\sqlite-jdbc-3.36.0.3_dex\classes.dex has been added.
Merging to 'D:\Code\android_app\ieeeconnect\app\build\intermediates\dex\debug\mergeExtDexDebug' with D8 from all or a subset of dex files in C:\Users\sirad\.gradle\caches\8.13\transforms\d43f1110fd9919f98e7792df31ddf4c4\transformed\databinding-adapters-8.9.1-runtime\databinding-adapters-8.9.1-runtime_dex, C:\Users\sirad\.gradle\caches\8.13\transforms\79e8b7fd4611f8638d6d412b8acc9ac1\transformed\databinding-ktx-8.9.1-runtime\databinding-ktx-8.9.1-runtime_dex, C:\Users\sirad\.gradle\caches\8.13\transforms\a3871a10f3f06748bbf91fb27e13478c\transformed\databinding-runtime-8.9.1-runtime\databinding-runtime-8.9.1-runtime_dex, C:\Users\sirad\.gradle\caches\8.13\transforms\a27981c212e270e585fb5e570fefb404\transformed\viewbinding-8.9.1-runtime\viewbinding-8.9.1-runtime_dex, C:\Users\sirad\.gradle\caches\8.13\transforms\a4830619d6f8be4d432d09438714ab39\transformed\databinding-common-8.9.1\databinding-common-8.9.1_dex, C:\Users\sirad\.gradle\caches\8.13\transforms\09f326e9ced154f80f0d00af2d4330b0\transformed\navigation-runtime-release-runtime\navigation-runtime-release-runtime_dex, C:\Users\sirad\.gradle\caches\8.13\transforms\a66e18a292d7b8f8f9da1cc4253823c8\transformed\navigation-common-release-runtime\navigation-common-release-runtime_dex, C:\Users\sirad\.gradle\caches\8.13\transforms\661b08c4db7253b6f24b47fa7006d2af\transformed\navigation-fragment-2.9.6-runtime\navigation-fragment-2.9.6-runtime_dex, C:\Users\sirad\.gradle\caches\8.13\transforms\8e51137d448e1660a52915f93fb5e93a\transformed\navigation-ui-2.9.6-runtime\navigation-ui-2.9.6-runtime_dex, C:\Users\sirad\.gradle\caches\8.13\transforms\f8586e0934a7c4e7810561403b5a5c3d\transformed\cloudinary-android-ui-3.1.2-runtime\cloudinary-android-ui-3.1.2-runtime_dex, C:\Users\sirad\.gradle\caches\8.13\transforms\a6f9d2a404794e46523977091058b944\transformed\cloudinary-android-preprocess-3.1.2-runtime\cloudinary-android-preprocess-3.1.2-runtime_dex, C:\Users\sirad\.gradle\caches\8.13\transforms\8efd0d885d5a227b254cf03519bd719f\transformed\cloudinary-android-download-3.1.2-runtime\cloudinary-android-download-3.1.2-runtime_dex, C:\Users\sirad\.gradle\caches\8.13\transforms\09fb70bcf3e1794be8b705a61a2b6428\transformed\cloudinary-android-core-3.1.2-runtime\cloudinary-android-core-3.1.2-runtime_dex, C:\Users\sirad\.gradle\caches\8.13\transforms\9612909c85e01dfd56c5b80c6f4793d9\transformed\material-1.13.0-runtime\material-1.13.0-runtime_dex, C:\Users\sirad\.gradle\caches\8.13\transforms\737157b7ecf44edaed214e4334f33f89\transformed\constraintlayout-2.2.1-runtime\constraintlayout-2.2.1-runtime_dex, C:\Users\sirad\.gradle\caches\8.13\transforms\a8326b2f839a1dc0121e82a82f7f7600\transformed\lottie-6.7.1-runtime\lottie-6.7.1-runtime_dex, C:\Users\sirad\.gradle\caches\8.13\transforms\1ad4213916a0076b0b99835205bb7d6c\transformed\appcompat-resources-1.7.1-runtime\appcompat-resources-1.7.1-runtime_dex, C:\Users\sirad\.gradle\caches\8.13\transforms\753263aba05e707ee4228244462a9820\transformed\appcompat-1.7.1-runtime\appcompat-1.7.1-runtime_dex, C:\Users\sirad\.gradle\caches\8.13\transforms\6432883b98b19a38936094fac289aade\transformed\firebase-auth-24.0.1-runtime\firebase-auth-24.0.1-runtime_dex, C:\Users\sirad\.gradle\caches\8.13\transforms\56ddbcd618608b3cfd0342836aadd0b0\transformed\credentials-1.2.0-rc01-runtime\credentials-1.2.0-rc01-runtime_dex, C:\Users\sirad\.gradle\caches\8.13\transforms\f2907b7e060581b3265dd318eedae4a1\transformed\credentials-play-services-auth-1.2.0-rc01-runtime\credentials-play-services-auth-1.2.0-rc01-runtime_dex, C:\Users\sirad\.gradle\caches\8.13\transforms\66b51d9d475b60149b843170e0d8da4b\transformed\play-services-auth-21.4.0-runtime\play-services-auth-21.4.0-runtime_dex, C:\Users\sirad\.gradle\caches\8.13\transforms\73e8be8781c084f30ab323ff1bd39646\transformed\glide-5.0.5-runtime\glide-5.0.5-runtime_dex, C:\Users\sirad\.gradle\caches\8.13\transforms\6d98fefce63acbefba232feef4325c11\transformed\viewpager2-1.0.0-runtime\viewpager2-1.0.0-runtime_dex, C:\Users\sirad\.gradle\caches\8.13\transforms\986f0d18a93b81bc189bbf97fe1a1fbd\transformed\fragment-ktx-1.6.2-runtime\fragment-ktx-1.6.2-runtime_dex, C:\Users\sirad\.gradle\caches\8.13\transforms\0766c07bb39a6aac54576192b705ede4\transformed\firebase-database-22.0.1-runtime\firebase-database-22.0.1-runtime_dex, C:\Users\sirad\.gradle\caches\8.13\transforms\015acf07ac42a721ac9dda7a588de230\transformed\firebase-firestore-26.0.2-runtime\firebase-firestore-26.0.2-runtime_dex, C:\Users\sirad\.gradle\caches\8.13\transforms\f6d5ac30a99912469833c31055117173\transformed\firebase-messaging-25.0.1-runtime\firebase-messaging-25.0.1-runtime_dex, C:\Users\sirad\.gradle\caches\8.13\transforms\35ea0bf855c3e0c56ec03cf08edc4f37\transformed\firebase-storage-22.0.1-runtime\firebase-storage-22.0.1-runtime_dex, C:\Users\sirad\.gradle\caches\8.13\transforms\ffcd6b65ce8b9475bcb71d15026e8a61\transformed\play-services-auth-api-phone-18.0.2-runtime\play-services-auth-api-phone-18.0.2-runtime_dex, C:\Users\sirad\.gradle\caches\8.13\transforms\8407532133d9c3e7a9631a941438aa78\transformed\play-services-auth-base-18.0.10-runtime\play-services-auth-base-18.0.10-runtime_dex, C:\Users\sirad\.gradle\caches\8.13\transforms\fc53f564c33762042c3b01cbf574819a\transformed\firebase-appcheck-19.0.1-runtime\firebase-appcheck-19.0.1-runtime_dex, C:\Users\sirad\.gradle\caches\8.13\transforms\c99076ae6e6a9d9472157bd636c7d676\transformed\firebase-appcheck-interop-17.1.0-runtime\firebase-appcheck-interop-17.1.0-runtime_dex, C:\Users\sirad\.gradle\caches\8.13\transforms\cb91c080a3482847284fc13fd2a4900c\transformed\firebase-database-collection-18.0.1-runtime\firebase-database-collection-18.0.1-runtime_dex, C:\Users\sirad\.gradle\caches\8.13\transforms\ae949c68b71aec7af45b685a5a013884\transformed\play-services-measurement-23.0.0-runtime\play-services-measurement-23.0.0-runtime_dex, C:\Users\sirad\.gradle\caches\8.13\transforms\f4e35d393008574c8de9d77210a516ee\transformed\play-services-measurement-sdk-23.0.0-runtime\play-services-measurement-sdk-23.0.0-runtime_dex, C:\Users\sirad\.gradle\caches\8.13\transforms\0c75fcb9e30b09f38bf7bfdbb124908b\transformed\play-services-measurement-impl-23.0.0-runtime\play-services-measurement-impl-23.0.0-runtime_dex, C:\Users\sirad\.gradle\caches\8.13\transforms\ff946b43d8db8791d547788d4124dcb3\transformed\play-services-fido-20.1.0-runtime\play-services-fido-20.1.0-runtime_dex, C:\Users\sirad\.gradle\caches\8.13\transforms\c1104814a093eb7aa8d41c7451970594\transformed\play-services-base-18.5.0-runtime\play-services-base-18.5.0-runtime_dex, C:\Users\sirad\.gradle\caches\8.13\transforms\b602ab0d51880fff3bb5751c0ec1ae80\transformed\play-services-measurement-api-23.0.0-runtime\play-services-measurement-api-23.0.0-runtime_dex, C:\Users\sirad\.gradle\caches\8.13\transforms\908c901ef3d58e919840a7e614f23e50\transformed\recaptcha-18.6.1-runtime\recaptcha-18.6.1-runtime_dex, C:\Users\sirad\.gradle\caches\8.13\transforms\707af4987d097acae8e8187dbd68f3d7\transformed\integrity-1.3.0-runtime\integrity-1.3.0-runtime_dex, C:\Users\sirad\.gradle\caches\8.13\transforms\c4c42bc9fac847225b4f1b61c16fc3b1\transformed\firebase-auth-interop-20.0.0-runtime\firebase-auth-interop-20.0.0-runtime_dex, C:\Users\sirad\.gradle\caches\8.13\transforms\55276e8c17789c479cf3f39ea02e4658\transformed\firebase-installations-19.0.1-runtime\firebase-installations-19.0.1-runtime_dex, C:\Users\sirad\.gradle\caches\8.13\transforms\a2fa41deab801e6a830abe5cd47e2d7a\transformed\firebase-common-22.0.1-runtime\firebase-common-22.0.1-runtime_dex, C:\Users\sirad\.gradle\caches\8.13\transforms\58504f42f9a019d2f16b6575802fe2f2\transformed\firebase-iid-interop-17.1.0-runtime\firebase-iid-interop-17.1.0-runtime_dex, C:\Users\sirad\.gradle\caches\8.13\transforms\0c10c6ae7e2551a78b3196c5f4c1ff25\transformed\play-services-cloud-messaging-17.2.0-runtime\play-services-cloud-messaging-17.2.0-runtime_dex, C:\Users\sirad\.gradle\caches\8.13\transforms\9e62851bf8362462122990b89b72fb6c\transformed\work-runtime-2.11.0-runtime\work-runtime-2.11.0-runtime_dex, C:\Users\sirad\.gradle\caches\8.13\transforms\84aa62ecf0a073888027fdb7b8db4979\transformed\room-common-jvm-2.8.4\room-common-jvm-2.8.4_dex, C:\Users\sirad\.gradle\caches\8.13\transforms\bc55ffe0dbb230b5d89272a69014b022\transformed\room-runtime-runtime\room-runtime-runtime_dex, C:\Users\sirad\.gradle\caches\8.13\transforms\3618cc995601aafd84c21941d97faf46\transformed\navigationevent-runtime\navigationevent-runtime_dex, C:\Users\sirad\.gradle\caches\8.13\transforms\8340fa6637deefc6254f1f62149079a3\transformed\legacy-support-core-ui-1.0.0-runtime\legacy-support-core-ui-1.0.0-runtime_dex, C:\Users\sirad\.gradle\caches\8.13\transforms\0d15a1e4fc1d4db262d072f2d8d0acea\transformed\slidingpanelayout-1.2.0-runtime\slidingpanelayout-1.2.0-runtime_dex, C:\Users\sirad\.gradle\caches\8.13\transforms\a514a89e89c6a91d27c408a9c91c3e98\transformed\window-1.0.0-runtime\window-1.0.0-runtime_dex, C:\Users\sirad\.gradle\caches\8.13\transforms\5912a65c3aa9705445c6cc4213c6fd4e\transformed\swiperefreshlayout-1.2.0-runtime\swiperefreshlayout-1.2.0-runtime_dex, C:\Users\sirad\.gradle\caches\8.13\transforms\aa962ec3d5f2695c2e483d52d162e5ce\transformed\emoji2-views-helper-1.3.0-runtime\emoji2-views-helper-1.3.0-runtime_dex, C:\Users\sirad\.gradle\caches\8.13\transforms\7d43b033b9cd5695760a0098452ea405\transformed\emoji2-1.3.0-runtime\emoji2-1.3.0-runtime_dex, C:\Users\sirad\.gradle\caches\8.13\transforms\79e78e1004329045bb7f2df2d55f33d3\transformed\drawerlayout-1.1.1-runtime\drawerlayout-1.1.1-runtime_dex, C:\Users\sirad\.gradle\caches\8.13\transforms\931951da6ccbdee058dc9b1b7598a9cb\transformed\coordinatorlayout-1.1.0-runtime\coordinatorlayout-1.1.0-runtime_dex, C:\Users\sirad\.gradle\caches\8.13\transforms\eed6b860d355c12dfe593d6660aa7424\transformed\transition-1.5.0-runtime\transition-1.5.0-runtime_dex, C:\Users\sirad\.gradle\caches\8.13\transforms\5e41a0d4cefc5705e1a86a4dadcc7ac7\transformed\dynamicanimation-1.1.0-runtime\dynamicanimation-1.1.0-runtime_dex, C:\Users\sirad\.gradle\caches\8.13\transforms\e020d053dd07b586510d966f308a128d\transformed\vectordrawable-animated-1.1.0-runtime\vectordrawable-animated-1.1.0-runtime_dex, C:\Users\sirad\.gradle\caches\8.13\transforms\3c5c144ff487a6b4eccae8c9950da110\transformed\vectordrawable-1.1.0-runtime\vectordrawable-1.1.0-runtime_dex, C:\Users\sirad\.gradle\caches\8.13\transforms\a9b15327d9d3914b8e2e5dffac9d8f9d\transformed\graphics-shapes-release-runtime\graphics-shapes-release-runtime_dex, C:\Users\sirad\.gradle\caches\8.13\transforms\006714a1a7c4a05f30f0364ad6b29766\transformed\litr-1.4.16-runtime\litr-1.4.16-runtime_dex, C:\Users\sirad\.gradle\caches\8.13\transforms\9c95f56ccdb709062fceea63b4273f22\transformed\play-services-stats-17.0.2-runtime\play-services-stats-17.0.2-runtime_dex, C:\Users\sirad\.gradle\caches\8.13\transforms\6f5a3ab894be4f9009df07d3c3abc3d0\transformed\legacy-support-core-utils-1.0.0-runtime\legacy-support-core-utils-1.0.0-runtime_dex, C:\Users\sirad\.gradle\caches\8.13\transforms\77ae378534ed834a023ed38e89b48dad\transformed\loader-1.1.0-runtime\loader-1.1.0-runtime_dex, C:\Users\sirad\.gradle\caches\8.13\transforms\7ed4bb9046d77fa6b113578abe8c679a\transformed\lifecycle-service-2.9.0-runtime\lifecycle-service-2.9.0-runtime_dex, C:\Users\sirad\.gradle\caches\8.13\transforms\65a85c2d5ad1d1642975f82e4415bd49\transformed\lifecycle-process-2.9.0-runtime\lifecycle-process-2.9.0-runtime_dex, C:\Users\sirad\.gradle\caches\8.13\transforms\3977fce16ca327c484952c47a3fd959d\transformed\lifecycle-livedata-core-2.9.0-runtime\lifecycle-livedata-core-2.9.0-runtime_dex, C:\Users\sirad\.gradle\caches\8.13\transforms\deccb18859bb8b5f0c2e3077f0a441bb\transformed\lifecycle-livedata-2.9.0-runtime\lifecycle-livedata-2.9.0-runtime_dex, C:\Users\sirad\.gradle\caches\8.13\transforms\87aeb0a1d93c5848506f6a8037e84895\transformed\lifecycle-viewmodel-release-runtime\lifecycle-viewmodel-release-runtime_dex, C:\Users\sirad\.gradle\caches\8.13\transforms\1d3febebdf9a55ad54868a0eba8d970c\transformed\savedstate-release-runtime\savedstate-release-runtime_dex, C:\Users\sirad\.gradle\caches\8.13\transforms\05236f6273109207ccccb2702627f5e8\transformed\lifecycle-common-jvm-2.9.0\lifecycle-common-jvm-2.9.0_dex, C:\Users\sirad\.gradle\caches\8.13\transforms\504a0f5878671f89d3509eb5044cbc10\transformed\lifecycle-viewmodel-savedstate-release-runtime\lifecycle-viewmodel-savedstate-release-runtime_dex, C:\Users\sirad\.gradle\caches\8.13\transforms\9dee4e6d5d3dbe2aca5b11f39a238f11\transformed\ads-adservices-java-1.1.0-beta11-runtime\ads-adservices-java-1.1.0-beta11-runtime_dex, C:\Users\sirad\.gradle\caches\8.13\transforms\1204ed9128df53888fda37b3aeb74747\transformed\ads-adservices-1.1.0-beta11-runtime\ads-adservices-1.1.0-beta11-runtime_dex, C:\Users\sirad\.gradle\caches\8.13\transforms\51a5ad4c72af6acbace80c56ef9b518f\transformed\media3-exoplayer-dash-1.1.1-runtime\media3-exoplayer-dash-1.1.1-runtime_dex, C:\Users\sirad\.gradle\caches\8.13\transforms\c0baf2e5eedf293b6c2da8e7b3ca2650\transformed\media3-exoplayer-hls-1.1.1-runtime\media3-exoplayer-hls-1.1.1-runtime_dex, C:\Users\sirad\.gradle\caches\8.13\transforms\407a35608fa9516f285a4db9828f2ebd\transformed\media3-exoplayer-1.1.1-runtime\media3-exoplayer-1.1.1-runtime_dex, C:\Users\sirad\.gradle\caches\8.13\transforms\5879849bba82b0c3de53e89bc78bd2bd\transformed\media3-extractor-1.1.1-runtime\media3-extractor-1.1.1-runtime_dex, C:\Users\sirad\.gradle\caches\8.13\transforms\f2dab30746b984cbaee6b39e8224c0f0\transformed\media3-container-1.1.1-runtime\media3-container-1.1.1-runtime_dex, C:\Users\sirad\.gradle\caches\8.13\transforms\eabbd562b9eb461d6857d17729e64a5c\transformed\media3-datasource-1.1.1-runtime\media3-datasource-1.1.1-runtime_dex, C:\Users\sirad\.gradle\caches\8.13\transforms\6daee2cdc452a0f51702b3851fbacccf\transformed\media3-decoder-1.1.1-runtime\media3-decoder-1.1.1-runtime_dex, C:\Users\sirad\.gradle\caches\8.13\transforms\56f8b16fce9176ab18aebb9358e0f51e\transformed\media3-database-1.1.1-runtime\media3-database-1.1.1-runtime_dex, C:\Users\sirad\.gradle\caches\8.13\transforms\803afa185be7d2b899c337fa264c4ade\transformed\media3-common-1.1.1-runtime\media3-common-1.1.1-runtime_dex, C:\Users\sirad\.gradle\caches\8.13\transforms\5f04668d99caa13b72b6c40d633298be\transformed\media3-ui-1.1.1-runtime\media3-ui-1.1.1-runtime_dex, C:\Users\sirad\.gradle\caches\8.13\transforms\181d3fda98c379ff58a435689f89ddb9\transformed\recyclerview-1.3.0-runtime\recyclerview-1.3.0-runtime_dex, C:\Users\sirad\.gradle\caches\8.13\transforms\d793d191257594ebaf713a244f09f717\transformed\customview-poolingcontainer-1.0.0-runtime\customview-poolingcontainer-1.0.0-runtime_dex, C:\Users\sirad\.gradle\caches\8.13\transforms\d96fb043ca1397b8679b2e833d77690c\transformed\core-ktx-1.16.0-runtime\core-ktx-1.16.0-runtime_dex, C:\Users\sirad\.gradle\caches\8.13\transforms\c1f18c5139feaf9f033059ce2387e07d\transformed\viewpager-1.0.0-runtime\viewpager-1.0.0-runtime_dex, C:\Users\sirad\.gradle\caches\8.13\transforms\e4171c94830451d5cb37971f8fe96eda\transformed\customview-1.1.0-runtime\customview-1.1.0-runtime_dex, C:\Users\sirad\.gradle\caches\8.13\transforms\e41d48d997dc31becf5c52737bcd41c4\transformed\browser-1.4.0-runtime\browser-1.4.0-runtime_dex, C:\Users\sirad\.gradle\caches\8.13\transforms\793e6063f6d897340265af6873f03f9b\transformed\media-1.6.0-runtime\media-1.6.0-runtime_dex, C:\Users\sirad\.gradle\caches\8.13\transforms\2196fac1d1f26bfd6a397291936fcef0\transformed\fresco-3.6.0-runtime\fresco-3.6.0-runtime_dex, C:\Users\sirad\.gradle\caches\8.13\transforms\52c21e8f81cc5e61cad9406848702e56\transformed\drawee-3.6.0-runtime\drawee-3.6.0-runtime_dex, C:\Users\sirad\.gradle\caches\8.13\transforms\3c8bfb82a370c6de849eb65b37f70a71\transformed\nativeimagefilters-3.6.0-runtime\nativeimagefilters-3.6.0-runtime_dex, C:\Users\sirad\.gradle\caches\8.13\transforms\3b6000451bd14d239f33c328d4249088\transformed\memory-type-native-3.6.0-runtime\memory-type-native-3.6.0-runtime_dex, C:\Users\sirad\.gradle\caches\8.13\transforms\b3ce664bc5b51e2dfd2f7c817bf0ea6e\transformed\memory-type-java-3.6.0-runtime\memory-type-java-3.6.0-runtime_dex, C:\Users\sirad\.gradle\caches\8.13\transforms\7c82405f38445b3c659eb1536b33dbea\transformed\imagepipeline-native-3.6.0-runtime\imagepipeline-native-3.6.0-runtime_dex, C:\Users\sirad\.gradle\caches\8.13\transforms\bd48fa1a201ee8e4ba456f5e8e74a27e\transformed\memory-type-ashmem-3.6.0-runtime\memory-type-ashmem-3.6.0-runtime_dex, C:\Users\sirad\.gradle\caches\8.13\transforms\6a84bcfa476b83c02070660d8cea2e9e\transformed\imagepipeline-3.6.0-runtime\imagepipeline-3.6.0-runtime_dex, C:\Users\sirad\.gradle\caches\8.13\transforms\f2e674072c1e25f156068771ba71ee33\transformed\nativeimagetranscoder-3.6.0-runtime\nativeimagetranscoder-3.6.0-runtime_dex, C:\Users\sirad\.gradle\caches\8.13\transforms\9cf053e46f14ddd054371b63fe1e4833\transformed\imagepipeline-base-3.6.0-runtime\imagepipeline-base-3.6.0-runtime_dex, C:\Users\sirad\.gradle\caches\8.13\transforms\9673c6ea2427c2dcb715daa00863acdf\transformed\urimod-3.6.0-runtime\urimod-3.6.0-runtime_dex, C:\Users\sirad\.gradle\caches\8.13\transforms\aaac56dfc9ec9ff0b9026007250cbfaf\transformed\vito-source-3.6.0-runtime\vito-source-3.6.0-runtime_dex, C:\Users\sirad\.gradle\caches\8.13\transforms\8d3d073d30d622d5f47519c7d580828c\transformed\middleware-3.6.0-runtime\middleware-3.6.0-runtime_dex, C:\Users\sirad\.gradle\caches\8.13\transforms\88d83b2db68dc4d79cdcc8a0f8feec70\transformed\ui-common-3.6.0-runtime\ui-common-3.6.0-runtime_dex, C:\Users\sirad\.gradle\caches\8.13\transforms\7a4293fe559121128d40f170d830e906\transformed\fbcore-3.6.0-runtime\fbcore-3.6.0-runtime_dex, C:\Users\sirad\.gradle\caches\8.13\transforms\3872c8c1d9869627d24ee1aa02006722\transformed\asynclayoutinflater-1.0.0-runtime\asynclayoutinflater-1.0.0-runtime_dex, C:\Users\sirad\.gradle\caches\8.13\transforms\456cf0694a4c5ec831da2bcbcc2f8232\transformed\core-1.16.0-runtime\core-1.16.0-runtime_dex, C:\Users\sirad\.gradle\caches\8.13\transforms\dbf543ed708344e7237936b873c91dd7\transformed\lifecycle-runtime-release-runtime\lifecycle-runtime-release-runtime_dex, C:\Users\sirad\.gradle\caches\8.13\transforms\0fca473eb26f918ff3b6c1ba7e7cbfab\transformed\kotlinx-coroutines-android-1.9.0\kotlinx-coroutines-android-1.9.0_dex, C:\Users\sirad\.gradle\caches\8.13\transforms\8a5d62627b30f895206db6ec4fd9c9af\transformed\concurrent-futures-ktx-1.1.0\concurrent-futures-ktx-1.1.0_dex, C:\Users\sirad\.gradle\caches\8.13\transforms\926ce05f4085535a4d5ad3561677181e\transformed\datastore-preferences-external-protobuf-1.1.7\datastore-preferences-external-protobuf-1.1.7_dex, C:\Users\sirad\.gradle\caches\8.13\transforms\7cdcf1cf82d6e91b58c453a79b47450c\transformed\datastore-core-okio-jvm-1.1.7\datastore-core-okio-jvm-1.1.7_dex, C:\Users\sirad\.gradle\caches\8.13\transforms\4546c47bb8136dbafc9dcea106927417\transformed\datastore-core-release-runtime\datastore-core-release-runtime_dex, C:\Users\sirad\.gradle\caches\8.13\transforms\70cd48bef2598d83dd3ddecd115cff26\transformed\datastore-preferences-proto-1.1.7\datastore-preferences-proto-1.1.7_dex, C:\Users\sirad\.gradle\caches\8.13\transforms\ef927ec41cd7e0ae9372efa1163c187d\transformed\datastore-preferences-core-release-runtime\datastore-preferences-core-release-runtime_dex, C:\Users\sirad\.gradle\caches\8.13\transforms\0c41207f0464266b7adb73968b00c7a8\transformed\datastore-release-runtime\datastore-release-runtime_dex, C:\Users\sirad\.gradle\caches\8.13\transforms\2c4383780d65a020f43aa7e7ae140c3f\transformed\datastore-preferences-release-runtime\datastore-preferences-release-runtime_dex, C:\Users\sirad\.gradle\caches\8.13\transforms\f0da5a8a5722c375d4b9c23ef39fa413\transformed\kotlinx-coroutines-core-jvm-1.9.0\kotlinx-coroutines-core-jvm-1.9.0_dex, C:\Users\sirad\.gradle\caches\8.13\transforms\15cb47755137d2cb60e15ce8d885bb81\transformed\kotlinx-coroutines-play-services-1.9.0\kotlinx-coroutines-play-services-1.9.0_dex, C:\Users\sirad\.gradle\caches\8.13\transforms\3821a7399626849c812ae6058bd902a9\transformed\firebase-installations-interop-17.1.1-runtime\firebase-installations-interop-17.1.1-runtime_dex, C:\Users\sirad\.gradle\caches\8.13\transforms\1b1f34abe8aafbed208158c7c1c8bf5a\transformed\play-services-tasks-18.2.0-runtime\play-services-tasks-18.2.0-runtime_dex, C:\Users\sirad\.gradle\caches\8.13\transforms\b06465a5fd73242e3afad382b7302ea4\transformed\firebase-measurement-connector-19.0.0-runtime\firebase-measurement-connector-19.0.0-runtime_dex, C:\Users\sirad\.gradle\caches\8.13\transforms\143b7969c765ff09b986a3e5726da1b4\transformed\play-services-ads-identifier-18.0.0-runtime\play-services-ads-identifier-18.0.0-runtime_dex, C:\Users\sirad\.gradle\caches\8.13\transforms\ce06b680f607700d5ed179bee4ba4d81\transformed\play-services-measurement-sdk-api-23.0.0-runtime\play-services-measurement-sdk-api-23.0.0-runtime_dex, C:\Users\sirad\.gradle\caches\8.13\transforms\0b544daa3619e2f06473e251ca9f09bb\transformed\play-services-measurement-base-23.0.0-runtime\play-services-measurement-base-23.0.0-runtime_dex, C:\Users\sirad\.gradle\caches\8.13\transforms\7bbee65d8358e608f5c91c271d997566\transformed\play-services-basement-18.8.0-runtime\play-services-basement-18.8.0-runtime_dex, C:\Users\sirad\.gradle\caches\8.13\transforms\ea4b58e9086db06c986d2ac492382820\transformed\fragment-1.6.2-runtime\fragment-1.6.2-runtime_dex, C:\Users\sirad\.gradle\caches\8.13\transforms\92134357d2e75edf3a0f20b173e1d5e5\transformed\activity-1.12.2-runtime\activity-1.12.2-runtime_dex, C:\Users\sirad\.gradle\caches\8.13\transforms\b27dec02281dc4ebebce8ce4f7346502\transformed\converter-gson-3.0.0\converter-gson-3.0.0_dex, C:\Users\sirad\.gradle\caches\8.13\transforms\88a9753441b32d5560b56ed914728756\transformed\retrofit-3.0.0\retrofit-3.0.0_dex, C:\Users\sirad\.gradle\caches\8.13\transforms\c79e4c8d82e7b5654ad46a0a16ab3ae3\transformed\okhttp-4.12.0\okhttp-4.12.0_dex, C:\Users\sirad\.gradle\caches\8.13\transforms\37db0d787522b316df3e006dfd071cf4\transformed\googleid-1.1.0-runtime\googleid-1.1.0-runtime_dex, C:\Users\sirad\.gradle\caches\8.13\transforms\beabc0290be2ad4e85b43396a7c4225d\transformed\grpc-okhttp-1.62.2\grpc-okhttp-1.62.2_dex, C:\Users\sirad\.gradle\caches\8.13\transforms\5d7815a780ecf0f40b065f3f99759293\transformed\okio-jvm-3.6.0\okio-jvm-3.6.0_dex, C:\Users\sirad\.gradle\caches\8.13\transforms\c168881f038cca985b65443d3ab762dc\transformed\core-viewtree-1.0.0-runtime\core-viewtree-1.0.0-runtime_dex, C:\Users\sirad\.gradle\caches\8.13\transforms\197eff43fbc907773aa81842e18faf65\transformed\kotlinx-serialization-core-jvm-1.7.3\kotlinx-serialization-core-jvm-1.7.3_dex, C:\Users\sirad\.gradle\caches\8.13\transforms\839aaa5ba6ab201800019f8aa66e82ef\transformed\profileinstaller-1.4.0-runtime\profileinstaller-1.4.0-runtime_dex, C:\Users\sirad\.gradle\caches\8.13\transforms\7190aa0105c57e6c630a1a72b64a6ea2\transformed\startup-runtime-1.1.1-runtime\startup-runtime-1.1.1-runtime_dex, C:\Users\sirad\.gradle\caches\8.13\transforms\3acdcf3fb008a13287e4d73700410d0a\transformed\tracing-1.2.0-runtime\tracing-1.2.0-runtime_dex, C:\Users\sirad\.gradle\caches\8.13\transforms\6db162aff59cc082e5a608b28b072202\transformed\tracing-ktx-1.2.0-runtime\tracing-ktx-1.2.0-runtime_dex, C:\Users\sirad\.gradle\caches\8.13\transforms\339e97c7057692d689d436f391beb506\transformed\annotation-experimental-1.5.0-runtime\annotation-experimental-1.5.0-runtime_dex, C:\Users\sirad\.gradle\caches\8.13\transforms\f86e4303e025be322c36bb5362010166\transformed\ui-core-3.6.0-runtime\ui-core-3.6.0-runtime_dex, C:\Users\sirad\.gradle\caches\8.13\transforms\caf37f5ac6c11afaf18727a4edd51398\transformed\shimmer-0.5.0-runtime\shimmer-0.5.0-runtime_dex, C:\Users\sirad\.gradle\caches\8.13\transforms\03d06a1a7a8b043bc9d9b7fc9ca706ae\transformed\cursoradapter-1.0.0-runtime\cursoradapter-1.0.0-runtime_dex, C:\Users\sirad\.gradle\caches\8.13\transforms\70a5dc5a83030ce272570cfbebda6430\transformed\resourceinspection-annotation-1.0.1\resourceinspection-annotation-1.0.1_dex, C:\Users\sirad\.gradle\caches\8.13\transforms\465a7295ed08227d087f38e2ce09c2c8\transformed\cardview-1.0.0-runtime\cardview-1.0.0-runtime_dex, C:\Users\sirad\.gradle\caches\8.13\transforms\064741cb93a71e861ffd02478971a591\transformed\constraintlayout-core-1.1.1\constraintlayout-core-1.1.1_dex, C:\Users\sirad\.gradle\caches\8.13\transforms\dbce1589e1bb06f564a3eb447d2b685c\transformed\interpolator-1.0.0-runtime\interpolator-1.0.0-runtime_dex, C:\Users\sirad\.gradle\caches\8.13\transforms\d82163439a9968d5d6cb9319f98c46d6\transformed\gifdecoder-5.0.5-runtime\gifdecoder-5.0.5-runtime_dex, C:\Users\sirad\.gradle\caches\8.13\transforms\2562e4960db9a18a90d041caf660fd6d\transformed\exifinterface-1.3.6-runtime\exifinterface-1.3.6-runtime_dex, C:\Users\sirad\.gradle\caches\8.13\transforms\7901f5680b1c2ed2554dbe356509caa1\transformed\core-runtime-2.2.0-runtime\core-runtime-2.2.0-runtime_dex, C:\Users\sirad\.gradle\caches\8.13\transforms\d6fd4b74794fddb993864c9d38007321\transformed\concurrent-futures-1.1.0\concurrent-futures-1.1.0_dex, C:\Users\sirad\.gradle\caches\8.13\transforms\096d17939c3468b203b7bba33cf78805\transformed\localbroadcastmanager-1.0.0-runtime\localbroadcastmanager-1.0.0-runtime_dex, C:\Users\sirad\.gradle\caches\8.13\transforms\9e4d7393a76d5123d1b2c873faa4684c\transformed\firebase-components-19.0.0-runtime\firebase-components-19.0.0-runtime_dex, C:\Users\sirad\.gradle\caches\8.13\transforms\50b8f7327701738065e10bf646f3239c\transformed\firebase-datatransport-18.2.0-runtime\firebase-datatransport-18.2.0-runtime_dex, C:\Users\sirad\.gradle\caches\8.13\transforms\443c4d9ee8b21575d41c6d1157dd0236\transformed\transport-backend-cct-3.1.9-runtime\transport-backend-cct-3.1.9-runtime_dex, C:\Users\sirad\.gradle\caches\8.13\transforms\9b2e8d055dee3ae609e058a02e50947b\transformed\firebase-encoders-json-18.0.0-runtime\firebase-encoders-json-18.0.0-runtime_dex, C:\Users\sirad\.gradle\caches\8.13\transforms\388f5a7b84add26da21fe458a648e761\transformed\transport-runtime-3.1.9-runtime\transport-runtime-3.1.9-runtime_dex, C:\Users\sirad\.gradle\caches\8.13\transforms\544ce22e945646da2379eae46b2a67ab\transformed\firebase-encoders-proto-16.0.0\firebase-encoders-proto-16.0.0_dex, C:\Users\sirad\.gradle\caches\8.13\transforms\ed39840cdd0b5f78f90d97671172b878\transformed\transport-api-3.1.0-runtime\transport-api-3.1.0-runtime_dex, C:\Users\sirad\.gradle\caches\8.13\transforms\7b63b8bff709e4e7114d9bdc4bc4163f\transformed\firebase-encoders-17.0.0\firebase-encoders-17.0.0_dex, C:\Users\sirad\.gradle\caches\8.13\transforms\e1c1091ef6bddeefd4c26defb3cb64c6\transformed\core-common-2.2.0\core-common-2.2.0_dex, C:\Users\sirad\.gradle\caches\8.13\transforms\dfc0f29077210ddab09ef4562e07038a\transformed\versionedparcelable-1.1.1-runtime\versionedparcelable-1.1.1-runtime_dex, C:\Users\sirad\.gradle\caches\8.13\transforms\64bd42334e642b8c1ef8ff13c63390de\transformed\collection-jvm-1.5.0\collection-jvm-1.5.0_dex, C:\Users\sirad\.gradle\caches\8.13\transforms\f5e8fb5d0f3c6c229074e59b98b6d5a1\transformed\sqlite-framework-runtime\sqlite-framework-runtime_dex, C:\Users\sirad\.gradle\caches\8.13\transforms\d1489971ed8c03ec234cde6ffd7211f0\transformed\sqlite-runtime\sqlite-runtime_dex, C:\Users\sirad\.gradle\caches\8.13\transforms\f5e5961dd956f5210367423b99f6d80d\transformed\documentfile-1.0.0-runtime\documentfile-1.0.0-runtime_dex, C:\Users\sirad\.gradle\caches\8.13\transforms\cf581b35573edd290a57f00ad7ace9d9\transformed\print-1.0.0-runtime\print-1.0.0-runtime_dex, C:\Users\sirad\.gradle\caches\8.13\transforms\a8e4aae24f8d6f5a75bac966c7245844\transformed\annotation-jvm-1.9.1\annotation-jvm-1.9.1_dex, C:\Users\sirad\.gradle\caches\8.13\transforms\354403ad095442e64cae70e9670bfdb7\transformed\runtime-annotation-runtime\runtime-annotation-runtime_dex, C:\Users\sirad\.gradle\caches\8.13\transforms\a4f21e254e316d833bfaf489003a7433\transformed\kotlin-parcelize-runtime-1.9.22\kotlin-parcelize-runtime-1.9.22_dex, C:\Users\sirad\.gradle\caches\8.13\transforms\d0c5d79090efad9d29819254697b81a3\transformed\kotlin-android-extensions-runtime-1.9.22\kotlin-android-extensions-runtime-1.9.22_dex, C:\Users\sirad\.gradle\caches\8.13\transforms\da557e247ee3e7f1a1567c80b636527b\transformed\kotlin-stdlib-2.1.21\kotlin-stdlib-2.1.21_dex, C:\Users\sirad\.gradle\caches\8.13\transforms\6d6e74555bcea943b8b704f18d906902\transformed\sqlite-jdbc-3.36.0.3\sqlite-jdbc-3.36.0.3_dex, C:\Users\sirad\.gradle\caches\8.13\transforms\b03bd2ee44374e9e1135b27775819d83\transformed\circleimageview-3.1.0-runtime\circleimageview-3.1.0-runtime_dex, C:\Users\sirad\.gradle\caches\8.13\transforms\10665009ee3de48e8455092b00167598\transformed\annotations-23.0.0\annotations-23.0.0_dex, C:\Users\sirad\.gradle\caches\8.13\transforms\f675b03fe03acb39a4c6ff0f273c0f4e\transformed\grpc-android-1.62.2-runtime\grpc-android-1.62.2-runtime_dex, C:\Users\sirad\.gradle\caches\8.13\transforms\214f65661d704892b3bbd0cb8d012a46\transformed\grpc-util-1.62.2\grpc-util-1.62.2_dex, C:\Users\sirad\.gradle\caches\8.13\transforms\adf2ff97a1645c0eca1c7801b8f3afc3\transformed\grpc-core-1.62.2\grpc-core-1.62.2_dex, C:\Users\sirad\.gradle\caches\8.13\transforms\1c67be64c131771bcc172af29c9937df\transformed\gson-2.13.1\gson-2.13.1_dex, C:\Users\sirad\.gradle\caches\8.13\transforms\74f91e358ba7485fc934c37f811daec1\transformed\grpc-stub-1.62.2\grpc-stub-1.62.2_dex, C:\Users\sirad\.gradle\caches\8.13\transforms\f8738961282f7ba64fc139a29ed2a73d\transformed\grpc-protobuf-lite-1.62.2\grpc-protobuf-lite-1.62.2_dex, C:\Users\sirad\.gradle\caches\8.13\transforms\f255ca0b3bd78ac32034b879c15e29d6\transformed\grpc-api-1.62.2\grpc-api-1.62.2_dex, C:\Users\sirad\.gradle\caches\8.13\transforms\5fefa264fcb8b5afc8185c7e43e7f13b\transformed\guava-32.1.3-android\guava-32.1.3-android_dex, C:\Users\sirad\.gradle\caches\8.13\transforms\3fad1452cde6e6240b191ce718dda7f0\transformed\error_prone_annotations-2.38.0\error_prone_annotations-2.38.0_dex, C:\Users\sirad\.gradle\caches\8.13\transforms\af7523a84518cfc9d3d39b279f5ccb79\transformed\jspecify-1.0.0\jspecify-1.0.0_dex, C:\Users\sirad\.gradle\caches\8.13\transforms\938000d2951eabb916e2f11469c20481\transformed\disklrucache-5.0.5-runtime\disklrucache-5.0.5-runtime_dex, C:\Users\sirad\.gradle\caches\8.13\transforms\bffd7a5f3b0ee2b2e6cd99047870216b\transformed\annotations-5.0.5\annotations-5.0.5_dex, C:\Users\sirad\.gradle\caches\8.13\transforms\9755af8d404a84a6bb25c940a86f0107\transformed\full-rtc-basic-4.6.1-runtime\full-rtc-basic-4.6.1-runtime_dex, C:\Users\sirad\.gradle\caches\8.13\transforms\697fa5fe53383f7a70298057eb0cceef\transformed\full-screen-sharing-4.6.1-runtime\full-screen-sharing-4.6.1-runtime_dex, C:\Users\sirad\.gradle\caches\8.13\transforms\fb2b969881053e375a975173273f83db\transformed\firebase-annotations-17.0.0\firebase-annotations-17.0.0_dex, C:\Users\sirad\.gradle\caches\8.13\transforms\64bc9f80c64702bd8ce760532c0de4f6\transformed\protolite-well-known-types-18.0.1-runtime\protolite-well-known-types-18.0.1-runtime_dex, C:\Users\sirad\.gradle\caches\8.13\transforms\107d95b8d5da9f0b86a472df774d37db\transformed\cloudinary-core-2.3.0\cloudinary-core-2.3.0_dex, C:\Users\sirad\.gradle\caches\8.13\transforms\4a275b5256c55dd14ca3dcebde262bbe\transformed\core-common-2.0.3-runtime\core-common-2.0.3-runtime_dex, C:\Users\sirad\.gradle\caches\8.13\transforms\f616e7a854f41fa5692ed986d4f22581\transformed\javax.inject-1\javax.inject-1_dex, C:\Users\sirad\.gradle\caches\8.13\transforms\fa77a8cfc177c7289525b372f68e07d1\transformed\protobuf-javalite-3.25.5\protobuf-javalite-3.25.5_dex, C:\Users\sirad\.gradle\caches\8.13\transforms\bf02e2cc5eb983d6a7dd5acd45fcc339\transformed\perfmark-api-0.26.0\perfmark-api-0.26.0_dex, C:\Users\sirad\.gradle\caches\8.13\transforms\66173b3a99e75c7077ded20849986c38\transformed\infer-annotation-0.18.0\infer-annotation-0.18.0_dex, C:\Users\sirad\.gradle\caches\8.13\transforms\5787a842ed819e641c642ee02d1ee426\transformed\jsr305-3.0.2\jsr305-3.0.2_dex, C:\Users\sirad\.gradle\caches\8.13\transforms\738d3c2e36fd2b159affca6166e42ac3\transformed\soloader-0.11.0-runtime\soloader-0.11.0-runtime_dex, C:\Users\sirad\.gradle\caches\8.13\transforms\578fec9dd3327732d2ad91b1918abfe7\transformed\nativeloader-0.11.0\nativeloader-0.11.0_dex, C:\Users\sirad\.gradle\caches\8.13\transforms\235121fc15e94f454a9a2452c852a1bf\transformed\failureaccess-1.0.1\failureaccess-1.0.1_dex, C:\Users\sirad\.gradle\caches\8.13\transforms\7d3eedb07e24f4f3694f954ab83a4ba8\transformed\checker-qual-3.37.0\checker-qual-3.37.0_dex, C:\Users\sirad\.gradle\caches\8.13\transforms\dd93cffb7748205e2b94250b3de27773\transformed\annotations-4.1.1.4\annotations-4.1.1.4_dex, C:\Users\sirad\.gradle\caches\8.13\transforms\cfbe4e9bd920942fe4be768a4eefc2f0\transformed\animal-sniffer-annotations-1.23\animal-sniffer-annotations-1.23_dex, C:\Users\sirad\.gradle\caches\8.13\transforms\b815b22b3071c9bcd9a91a23c727c4b9\transformed\annotation-0.11.0\annotation-0.11.0_dex, C:\Users\sirad\.gradle\caches\8.13\transforms\c49dc367e7f93e70c794905ba6777c12\transformed\bolts-tasks-1.4.0\bolts-tasks-1.4.0_dex, C:\Users\sirad\.gradle\caches\8.13\transforms\b6384ecda71cafc8dd5e937f68e0bd7a\transformed\kotlin-annotations-jvm-1.3.72\kotlin-annotations-jvm-1.3.72_dex, and from all global synthetics files in 

> Task :app:kaptGenerateStubsDebugKotlin
Adding -Xuse-inline-scopes-numbers Kotlin compiler flag for task :app:compileDebugAndroidTestKotlin
GradleBuildProject.Builder should not be accessed through AnalyticsConfiguratorService after AnalyticsService is created. Analytics information of this build might be incomplete.
Caching disabled for BuildToolsApiClasspathEntrySnapshotTransform: C:\Users\sirad\.gradle\caches\modules-2\files-2.1\org.xerial\sqlite-jdbc\3.36.0.3\7fa71c4dfab806490cb909714fb41373ec552c29\sqlite-jdbc-3.36.0.3.jar because:
  Build cache is disabled
Caching disabled for BuildToolsApiClasspathEntrySnapshotTransform: D:\Code\android_app\ieeeconnect\app\build\intermediates\compile_and_runtime_not_namespaced_r_class_jar\debug\processDebugResources\R.jar because:
  Build cache is disabled
Registered task dependencies: app:kotlinCompilerClasspath
Starting dependency analysis
Registered task dependencies: app:kotlinCompilerPluginClasspathDebug
Starting dependency analysis
Caching disabled for task ':app:kaptGenerateStubsDebugKotlin' because:
  Build cache is disabled
Task ':app:kaptGenerateStubsDebugKotlin' is not up-to-date because:
  Input property 'classpathSnapshotProperties.classpathSnapshot' file C:\Users\sirad\.gradle\caches\8.13\transforms\35ad0c551cf105dc69bf051211da1b59\transformed\R_jar-snapshot.bin has been removed.
  Input property 'classpathSnapshotProperties.classpathSnapshot' file C:\Users\sirad\.gradle\caches\8.13\transforms\cd4c956d0d46a62a0c77d4501494f236\transformed\R_jar-snapshot.bin has been added.
  Input property 'classpathSnapshotProperties.classpathSnapshot' file C:\Users\sirad\.gradle\caches\8.13\transforms\123b6abc5e4a73d4e8e5de643059d2a9\transformed\sqlite-jdbc-3_42_0_0_jar-snapshot.bin has been removed.
  and more...
file or directory 'D:\Code\android_app\ieeeconnect\app\src\debug\kotlin', not found
file or directory 'D:\Code\android_app\ieeeconnect\app\src\debug\java', not found
file or directory 'D:\Code\android_app\ieeeconnect\app\src\debug\kotlin', not found
file or directory 'D:\Code\android_app\ieeeconnect\app\src\debug\kotlin', not found
file or directory 'D:\Code\android_app\ieeeconnect\app\src\debug\java', not found
file or directory 'D:\Code\android_app\ieeeconnect\app\src\main\kotlin', not found
file or directory 'D:\Code\android_app\ieeeconnect\app\src\main\kotlin', not found
file or directory 'D:\Code\android_app\ieeeconnect\app\src\main\kotlin', not found
file or directory 'D:\Code\android_app\ieeeconnect\app\src\main\kotlin', not found
file or directory 'D:\Code\android_app\ieeeconnect\app\src\main\kotlin', not found
file or directory 'D:\Code\android_app\ieeeconnect\app\src\main\kotlin', not found
file or directory 'D:\Code\android_app\ieeeconnect\app\src\debug\kotlin', not found
file or directory 'D:\Code\android_app\ieeeconnect\app\src\debug\java', not found
file or directory 'D:\Code\android_app\ieeeconnect\app\src\debug\kotlin', not found
file or directory 'D:\Code\android_app\ieeeconnect\app\src\debug\kotlin', not found
file or directory 'D:\Code\android_app\ieeeconnect\app\src\debug\java', not found
file or directory 'D:\Code\android_app\ieeeconnect\app\src\debug\java', not found
file or directory 'D:\Code\android_app\ieeeconnect\app\src\debug\kotlin', not found
file or directory 'D:\Code\android_app\ieeeconnect\app\src\debug\java', not found
file or directory 'D:\Code\android_app\ieeeconnect\app\src\debug\kotlin', not found
file or directory 'D:\Code\android_app\ieeeconnect\app\src\debug\kotlin', not found
file or directory 'D:\Code\android_app\ieeeconnect\app\src\debug\java', not found
file or directory 'D:\Code\android_app\ieeeconnect\app\src\main\kotlin', not found
file or directory 'D:\Code\android_app\ieeeconnect\app\src\main\kotlin', not found
file or directory 'D:\Code\android_app\ieeeconnect\app\src\main\kotlin', not found
file or directory 'D:\Code\android_app\ieeeconnect\app\src\main\kotlin', not found
file or directory 'D:\Code\android_app\ieeeconnect\app\src\main\kotlin', not found
file or directory 'D:\Code\android_app\ieeeconnect\app\src\main\kotlin', not found
file or directory 'D:\Code\android_app\ieeeconnect\app\src\debug\kotlin', not found
file or directory 'D:\Code\android_app\ieeeconnect\app\src\debug\java', not found
file or directory 'D:\Code\android_app\ieeeconnect\app\src\debug\kotlin', not found
file or directory 'D:\Code\android_app\ieeeconnect\app\src\debug\kotlin', not found
file or directory 'D:\Code\android_app\ieeeconnect\app\src\debug\java', not found
file or directory 'D:\Code\android_app\ieeeconnect\app\src\debug\java', not found
file or directory 'D:\Code\android_app\ieeeconnect\app\src\debug\kotlin', not found
file or directory 'D:\Code\android_app\ieeeconnect\app\src\debug\java', not found
file or directory 'D:\Code\android_app\ieeeconnect\app\src\debug\kotlin', not found
file or directory 'D:\Code\android_app\ieeeconnect\app\src\debug\kotlin', not found
file or directory 'D:\Code\android_app\ieeeconnect\app\src\debug\java', not found
file or directory 'D:\Code\android_app\ieeeconnect\app\src\main\kotlin', not found
file or directory 'D:\Code\android_app\ieeeconnect\app\src\main\kotlin', not found
file or directory 'D:\Code\android_app\ieeeconnect\app\src\main\kotlin', not found
file or directory 'D:\Code\android_app\ieeeconnect\app\src\main\kotlin', not found
file or directory 'D:\Code\android_app\ieeeconnect\app\src\main\kotlin', not found
file or directory 'D:\Code\android_app\ieeeconnect\app\src\main\kotlin', not found
file or directory 'D:\Code\android_app\ieeeconnect\app\src\debug\kotlin', not found
file or directory 'D:\Code\android_app\ieeeconnect\app\src\debug\java', not found
file or directory 'D:\Code\android_app\ieeeconnect\app\src\debug\kotlin', not found
file or directory 'D:\Code\android_app\ieeeconnect\app\src\debug\kotlin', not found
file or directory 'D:\Code\android_app\ieeeconnect\app\src\debug\java', not found
file or directory 'D:\Code\android_app\ieeeconnect\app\src\debug\java', not found
Using Kotlin/JVM incremental compilation
[KOTLIN] Kotlin compilation 'jdkHome' argument: null
Options for KOTLIN DAEMON: IncrementalCompilationOptions(super=CompilationOptions(compilerMode=INCREMENTAL_COMPILER, targetPlatform=JVM, reportCategories=[0, 3], reportSeverity=2, requestedCompilationResults=[0], kotlinScriptExtensions=[]), sourceChanges=org.jetbrains.kotlin.buildtools.api.SourcesChanges$Known@75dd9767, classpathChanges=ToBeComputedByIncrementalCompiler, workingDir=D:\Code\android_app\ieeeconnect\app\build\kotlin\kaptGenerateStubsDebugKotlin\cacheable, multiModuleICSettings=MultiModuleICSettings(buildHistoryFile=D:\Code\android_app\ieeeconnect\app\build\kotlin\kaptGenerateStubsDebugKotlin\local-state\build-history.bin, useModuleDetection=true), usePreciseJavaTracking=true, icFeatures=IncrementalCompilationFeatures(withAbiSnapshot=false, preciseCompilationResultsBackup=true, keepIncrementalCompilationCachesInMemory=true, enableUnsafeIncrementalCompilationForMultiplatform=false, enableMonotonousIncrementalCompileSetExpansion=true), outputFiles=[D:\Code\android_app\ieeeconnect\app\build\tmp\kapt3\incrementalData\debug, D:\Code\android_app\ieeeconnect\app\build\tmp\kapt3\stubs\debug, D:\Code\android_app\ieeeconnect\app\build\kotlin\kaptGenerateStubsDebugKotlin\cacheable, D:\Code\android_app\ieeeconnect\app\build\kotlin\kaptGenerateStubsDebugKotlin\local-state])
Finished executing kotlin compiler using DAEMON strategy
Resolve mutations for :app:kaptDebugKotlin (Thread[Execution worker Thread 9,5,main]) started.
:app:kaptDebugKotlin (Thread[Execution worker Thread 11,5,main]) started.

> Task :app:kaptDebugKotlin
Caching disabled for StructureTransformAction: D:\Code\android_app\ieeeconnect\app\build\intermediates\compile_and_runtime_not_namespaced_r_class_jar\debug\processDebugResources\R.jar because:
  Build cache is disabled
Caching disabled for StructureTransformAction: C:\Users\sirad\.gradle\caches\modules-2\files-2.1\org.xerial\sqlite-jdbc\3.36.0.3\7fa71c4dfab806490cb909714fb41373ec552c29\sqlite-jdbc-3.36.0.3.jar because:
  Build cache is disabled
file or directory 'D:\Code\android_app\ieeeconnect\app\src\debug\kotlin', not found
file or directory 'D:\Code\android_app\ieeeconnect\app\src\debug\java', not found
file or directory 'D:\Code\android_app\ieeeconnect\app\src\debug\kotlin', not found
file or directory 'D:\Code\android_app\ieeeconnect\app\src\debug\kotlin', not found
file or directory 'D:\Code\android_app\ieeeconnect\app\src\debug\java', not found
file or directory 'D:\Code\android_app\ieeeconnect\app\src\main\kotlin', not found
file or directory 'D:\Code\android_app\ieeeconnect\app\src\main\kotlin', not found
file or directory 'D:\Code\android_app\ieeeconnect\app\src\main\kotlin', not found
file or directory 'D:\Code\android_app\ieeeconnect\app\src\main\kotlin', not found
file or directory 'D:\Code\android_app\ieeeconnect\app\src\main\kotlin', not found
file or directory 'D:\Code\android_app\ieeeconnect\app\src\main\kotlin', not found
file or directory 'D:\Code\android_app\ieeeconnect\app\src\debug\kotlin', not found
file or directory 'D:\Code\android_app\ieeeconnect\app\src\debug\java', not found
file or directory 'D:\Code\android_app\ieeeconnect\app\src\debug\kotlin', not found
file or directory 'D:\Code\android_app\ieeeconnect\app\src\debug\kotlin', not found
file or directory 'D:\Code\android_app\ieeeconnect\app\src\debug\java', not found
file or directory 'D:\Code\android_app\ieeeconnect\app\src\debug\java', not found
Caching disabled for task ':app:kaptDebugKotlin' because:
  Build cache is disabled
Task ':app:kaptDebugKotlin' is not up-to-date because:
  Task has failed previously.
The input changes require a full rebuild for incremental task ':app:kaptDebugKotlin'.
Running kapt annotation processing using the Gradle Worker API
Using workers NONE isolation mode to run kapt
Note: [1] Wrote GeneratedAppGlideModule with: []
D:\Code\android_app\ieeeconnect\app\src\main\java\com\example\ieeeconnect\domain\model\Event.java:15: warning: There are multiple good constructors and Room will pick the no-arg constructor. You can use the @Ignore annotation to eliminate unwanted constructors.
public class Event {
       ^
warning: The following options were not recognized by any processor: '[kapt.kotlin.generated, room.verifySchema, room.disableVerification]'
Resolve mutations for :app:compileDebugKotlin (Thread[Execution worker Thread 11,5,main]) started.
:app:compileDebugKotlin (Thread[Execution worker Thread 11,5,main]) started.

> Task :app:compileDebugKotlin
Caching disabled for task ':app:compileDebugKotlin' because:
  Build cache is disabled
Task ':app:compileDebugKotlin' is not up-to-date because:
  Input property 'classpathSnapshotProperties.classpathSnapshot' file C:\Users\sirad\.gradle\caches\8.13\transforms\183819202ce039a6e1a15cf922c65353\transformed\R_jar-snapshot.bin has been removed.
  Input property 'classpathSnapshotProperties.classpathSnapshot' file C:\Users\sirad\.gradle\caches\8.13\transforms\cd4c956d0d46a62a0c77d4501494f236\transformed\R_jar-snapshot.bin has been added.
  Input property 'classpathSnapshotProperties.classpathSnapshot' file C:\Users\sirad\.gradle\caches\8.13\transforms\123b6abc5e4a73d4e8e5de643059d2a9\transformed\sqlite-jdbc-3_42_0_0_jar-snapshot.bin has been removed.
  and more...
file or directory 'D:\Code\android_app\ieeeconnect\app\src\debug\kotlin', not found
file or directory 'D:\Code\android_app\ieeeconnect\app\src\debug\java', not found
file or directory 'D:\Code\android_app\ieeeconnect\app\src\debug\kotlin', not found
file or directory 'D:\Code\android_app\ieeeconnect\app\src\debug\kotlin', not found
file or directory 'D:\Code\android_app\ieeeconnect\app\src\debug\java', not found
file or directory 'D:\Code\android_app\ieeeconnect\app\src\debug\kotlin', not found
file or directory 'D:\Code\android_app\ieeeconnect\app\src\debug\java', not found
file or directory 'D:\Code\android_app\ieeeconnect\app\src\debug\kotlin', not found
file or directory 'D:\Code\android_app\ieeeconnect\app\src\debug\kotlin', not found
file or directory 'D:\Code\android_app\ieeeconnect\app\src\debug\java', not found
file or directory 'D:\Code\android_app\ieeeconnect\app\src\main\kotlin', not found
file or directory 'D:\Code\android_app\ieeeconnect\app\src\main\kotlin', not found
file or directory 'D:\Code\android_app\ieeeconnect\app\src\main\kotlin', not found
file or directory 'D:\Code\android_app\ieeeconnect\app\src\main\kotlin', not found
file or directory 'D:\Code\android_app\ieeeconnect\app\src\main\kotlin', not found
file or directory 'D:\Code\android_app\ieeeconnect\app\src\main\kotlin', not found
file or directory 'D:\Code\android_app\ieeeconnect\app\src\debug\java', not found
file or directory 'D:\Code\android_app\ieeeconnect\app\src\debug\kotlin', not found
file or directory 'D:\Code\android_app\ieeeconnect\app\src\debug\java', not found
file or directory 'D:\Code\android_app\ieeeconnect\app\src\debug\kotlin', not found
file or directory 'D:\Code\android_app\ieeeconnect\app\src\debug\kotlin', not found
file or directory 'D:\Code\android_app\ieeeconnect\app\src\debug\java', not found
file or directory 'D:\Code\android_app\ieeeconnect\app\src\debug\kotlin', not found
file or directory 'D:\Code\android_app\ieeeconnect\app\src\debug\java', not found
file or directory 'D:\Code\android_app\ieeeconnect\app\src\debug\kotlin', not found
file or directory 'D:\Code\android_app\ieeeconnect\app\src\debug\kotlin', not found
file or directory 'D:\Code\android_app\ieeeconnect\app\src\debug\java', not found
file or directory 'D:\Code\android_app\ieeeconnect\app\src\main\kotlin', not found
file or directory 'D:\Code\android_app\ieeeconnect\app\src\main\kotlin', not found
file or directory 'D:\Code\android_app\ieeeconnect\app\src\main\kotlin', not found
file or directory 'D:\Code\android_app\ieeeconnect\app\src\main\kotlin', not found
file or directory 'D:\Code\android_app\ieeeconnect\app\src\main\kotlin', not found
file or directory 'D:\Code\android_app\ieeeconnect\app\src\main\kotlin', not found
file or directory 'D:\Code\android_app\ieeeconnect\app\src\debug\java', not found
file or directory 'D:\Code\android_app\ieeeconnect\app\src\debug\kotlin', not found
file or directory 'D:\Code\android_app\ieeeconnect\app\src\debug\java', not found
file or directory 'D:\Code\android_app\ieeeconnect\app\src\debug\kotlin', not found
file or directory 'D:\Code\android_app\ieeeconnect\app\src\debug\kotlin', not found
file or directory 'D:\Code\android_app\ieeeconnect\app\src\debug\java', not found
file or directory 'D:\Code\android_app\ieeeconnect\app\src\debug\kotlin', not found
file or directory 'D:\Code\android_app\ieeeconnect\app\src\debug\java', not found
file or directory 'D:\Code\android_app\ieeeconnect\app\src\debug\kotlin', not found
file or directory 'D:\Code\android_app\ieeeconnect\app\src\debug\kotlin', not found
file or directory 'D:\Code\android_app\ieeeconnect\app\src\debug\java', not found
file or directory 'D:\Code\android_app\ieeeconnect\app\src\main\kotlin', not found
file or directory 'D:\Code\android_app\ieeeconnect\app\src\main\kotlin', not found
file or directory 'D:\Code\android_app\ieeeconnect\app\src\main\kotlin', not found
file or directory 'D:\Code\android_app\ieeeconnect\app\src\main\kotlin', not found
file or directory 'D:\Code\android_app\ieeeconnect\app\src\main\kotlin', not found
file or directory 'D:\Code\android_app\ieeeconnect\app\src\main\kotlin', not found
file or directory 'D:\Code\android_app\ieeeconnect\app\src\debug\java', not found
file or directory 'D:\Code\android_app\ieeeconnect\app\src\debug\kotlin', not found
file or directory 'D:\Code\android_app\ieeeconnect\app\src\debug\java', not found
file or directory 'D:\Code\android_app\ieeeconnect\app\src\debug\kotlin', not found
file or directory 'D:\Code\android_app\ieeeconnect\app\src\debug\kotlin', not found
file or directory 'D:\Code\android_app\ieeeconnect\app\src\debug\java', not found
file or directory 'D:\Code\android_app\ieeeconnect\app\src\debug\kotlin', not found
file or directory 'D:\Code\android_app\ieeeconnect\app\src\debug\java', not found
file or directory 'D:\Code\android_app\ieeeconnect\app\src\debug\kotlin', not found
file or directory 'D:\Code\android_app\ieeeconnect\app\src\debug\kotlin', not found
file or directory 'D:\Code\android_app\ieeeconnect\app\src\debug\java', not found
file or directory 'D:\Code\android_app\ieeeconnect\app\src\main\kotlin', not found
file or directory 'D:\Code\android_app\ieeeconnect\app\src\main\kotlin', not found
file or directory 'D:\Code\android_app\ieeeconnect\app\src\main\kotlin', not found
file or directory 'D:\Code\android_app\ieeeconnect\app\src\main\kotlin', not found
file or directory 'D:\Code\android_app\ieeeconnect\app\src\main\kotlin', not found
file or directory 'D:\Code\android_app\ieeeconnect\app\src\main\kotlin', not found
file or directory 'D:\Code\android_app\ieeeconnect\app\src\debug\java', not found
Kotlin source files: D:\Code\android_app\ieeeconnect\app\src\main\java\com\example\ieeeconnect\MyAppGlideModule.kt
Java source files: D:\Code\android_app\ieeeconnect\app\src\main\java\com\example\ieeeconnect\activities\AccountReadyActivity.java, D:\Code\android_app\ieeeconnect\app\src\main\java\com\example\ieeeconnect\activities\ChangePasswordActivity.java, D:\Code\android_app\ieeeconnect\app\src\main\java\com\example\ieeeconnect\activities\CreateEventActivity.java, D:\Code\android_app\ieeeconnect\app\src\main\java\com\example\ieeeconnect\activities\PasswordChangedActivity.java, D:\Code\android_app\ieeeconnect\app\src\main\java\com\example\ieeeconnect\activities\SetPasswordActivity.java, D:\Code\android_app\ieeeconnect\app\src\main\java\com\example\ieeeconnect\activities\SignUpActivity.java, D:\Code\android_app\ieeeconnect\app\src\main\java\com\example\ieeeconnect\DashboardActivity.java, D:\Code\android_app\ieeeconnect\app\src\main\java\com\example\ieeeconnect\data\local\AppDatabase.java, D:\Code\android_app\ieeeconnect\app\src\main\java\com\example\ieeeconnect\data\local\MessageDao.java, D:\Code\android_app\ieeeconnect\app\src\main\java\com\example\ieeeconnect\data\local\MessageEntity.java, D:\Code\android_app\ieeeconnect\app\src\main\java\com\example\ieeeconnect\data\remote\AgoraManager.java, D:\Code\android_app\ieeeconnect\app\src\main\java\com\example\ieeeconnect\data\remote\ApiService.java, D:\Code\android_app\ieeeconnect\app\src\main\java\com\example\ieeeconnect\data\remote\CloudinaryManager.java, D:\Code\android_app\ieeeconnect\app\src\main\java\com\example\ieeeconnect\data\remote\UploadRequest.java, D:\Code\android_app\ieeeconnect\app\src\main\java\com\example\ieeeconnect\data\remote\UploadResponse.java, D:\Code\android_app\ieeeconnect\app\src\main\java\com\example\ieeeconnect\data\repository\ChatRepository.java, D:\Code\android_app\ieeeconnect\app\src\main\java\com\example\ieeeconnect\data\repository\EventsRepository.java, D:\Code\android_app\ieeeconnect\app\src\main\java\com\example\ieeeconnect\database\AppDatabase.java, D:\Code\android_app\ieeeconnect\app\src\main\java\com\example\ieeeconnect\database\converters\ListToStringConverter.java, D:\Code\android_app\ieeeconnect\app\src\main\java\com\example\ieeeconnect\database\EventDao.java, D:\Code\android_app\ieeeconnect\app\src\main\java\com\example\ieeeconnect\database\PendingEvent.java, D:\Code\android_app\ieeeconnect\app\src\main\java\com\example\ieeeconnect\database\PendingEventDao.java, D:\Code\android_app\ieeeconnect\app\src\main\java\com\example\ieeeconnect\db\AppDatabase.java, D:\Code\android_app\ieeeconnect\app\src\main\java\com\example\ieeeconnect\db\EventDao.java, D:\Code\android_app\ieeeconnect\app\src\main\java\com\example\ieeeconnect\db\EventEntity.java, D:\Code\android_app\ieeeconnect\app\src\main\java\com\example\ieeeconnect\domain\model\Event.java, D:\Code\android_app\ieeeconnect\app\src\main\java\com\example\ieeeconnect\domain\model\Message.java, D:\Code\android_app\ieeeconnect\app\src\main\java\com\example\ieeeconnect\domain\model\PendingEvent.java, D:\Code\android_app\ieeeconnect\app\src\main\java\com\example\ieeeconnect\domain\model\User.java, D:\Code\android_app\ieeeconnect\app\src\main\java\com\example\ieeeconnect\ForgotPasswordActivity.java, D:\Code\android_app\ieeeconnect\app\src\main\java\com\example\ieeeconnect\fragments\AccountReadyFragment.java, D:\Code\android_app\ieeeconnect\app\src\main\java\com\example\ieeeconnect\fragments\FillProfileInfoFragment.java, D:\Code\android_app\ieeeconnect\app\src\main\java\com\example\ieeeconnect\fragments\SetPasswordFragment.java, D:\Code\android_app\ieeeconnect\app\src\main\java\com\example\ieeeconnect\LoginActivity.java, D:\Code\android_app\ieeeconnect\app\src\main\java\com\example\ieeeconnect\MainActivity.java, D:\Code\android_app\ieeeconnect\app\src\main\java\com\example\ieeeconnect\model\Event.java, D:\Code\android_app\ieeeconnect\app\src\main\java\com\example\ieeeconnect\model\Message.java, D:\Code\android_app\ieeeconnect\app\src\main\java\com\example\ieeeconnect\model\User.java, D:\Code\android_app\ieeeconnect\app\src\main\java\com\example\ieeeconnect\models\Event.java, D:\Code\android_app\ieeeconnect\app\src\main\java\com\example\ieeeconnect\models\Message.java, D:\Code\android_app\ieeeconnect\app\src\main\java\com\example\ieeeconnect\models\User.java, D:\Code\android_app\ieeeconnect\app\src\main\java\com\example\ieeeconnect\MyApplication.java, D:\Code\android_app\ieeeconnect\app\src\main\java\com\example\ieeeconnect\repositories\EventRepository.java, D:\Code\android_app\ieeeconnect\app\src\main\java\com\example\ieeeconnect\repository\EventRepository.java, D:\Code\android_app\ieeeconnect\app\src\main\java\com\example\ieeeconnect\ui\admin\ActivityLogAdapter.java, D:\Code\android_app\ieeeconnect\app\src\main\java\com\example\ieeeconnect\ui\admin\adapter\ActivityLogAdapter.java, D:\Code\android_app\ieeeconnect\app\src\main\java\com\example\ieeeconnect\ui\admin\AdminDashboardActivity.java, D:\Code\android_app\ieeeconnect\app\src\main\java\com\example\ieeeconnect\ui\admin\AdminDashboardFragment.java, D:\Code\android_app\ieeeconnect\app\src\main\java\com\example\ieeeconnect\ui\admin\CreateEventDialogFragment.java, D:\Code\android_app\ieeeconnect\app\src\main\java\com\example\ieeeconnect\ui\admin\MemberListActivity.java, D:\Code\android_app\ieeeconnect\app\src\main\java\com\example\ieeeconnect\ui\admin\QrScannerActivity.java, D:\Code\android_app\ieeeconnect\app\src\main\java\com\example\ieeeconnect\ui\chat\ChatFragment.java, D:\Code\android_app\ieeeconnect\app\src\main\java\com\example\ieeeconnect\ui\chat\ChatViewModel.java, D:\Code\android_app\ieeeconnect\app\src\main\java\com\example\ieeeconnect\ui\committee\CommitteeFragment.java, D:\Code\android_app\ieeeconnect\app\src\main\java\com\example\ieeeconnect\ui\events\EventDetailActivity.java, D:\Code\android_app\ieeeconnect\app\src\main\java\com\example\ieeeconnect\ui\events\EventsAdapter.java, D:\Code\android_app\ieeeconnect\app\src\main\java\com\example\ieeeconnect\ui\events\EventsFragment.java, D:\Code\android_app\ieeeconnect\app\src\main\java\com\example\ieeeconnect\ui\home\HomeFragment.java, D:\Code\android_app\ieeeconnect\app\src\main\java\com\example\ieeeconnect\ui\onboarding\OnboardingActivity.java, D:\Code\android_app\ieeeconnect\app\src\main\java\com\example\ieeeconnect\ui\onboarding\OnboardingAdapter.java, D:\Code\android_app\ieeeconnect\app\src\main\java\com\example\ieeeconnect\ui\onboarding\OnboardingPage.java, D:\Code\android_app\ieeeconnect\app\src\main\java\com\example\ieeeconnect\ui\profile\ProfileFragment.java, D:\Code\android_app\ieeeconnect\app\src\main\java\com\example\ieeeconnect\ui\views\CustomBottomNavView.java, D:\Code\android_app\ieeeconnect\app\src\main\java\com\example\ieeeconnect\viewmodel\ChatViewModel.java, D:\Code\android_app\ieeeconnect\app\src\main\java\com\example\ieeeconnect\viewmodels\ChatViewModel.java, D:\Code\android_app\ieeeconnect\app\src\main\java\com\example\ieeeconnect\viewmodels\EventsViewModel.java, D:\Code\android_app\ieeeconnect\app\src\main\java\com\example\ieeeconnect\workers\UploadPendingEventWorker.java, D:\Code\android_app\ieeeconnect\app\build\generated\data_binding_base_class_source_out\debug\out\com\example\ieeeconnect\databinding\ActivityAccountReadyBinding.java, D:\Code\android_app\ieeeconnect\app\build\generated\data_binding_base_class_source_out\debug\out\com\example\ieeeconnect\databinding\ActivityAdminDashboardBinding.java, D:\Code\android_app\ieeeconnect\app\build\generated\data_binding_base_class_source_out\debug\out\com\example\ieeeconnect\databinding\ActivityChangePasswordBinding.java, D:\Code\android_app\ieeeconnect\app\build\generated\data_binding_base_class_source_out\debug\out\com\example\ieeeconnect\databinding\ActivityCreateEventBinding.java, D:\Code\android_app\ieeeconnect\app\build\generated\data_binding_base_class_source_out\debug\out\com\example\ieeeconnect\databinding\ActivityDashboardBinding.java, D:\Code\android_app\ieeeconnect\app\build\generated\data_binding_base_class_source_out\debug\out\com\example\ieeeconnect\databinding\ActivityEventDetailBinding.java, D:\Code\android_app\ieeeconnect\app\build\generated\data_binding_base_class_source_out\debug\out\com\example\ieeeconnect\databinding\ActivityFillProfileInfoBinding.java, D:\Code\android_app\ieeeconnect\app\build\generated\data_binding_base_class_source_out\debug\out\com\example\ieeeconnect\databinding\ActivityForgotPasswordBinding.java, D:\Code\android_app\ieeeconnect\app\build\generated\data_binding_base_class_source_out\debug\out\com\example\ieeeconnect\databinding\ActivityLoginBinding.java, D:\Code\android_app\ieeeconnect\app\build\generated\data_binding_base_class_source_out\debug\out\com\example\ieeeconnect\databinding\ActivityMainBinding.java, D:\Code\android_app\ieeeconnect\app\build\generated\data_binding_base_class_source_out\debug\out\com\example\ieeeconnect\databinding\ActivityMemberListBinding.java, D:\Code\android_app\ieeeconnect\app\build\generated\data_binding_base_class_source_out\debug\out\com\example\ieeeconnect\databinding\ActivityOnboardingBinding.java, D:\Code\android_app\ieeeconnect\app\build\generated\data_binding_base_class_source_out\debug\out\com\example\ieeeconnect\databinding\ActivityPasswordChangedBinding.java, D:\Code\android_app\ieeeconnect\app\build\generated\data_binding_base_class_source_out\debug\out\com\example\ieeeconnect\databinding\ActivityQrScannerBinding.java, D:\Code\android_app\ieeeconnect\app\build\generated\data_binding_base_class_source_out\debug\out\com\example\ieeeconnect\databinding\ActivitySetPasswordBinding.java, D:\Code\android_app\ieeeconnect\app\build\generated\data_binding_base_class_source_out\debug\out\com\example\ieeeconnect\databinding\ActivitySignUpBinding.java, D:\Code\android_app\ieeeconnect\app\build\generated\data_binding_base_class_source_out\debug\out\com\example\ieeeconnect\databinding\CustomBottomNavBinding.java, D:\Code\android_app\ieeeconnect\app\build\generated\data_binding_base_class_source_out\debug\out\com\example\ieeeconnect\databinding\DialogCreateEventBinding.java, D:\Code\android_app\ieeeconnect\app\build\generated\data_binding_base_class_source_out\debug\out\com\example\ieeeconnect\databinding\DialogInstructionSentBinding.java, D:\Code\android_app\ieeeconnect\app\build\generated\data_binding_base_class_source_out\debug\out\com\example\ieeeconnect\databinding\FragmentAccountReadyBinding.java, D:\Code\android_app\ieeeconnect\app\build\generated\data_binding_base_class_source_out\debug\out\com\example\ieeeconnect\databinding\FragmentAdminDashboardBinding.java, D:\Code\android_app\ieeeconnect\app\build\generated\data_binding_base_class_source_out\debug\out\com\example\ieeeconnect\databinding\FragmentEventsBinding.java, D:\Code\android_app\ieeeconnect\app\build\generated\data_binding_base_class_source_out\debug\out\com\example\ieeeconnect\databinding\FragmentFillProfileInfoBinding.java, D:\Code\android_app\ieeeconnect\app\build\generated\data_binding_base_class_source_out\debug\out\com\example\ieeeconnect\databinding\FragmentHomeBinding.java, D:\Code\android_app\ieeeconnect\app\build\generated\data_binding_base_class_source_out\debug\out\com\example\ieeeconnect\databinding\FragmentPlaceholderBinding.java, D:\Code\android_app\ieeeconnect\app\build\generated\data_binding_base_class_source_out\debug\out\com\example\ieeeconnect\databinding\FragmentProfileBinding.java, D:\Code\android_app\ieeeconnect\app\build\generated\data_binding_base_class_source_out\debug\out\com\example\ieeeconnect\databinding\FragmentSetPasswordBinding.java, D:\Code\android_app\ieeeconnect\app\build\generated\data_binding_base_class_source_out\debug\out\com\example\ieeeconnect\databinding\ItemAdminActivityBinding.java, D:\Code\android_app\ieeeconnect\app\build\generated\data_binding_base_class_source_out\debug\out\com\example\ieeeconnect\databinding\ItemEventBinding.java, D:\Code\android_app\ieeeconnect\app\build\generated\data_binding_base_class_source_out\debug\out\com\example\ieeeconnect\databinding\ItemEventFeedBinding.java, D:\Code\android_app\ieeeconnect\app\build\generated\data_binding_base_class_source_out\debug\out\com\example\ieeeconnect\databinding\ItemFeaturedBinding.java, D:\Code\android_app\ieeeconnect\app\build\generated\data_binding_base_class_source_out\debug\out\com\example\ieeeconnect\databinding\ItemFeedPostBinding.java, D:\Code\android_app\ieeeconnect\app\build\generated\data_binding_base_class_source_out\debug\out\com\example\ieeeconnect\databinding\ItemOnboardingBinding.java, D:\Code\android_app\ieeeconnect\app\build\generated\data_binding_trigger\debug\com\example\ieeeconnect\DataBindingTriggerClass.java, D:\Code\android_app\ieeeconnect\app\build\generated\source\kapt\debug\androidx\databinding\DataBinderMapperImpl.java, D:\Code\android_app\ieeeconnect\app\build\generated\source\kapt\debug\androidx\databinding\DataBindingComponent.java, D:\Code\android_app\ieeeconnect\app\build\generated\source\kapt\debug\androidx\databinding\library\baseAdapters\BR.java, D:\Code\android_app\ieeeconnect\app\build\generated\source\kapt\debug\com\bumptech\glide\GeneratedAppGlideModuleImpl.java, D:\Code\android_app\ieeeconnect\app\build\generated\source\kapt\debug\com\bumptech\glide\GeneratedRequestManagerFactory.java, D:\Code\android_app\ieeeconnect\app\build\generated\source\kapt\debug\com\example\ieeeconnect\BR.java, D:\Code\android_app\ieeeconnect\app\build\generated\source\kapt\debug\com\example\ieeeconnect\data\local\AppDatabase_Impl.java, D:\Code\android_app\ieeeconnect\app\build\generated\source\kapt\debug\com\example\ieeeconnect\data\local\MessageDao_Impl.java, D:\Code\android_app\ieeeconnect\app\build\generated\source\kapt\debug\com\example\ieeeconnect\database\AppDatabase_Impl.java, D:\Code\android_app\ieeeconnect\app\build\generated\source\kapt\debug\com\example\ieeeconnect\database\EventDao_Impl.java, D:\Code\android_app\ieeeconnect\app\build\generated\source\kapt\debug\com\example\ieeeconnect\database\PendingEventDao_AppDatabase_0_Impl.java, D:\Code\android_app\ieeeconnect\app\build\generated\source\kapt\debug\com\example\ieeeconnect\database\PendingEventDao_AppDatabase_1_Impl.java, D:\Code\android_app\ieeeconnect\app\build\generated\source\kapt\debug\com\example\ieeeconnect\DataBinderMapperImpl.java, D:\Code\android_app\ieeeconnect\app\build\generated\source\kapt\debug\com\example\ieeeconnect\databinding\ActivityForgotPasswordBindingImpl.java, D:\Code\android_app\ieeeconnect\app\build\generated\source\kapt\debug\com\example\ieeeconnect\db\AppDatabase_Impl.java, D:\Code\android_app\ieeeconnect\app\build\generated\source\kapt\debug\com\example\ieeeconnect\db\EventDao_Impl.java, D:\Code\android_app\ieeeconnect\app\build\generated\source\kapt\debug\com\example\ieeeconnect\GlideApp.java, D:\Code\android_app\ieeeconnect\app\build\generated\source\kapt\debug\com\example\ieeeconnect\GlideOptions.java, D:\Code\android_app\ieeeconnect\app\build\generated\source\kapt\debug\com\example\ieeeconnect\GlideRequest.java, D:\Code\android_app\ieeeconnect\app\build\generated\source\kapt\debug\com\example\ieeeconnect\GlideRequests.java
Script source files: 
Script file extensions: 
Using Kotlin/JVM incremental compilation
[KOTLIN] Kotlin compilation 'jdkHome' argument: null
Options for KOTLIN DAEMON: IncrementalCompilationOptions(super=CompilationOptions(compilerMode=INCREMENTAL_COMPILER, targetPlatform=JVM, reportCategories=[0, 3], reportSeverity=2, requestedCompilationResults=[0], kotlinScriptExtensions=[]), sourceChanges=org.jetbrains.kotlin.buildtools.api.SourcesChanges$Known@50a804cb, classpathChanges=ToBeComputedByIncrementalCompiler, workingDir=D:\Code\android_app\ieeeconnect\app\build\kotlin\compileDebugKotlin\cacheable, multiModuleICSettings=MultiModuleICSettings(buildHistoryFile=D:\Code\android_app\ieeeconnect\app\build\kotlin\compileDebugKotlin\local-state\build-history.bin, useModuleDetection=true), usePreciseJavaTracking=true, icFeatures=IncrementalCompilationFeatures(withAbiSnapshot=false, preciseCompilationResultsBackup=true, keepIncrementalCompilationCachesInMemory=true, enableUnsafeIncrementalCompilationForMultiplatform=false, enableMonotonousIncrementalCompileSetExpansion=true), outputFiles=[D:\Code\android_app\ieeeconnect\app\build\tmp\kotlin-classes\debug, D:\Code\android_app\ieeeconnect\app\build\kotlin\compileDebugKotlin\cacheable, D:\Code\android_app\ieeeconnect\app\build\kotlin\compileDebugKotlin\local-state])
Finished executing kotlin compiler using DAEMON strategy
Resolve mutations for :app:compileDebugJavaWithJavac (Thread[Execution worker Thread 9,5,main]) started.
:app:compileDebugJavaWithJavac (Thread[Execution worker Thread 9,5,main]) started.

> Task :app:compileDebugJavaWithJavac
Custom actions are attached to task ':app:compileDebugJavaWithJavac'.
Caching disabled for task ':app:compileDebugJavaWithJavac' because:
  Build cache is disabled
Task ':app:compileDebugJavaWithJavac' is not up-to-date because:
  Input property 'options.annotationProcessorPath' file C:\Users\sirad\.gradle\caches\modules-2\files-2.1\org.xerial\sqlite-jdbc\3.42.0.0\a4c84376df810062d20c84777b84ec077b5ecdab\sqlite-jdbc-3.42.0.0.jar has been removed.
  Input property 'options.annotationProcessorPath' file C:\Users\sirad\.gradle\caches\modules-2\files-2.1\org.xerial\sqlite-jdbc\3.41.2.2\ddeb8d3a3004f412ed19b4c98b3aec11d9452ab5\sqlite-jdbc-3.41.2.2.jar has been added.
The input changes require a full rebuild for incremental task ':app:compileDebugJavaWithJavac'.
Compilation mode: in-process compilation
Full recompilation is required because no incremental change information is available. This is usually caused by clean builds or changing compiler arguments.
Compiling with toolchain 'C:\Program Files\Java\jdk-17'.
Invalidating in-memory cache of C:\Users\sirad\.gradle\caches\8.13\fileContent\java-modules.bin
Invalidating in-memory cache of C:\Users\sirad\.gradle\caches\8.13\fileContent\annotation-processors.bin
file or directory 'D:\Code\android_app\ieeeconnect\app\src\debug\java', not found
Compiling with JDK Java compiler API.
.\gradlew.bat : Note: Some input files use or override a deprecated API.
At line:1 char:41
+ ... eeconnect ; .\gradlew.bat assembleDebug --info --stacktrace > build_o ...
+                 ~~~~~~~~~~~~~~~~~~~~~~~~~~~~~~~~~~~~~~~~~~~~~~~~~~~~~~~~~
    + CategoryInfo          : NotSpecified: (Note: Some inpu...deprecated API.:String) [], RemoteException
    + FullyQualifiedErrorId : NativeCommandError
 
Note: Recompile with -Xlint:deprecation for details.
Note: D:\Code\android_app\ieeeconnect\app\src\main\java\com\example\ieeeconnect\ui\events\EventDetailActivity.java uses unchecked or unsafe operations.
Note: Recompile with -Xlint:unchecked for details.
Invalidating in-memory cache of C:\Users\sirad\.gradle\caches\8.13\javaCompile\jarAnalysis.bin
Invalidating in-memory cache of C:\Users\sirad\.gradle\caches\8.13\javaCompile\classAnalysis.bin
Class dependency analysis for incremental compilation took 0.165 secs.
Created classpath snapshot for incremental compilation in 0.391 secs.
Resolve mutations for :app:dexBuilderDebug (Thread[Execution worker Thread 9,5,main]) started.
:app:dexBuilderDebug (Thread[Execution worker Thread 9,5,main]) started.

> Task :app:dexBuilderDebug
Caching disabled for task ':app:dexBuilderDebug' because:
  Build cache is disabled
Task ':app:dexBuilderDebug' is not up-to-date because:
  Input property 'projectClasses' file D:\Code\android_app\ieeeconnect\app\build\intermediates\compile_and_runtime_not_namespaced_r_class_jar\debug\processDebugResources\R.jar has changed.
  Input property 'projectClasses' file D:\Code\android_app\ieeeconnect\app\build\intermediates\javac\debug\compileDebugJavaWithJavac\classes\com\example\ieeeconnect\databinding\DialogInstructionSentBinding.class has been removed.
  Input property 'projectClasses' file D:\Code\android_app\ieeeconnect\app\build\intermediates\javac\debug\compileDebugJavaWithJavac\classes\com\example\ieeeconnect\databinding\DialogCreateEventBinding.class has been added.
  and more...
Dex builder is incremental : true 
Processing input D:\Code\android_app\ieeeconnect\app\build\tmp\kotlin-classes\debug
Processing input D:\Code\android_app\ieeeconnect\app\build\tmp\kapt3\classes\debug
Processing input D:\Code\android_app\ieeeconnect\app\build\intermediates\javac\debug\compileDebugJavaWithJavac\classes
Dexing D:\Code\android_app\ieeeconnect\app\build\tmp\kotlin-classes\debug
Dexing D:\Code\android_app\ieeeconnect\app\build\tmp\kapt3\classes\debug
Dexing D:\Code\android_app\ieeeconnect\app\build\intermediates\javac\debug\compileDebugJavaWithJavac\classes
Processing input D:\Code\android_app\ieeeconnect\app\build\intermediates\compile_and_runtime_not_namespaced_r_class_jar\debug\processDebugResources\R.jar
Dexing D:\Code\android_app\ieeeconnect\app\build\intermediates\compile_and_runtime_not_namespaced_r_class_jar\debug\processDebugResources\R.jar
Dexing 'D:\Code\android_app\ieeeconnect\app\build\intermediates\compile_and_runtime_not_namespaced_r_class_jar\debug\processDebugResources\R.jar' to 'D:\Code\android_app\ieeeconnect\app\build\intermediates\project_dex_archive\debug\dexBuilderDebug\out\13d8e5d3a13ab42157ae187cb1caab00b14d5d65d8dbaeb7bc94be87c2a3bc76_5.jar'
Dexing 'D:\Code\android_app\ieeeconnect\app\build\intermediates\compile_and_runtime_not_namespaced_r_class_jar\debug\processDebugResources\R.jar' to 'D:\Code\android_app\ieeeconnect\app\build\intermediates\project_dex_archive\debug\dexBuilderDebug\out\13d8e5d3a13ab42157ae187cb1caab00b14d5d65d8dbaeb7bc94be87c2a3bc76_4.jar'
Dexing 'D:\Code\android_app\ieeeconnect\app\build\intermediates\compile_and_runtime_not_namespaced_r_class_jar\debug\processDebugResources\R.jar' to 'D:\Code\android_app\ieeeconnect\app\build\intermediates\project_dex_archive\debug\dexBuilderDebug\out\13d8e5d3a13ab42157ae187cb1caab00b14d5d65d8dbaeb7bc94be87c2a3bc76_1.jar'
Dexing 'D:\Code\android_app\ieeeconnect\app\build\intermediates\compile_and_runtime_not_namespaced_r_class_jar\debug\processDebugResources\R.jar' to 'D:\Code\android_app\ieeeconnect\app\build\intermediates\project_dex_archive\debug\dexBuilderDebug\out\13d8e5d3a13ab42157ae187cb1caab00b14d5d65d8dbaeb7bc94be87c2a3bc76_3.jar'
Dexing 'D:\Code\android_app\ieeeconnect\app\build\intermediates\compile_and_runtime_not_namespaced_r_class_jar\debug\processDebugResources\R.jar' to 'D:\Code\android_app\ieeeconnect\app\build\intermediates\project_dex_archive\debug\dexBuilderDebug\out\13d8e5d3a13ab42157ae187cb1caab00b14d5d65d8dbaeb7bc94be87c2a3bc76_2.jar'
Dexing 'D:\Code\android_app\ieeeconnect\app\build\intermediates\compile_and_runtime_not_namespaced_r_class_jar\debug\processDebugResources\R.jar' to 'D:\Code\android_app\ieeeconnect\app\build\intermediates\project_dex_archive\debug\dexBuilderDebug\out\13d8e5d3a13ab42157ae187cb1caab00b14d5d65d8dbaeb7bc94be87c2a3bc76_0.jar'
Dexing 'D:\Code\android_app\ieeeconnect\app\build\tmp\kotlin-classes\debug' to 'D:\Code\android_app\ieeeconnect\app\build\intermediates\project_dex_archive\debug\dexBuilderDebug\out'
Dexing 'D:\Code\android_app\ieeeconnect\app\build\tmp\kapt3\classes\debug' to 'D:\Code\android_app\ieeeconnect\app\build\intermediates\project_dex_archive\debug\dexBuilderDebug\out'
Dexing 'D:\Code\android_app\ieeeconnect\app\build\intermediates\javac\debug\compileDebugJavaWithJavac\classes' to 'D:\Code\android_app\ieeeconnect\app\build\intermediates\project_dex_archive\debug\dexBuilderDebug\out'
Dexing 'D:\Code\android_app\ieeeconnect\app\build\tmp\kotlin-classes\debug' to 'D:\Code\android_app\ieeeconnect\app\build\intermediates\project_dex_archive\debug\dexBuilderDebug\out'
Dexing 'D:\Code\android_app\ieeeconnect\app\build\tmp\kapt3\classes\debug' to 'D:\Code\android_app\ieeeconnect\app\build\intermediates\project_dex_archive\debug\dexBuilderDebug\out'
Dexing 'D:\Code\android_app\ieeeconnect\app\build\intermediates\javac\debug\compileDebugJavaWithJavac\classes' to 'D:\Code\android_app\ieeeconnect\app\build\intermediates\project_dex_archive\debug\dexBuilderDebug\out'
Dexing 'D:\Code\android_app\ieeeconnect\app\build\tmp\kotlin-classes\debug' to 'D:\Code\android_app\ieeeconnect\app\build\intermediates\project_dex_archive\debug\dexBuilderDebug\out'
Dexing 'D:\Code\android_app\ieeeconnect\app\build\tmp\kapt3\classes\debug' to 'D:\Code\android_app\ieeeconnect\app\build\intermediates\project_dex_archive\debug\dexBuilderDebug\out'
Dexing 'D:\Code\android_app\ieeeconnect\app\build\intermediates\javac\debug\compileDebugJavaWithJavac\classes' to 'D:\Code\android_app\ieeeconnect\app\build\intermediates\project_dex_archive\debug\dexBuilderDebug\out'
Dexing 'D:\Code\android_app\ieeeconnect\app\build\tmp\kotlin-classes\debug' to 'D:\Code\android_app\ieeeconnect\app\build\intermediates\project_dex_archive\debug\dexBuilderDebug\out'
Dexing 'D:\Code\android_app\ieeeconnect\app\build\tmp\kapt3\classes\debug' to 'D:\Code\android_app\ieeeconnect\app\build\intermediates\project_dex_archive\debug\dexBuilderDebug\out'
Dexing 'D:\Code\android_app\ieeeconnect\app\build\intermediates\javac\debug\compileDebugJavaWithJavac\classes' to 'D:\Code\android_app\ieeeconnect\app\build\intermediates\project_dex_archive\debug\dexBuilderDebug\out'
Dexing 'D:\Code\android_app\ieeeconnect\app\build\tmp\kotlin-classes\debug' to 'D:\Code\android_app\ieeeconnect\app\build\intermediates\project_dex_archive\debug\dexBuilderDebug\out'
Dexing 'D:\Code\android_app\ieeeconnect\app\build\tmp\kapt3\classes\debug' to 'D:\Code\android_app\ieeeconnect\app\build\intermediates\project_dex_archive\debug\dexBuilderDebug\out'
Dexing 'D:\Code\android_app\ieeeconnect\app\build\intermediates\javac\debug\compileDebugJavaWithJavac\classes' to 'D:\Code\android_app\ieeeconnect\app\build\intermediates\project_dex_archive\debug\dexBuilderDebug\out'
Dexing 'D:\Code\android_app\ieeeconnect\app\build\tmp\kotlin-classes\debug' to 'D:\Code\android_app\ieeeconnect\app\build\intermediates\project_dex_archive\debug\dexBuilderDebug\out'
Dexing 'D:\Code\android_app\ieeeconnect\app\build\tmp\kapt3\classes\debug' to 'D:\Code\android_app\ieeeconnect\app\build\intermediates\project_dex_archive\debug\dexBuilderDebug\out'
Dexing 'D:\Code\android_app\ieeeconnect\app\build\intermediates\javac\debug\compileDebugJavaWithJavac\classes' to 'D:\Code\android_app\ieeeconnect\app\build\intermediates\project_dex_archive\debug\dexBuilderDebug\out'
Done with all dex archive conversions
Resolve mutations for :app:mergeDebugGlobalSynthetics (Thread[Execution worker Thread 10,5,main]) started.
:app:mergeDebugGlobalSynthetics (Thread[Execution worker Thread 10,5,main]) started.

> Task :app:mergeDebugGlobalSynthetics UP-TO-DATE
Caching disabled for DexingOutputSplitTransform: C:\Users\sirad\.gradle\caches\8.13\transforms\6d6e74555bcea943b8b704f18d906902\transformed\sqlite-jdbc-3.36.0.3 because:
  Build cache is disabled
  Caching not enabled.
Caching disabled for task ':app:mergeDebugGlobalSynthetics' because:
  Build cache is disabled
Skipping task ':app:mergeDebugGlobalSynthetics' as it is up-to-date.
Resolve mutations for :app:processDebugJavaRes (Thread[Execution worker Thread 10,5,main]) started.
:app:processDebugJavaRes (Thread[Execution worker Thread 10,5,main]) started.

> Task :app:processDebugJavaRes UP-TO-DATE
file or directory 'D:\Code\android_app\ieeeconnect\app\src\main\resources', not found
file or directory 'D:\Code\android_app\ieeeconnect\app\src\debug\resources', not found
file or directory 'D:\Code\android_app\ieeeconnect\app\src\main\resources', not found
file or directory 'D:\Code\android_app\ieeeconnect\app\src\debug\resources', not found
Caching disabled for task ':app:processDebugJavaRes' because:
  Build cache is disabled
  Caching has been disabled for the task
Skipping task ':app:processDebugJavaRes' as it is up-to-date.
Resolve mutations for :app:mergeDebugJavaResource (Thread[Execution worker Thread 10,5,main]) started.
:app:mergeDebugJavaResource (Thread[Execution worker Thread 10,5,main]) started.
Resolve mutations for :app:mergeProjectDexDebug (Thread[Execution worker Thread 9,5,main]) started.
:app:mergeProjectDexDebug (Thread[Execution worker Thread 9,5,main]) started.

> Task :app:mergeProjectDexDebug
Caching disabled for task ':app:mergeProjectDexDebug' because:
  Build cache is disabled
Task ':app:mergeProjectDexDebug' is not up-to-date because:
  Input property 'dexDirs' file D:\Code\android_app\ieeeconnect\app\build\intermediates\project_dex_archive\debug\dexBuilderDebug\out\32773e0bb39c670da626fadab87ef7ef07b878ccbb107ce2db2d6e3600569054_0.jar has been removed.
  Input property 'dexDirs' file D:\Code\android_app\ieeeconnect\app\build\intermediates\project_dex_archive\debug\dexBuilderDebug\out\32773e0bb39c670da626fadab87ef7ef07b878ccbb107ce2db2d6e3600569054_1.jar has been removed.
  Input property 'dexDirs' file D:\Code\android_app\ieeeconnect\app\build\intermediates\project_dex_archive\debug\dexBuilderDebug\out\32773e0bb39c670da626fadab87ef7ef07b878ccbb107ce2db2d6e3600569054_2.jar has been removed.
  and more...
Merging to 'D:\Code\android_app\ieeeconnect\app\build\intermediates\dex\debug\mergeProjectDexDebug\1' with D8 from all or a subset of dex files in D:\Code\android_app\ieeeconnect\app\build\intermediates\project_dex_archive\debug\dexBuilderDebug\out, D:\Code\android_app\ieeeconnect\app\build\intermediates\project_dex_archive\debug\dexBuilderDebug\out, D:\Code\android_app\ieeeconnect\app\build\intermediates\project_dex_archive\debug\dexBuilderDebug\out, D:\Code\android_app\ieeeconnect\app\build\intermediates\project_dex_archive\debug\dexBuilderDebug\out, D:\Code\android_app\ieeeconnect\app\build\intermediates\project_dex_archive\debug\dexBuilderDebug\out, D:\Code\android_app\ieeeconnect\app\build\intermediates\project_dex_archive\debug\dexBuilderDebug\out, D:\Code\android_app\ieeeconnect\app\build\intermediates\project_dex_archive\debug\dexBuilderDebug\out, D:\Code\android_app\ieeeconnect\app\build\intermediates\project_dex_archive\debug\dexBuilderDebug\out, D:\Code\android_app\ieeeconnect\app\build\intermediates\project_dex_archive\debug\dexBuilderDebug\out, D:\Code\android_app\ieeeconnect\app\build\intermediates\project_dex_archive\debug\dexBuilderDebug\out, D:\Code\android_app\ieeeconnect\app\build\intermediates\project_dex_archive\debug\dexBuilderDebug\out, D:\Code\android_app\ieeeconnect\app\build\intermediates\project_dex_archive\debug\dexBuilderDebug\out, and from all global synthetics files in 
Merging to 'D:\Code\android_app\ieeeconnect\app\build\intermediates\dex\debug\mergeProjectDexDebug\3' with D8 from all or a subset of dex files in D:\Code\android_app\ieeeconnect\app\build\intermediates\project_dex_archive\debug\dexBuilderDebug\out, D:\Code\android_app\ieeeconnect\app\build\intermediates\project_dex_archive\debug\dexBuilderDebug\out, and from all global synthetics files in 
Merging to 'D:\Code\android_app\ieeeconnect\app\build\intermediates\dex\debug\mergeProjectDexDebug\4' with D8 from all or a subset of dex files in D:\Code\android_app\ieeeconnect\app\build\intermediates\project_dex_archive\debug\dexBuilderDebug\out, D:\Code\android_app\ieeeconnect\app\build\intermediates\project_dex_archive\debug\dexBuilderDebug\out, D:\Code\android_app\ieeeconnect\app\build\intermediates\project_dex_archive\debug\dexBuilderDebug\out, D:\Code\android_app\ieeeconnect\app\build\intermediates\project_dex_archive\debug\dexBuilderDebug\out, D:\Code\android_app\ieeeconnect\app\build\intermediates\project_dex_archive\debug\dexBuilderDebug\out, D:\Code\android_app\ieeeconnect\app\build\intermediates\project_dex_archive\debug\dexBuilderDebug\out, D:\Code\android_app\ieeeconnect\app\build\intermediates\project_dex_archive\debug\dexBuilderDebug\out, D:\Code\android_app\ieeeconnect\app\build\intermediates\project_dex_archive\debug\dexBuilderDebug\out, D:\Code\android_app\ieeeconnect\app\build\intermediates\project_dex_archive\debug\dexBuilderDebug\out, and from all global synthetics files in 
Merging to 'D:\Code\android_app\ieeeconnect\app\build\intermediates\dex\debug\mergeProjectDexDebug\2' with D8 from all or a subset of dex files in D:\Code\android_app\ieeeconnect\app\build\intermediates\project_dex_archive\debug\dexBuilderDebug\out, D:\Code\android_app\ieeeconnect\app\build\intermediates\project_dex_archive\debug\dexBuilderDebug\out, D:\Code\android_app\ieeeconnect\app\build\intermediates\project_dex_archive\debug\dexBuilderDebug\out, D:\Code\android_app\ieeeconnect\app\build\intermediates\project_dex_archive\debug\dexBuilderDebug\out, D:\Code\android_app\ieeeconnect\app\build\intermediates\project_dex_archive\debug\dexBuilderDebug\out, D:\Code\android_app\ieeeconnect\app\build\intermediates\project_dex_archive\debug\dexBuilderDebug\out, D:\Code\android_app\ieeeconnect\app\build\intermediates\project_dex_archive\debug\dexBuilderDebug\out, D:\Code\android_app\ieeeconnect\app\build\intermediates\project_dex_archive\debug\dexBuilderDebug\out, D:\Code\android_app\ieeeconnect\app\build\intermediates\project_dex_archive\debug\dexBuilderDebug\out, D:\Code\android_app\ieeeconnect\app\build\intermediates\project_dex_archive\debug\dexBuilderDebug\out, D:\Code\android_app\ieeeconnect\app\build\intermediates\project_dex_archive\debug\dexBuilderDebug\out, D:\Code\android_app\ieeeconnect\app\build\intermediates\project_dex_archive\debug\dexBuilderDebug\out, D:\Code\android_app\ieeeconnect\app\build\intermediates\project_dex_archive\debug\dexBuilderDebug\out, D:\Code\android_app\ieeeconnect\app\build\intermediates\project_dex_archive\debug\dexBuilderDebug\out, D:\Code\android_app\ieeeconnect\app\build\intermediates\project_dex_archive\debug\dexBuilderDebug\out, D:\Code\android_app\ieeeconnect\app\build\intermediates\project_dex_archive\debug\dexBuilderDebug\out, D:\Code\android_app\ieeeconnect\app\build\intermediates\project_dex_archive\debug\dexBuilderDebug\out, D:\Code\android_app\ieeeconnect\app\build\intermediates\project_dex_archive\debug\dexBuilderDebug\out, D:\Code\android_app\ieeeconnect\app\build\intermediates\project_dex_archive\debug\dexBuilderDebug\out, D:\Code\android_app\ieeeconnect\app\build\intermediates\project_dex_archive\debug\dexBuilderDebug\out, D:\Code\android_app\ieeeconnect\app\build\intermediates\project_dex_archive\debug\dexBuilderDebug\out, D:\Code\android_app\ieeeconnect\app\build\intermediates\project_dex_archive\debug\dexBuilderDebug\out, D:\Code\android_app\ieeeconnect\app\build\intermediates\project_dex_archive\debug\dexBuilderDebug\out, D:\Code\android_app\ieeeconnect\app\build\intermediates\project_dex_archive\debug\dexBuilderDebug\out, D:\Code\android_app\ieeeconnect\app\build\intermediates\project_dex_archive\debug\dexBuilderDebug\out, D:\Code\android_app\ieeeconnect\app\build\intermediates\project_dex_archive\debug\dexBuilderDebug\out, D:\Code\android_app\ieeeconnect\app\build\intermediates\project_dex_archive\debug\dexBuilderDebug\out, D:\Code\android_app\ieeeconnect\app\build\intermediates\project_dex_archive\debug\dexBuilderDebug\out, D:\Code\android_app\ieeeconnect\app\build\intermediates\project_dex_archive\debug\dexBuilderDebug\out, D:\Code\android_app\ieeeconnect\app\build\intermediates\project_dex_archive\debug\dexBuilderDebug\out, D:\Code\android_app\ieeeconnect\app\build\intermediates\project_dex_archive\debug\dexBuilderDebug\out, D:\Code\android_app\ieeeconnect\app\build\intermediates\project_dex_archive\debug\dexBuilderDebug\out, D:\Code\android_app\ieeeconnect\app\build\intermediates\project_dex_archive\debug\dexBuilderDebug\out, D:\Code\android_app\ieeeconnect\app\build\intermediates\project_dex_archive\debug\dexBuilderDebug\out, D:\Code\android_app\ieeeconnect\app\build\intermediates\project_dex_archive\debug\dexBuilderDebug\out, D:\Code\android_app\ieeeconnect\app\build\intermediates\project_dex_archive\debug\dexBuilderDebug\out, and from all global synthetics files in 
Merging to 'D:\Code\android_app\ieeeconnect\app\build\intermediates\dex\debug\mergeProjectDexDebug\6' with D8 from all or a subset of dex files in D:\Code\android_app\ieeeconnect\app\build\intermediates\project_dex_archive\debug\dexBuilderDebug\out, D:\Code\android_app\ieeeconnect\app\build\intermediates\project_dex_archive\debug\dexBuilderDebug\out, D:\Code\android_app\ieeeconnect\app\build\intermediates\project_dex_archive\debug\dexBuilderDebug\out, D:\Code\android_app\ieeeconnect\app\build\intermediates\project_dex_archive\debug\dexBuilderDebug\out, D:\Code\android_app\ieeeconnect\app\build\intermediates\project_dex_archive\debug\dexBuilderDebug\out, D:\Code\android_app\ieeeconnect\app\build\intermediates\project_dex_archive\debug\dexBuilderDebug\out, D:\Code\android_app\ieeeconnect\app\build\intermediates\project_dex_archive\debug\dexBuilderDebug\out, D:\Code\android_app\ieeeconnect\app\build\intermediates\project_dex_archive\debug\dexBuilderDebug\out, and from all global synthetics files in 
Merging to 'D:\Code\android_app\ieeeconnect\app\build\intermediates\dex\debug\mergeProjectDexDebug\5' with D8 from all or a subset of dex files in D:\Code\android_app\ieeeconnect\app\build\intermediates\project_dex_archive\debug\dexBuilderDebug\out, D:\Code\android_app\ieeeconnect\app\build\intermediates\project_dex_archive\debug\dexBuilderDebug\out, D:\Code\android_app\ieeeconnect\app\build\intermediates\project_dex_archive\debug\dexBuilderDebug\out, D:\Code\android_app\ieeeconnect\app\build\intermediates\project_dex_archive\debug\dexBuilderDebug\out, D:\Code\android_app\ieeeconnect\app\build\intermediates\project_dex_archive\debug\dexBuilderDebug\out, D:\Code\android_app\ieeeconnect\app\build\intermediates\project_dex_archive\debug\dexBuilderDebug\out, D:\Code\android_app\ieeeconnect\app\build\intermediates\project_dex_archive\debug\dexBuilderDebug\out, D:\Code\android_app\ieeeconnect\app\build\intermediates\project_dex_archive\debug\dexBuilderDebug\out, D:\Code\android_app\ieeeconnect\app\build\intermediates\project_dex_archive\debug\dexBuilderDebug\out, D:\Code\android_app\ieeeconnect\app\build\intermediates\project_dex_archive\debug\dexBuilderDebug\out, D:\Code\android_app\ieeeconnect\app\build\intermediates\project_dex_archive\debug\dexBuilderDebug\out, D:\Code\android_app\ieeeconnect\app\build\intermediates\project_dex_archive\debug\dexBuilderDebug\out, and from all global synthetics files in 
Merging to 'D:\Code\android_app\ieeeconnect\app\build\intermediates\dex\debug\mergeProjectDexDebug\0' with D8 from all or a subset of dex files in D:\Code\android_app\ieeeconnect\app\build\intermediates\project_dex_archive\debug\dexBuilderDebug\out\13d8e5d3a13ab42157ae187cb1caab00b14d5d65d8dbaeb7bc94be87c2a3bc76_0.jar, D:\Code\android_app\ieeeconnect\app\build\intermediates\project_dex_archive\debug\dexBuilderDebug\out\13d8e5d3a13ab42157ae187cb1caab00b14d5d65d8dbaeb7bc94be87c2a3bc76_1.jar, D:\Code\android_app\ieeeconnect\app\build\intermediates\project_dex_archive\debug\dexBuilderDebug\out\13d8e5d3a13ab42157ae187cb1caab00b14d5d65d8dbaeb7bc94be87c2a3bc76_2.jar, D:\Code\android_app\ieeeconnect\app\build\intermediates\project_dex_archive\debug\dexBuilderDebug\out\13d8e5d3a13ab42157ae187cb1caab00b14d5d65d8dbaeb7bc94be87c2a3bc76_3.jar, D:\Code\android_app\ieeeconnect\app\build\intermediates\project_dex_archive\debug\dexBuilderDebug\out\13d8e5d3a13ab42157ae187cb1caab00b14d5d65d8dbaeb7bc94be87c2a3bc76_4.jar, D:\Code\android_app\ieeeconnect\app\build\intermediates\project_dex_archive\debug\dexBuilderDebug\out\13d8e5d3a13ab42157ae187cb1caab00b14d5d65d8dbaeb7bc94be87c2a3bc76_5.jar, and from all global synthetics files in 
Merging to 'D:\Code\android_app\ieeeconnect\app\build\intermediates\dex\debug\mergeProjectDexDebug\9' with D8 from all or a subset of dex files in D:\Code\android_app\ieeeconnect\app\build\intermediates\project_dex_archive\debug\dexBuilderDebug\out, D:\Code\android_app\ieeeconnect\app\build\intermediates\project_dex_archive\debug\dexBuilderDebug\out, D:\Code\android_app\ieeeconnect\app\build\intermediates\project_dex_archive\debug\dexBuilderDebug\out, D:\Code\android_app\ieeeconnect\app\build\intermediates\project_dex_archive\debug\dexBuilderDebug\out, D:\Code\android_app\ieeeconnect\app\build\intermediates\project_dex_archive\debug\dexBuilderDebug\out, D:\Code\android_app\ieeeconnect\app\build\intermediates\project_dex_archive\debug\dexBuilderDebug\out, D:\Code\android_app\ieeeconnect\app\build\intermediates\project_dex_archive\debug\dexBuilderDebug\out, D:\Code\android_app\ieeeconnect\app\build\intermediates\project_dex_archive\debug\dexBuilderDebug\out, D:\Code\android_app\ieeeconnect\app\build\intermediates\project_dex_archive\debug\dexBuilderDebug\out, D:\Code\android_app\ieeeconnect\app\build\intermediates\project_dex_archive\debug\dexBuilderDebug\out, D:\Code\android_app\ieeeconnect\app\build\intermediates\project_dex_archive\debug\dexBuilderDebug\out, D:\Code\android_app\ieeeconnect\app\build\intermediates\project_dex_archive\debug\dexBuilderDebug\out, and from all global synthetics files in 
Merging to 'D:\Code\android_app\ieeeconnect\app\build\intermediates\dex\debug\mergeProjectDexDebug\12' with D8 from all or a subset of dex files in D:\Code\android_app\ieeeconnect\app\build\intermediates\project_dex_archive\debug\dexBuilderDebug\out, D:\Code\android_app\ieeeconnect\app\build\intermediates\project_dex_archive\debug\dexBuilderDebug\out, D:\Code\android_app\ieeeconnect\app\build\intermediates\project_dex_archive\debug\dexBuilderDebug\out, D:\Code\android_app\ieeeconnect\app\build\intermediates\project_dex_archive\debug\dexBuilderDebug\out, D:\Code\android_app\ieeeconnect\app\build\intermediates\project_dex_archive\debug\dexBuilderDebug\out, D:\Code\android_app\ieeeconnect\app\build\intermediates\project_dex_archive\debug\dexBuilderDebug\out, and from all global synthetics files in 
Merging to 'D:\Code\android_app\ieeeconnect\app\build\intermediates\dex\debug\mergeProjectDexDebug\10' with D8 from all or a subset of dex files in D:\Code\android_app\ieeeconnect\app\build\intermediates\project_dex_archive\debug\dexBuilderDebug\out, D:\Code\android_app\ieeeconnect\app\build\intermediates\project_dex_archive\debug\dexBuilderDebug\out, D:\Code\android_app\ieeeconnect\app\build\intermediates\project_dex_archive\debug\dexBuilderDebug\out, D:\Code\android_app\ieeeconnect\app\build\intermediates\project_dex_archive\debug\dexBuilderDebug\out, D:\Code\android_app\ieeeconnect\app\build\intermediates\project_dex_archive\debug\dexBuilderDebug\out, D:\Code\android_app\ieeeconnect\app\build\intermediates\project_dex_archive\debug\dexBuilderDebug\out, D:\Code\android_app\ieeeconnect\app\build\intermediates\project_dex_archive\debug\dexBuilderDebug\out, D:\Code\android_app\ieeeconnect\app\build\intermediates\project_dex_archive\debug\dexBuilderDebug\out, and from all global synthetics files in 
Merging to 'D:\Code\android_app\ieeeconnect\app\build\intermediates\dex\debug\mergeProjectDexDebug\15' with D8 from all or a subset of dex files in D:\Code\android_app\ieeeconnect\app\build\intermediates\project_dex_archive\debug\dexBuilderDebug\out, D:\Code\android_app\ieeeconnect\app\build\intermediates\project_dex_archive\debug\dexBuilderDebug\out, D:\Code\android_app\ieeeconnect\app\build\intermediates\project_dex_archive\debug\dexBuilderDebug\out, and from all global synthetics files in 
Merging to 'D:\Code\android_app\ieeeconnect\app\build\intermediates\dex\debug\mergeProjectDexDebug\11' with D8 from all or a subset of dex files in D:\Code\android_app\ieeeconnect\app\build\intermediates\project_dex_archive\debug\dexBuilderDebug\out, D:\Code\android_app\ieeeconnect\app\build\intermediates\project_dex_archive\debug\dexBuilderDebug\out, D:\Code\android_app\ieeeconnect\app\build\intermediates\project_dex_archive\debug\dexBuilderDebug\out, D:\Code\android_app\ieeeconnect\app\build\intermediates\project_dex_archive\debug\dexBuilderDebug\out, D:\Code\android_app\ieeeconnect\app\build\intermediates\project_dex_archive\debug\dexBuilderDebug\out, D:\Code\android_app\ieeeconnect\app\build\intermediates\project_dex_archive\debug\dexBuilderDebug\out, D:\Code\android_app\ieeeconnect\app\build\intermediates\project_dex_archive\debug\dexBuilderDebug\out, D:\Code\android_app\ieeeconnect\app\build\intermediates\project_dex_archive\debug\dexBuilderDebug\out, D:\Code\android_app\ieeeconnect\app\build\intermediates\project_dex_archive\debug\dexBuilderDebug\out, D:\Code\android_app\ieeeconnect\app\build\intermediates\project_dex_archive\debug\dexBuilderDebug\out, D:\Code\android_app\ieeeconnect\app\build\intermediates\project_dex_archive\debug\dexBuilderDebug\out, D:\Code\android_app\ieeeconnect\app\build\intermediates\project_dex_archive\debug\dexBuilderDebug\out, D:\Code\android_app\ieeeconnect\app\build\intermediates\project_dex_archive\debug\dexBuilderDebug\out, D:\Code\android_app\ieeeconnect\app\build\intermediates\project_dex_archive\debug\dexBuilderDebug\out, D:\Code\android_app\ieeeconnect\app\build\intermediates\project_dex_archive\debug\dexBuilderDebug\out, D:\Code\android_app\ieeeconnect\app\build\intermediates\project_dex_archive\debug\dexBuilderDebug\out, D:\Code\android_app\ieeeconnect\app\build\intermediates\project_dex_archive\debug\dexBuilderDebug\out, D:\Code\android_app\ieeeconnect\app\build\intermediates\project_dex_archive\debug\dexBuilderDebug\out, D:\Code\android_app\ieeeconnect\app\build\intermediates\project_dex_archive\debug\dexBuilderDebug\out, D:\Code\android_app\ieeeconnect\app\build\intermediates\project_dex_archive\debug\dexBuilderDebug\out, D:\Code\android_app\ieeeconnect\app\build\intermediates\project_dex_archive\debug\dexBuilderDebug\out, D:\Code\android_app\ieeeconnect\app\build\intermediates\project_dex_archive\debug\dexBuilderDebug\out, D:\Code\android_app\ieeeconnect\app\build\intermediates\project_dex_archive\debug\dexBuilderDebug\out, D:\Code\android_app\ieeeconnect\app\build\intermediates\project_dex_archive\debug\dexBuilderDebug\out, D:\Code\android_app\ieeeconnect\app\build\intermediates\project_dex_archive\debug\dexBuilderDebug\out, D:\Code\android_app\ieeeconnect\app\build\intermediates\project_dex_archive\debug\dexBuilderDebug\out, D:\Code\android_app\ieeeconnect\app\build\intermediates\project_dex_archive\debug\dexBuilderDebug\out, D:\Code\android_app\ieeeconnect\app\build\intermediates\project_dex_archive\debug\dexBuilderDebug\out, D:\Code\android_app\ieeeconnect\app\build\intermediates\project_dex_archive\debug\dexBuilderDebug\out, D:\Code\android_app\ieeeconnect\app\build\intermediates\project_dex_archive\debug\dexBuilderDebug\out, D:\Code\android_app\ieeeconnect\app\build\intermediates\project_dex_archive\debug\dexBuilderDebug\out, D:\Code\android_app\ieeeconnect\app\build\intermediates\project_dex_archive\debug\dexBuilderDebug\out, D:\Code\android_app\ieeeconnect\app\build\intermediates\project_dex_archive\debug\dexBuilderDebug\out, D:\Code\android_app\ieeeconnect\app\build\intermediates\project_dex_archive\debug\dexBuilderDebug\out, D:\Code\android_app\ieeeconnect\app\build\intermediates\project_dex_archive\debug\dexBuilderDebug\out, D:\Code\android_app\ieeeconnect\app\build\intermediates\project_dex_archive\debug\dexBuilderDebug\out, D:\Code\android_app\ieeeconnect\app\build\intermediates\project_dex_archive\debug\dexBuilderDebug\out, D:\Code\android_app\ieeeconnect\app\build\intermediates\project_dex_archive\debug\dexBuilderDebug\out, D:\Code\android_app\ieeeconnect\app\build\intermediates\project_dex_archive\debug\dexBuilderDebug\out, and from all global synthetics files in 
Merging to 'D:\Code\android_app\ieeeconnect\app\build\intermediates\dex\debug\mergeProjectDexDebug\13' with D8 from all or a subset of dex files in D:\Code\android_app\ieeeconnect\app\build\intermediates\project_dex_archive\debug\dexBuilderDebug\out, D:\Code\android_app\ieeeconnect\app\build\intermediates\project_dex_archive\debug\dexBuilderDebug\out, D:\Code\android_app\ieeeconnect\app\build\intermediates\project_dex_archive\debug\dexBuilderDebug\out, D:\Code\android_app\ieeeconnect\app\build\intermediates\project_dex_archive\debug\dexBuilderDebug\out, D:\Code\android_app\ieeeconnect\app\build\intermediates\project_dex_archive\debug\dexBuilderDebug\out, D:\Code\android_app\ieeeconnect\app\build\intermediates\project_dex_archive\debug\dexBuilderDebug\out, D:\Code\android_app\ieeeconnect\app\build\intermediates\project_dex_archive\debug\dexBuilderDebug\out, D:\Code\android_app\ieeeconnect\app\build\intermediates\project_dex_archive\debug\dexBuilderDebug\out, D:\Code\android_app\ieeeconnect\app\build\intermediates\project_dex_archive\debug\dexBuilderDebug\out, D:\Code\android_app\ieeeconnect\app\build\intermediates\project_dex_archive\debug\dexBuilderDebug\out, and from all global synthetics files in 

> Task :app:mergeDebugJavaResource
Caching disabled for task ':app:mergeDebugJavaResource' because:
  Build cache is disabled
  Caching has been disabled for the task
Task ':app:mergeDebugJavaResource' is not up-to-date because:
  Input property 'externalLibJavaRes.fileCollection' file C:\Users\sirad\.gradle\caches\modules-2\files-2.1\org.xerial\sqlite-jdbc\3.42.0.0\a4c84376df810062d20c84777b84ec077b5ecdab\sqlite-jdbc-3.42.0.0.jar has been removed.
  Input property 'externalLibJavaRes.fileCollection' file C:\Users\sirad\.gradle\caches\modules-2\files-2.1\org.xerial\sqlite-jdbc\3.36.0.3\7fa71c4dfab806490cb909714fb41373ec552c29\sqlite-jdbc-3.36.0.3.jar has been added.
Resolve mutations for :app:packageDebug (Thread[Execution worker Thread 9,5,main]) started.
:app:packageDebug (Thread[Execution worker Thread 9,5,main]) started.

> Task :app:packageDebug
Custom actions are attached to task ':app:packageDebug'.
Caching disabled for task ':app:packageDebug' because:
  Build cache is disabled
  Caching has been disabled for the task
Task ':app:packageDebug' is not up-to-date because:
  Input property 'dexFolders' file D:\Code\android_app\ieeeconnect\app\build\intermediates\dex\debug\mergeProjectDexDebug\0\classes.dex has changed.
  Input property 'dexFolders' file D:\Code\android_app\ieeeconnect\app\build\intermediates\dex\debug\mergeProjectDexDebug\11\classes.dex has changed.
  Input property 'dexFolders' file D:\Code\android_app\ieeeconnect\app\build\intermediates\dex\debug\mergeProjectDexDebug\2\classes.dex has changed.
  and more...
Resolve mutations for :app:createDebugApkListingFileRedirect (Thread[Execution worker Thread 9,5,main]) started.
:app:createDebugApkListingFileRedirect (Thread[Execution worker Thread 9,5,main]) started.

> Task :app:createDebugApkListingFileRedirect UP-TO-DATE
Caching disabled for task ':app:createDebugApkListingFileRedirect' because:
  Build cache is disabled
  Caching has been disabled for the task
Skipping task ':app:createDebugApkListingFileRedirect' as it is up-to-date.
Resolve mutations for :app:assembleDebug (Thread[Execution worker Thread 9,5,main]) started.
:app:assembleDebug (Thread[Execution worker Thread 9,5,main]) started.

> Task :app:assembleDebug
Skipping task ':app:assembleDebug' as it has no actions.
AAPT2 aapt2-8.9.1-12782657-windows Daemon #0: shutdown
Build 93b5e0ce-389f-4cd0-bf4f-c723760a2678 is closed

[Incubating] Problems report is available at: file:///D:/Code/android_app/ieeeconnect/build/reports/problems/problems-report.html

BUILD SUCCESSFUL in 33s
42 actionable tasks: 15 executed, 27 up-to-date
Watched directory hierarchies: [D:\Code\android_app\ieeeconnect]
